  0: # nThread 1 nGpus 1 minBytes 8 maxBytes 4294967296 step: 2(factor) warmup iters: 8 iters: 24 agg iters: 1 validation: 1 graph: 0
  0: #
  0: # Using devices
  0: #  Rank  0 Group  0 Pid 274759 on  nid005485 device  0 [0009:01:00] NVIDIA GH200 120GB
  0: #  Rank  1 Group  0 Pid 274760 on  nid005485 device  0 [0019:01:00] NVIDIA GH200 120GB
  0: #  Rank  2 Group  0 Pid 274764 on  nid005485 device  0 [0029:01:00] NVIDIA GH200 120GB
  0: #  Rank  3 Group  0 Pid 274765 on  nid005485 device  0 [0039:01:00] NVIDIA GH200 120GB
  0: #  Rank  4 Group  0 Pid   2491 on  nid005560 device  0 [0009:01:00] NVIDIA GH200 120GB
  0: #  Rank  5 Group  0 Pid   2492 on  nid005560 device  0 [0019:01:00] NVIDIA GH200 120GB
  0: #  Rank  6 Group  0 Pid   2493 on  nid005560 device  0 [0029:01:00] NVIDIA GH200 120GB
  0: #  Rank  7 Group  0 Pid   2494 on  nid005560 device  0 [0039:01:00] NVIDIA GH200 120GB
  0: #  Rank  8 Group  0 Pid   8556 on  nid005561 device  0 [0009:01:00] NVIDIA GH200 120GB
  0: #  Rank  9 Group  0 Pid   8557 on  nid005561 device  0 [0019:01:00] NVIDIA GH200 120GB
  0: #  Rank 10 Group  0 Pid   8558 on  nid005561 device  0 [0029:01:00] NVIDIA GH200 120GB
  0: #  Rank 11 Group  0 Pid   8559 on  nid005561 device  0 [0039:01:00] NVIDIA GH200 120GB
  0: #  Rank 12 Group  0 Pid 294802 on  nid005562 device  0 [0009:01:00] NVIDIA GH200 120GB
  0: #  Rank 13 Group  0 Pid 294803 on  nid005562 device  0 [0019:01:00] NVIDIA GH200 120GB
  0: #  Rank 14 Group  0 Pid 294804 on  nid005562 device  0 [0029:01:00] NVIDIA GH200 120GB
  0: #  Rank 15 Group  0 Pid 294805 on  nid005562 device  0 [0039:01:00] NVIDIA GH200 120GB
  0: #  Rank 16 Group  0 Pid 294370 on  nid005563 device  0 [0009:01:00] NVIDIA GH200 120GB
  0: #  Rank 17 Group  0 Pid 294371 on  nid005563 device  0 [0019:01:00] NVIDIA GH200 120GB
  0: #  Rank 18 Group  0 Pid 294372 on  nid005563 device  0 [0029:01:00] NVIDIA GH200 120GB
  0: #  Rank 19 Group  0 Pid 294373 on  nid005563 device  0 [0039:01:00] NVIDIA GH200 120GB
  0: #  Rank 20 Group  0 Pid 281147 on  nid005564 device  0 [0009:01:00] NVIDIA GH200 120GB
  0: #  Rank 21 Group  0 Pid 281148 on  nid005564 device  0 [0019:01:00] NVIDIA GH200 120GB
  0: #  Rank 22 Group  0 Pid 281149 on  nid005564 device  0 [0029:01:00] NVIDIA GH200 120GB
  0: #  Rank 23 Group  0 Pid 281150 on  nid005564 device  0 [0039:01:00] NVIDIA GH200 120GB
  0: #  Rank 24 Group  0 Pid  21693 on  nid005565 device  0 [0009:01:00] NVIDIA GH200 120GB
  0: #  Rank 25 Group  0 Pid  21694 on  nid005565 device  0 [0019:01:00] NVIDIA GH200 120GB
  0: #  Rank 26 Group  0 Pid  21695 on  nid005565 device  0 [0029:01:00] NVIDIA GH200 120GB
  0: #  Rank 27 Group  0 Pid  21696 on  nid005565 device  0 [0039:01:00] NVIDIA GH200 120GB
  0: #  Rank 28 Group  0 Pid 271002 on  nid005566 device  0 [0009:01:00] NVIDIA GH200 120GB
  0: #  Rank 29 Group  0 Pid 271003 on  nid005566 device  0 [0019:01:00] NVIDIA GH200 120GB
  0: #  Rank 30 Group  0 Pid 271004 on  nid005566 device  0 [0029:01:00] NVIDIA GH200 120GB
  0: #  Rank 31 Group  0 Pid 271005 on  nid005566 device  0 [0039:01:00] NVIDIA GH200 120GB
  0: #  Rank 32 Group  0 Pid 278952 on  nid005567 device  0 [0009:01:00] NVIDIA GH200 120GB
  0: #  Rank 33 Group  0 Pid 278953 on  nid005567 device  0 [0019:01:00] NVIDIA GH200 120GB
  0: #  Rank 34 Group  0 Pid 278954 on  nid005567 device  0 [0029:01:00] NVIDIA GH200 120GB
  0: #  Rank 35 Group  0 Pid 278955 on  nid005567 device  0 [0039:01:00] NVIDIA GH200 120GB
  0: #  Rank 36 Group  0 Pid 287982 on  nid005568 device  0 [0009:01:00] NVIDIA GH200 120GB
  0: #  Rank 37 Group  0 Pid 287983 on  nid005568 device  0 [0019:01:00] NVIDIA GH200 120GB
  0: #  Rank 38 Group  0 Pid 287984 on  nid005568 device  0 [0029:01:00] NVIDIA GH200 120GB
  0: #  Rank 39 Group  0 Pid 287985 on  nid005568 device  0 [0039:01:00] NVIDIA GH200 120GB
  0: #  Rank 40 Group  0 Pid 128273 on  nid005569 device  0 [0009:01:00] NVIDIA GH200 120GB
  0: #  Rank 41 Group  0 Pid 128274 on  nid005569 device  0 [0019:01:00] NVIDIA GH200 120GB
  0: #  Rank 42 Group  0 Pid 128275 on  nid005569 device  0 [0029:01:00] NVIDIA GH200 120GB
  0: #  Rank 43 Group  0 Pid 128276 on  nid005569 device  0 [0039:01:00] NVIDIA GH200 120GB
  0: #  Rank 44 Group  0 Pid 288928 on  nid005570 device  0 [0009:01:00] NVIDIA GH200 120GB
  0: #  Rank 45 Group  0 Pid 288929 on  nid005570 device  0 [0019:01:00] NVIDIA GH200 120GB
  0: #  Rank 46 Group  0 Pid 288930 on  nid005570 device  0 [0029:01:00] NVIDIA GH200 120GB
  0: #  Rank 47 Group  0 Pid 288931 on  nid005570 device  0 [0039:01:00] NVIDIA GH200 120GB
  0: #  Rank 48 Group  0 Pid 163270 on  nid005571 device  0 [0009:01:00] NVIDIA GH200 120GB
  0: #  Rank 49 Group  0 Pid 163271 on  nid005571 device  0 [0019:01:00] NVIDIA GH200 120GB
  0: #  Rank 50 Group  0 Pid 163272 on  nid005571 device  0 [0029:01:00] NVIDIA GH200 120GB
  0: #  Rank 51 Group  0 Pid 163273 on  nid005571 device  0 [0039:01:00] NVIDIA GH200 120GB
  0: #  Rank 52 Group  0 Pid 263389 on  nid005572 device  0 [0009:01:00] NVIDIA GH200 120GB
  0: #  Rank 53 Group  0 Pid 263390 on  nid005572 device  0 [0019:01:00] NVIDIA GH200 120GB
  0: #  Rank 54 Group  0 Pid 263391 on  nid005572 device  0 [0029:01:00] NVIDIA GH200 120GB
  0: #  Rank 55 Group  0 Pid 263392 on  nid005572 device  0 [0039:01:00] NVIDIA GH200 120GB
  0: #  Rank 56 Group  0 Pid 286479 on  nid005574 device  0 [0009:01:00] NVIDIA GH200 120GB
  0: #  Rank 57 Group  0 Pid 286480 on  nid005574 device  0 [0019:01:00] NVIDIA GH200 120GB
  0: #  Rank 58 Group  0 Pid 286481 on  nid005574 device  0 [0029:01:00] NVIDIA GH200 120GB
  0: #  Rank 59 Group  0 Pid 286482 on  nid005574 device  0 [0039:01:00] NVIDIA GH200 120GB
  0: #  Rank 60 Group  0 Pid  21124 on  nid005575 device  0 [0009:01:00] NVIDIA GH200 120GB
  0: #  Rank 61 Group  0 Pid  21125 on  nid005575 device  0 [0019:01:00] NVIDIA GH200 120GB
  0: #  Rank 62 Group  0 Pid  21126 on  nid005575 device  0 [0029:01:00] NVIDIA GH200 120GB
  0: #  Rank 63 Group  0 Pid  21127 on  nid005575 device  0 [0039:01:00] NVIDIA GH200 120GB
  0: #  Rank 64 Group  0 Pid  16068 on  nid005576 device  0 [0009:01:00] NVIDIA GH200 120GB
  0: #  Rank 65 Group  0 Pid  16069 on  nid005576 device  0 [0019:01:00] NVIDIA GH200 120GB
  0: #  Rank 66 Group  0 Pid  16070 on  nid005576 device  0 [0029:01:00] NVIDIA GH200 120GB
  0: #  Rank 67 Group  0 Pid  16071 on  nid005576 device  0 [0039:01:00] NVIDIA GH200 120GB
  0: #  Rank 68 Group  0 Pid 278959 on  nid005577 device  0 [0009:01:00] NVIDIA GH200 120GB
  0: #  Rank 69 Group  0 Pid 278960 on  nid005577 device  0 [0019:01:00] NVIDIA GH200 120GB
  0: #  Rank 70 Group  0 Pid 278961 on  nid005577 device  0 [0029:01:00] NVIDIA GH200 120GB
  0: #  Rank 71 Group  0 Pid 278962 on  nid005577 device  0 [0039:01:00] NVIDIA GH200 120GB
  0: #  Rank 72 Group  0 Pid 294843 on  nid005578 device  0 [0009:01:00] NVIDIA GH200 120GB
  0: #  Rank 73 Group  0 Pid 294844 on  nid005578 device  0 [0019:01:00] NVIDIA GH200 120GB
  0: #  Rank 74 Group  0 Pid 294845 on  nid005578 device  0 [0029:01:00] NVIDIA GH200 120GB
  0: #  Rank 75 Group  0 Pid 294846 on  nid005578 device  0 [0039:01:00] NVIDIA GH200 120GB
  0: #  Rank 76 Group  0 Pid 285803 on  nid005580 device  0 [0009:01:00] NVIDIA GH200 120GB
  0: #  Rank 77 Group  0 Pid 285804 on  nid005580 device  0 [0019:01:00] NVIDIA GH200 120GB
  0: #  Rank 78 Group  0 Pid 285805 on  nid005580 device  0 [0029:01:00] NVIDIA GH200 120GB
  0: #  Rank 79 Group  0 Pid 285806 on  nid005580 device  0 [0039:01:00] NVIDIA GH200 120GB
  0: #  Rank 80 Group  0 Pid 248464 on  nid005581 device  0 [0009:01:00] NVIDIA GH200 120GB
  0: #  Rank 81 Group  0 Pid 248465 on  nid005581 device  0 [0019:01:00] NVIDIA GH200 120GB
  0: #  Rank 82 Group  0 Pid 248466 on  nid005581 device  0 [0029:01:00] NVIDIA GH200 120GB
  0: #  Rank 83 Group  0 Pid 248467 on  nid005581 device  0 [0039:01:00] NVIDIA GH200 120GB
  0: #  Rank 84 Group  0 Pid 293791 on  nid005582 device  0 [0009:01:00] NVIDIA GH200 120GB
  0: #  Rank 85 Group  0 Pid 293792 on  nid005582 device  0 [0019:01:00] NVIDIA GH200 120GB
  0: #  Rank 86 Group  0 Pid 293793 on  nid005582 device  0 [0029:01:00] NVIDIA GH200 120GB
  0: #  Rank 87 Group  0 Pid 293794 on  nid005582 device  0 [0039:01:00] NVIDIA GH200 120GB
  0: #  Rank 88 Group  0 Pid 280184 on  nid005583 device  0 [0009:01:00] NVIDIA GH200 120GB
  0: #  Rank 89 Group  0 Pid 280185 on  nid005583 device  0 [0019:01:00] NVIDIA GH200 120GB
  0: #  Rank 90 Group  0 Pid 280186 on  nid005583 device  0 [0029:01:00] NVIDIA GH200 120GB
  0: #  Rank 91 Group  0 Pid 280187 on  nid005583 device  0 [0039:01:00] NVIDIA GH200 120GB
  0: #  Rank 92 Group  0 Pid 118885 on  nid005584 device  0 [0009:01:00] NVIDIA GH200 120GB
  0: #  Rank 93 Group  0 Pid 118886 on  nid005584 device  0 [0019:01:00] NVIDIA GH200 120GB
  0: #  Rank 94 Group  0 Pid 118887 on  nid005584 device  0 [0029:01:00] NVIDIA GH200 120GB
  0: #  Rank 95 Group  0 Pid 118888 on  nid005584 device  0 [0039:01:00] NVIDIA GH200 120GB
  0: #  Rank 96 Group  0 Pid 288801 on  nid005585 device  0 [0009:01:00] NVIDIA GH200 120GB
  0: #  Rank 97 Group  0 Pid 288802 on  nid005585 device  0 [0019:01:00] NVIDIA GH200 120GB
  0: #  Rank 98 Group  0 Pid 288803 on  nid005585 device  0 [0029:01:00] NVIDIA GH200 120GB
  0: #  Rank 99 Group  0 Pid 288804 on  nid005585 device  0 [0039:01:00] NVIDIA GH200 120GB
  0: #  Rank 100 Group  0 Pid 284405 on  nid005586 device  0 [0009:01:00] NVIDIA GH200 120GB
  0: #  Rank 101 Group  0 Pid 284406 on  nid005586 device  0 [0019:01:00] NVIDIA GH200 120GB
  0: #  Rank 102 Group  0 Pid 284407 on  nid005586 device  0 [0029:01:00] NVIDIA GH200 120GB
  0: #  Rank 103 Group  0 Pid 284408 on  nid005586 device  0 [0039:01:00] NVIDIA GH200 120GB
  0: #  Rank 104 Group  0 Pid  36514 on  nid005589 device  0 [0009:01:00] NVIDIA GH200 120GB
  0: #  Rank 105 Group  0 Pid  36515 on  nid005589 device  0 [0019:01:00] NVIDIA GH200 120GB
  0: #  Rank 106 Group  0 Pid  36516 on  nid005589 device  0 [0029:01:00] NVIDIA GH200 120GB
  0: #  Rank 107 Group  0 Pid  36517 on  nid005589 device  0 [0039:01:00] NVIDIA GH200 120GB
  0: #  Rank 108 Group  0 Pid   7585 on  nid005590 device  0 [0009:01:00] NVIDIA GH200 120GB
  0: #  Rank 109 Group  0 Pid   7586 on  nid005590 device  0 [0019:01:00] NVIDIA GH200 120GB
  0: #  Rank 110 Group  0 Pid   7587 on  nid005590 device  0 [0029:01:00] NVIDIA GH200 120GB
  0: #  Rank 111 Group  0 Pid   7588 on  nid005590 device  0 [0039:01:00] NVIDIA GH200 120GB
  0: #  Rank 112 Group  0 Pid 207339 on  nid005596 device  0 [0009:01:00] NVIDIA GH200 120GB
  0: #  Rank 113 Group  0 Pid 207340 on  nid005596 device  0 [0019:01:00] NVIDIA GH200 120GB
  0: #  Rank 114 Group  0 Pid 207341 on  nid005596 device  0 [0029:01:00] NVIDIA GH200 120GB
  0: #  Rank 115 Group  0 Pid 207342 on  nid005596 device  0 [0039:01:00] NVIDIA GH200 120GB
  0: #  Rank 116 Group  0 Pid 276500 on  nid005611 device  0 [0009:01:00] NVIDIA GH200 120GB
  0: #  Rank 117 Group  0 Pid 276501 on  nid005611 device  0 [0019:01:00] NVIDIA GH200 120GB
  0: #  Rank 118 Group  0 Pid 276502 on  nid005611 device  0 [0029:01:00] NVIDIA GH200 120GB
  0: #  Rank 119 Group  0 Pid 276503 on  nid005611 device  0 [0039:01:00] NVIDIA GH200 120GB
  0: #  Rank 120 Group  0 Pid 284780 on  nid005655 device  0 [0009:01:00] NVIDIA GH200 120GB
  0: #  Rank 121 Group  0 Pid 284781 on  nid005655 device  0 [0019:01:00] NVIDIA GH200 120GB
  0: #  Rank 122 Group  0 Pid 284782 on  nid005655 device  0 [0029:01:00] NVIDIA GH200 120GB
  0: #  Rank 123 Group  0 Pid 284783 on  nid005655 device  0 [0039:01:00] NVIDIA GH200 120GB
  0: #  Rank 124 Group  0 Pid 266250 on  nid005656 device  0 [0009:01:00] NVIDIA GH200 120GB
  0: #  Rank 125 Group  0 Pid 266251 on  nid005656 device  0 [0019:01:00] NVIDIA GH200 120GB
  0: #  Rank 126 Group  0 Pid 266252 on  nid005656 device  0 [0029:01:00] NVIDIA GH200 120GB
  0: #  Rank 127 Group  0 Pid 266253 on  nid005656 device  0 [0039:01:00] NVIDIA GH200 120GB
  0: #  Rank 128 Group  0 Pid  24482 on  nid005657 device  0 [0009:01:00] NVIDIA GH200 120GB
  0: #  Rank 129 Group  0 Pid  24483 on  nid005657 device  0 [0019:01:00] NVIDIA GH200 120GB
  0: #  Rank 130 Group  0 Pid  24484 on  nid005657 device  0 [0029:01:00] NVIDIA GH200 120GB
  0: #  Rank 131 Group  0 Pid  24485 on  nid005657 device  0 [0039:01:00] NVIDIA GH200 120GB
  0: #  Rank 132 Group  0 Pid  15177 on  nid005660 device  0 [0009:01:00] NVIDIA GH200 120GB
  0: #  Rank 133 Group  0 Pid  15178 on  nid005660 device  0 [0019:01:00] NVIDIA GH200 120GB
  0: #  Rank 134 Group  0 Pid  15179 on  nid005660 device  0 [0029:01:00] NVIDIA GH200 120GB
  0: #  Rank 135 Group  0 Pid  15180 on  nid005660 device  0 [0039:01:00] NVIDIA GH200 120GB
  0: #  Rank 136 Group  0 Pid  18535 on  nid005661 device  0 [0009:01:00] NVIDIA GH200 120GB
  0: #  Rank 137 Group  0 Pid  18536 on  nid005661 device  0 [0019:01:00] NVIDIA GH200 120GB
  0: #  Rank 138 Group  0 Pid  18537 on  nid005661 device  0 [0029:01:00] NVIDIA GH200 120GB
  0: #  Rank 139 Group  0 Pid  18538 on  nid005661 device  0 [0039:01:00] NVIDIA GH200 120GB
  0: #  Rank 140 Group  0 Pid 289310 on  nid005662 device  0 [0009:01:00] NVIDIA GH200 120GB
  0: #  Rank 141 Group  0 Pid 289311 on  nid005662 device  0 [0019:01:00] NVIDIA GH200 120GB
  0: #  Rank 142 Group  0 Pid 289312 on  nid005662 device  0 [0029:01:00] NVIDIA GH200 120GB
  0: #  Rank 143 Group  0 Pid 289313 on  nid005662 device  0 [0039:01:00] NVIDIA GH200 120GB
  0: #  Rank 144 Group  0 Pid 251977 on  nid005663 device  0 [0009:01:00] NVIDIA GH200 120GB
  0: #  Rank 145 Group  0 Pid 251978 on  nid005663 device  0 [0019:01:00] NVIDIA GH200 120GB
  0: #  Rank 146 Group  0 Pid 251979 on  nid005663 device  0 [0029:01:00] NVIDIA GH200 120GB
  0: #  Rank 147 Group  0 Pid 251980 on  nid005663 device  0 [0039:01:00] NVIDIA GH200 120GB
  0: #  Rank 148 Group  0 Pid 289134 on  nid005665 device  0 [0009:01:00] NVIDIA GH200 120GB
  0: #  Rank 149 Group  0 Pid 289135 on  nid005665 device  0 [0019:01:00] NVIDIA GH200 120GB
  0: #  Rank 150 Group  0 Pid 289136 on  nid005665 device  0 [0029:01:00] NVIDIA GH200 120GB
  0: #  Rank 151 Group  0 Pid 289137 on  nid005665 device  0 [0039:01:00] NVIDIA GH200 120GB
  0: #  Rank 152 Group  0 Pid 266615 on  nid005666 device  0 [0009:01:00] NVIDIA GH200 120GB
  0: #  Rank 153 Group  0 Pid 266616 on  nid005666 device  0 [0019:01:00] NVIDIA GH200 120GB
  0: #  Rank 154 Group  0 Pid 266617 on  nid005666 device  0 [0029:01:00] NVIDIA GH200 120GB
  0: #  Rank 155 Group  0 Pid 266618 on  nid005666 device  0 [0039:01:00] NVIDIA GH200 120GB
  0: #  Rank 156 Group  0 Pid 290498 on  nid005667 device  0 [0009:01:00] NVIDIA GH200 120GB
  0: #  Rank 157 Group  0 Pid 290499 on  nid005667 device  0 [0019:01:00] NVIDIA GH200 120GB
  0: #  Rank 158 Group  0 Pid 290500 on  nid005667 device  0 [0029:01:00] NVIDIA GH200 120GB
  0: #  Rank 159 Group  0 Pid 290501 on  nid005667 device  0 [0039:01:00] NVIDIA GH200 120GB
  0: #  Rank 160 Group  0 Pid 289561 on  nid005668 device  0 [0009:01:00] NVIDIA GH200 120GB
  0: #  Rank 161 Group  0 Pid 289562 on  nid005668 device  0 [0019:01:00] NVIDIA GH200 120GB
  0: #  Rank 162 Group  0 Pid 289563 on  nid005668 device  0 [0029:01:00] NVIDIA GH200 120GB
  0: #  Rank 163 Group  0 Pid 289564 on  nid005668 device  0 [0039:01:00] NVIDIA GH200 120GB
  0: #  Rank 164 Group  0 Pid 112070 on  nid005669 device  0 [0009:01:00] NVIDIA GH200 120GB
  0: #  Rank 165 Group  0 Pid 112071 on  nid005669 device  0 [0019:01:00] NVIDIA GH200 120GB
  0: #  Rank 166 Group  0 Pid 112072 on  nid005669 device  0 [0029:01:00] NVIDIA GH200 120GB
  0: #  Rank 167 Group  0 Pid 112073 on  nid005669 device  0 [0039:01:00] NVIDIA GH200 120GB
  0: #  Rank 168 Group  0 Pid 144095 on  nid005684 device  0 [0009:01:00] NVIDIA GH200 120GB
  0: #  Rank 169 Group  0 Pid 144096 on  nid005684 device  0 [0019:01:00] NVIDIA GH200 120GB
  0: #  Rank 170 Group  0 Pid 144097 on  nid005684 device  0 [0029:01:00] NVIDIA GH200 120GB
  0: #  Rank 171 Group  0 Pid 144098 on  nid005684 device  0 [0039:01:00] NVIDIA GH200 120GB
  0: #  Rank 172 Group  0 Pid  16460 on  nid005685 device  0 [0009:01:00] NVIDIA GH200 120GB
  0: #  Rank 173 Group  0 Pid  16461 on  nid005685 device  0 [0019:01:00] NVIDIA GH200 120GB
  0: #  Rank 174 Group  0 Pid  16462 on  nid005685 device  0 [0029:01:00] NVIDIA GH200 120GB
  0: #  Rank 175 Group  0 Pid  16463 on  nid005685 device  0 [0039:01:00] NVIDIA GH200 120GB
  0: #  Rank 176 Group  0 Pid  18555 on  nid005687 device  0 [0009:01:00] NVIDIA GH200 120GB
  0: #  Rank 177 Group  0 Pid  18556 on  nid005687 device  0 [0019:01:00] NVIDIA GH200 120GB
  0: #  Rank 178 Group  0 Pid  18557 on  nid005687 device  0 [0029:01:00] NVIDIA GH200 120GB
  0: #  Rank 179 Group  0 Pid  18558 on  nid005687 device  0 [0039:01:00] NVIDIA GH200 120GB
  0: #  Rank 180 Group  0 Pid 206589 on  nid005699 device  0 [0009:01:00] NVIDIA GH200 120GB
  0: #  Rank 181 Group  0 Pid 206590 on  nid005699 device  0 [0019:01:00] NVIDIA GH200 120GB
  0: #  Rank 182 Group  0 Pid 206591 on  nid005699 device  0 [0029:01:00] NVIDIA GH200 120GB
  0: #  Rank 183 Group  0 Pid 206592 on  nid005699 device  0 [0039:01:00] NVIDIA GH200 120GB
  0: #  Rank 184 Group  0 Pid   2484 on  nid005706 device  0 [0009:01:00] NVIDIA GH200 120GB
  0: #  Rank 185 Group  0 Pid   2485 on  nid005706 device  0 [0019:01:00] NVIDIA GH200 120GB
  0: #  Rank 186 Group  0 Pid   2486 on  nid005706 device  0 [0029:01:00] NVIDIA GH200 120GB
  0: #  Rank 187 Group  0 Pid   2487 on  nid005706 device  0 [0039:01:00] NVIDIA GH200 120GB
  0: #  Rank 188 Group  0 Pid  67904 on  nid005707 device  0 [0009:01:00] NVIDIA GH200 120GB
  0: #  Rank 189 Group  0 Pid  67905 on  nid005707 device  0 [0019:01:00] NVIDIA GH200 120GB
  0: #  Rank 190 Group  0 Pid  67906 on  nid005707 device  0 [0029:01:00] NVIDIA GH200 120GB
  0: #  Rank 191 Group  0 Pid  67907 on  nid005707 device  0 [0039:01:00] NVIDIA GH200 120GB
  0: #  Rank 192 Group  0 Pid 181450 on  nid005709 device  0 [0009:01:00] NVIDIA GH200 120GB
  0: #  Rank 193 Group  0 Pid 181451 on  nid005709 device  0 [0019:01:00] NVIDIA GH200 120GB
  0: #  Rank 194 Group  0 Pid 181452 on  nid005709 device  0 [0029:01:00] NVIDIA GH200 120GB
  0: #  Rank 195 Group  0 Pid 181453 on  nid005709 device  0 [0039:01:00] NVIDIA GH200 120GB
  0: #  Rank 196 Group  0 Pid  52650 on  nid005710 device  0 [0009:01:00] NVIDIA GH200 120GB
  0: #  Rank 197 Group  0 Pid  52651 on  nid005710 device  0 [0019:01:00] NVIDIA GH200 120GB
  0: #  Rank 198 Group  0 Pid  52652 on  nid005710 device  0 [0029:01:00] NVIDIA GH200 120GB
  0: #  Rank 199 Group  0 Pid  52653 on  nid005710 device  0 [0039:01:00] NVIDIA GH200 120GB
  0: #  Rank 200 Group  0 Pid  49652 on  nid005711 device  0 [0009:01:00] NVIDIA GH200 120GB
  0: #  Rank 201 Group  0 Pid  49653 on  nid005711 device  0 [0019:01:00] NVIDIA GH200 120GB
  0: #  Rank 202 Group  0 Pid  49654 on  nid005711 device  0 [0029:01:00] NVIDIA GH200 120GB
  0: #  Rank 203 Group  0 Pid  49655 on  nid005711 device  0 [0039:01:00] NVIDIA GH200 120GB
  0: #  Rank 204 Group  0 Pid  22847 on  nid005712 device  0 [0009:01:00] NVIDIA GH200 120GB
  0: #  Rank 205 Group  0 Pid  22848 on  nid005712 device  0 [0019:01:00] NVIDIA GH200 120GB
  0: #  Rank 206 Group  0 Pid  22849 on  nid005712 device  0 [0029:01:00] NVIDIA GH200 120GB
  0: #  Rank 207 Group  0 Pid  22850 on  nid005712 device  0 [0039:01:00] NVIDIA GH200 120GB
  0: #  Rank 208 Group  0 Pid 292231 on  nid005713 device  0 [0009:01:00] NVIDIA GH200 120GB
  0: #  Rank 209 Group  0 Pid 292232 on  nid005713 device  0 [0019:01:00] NVIDIA GH200 120GB
  0: #  Rank 210 Group  0 Pid 292233 on  nid005713 device  0 [0029:01:00] NVIDIA GH200 120GB
  0: #  Rank 211 Group  0 Pid 292234 on  nid005713 device  0 [0039:01:00] NVIDIA GH200 120GB
  0: #  Rank 212 Group  0 Pid 290505 on  nid005714 device  0 [0009:01:00] NVIDIA GH200 120GB
  0: #  Rank 213 Group  0 Pid 290506 on  nid005714 device  0 [0019:01:00] NVIDIA GH200 120GB
  0: #  Rank 214 Group  0 Pid 290507 on  nid005714 device  0 [0029:01:00] NVIDIA GH200 120GB
  0: #  Rank 215 Group  0 Pid 290508 on  nid005714 device  0 [0039:01:00] NVIDIA GH200 120GB
  0: #  Rank 216 Group  0 Pid   6339 on  nid005715 device  0 [0009:01:00] NVIDIA GH200 120GB
  0: #  Rank 217 Group  0 Pid   6341 on  nid005715 device  0 [0019:01:00] NVIDIA GH200 120GB
  0: #  Rank 218 Group  0 Pid   6342 on  nid005715 device  0 [0029:01:00] NVIDIA GH200 120GB
  0: #  Rank 219 Group  0 Pid   6344 on  nid005715 device  0 [0039:01:00] NVIDIA GH200 120GB
  0: #  Rank 220 Group  0 Pid 276121 on  nid005716 device  0 [0009:01:00] NVIDIA GH200 120GB
  0: #  Rank 221 Group  0 Pid 276122 on  nid005716 device  0 [0019:01:00] NVIDIA GH200 120GB
  0: #  Rank 222 Group  0 Pid 276123 on  nid005716 device  0 [0029:01:00] NVIDIA GH200 120GB
  0: #  Rank 223 Group  0 Pid 276124 on  nid005716 device  0 [0039:01:00] NVIDIA GH200 120GB
  0: #  Rank 224 Group  0 Pid 127778 on  nid005717 device  0 [0009:01:00] NVIDIA GH200 120GB
  0: #  Rank 225 Group  0 Pid 127779 on  nid005717 device  0 [0019:01:00] NVIDIA GH200 120GB
  0: #  Rank 226 Group  0 Pid 127780 on  nid005717 device  0 [0029:01:00] NVIDIA GH200 120GB
  0: #  Rank 227 Group  0 Pid 127781 on  nid005717 device  0 [0039:01:00] NVIDIA GH200 120GB
  0: #  Rank 228 Group  0 Pid  40461 on  nid005718 device  0 [0009:01:00] NVIDIA GH200 120GB
  0: #  Rank 229 Group  0 Pid  40462 on  nid005718 device  0 [0019:01:00] NVIDIA GH200 120GB
  0: #  Rank 230 Group  0 Pid  40463 on  nid005718 device  0 [0029:01:00] NVIDIA GH200 120GB
  0: #  Rank 231 Group  0 Pid  40464 on  nid005718 device  0 [0039:01:00] NVIDIA GH200 120GB
  0: #  Rank 232 Group  0 Pid   4477 on  nid005719 device  0 [0009:01:00] NVIDIA GH200 120GB
  0: #  Rank 233 Group  0 Pid   4478 on  nid005719 device  0 [0019:01:00] NVIDIA GH200 120GB
  0: #  Rank 234 Group  0 Pid   4479 on  nid005719 device  0 [0029:01:00] NVIDIA GH200 120GB
  0: #  Rank 235 Group  0 Pid   4480 on  nid005719 device  0 [0039:01:00] NVIDIA GH200 120GB
  0: #  Rank 236 Group  0 Pid  31288 on  nid005720 device  0 [0009:01:00] NVIDIA GH200 120GB
  0: #  Rank 237 Group  0 Pid  31289 on  nid005720 device  0 [0019:01:00] NVIDIA GH200 120GB
  0: #  Rank 238 Group  0 Pid  31290 on  nid005720 device  0 [0029:01:00] NVIDIA GH200 120GB
  0: #  Rank 239 Group  0 Pid  31291 on  nid005720 device  0 [0039:01:00] NVIDIA GH200 120GB
  0: #  Rank 240 Group  0 Pid 294395 on  nid005722 device  0 [0009:01:00] NVIDIA GH200 120GB
  0: #  Rank 241 Group  0 Pid 294396 on  nid005722 device  0 [0019:01:00] NVIDIA GH200 120GB
  0: #  Rank 242 Group  0 Pid 294397 on  nid005722 device  0 [0029:01:00] NVIDIA GH200 120GB
  0: #  Rank 243 Group  0 Pid 294398 on  nid005722 device  0 [0039:01:00] NVIDIA GH200 120GB
  0: #  Rank 244 Group  0 Pid  78020 on  nid005723 device  0 [0009:01:00] NVIDIA GH200 120GB
  0: #  Rank 245 Group  0 Pid  78021 on  nid005723 device  0 [0019:01:00] NVIDIA GH200 120GB
  0: #  Rank 246 Group  0 Pid  78022 on  nid005723 device  0 [0029:01:00] NVIDIA GH200 120GB
  0: #  Rank 247 Group  0 Pid  78023 on  nid005723 device  0 [0039:01:00] NVIDIA GH200 120GB
  0: #  Rank 248 Group  0 Pid 253596 on  nid005768 device  0 [0009:01:00] NVIDIA GH200 120GB
  0: #  Rank 249 Group  0 Pid 253597 on  nid005768 device  0 [0019:01:00] NVIDIA GH200 120GB
  0: #  Rank 250 Group  0 Pid 253598 on  nid005768 device  0 [0029:01:00] NVIDIA GH200 120GB
  0: #  Rank 251 Group  0 Pid 253599 on  nid005768 device  0 [0039:01:00] NVIDIA GH200 120GB
  0: #  Rank 252 Group  0 Pid  45086 on  nid006130 device  0 [0009:01:00] NVIDIA GH200 120GB
  0: #  Rank 253 Group  0 Pid  45087 on  nid006130 device  0 [0019:01:00] NVIDIA GH200 120GB
  0: #  Rank 254 Group  0 Pid  45088 on  nid006130 device  0 [0029:01:00] NVIDIA GH200 120GB
  0: #  Rank 255 Group  0 Pid  45089 on  nid006130 device  0 [0039:01:00] NVIDIA GH200 120GB
  0: #  Rank 256 Group  0 Pid  68144 on  nid006138 device  0 [0009:01:00] NVIDIA GH200 120GB
  0: #  Rank 257 Group  0 Pid  68145 on  nid006138 device  0 [0019:01:00] NVIDIA GH200 120GB
  0: #  Rank 258 Group  0 Pid  68146 on  nid006138 device  0 [0029:01:00] NVIDIA GH200 120GB
  0: #  Rank 259 Group  0 Pid  68147 on  nid006138 device  0 [0039:01:00] NVIDIA GH200 120GB
  0: #  Rank 260 Group  0 Pid  29011 on  nid006140 device  0 [0009:01:00] NVIDIA GH200 120GB
  0: #  Rank 261 Group  0 Pid  29012 on  nid006140 device  0 [0019:01:00] NVIDIA GH200 120GB
  0: #  Rank 262 Group  0 Pid  29013 on  nid006140 device  0 [0029:01:00] NVIDIA GH200 120GB
  0: #  Rank 263 Group  0 Pid  29014 on  nid006140 device  0 [0039:01:00] NVIDIA GH200 120GB
  0: #  Rank 264 Group  0 Pid 116241 on  nid006141 device  0 [0009:01:00] NVIDIA GH200 120GB
  0: #  Rank 265 Group  0 Pid 116242 on  nid006141 device  0 [0019:01:00] NVIDIA GH200 120GB
  0: #  Rank 266 Group  0 Pid 116243 on  nid006141 device  0 [0029:01:00] NVIDIA GH200 120GB
  0: #  Rank 267 Group  0 Pid 116244 on  nid006141 device  0 [0039:01:00] NVIDIA GH200 120GB
  0: #  Rank 268 Group  0 Pid  83963 on  nid006142 device  0 [0009:01:00] NVIDIA GH200 120GB
  0: #  Rank 269 Group  0 Pid  83964 on  nid006142 device  0 [0019:01:00] NVIDIA GH200 120GB
  0: #  Rank 270 Group  0 Pid  83965 on  nid006142 device  0 [0029:01:00] NVIDIA GH200 120GB
  0: #  Rank 271 Group  0 Pid  83966 on  nid006142 device  0 [0039:01:00] NVIDIA GH200 120GB
  0: #  Rank 272 Group  0 Pid  25136 on  nid006143 device  0 [0009:01:00] NVIDIA GH200 120GB
  0: #  Rank 273 Group  0 Pid  25137 on  nid006143 device  0 [0019:01:00] NVIDIA GH200 120GB
  0: #  Rank 274 Group  0 Pid  25138 on  nid006143 device  0 [0029:01:00] NVIDIA GH200 120GB
  0: #  Rank 275 Group  0 Pid  25140 on  nid006143 device  0 [0039:01:00] NVIDIA GH200 120GB
  0: #  Rank 276 Group  0 Pid  17020 on  nid006144 device  0 [0009:01:00] NVIDIA GH200 120GB
  0: #  Rank 277 Group  0 Pid  17021 on  nid006144 device  0 [0019:01:00] NVIDIA GH200 120GB
  0: #  Rank 278 Group  0 Pid  17022 on  nid006144 device  0 [0029:01:00] NVIDIA GH200 120GB
  0: #  Rank 279 Group  0 Pid  17023 on  nid006144 device  0 [0039:01:00] NVIDIA GH200 120GB
  0: #  Rank 280 Group  0 Pid  52065 on  nid006145 device  0 [0009:01:00] NVIDIA GH200 120GB
  0: #  Rank 281 Group  0 Pid  52066 on  nid006145 device  0 [0019:01:00] NVIDIA GH200 120GB
  0: #  Rank 282 Group  0 Pid  52067 on  nid006145 device  0 [0029:01:00] NVIDIA GH200 120GB
  0: #  Rank 283 Group  0 Pid  52068 on  nid006145 device  0 [0039:01:00] NVIDIA GH200 120GB
  0: #  Rank 284 Group  0 Pid 263539 on  nid006146 device  0 [0009:01:00] NVIDIA GH200 120GB
  0: #  Rank 285 Group  0 Pid 263542 on  nid006146 device  0 [0019:01:00] NVIDIA GH200 120GB
  0: #  Rank 286 Group  0 Pid 263543 on  nid006146 device  0 [0029:01:00] NVIDIA GH200 120GB
  0: #  Rank 287 Group  0 Pid 263544 on  nid006146 device  0 [0039:01:00] NVIDIA GH200 120GB
  0: #  Rank 288 Group  0 Pid  92052 on  nid006147 device  0 [0009:01:00] NVIDIA GH200 120GB
  0: #  Rank 289 Group  0 Pid  92053 on  nid006147 device  0 [0019:01:00] NVIDIA GH200 120GB
  0: #  Rank 290 Group  0 Pid  92054 on  nid006147 device  0 [0029:01:00] NVIDIA GH200 120GB
  0: #  Rank 291 Group  0 Pid  92055 on  nid006147 device  0 [0039:01:00] NVIDIA GH200 120GB
  0: #  Rank 292 Group  0 Pid 257272 on  nid006148 device  0 [0009:01:00] NVIDIA GH200 120GB
  0: #  Rank 293 Group  0 Pid 257273 on  nid006148 device  0 [0019:01:00] NVIDIA GH200 120GB
  0: #  Rank 294 Group  0 Pid 257274 on  nid006148 device  0 [0029:01:00] NVIDIA GH200 120GB
  0: #  Rank 295 Group  0 Pid 257275 on  nid006148 device  0 [0039:01:00] NVIDIA GH200 120GB
  0: #  Rank 296 Group  0 Pid 282588 on  nid006149 device  0 [0009:01:00] NVIDIA GH200 120GB
  0: #  Rank 297 Group  0 Pid 282589 on  nid006149 device  0 [0019:01:00] NVIDIA GH200 120GB
  0: #  Rank 298 Group  0 Pid 282590 on  nid006149 device  0 [0029:01:00] NVIDIA GH200 120GB
  0: #  Rank 299 Group  0 Pid 282591 on  nid006149 device  0 [0039:01:00] NVIDIA GH200 120GB
  0: #  Rank 300 Group  0 Pid   3428 on  nid006150 device  0 [0009:01:00] NVIDIA GH200 120GB
  0: #  Rank 301 Group  0 Pid   3429 on  nid006150 device  0 [0019:01:00] NVIDIA GH200 120GB
  0: #  Rank 302 Group  0 Pid   3430 on  nid006150 device  0 [0029:01:00] NVIDIA GH200 120GB
  0: #  Rank 303 Group  0 Pid   3431 on  nid006150 device  0 [0039:01:00] NVIDIA GH200 120GB
  0: #  Rank 304 Group  0 Pid 288520 on  nid006151 device  0 [0009:01:00] NVIDIA GH200 120GB
  0: #  Rank 305 Group  0 Pid 288521 on  nid006151 device  0 [0019:01:00] NVIDIA GH200 120GB
  0: #  Rank 306 Group  0 Pid 288522 on  nid006151 device  0 [0029:01:00] NVIDIA GH200 120GB
  0: #  Rank 307 Group  0 Pid 288523 on  nid006151 device  0 [0039:01:00] NVIDIA GH200 120GB
  0: #  Rank 308 Group  0 Pid 269978 on  nid006152 device  0 [0009:01:00] NVIDIA GH200 120GB
  0: #  Rank 309 Group  0 Pid 269979 on  nid006152 device  0 [0019:01:00] NVIDIA GH200 120GB
  0: #  Rank 310 Group  0 Pid 269980 on  nid006152 device  0 [0029:01:00] NVIDIA GH200 120GB
  0: #  Rank 311 Group  0 Pid 269981 on  nid006152 device  0 [0039:01:00] NVIDIA GH200 120GB
  0: #  Rank 312 Group  0 Pid 266599 on  nid006153 device  0 [0009:01:00] NVIDIA GH200 120GB
  0: #  Rank 313 Group  0 Pid 266600 on  nid006153 device  0 [0019:01:00] NVIDIA GH200 120GB
  0: #  Rank 314 Group  0 Pid 266601 on  nid006153 device  0 [0029:01:00] NVIDIA GH200 120GB
  0: #  Rank 315 Group  0 Pid 266602 on  nid006153 device  0 [0039:01:00] NVIDIA GH200 120GB
  0: #  Rank 316 Group  0 Pid  56693 on  nid006154 device  0 [0009:01:00] NVIDIA GH200 120GB
  0: #  Rank 317 Group  0 Pid  56694 on  nid006154 device  0 [0019:01:00] NVIDIA GH200 120GB
  0: #  Rank 318 Group  0 Pid  56695 on  nid006154 device  0 [0029:01:00] NVIDIA GH200 120GB
  0: #  Rank 319 Group  0 Pid  56696 on  nid006154 device  0 [0039:01:00] NVIDIA GH200 120GB
  0: #  Rank 320 Group  0 Pid 267344 on  nid006155 device  0 [0009:01:00] NVIDIA GH200 120GB
  0: #  Rank 321 Group  0 Pid 267345 on  nid006155 device  0 [0019:01:00] NVIDIA GH200 120GB
  0: #  Rank 322 Group  0 Pid 267346 on  nid006155 device  0 [0029:01:00] NVIDIA GH200 120GB
  0: #  Rank 323 Group  0 Pid 267347 on  nid006155 device  0 [0039:01:00] NVIDIA GH200 120GB
  0: #  Rank 324 Group  0 Pid 286164 on  nid006156 device  0 [0009:01:00] NVIDIA GH200 120GB
  0: #  Rank 325 Group  0 Pid 286165 on  nid006156 device  0 [0019:01:00] NVIDIA GH200 120GB
  0: #  Rank 326 Group  0 Pid 286167 on  nid006156 device  0 [0029:01:00] NVIDIA GH200 120GB
  0: #  Rank 327 Group  0 Pid 286168 on  nid006156 device  0 [0039:01:00] NVIDIA GH200 120GB
  0: #  Rank 328 Group  0 Pid 279895 on  nid006157 device  0 [0009:01:00] NVIDIA GH200 120GB
  0: #  Rank 329 Group  0 Pid 279896 on  nid006157 device  0 [0019:01:00] NVIDIA GH200 120GB
  0: #  Rank 330 Group  0 Pid 279897 on  nid006157 device  0 [0029:01:00] NVIDIA GH200 120GB
  0: #  Rank 331 Group  0 Pid 279898 on  nid006157 device  0 [0039:01:00] NVIDIA GH200 120GB
  0: #  Rank 332 Group  0 Pid  12256 on  nid006158 device  0 [0009:01:00] NVIDIA GH200 120GB
  0: #  Rank 333 Group  0 Pid  12257 on  nid006158 device  0 [0019:01:00] NVIDIA GH200 120GB
  0: #  Rank 334 Group  0 Pid  12258 on  nid006158 device  0 [0029:01:00] NVIDIA GH200 120GB
  0: #  Rank 335 Group  0 Pid  12259 on  nid006158 device  0 [0039:01:00] NVIDIA GH200 120GB
  0: #  Rank 336 Group  0 Pid  30856 on  nid006159 device  0 [0009:01:00] NVIDIA GH200 120GB
  0: #  Rank 337 Group  0 Pid  30857 on  nid006159 device  0 [0019:01:00] NVIDIA GH200 120GB
  0: #  Rank 338 Group  0 Pid  30858 on  nid006159 device  0 [0029:01:00] NVIDIA GH200 120GB
  0: #  Rank 339 Group  0 Pid  30859 on  nid006159 device  0 [0039:01:00] NVIDIA GH200 120GB
  0: #  Rank 340 Group  0 Pid   4424 on  nid006160 device  0 [0009:01:00] NVIDIA GH200 120GB
  0: #  Rank 341 Group  0 Pid   4425 on  nid006160 device  0 [0019:01:00] NVIDIA GH200 120GB
  0: #  Rank 342 Group  0 Pid   4426 on  nid006160 device  0 [0029:01:00] NVIDIA GH200 120GB
  0: #  Rank 343 Group  0 Pid   4427 on  nid006160 device  0 [0039:01:00] NVIDIA GH200 120GB
  0: #  Rank 344 Group  0 Pid 292643 on  nid006161 device  0 [0009:01:00] NVIDIA GH200 120GB
  0: #  Rank 345 Group  0 Pid 292644 on  nid006161 device  0 [0019:01:00] NVIDIA GH200 120GB
  0: #  Rank 346 Group  0 Pid 292645 on  nid006161 device  0 [0029:01:00] NVIDIA GH200 120GB
  0: #  Rank 347 Group  0 Pid 292646 on  nid006161 device  0 [0039:01:00] NVIDIA GH200 120GB
  0: #  Rank 348 Group  0 Pid  87490 on  nid006162 device  0 [0009:01:00] NVIDIA GH200 120GB
  0: #  Rank 349 Group  0 Pid  87491 on  nid006162 device  0 [0019:01:00] NVIDIA GH200 120GB
  0: #  Rank 350 Group  0 Pid  87492 on  nid006162 device  0 [0029:01:00] NVIDIA GH200 120GB
  0: #  Rank 351 Group  0 Pid  87493 on  nid006162 device  0 [0039:01:00] NVIDIA GH200 120GB
  0: #  Rank 352 Group  0 Pid 273887 on  nid006163 device  0 [0009:01:00] NVIDIA GH200 120GB
  0: #  Rank 353 Group  0 Pid 273888 on  nid006163 device  0 [0019:01:00] NVIDIA GH200 120GB
  0: #  Rank 354 Group  0 Pid 273889 on  nid006163 device  0 [0029:01:00] NVIDIA GH200 120GB
  0: #  Rank 355 Group  0 Pid 273890 on  nid006163 device  0 [0039:01:00] NVIDIA GH200 120GB
  0: #  Rank 356 Group  0 Pid 287394 on  nid006164 device  0 [0009:01:00] NVIDIA GH200 120GB
  0: #  Rank 357 Group  0 Pid 287395 on  nid006164 device  0 [0019:01:00] NVIDIA GH200 120GB
  0: #  Rank 358 Group  0 Pid 287396 on  nid006164 device  0 [0029:01:00] NVIDIA GH200 120GB
  0: #  Rank 359 Group  0 Pid 287397 on  nid006164 device  0 [0039:01:00] NVIDIA GH200 120GB
  0: #  Rank 360 Group  0 Pid  38505 on  nid006165 device  0 [0009:01:00] NVIDIA GH200 120GB
  0: #  Rank 361 Group  0 Pid  38506 on  nid006165 device  0 [0019:01:00] NVIDIA GH200 120GB
  0: #  Rank 362 Group  0 Pid  38507 on  nid006165 device  0 [0029:01:00] NVIDIA GH200 120GB
  0: #  Rank 363 Group  0 Pid  38508 on  nid006165 device  0 [0039:01:00] NVIDIA GH200 120GB
  0: #  Rank 364 Group  0 Pid 280464 on  nid006167 device  0 [0009:01:00] NVIDIA GH200 120GB
  0: #  Rank 365 Group  0 Pid 280465 on  nid006167 device  0 [0019:01:00] NVIDIA GH200 120GB
  0: #  Rank 366 Group  0 Pid 280466 on  nid006167 device  0 [0029:01:00] NVIDIA GH200 120GB
  0: #  Rank 367 Group  0 Pid 280467 on  nid006167 device  0 [0039:01:00] NVIDIA GH200 120GB
  0: #  Rank 368 Group  0 Pid 234948 on  nid006168 device  0 [0009:01:00] NVIDIA GH200 120GB
  0: #  Rank 369 Group  0 Pid 234949 on  nid006168 device  0 [0019:01:00] NVIDIA GH200 120GB
  0: #  Rank 370 Group  0 Pid 234950 on  nid006168 device  0 [0029:01:00] NVIDIA GH200 120GB
  0: #  Rank 371 Group  0 Pid 234951 on  nid006168 device  0 [0039:01:00] NVIDIA GH200 120GB
  0: #  Rank 372 Group  0 Pid 260110 on  nid006169 device  0 [0009:01:00] NVIDIA GH200 120GB
  0: #  Rank 373 Group  0 Pid 260111 on  nid006169 device  0 [0019:01:00] NVIDIA GH200 120GB
  0: #  Rank 374 Group  0 Pid 260112 on  nid006169 device  0 [0029:01:00] NVIDIA GH200 120GB
  0: #  Rank 375 Group  0 Pid 260113 on  nid006169 device  0 [0039:01:00] NVIDIA GH200 120GB
  0: #  Rank 376 Group  0 Pid 272833 on  nid006170 device  0 [0009:01:00] NVIDIA GH200 120GB
  0: #  Rank 377 Group  0 Pid 272834 on  nid006170 device  0 [0019:01:00] NVIDIA GH200 120GB
  0: #  Rank 378 Group  0 Pid 272835 on  nid006170 device  0 [0029:01:00] NVIDIA GH200 120GB
  0: #  Rank 379 Group  0 Pid 272836 on  nid006170 device  0 [0039:01:00] NVIDIA GH200 120GB
  0: #  Rank 380 Group  0 Pid 233032 on  nid006171 device  0 [0009:01:00] NVIDIA GH200 120GB
  0: #  Rank 381 Group  0 Pid 233033 on  nid006171 device  0 [0019:01:00] NVIDIA GH200 120GB
  0: #  Rank 382 Group  0 Pid 233034 on  nid006171 device  0 [0029:01:00] NVIDIA GH200 120GB
  0: #  Rank 383 Group  0 Pid 233035 on  nid006171 device  0 [0039:01:00] NVIDIA GH200 120GB
  0: #  Rank 384 Group  0 Pid 255513 on  nid006172 device  0 [0009:01:00] NVIDIA GH200 120GB
  0: #  Rank 385 Group  0 Pid 255514 on  nid006172 device  0 [0019:01:00] NVIDIA GH200 120GB
  0: #  Rank 386 Group  0 Pid 255515 on  nid006172 device  0 [0029:01:00] NVIDIA GH200 120GB
  0: #  Rank 387 Group  0 Pid 255516 on  nid006172 device  0 [0039:01:00] NVIDIA GH200 120GB
  0: #  Rank 388 Group  0 Pid 285700 on  nid006173 device  0 [0009:01:00] NVIDIA GH200 120GB
  0: #  Rank 389 Group  0 Pid 285701 on  nid006173 device  0 [0019:01:00] NVIDIA GH200 120GB
  0: #  Rank 390 Group  0 Pid 285702 on  nid006173 device  0 [0029:01:00] NVIDIA GH200 120GB
  0: #  Rank 391 Group  0 Pid 285703 on  nid006173 device  0 [0039:01:00] NVIDIA GH200 120GB
  0: #  Rank 392 Group  0 Pid   5111 on  nid006174 device  0 [0009:01:00] NVIDIA GH200 120GB
  0: #  Rank 393 Group  0 Pid   5112 on  nid006174 device  0 [0019:01:00] NVIDIA GH200 120GB
  0: #  Rank 394 Group  0 Pid   5113 on  nid006174 device  0 [0029:01:00] NVIDIA GH200 120GB
  0: #  Rank 395 Group  0 Pid   5114 on  nid006174 device  0 [0039:01:00] NVIDIA GH200 120GB
  0: #  Rank 396 Group  0 Pid 287070 on  nid006175 device  0 [0009:01:00] NVIDIA GH200 120GB
  0: #  Rank 397 Group  0 Pid 287071 on  nid006175 device  0 [0019:01:00] NVIDIA GH200 120GB
  0: #  Rank 398 Group  0 Pid 287072 on  nid006175 device  0 [0029:01:00] NVIDIA GH200 120GB
  0: #  Rank 399 Group  0 Pid 287073 on  nid006175 device  0 [0039:01:00] NVIDIA GH200 120GB
  0: #  Rank 400 Group  0 Pid 288891 on  nid006176 device  0 [0009:01:00] NVIDIA GH200 120GB
  0: #  Rank 401 Group  0 Pid 288892 on  nid006176 device  0 [0019:01:00] NVIDIA GH200 120GB
  0: #  Rank 402 Group  0 Pid 288893 on  nid006176 device  0 [0029:01:00] NVIDIA GH200 120GB
  0: #  Rank 403 Group  0 Pid 288894 on  nid006176 device  0 [0039:01:00] NVIDIA GH200 120GB
  0: #  Rank 404 Group  0 Pid 273948 on  nid006177 device  0 [0009:01:00] NVIDIA GH200 120GB
  0: #  Rank 405 Group  0 Pid 273949 on  nid006177 device  0 [0019:01:00] NVIDIA GH200 120GB
  0: #  Rank 406 Group  0 Pid 273950 on  nid006177 device  0 [0029:01:00] NVIDIA GH200 120GB
  0: #  Rank 407 Group  0 Pid 273951 on  nid006177 device  0 [0039:01:00] NVIDIA GH200 120GB
  0: #  Rank 408 Group  0 Pid 259942 on  nid006178 device  0 [0009:01:00] NVIDIA GH200 120GB
  0: #  Rank 409 Group  0 Pid 259943 on  nid006178 device  0 [0019:01:00] NVIDIA GH200 120GB
  0: #  Rank 410 Group  0 Pid 259944 on  nid006178 device  0 [0029:01:00] NVIDIA GH200 120GB
  0: #  Rank 411 Group  0 Pid 259945 on  nid006178 device  0 [0039:01:00] NVIDIA GH200 120GB
  0: #  Rank 412 Group  0 Pid 276249 on  nid006179 device  0 [0009:01:00] NVIDIA GH200 120GB
  0: #  Rank 413 Group  0 Pid 276250 on  nid006179 device  0 [0019:01:00] NVIDIA GH200 120GB
  0: #  Rank 414 Group  0 Pid 276251 on  nid006179 device  0 [0029:01:00] NVIDIA GH200 120GB
  0: #  Rank 415 Group  0 Pid 276252 on  nid006179 device  0 [0039:01:00] NVIDIA GH200 120GB
  0: #  Rank 416 Group  0 Pid 268482 on  nid006180 device  0 [0009:01:00] NVIDIA GH200 120GB
  0: #  Rank 417 Group  0 Pid 268483 on  nid006180 device  0 [0019:01:00] NVIDIA GH200 120GB
  0: #  Rank 418 Group  0 Pid 268484 on  nid006180 device  0 [0029:01:00] NVIDIA GH200 120GB
  0: #  Rank 419 Group  0 Pid 268485 on  nid006180 device  0 [0039:01:00] NVIDIA GH200 120GB
  0: #  Rank 420 Group  0 Pid  83360 on  nid006181 device  0 [0009:01:00] NVIDIA GH200 120GB
  0: #  Rank 421 Group  0 Pid  83361 on  nid006181 device  0 [0019:01:00] NVIDIA GH200 120GB
  0: #  Rank 422 Group  0 Pid  83362 on  nid006181 device  0 [0029:01:00] NVIDIA GH200 120GB
  0: #  Rank 423 Group  0 Pid  83363 on  nid006181 device  0 [0039:01:00] NVIDIA GH200 120GB
  0: #  Rank 424 Group  0 Pid 276861 on  nid006182 device  0 [0009:01:00] NVIDIA GH200 120GB
  0: #  Rank 425 Group  0 Pid 276862 on  nid006182 device  0 [0019:01:00] NVIDIA GH200 120GB
  0: #  Rank 426 Group  0 Pid 276863 on  nid006182 device  0 [0029:01:00] NVIDIA GH200 120GB
  0: #  Rank 427 Group  0 Pid 276864 on  nid006182 device  0 [0039:01:00] NVIDIA GH200 120GB
  0: #  Rank 428 Group  0 Pid 279221 on  nid006183 device  0 [0009:01:00] NVIDIA GH200 120GB
  0: #  Rank 429 Group  0 Pid 279222 on  nid006183 device  0 [0019:01:00] NVIDIA GH200 120GB
  0: #  Rank 430 Group  0 Pid 279223 on  nid006183 device  0 [0029:01:00] NVIDIA GH200 120GB
  0: #  Rank 431 Group  0 Pid 279224 on  nid006183 device  0 [0039:01:00] NVIDIA GH200 120GB
  0: #  Rank 432 Group  0 Pid  49541 on  nid006184 device  0 [0009:01:00] NVIDIA GH200 120GB
  0: #  Rank 433 Group  0 Pid  49542 on  nid006184 device  0 [0019:01:00] NVIDIA GH200 120GB
  0: #  Rank 434 Group  0 Pid  49543 on  nid006184 device  0 [0029:01:00] NVIDIA GH200 120GB
  0: #  Rank 435 Group  0 Pid  49544 on  nid006184 device  0 [0039:01:00] NVIDIA GH200 120GB
  0: #  Rank 436 Group  0 Pid 278089 on  nid006185 device  0 [0009:01:00] NVIDIA GH200 120GB
  0: #  Rank 437 Group  0 Pid 278090 on  nid006185 device  0 [0019:01:00] NVIDIA GH200 120GB
  0: #  Rank 438 Group  0 Pid 278091 on  nid006185 device  0 [0029:01:00] NVIDIA GH200 120GB
  0: #  Rank 439 Group  0 Pid 278092 on  nid006185 device  0 [0039:01:00] NVIDIA GH200 120GB
  0: #  Rank 440 Group  0 Pid 256489 on  nid006186 device  0 [0009:01:00] NVIDIA GH200 120GB
  0: #  Rank 441 Group  0 Pid 256490 on  nid006186 device  0 [0019:01:00] NVIDIA GH200 120GB
  0: #  Rank 442 Group  0 Pid 256491 on  nid006186 device  0 [0029:01:00] NVIDIA GH200 120GB
  0: #  Rank 443 Group  0 Pid 256492 on  nid006186 device  0 [0039:01:00] NVIDIA GH200 120GB
  0: #  Rank 444 Group  0 Pid 103316 on  nid006187 device  0 [0009:01:00] NVIDIA GH200 120GB
  0: #  Rank 445 Group  0 Pid 103317 on  nid006187 device  0 [0019:01:00] NVIDIA GH200 120GB
  0: #  Rank 446 Group  0 Pid 103318 on  nid006187 device  0 [0029:01:00] NVIDIA GH200 120GB
  0: #  Rank 447 Group  0 Pid 103319 on  nid006187 device  0 [0039:01:00] NVIDIA GH200 120GB
  0: #  Rank 448 Group  0 Pid  93418 on  nid006188 device  0 [0009:01:00] NVIDIA GH200 120GB
  0: #  Rank 449 Group  0 Pid  93419 on  nid006188 device  0 [0019:01:00] NVIDIA GH200 120GB
  0: #  Rank 450 Group  0 Pid  93420 on  nid006188 device  0 [0029:01:00] NVIDIA GH200 120GB
  0: #  Rank 451 Group  0 Pid  93421 on  nid006188 device  0 [0039:01:00] NVIDIA GH200 120GB
  0: #  Rank 452 Group  0 Pid 294454 on  nid006189 device  0 [0009:01:00] NVIDIA GH200 120GB
  0: #  Rank 453 Group  0 Pid 294455 on  nid006189 device  0 [0019:01:00] NVIDIA GH200 120GB
  0: #  Rank 454 Group  0 Pid 294456 on  nid006189 device  0 [0029:01:00] NVIDIA GH200 120GB
  0: #  Rank 455 Group  0 Pid 294457 on  nid006189 device  0 [0039:01:00] NVIDIA GH200 120GB
  0: #  Rank 456 Group  0 Pid 272227 on  nid006190 device  0 [0009:01:00] NVIDIA GH200 120GB
  0: #  Rank 457 Group  0 Pid 272228 on  nid006190 device  0 [0019:01:00] NVIDIA GH200 120GB
  0: #  Rank 458 Group  0 Pid 272229 on  nid006190 device  0 [0029:01:00] NVIDIA GH200 120GB
  0: #  Rank 459 Group  0 Pid 272230 on  nid006190 device  0 [0039:01:00] NVIDIA GH200 120GB
  0: #  Rank 460 Group  0 Pid 278447 on  nid006191 device  0 [0009:01:00] NVIDIA GH200 120GB
  0: #  Rank 461 Group  0 Pid 278448 on  nid006191 device  0 [0019:01:00] NVIDIA GH200 120GB
  0: #  Rank 462 Group  0 Pid 278449 on  nid006191 device  0 [0029:01:00] NVIDIA GH200 120GB
  0: #  Rank 463 Group  0 Pid 278450 on  nid006191 device  0 [0039:01:00] NVIDIA GH200 120GB
  0: #  Rank 464 Group  0 Pid 290549 on  nid006192 device  0 [0009:01:00] NVIDIA GH200 120GB
  0: #  Rank 465 Group  0 Pid 290550 on  nid006192 device  0 [0019:01:00] NVIDIA GH200 120GB
  0: #  Rank 466 Group  0 Pid 290551 on  nid006192 device  0 [0029:01:00] NVIDIA GH200 120GB
  0: #  Rank 467 Group  0 Pid 290552 on  nid006192 device  0 [0039:01:00] NVIDIA GH200 120GB
  0: #  Rank 468 Group  0 Pid 268696 on  nid006193 device  0 [0009:01:00] NVIDIA GH200 120GB
  0: #  Rank 469 Group  0 Pid 268697 on  nid006193 device  0 [0019:01:00] NVIDIA GH200 120GB
  0: #  Rank 470 Group  0 Pid 268698 on  nid006193 device  0 [0029:01:00] NVIDIA GH200 120GB
  0: #  Rank 471 Group  0 Pid 268699 on  nid006193 device  0 [0039:01:00] NVIDIA GH200 120GB
  0: #  Rank 472 Group  0 Pid 243330 on  nid006195 device  0 [0009:01:00] NVIDIA GH200 120GB
  0: #  Rank 473 Group  0 Pid 243331 on  nid006195 device  0 [0019:01:00] NVIDIA GH200 120GB
  0: #  Rank 474 Group  0 Pid 243332 on  nid006195 device  0 [0029:01:00] NVIDIA GH200 120GB
  0: #  Rank 475 Group  0 Pid 243333 on  nid006195 device  0 [0039:01:00] NVIDIA GH200 120GB
  0: #  Rank 476 Group  0 Pid 243278 on  nid006196 device  0 [0009:01:00] NVIDIA GH200 120GB
  0: #  Rank 477 Group  0 Pid 243279 on  nid006196 device  0 [0019:01:00] NVIDIA GH200 120GB
  0: #  Rank 478 Group  0 Pid 243280 on  nid006196 device  0 [0029:01:00] NVIDIA GH200 120GB
  0: #  Rank 479 Group  0 Pid 243281 on  nid006196 device  0 [0039:01:00] NVIDIA GH200 120GB
  0: #  Rank 480 Group  0 Pid 243783 on  nid006197 device  0 [0009:01:00] NVIDIA GH200 120GB
  0: #  Rank 481 Group  0 Pid 243784 on  nid006197 device  0 [0019:01:00] NVIDIA GH200 120GB
  0: #  Rank 482 Group  0 Pid 243785 on  nid006197 device  0 [0029:01:00] NVIDIA GH200 120GB
  0: #  Rank 483 Group  0 Pid 243786 on  nid006197 device  0 [0039:01:00] NVIDIA GH200 120GB
  0: #  Rank 484 Group  0 Pid 240276 on  nid006198 device  0 [0009:01:00] NVIDIA GH200 120GB
  0: #  Rank 485 Group  0 Pid 240277 on  nid006198 device  0 [0019:01:00] NVIDIA GH200 120GB
  0: #  Rank 486 Group  0 Pid 240278 on  nid006198 device  0 [0029:01:00] NVIDIA GH200 120GB
  0: #  Rank 487 Group  0 Pid 240279 on  nid006198 device  0 [0039:01:00] NVIDIA GH200 120GB
  0: #  Rank 488 Group  0 Pid  28183 on  nid006199 device  0 [0009:01:00] NVIDIA GH200 120GB
  0: #  Rank 489 Group  0 Pid  28184 on  nid006199 device  0 [0019:01:00] NVIDIA GH200 120GB
  0: #  Rank 490 Group  0 Pid  28185 on  nid006199 device  0 [0029:01:00] NVIDIA GH200 120GB
  0: #  Rank 491 Group  0 Pid  28186 on  nid006199 device  0 [0039:01:00] NVIDIA GH200 120GB
  0: #  Rank 492 Group  0 Pid 261809 on  nid006200 device  0 [0009:01:00] NVIDIA GH200 120GB
  0: #  Rank 493 Group  0 Pid 261810 on  nid006200 device  0 [0019:01:00] NVIDIA GH200 120GB
  0: #  Rank 494 Group  0 Pid 261811 on  nid006200 device  0 [0029:01:00] NVIDIA GH200 120GB
  0: #  Rank 495 Group  0 Pid 261812 on  nid006200 device  0 [0039:01:00] NVIDIA GH200 120GB
  0: #  Rank 496 Group  0 Pid  36466 on  nid006201 device  0 [0009:01:00] NVIDIA GH200 120GB
  0: #  Rank 497 Group  0 Pid  36467 on  nid006201 device  0 [0019:01:00] NVIDIA GH200 120GB
  0: #  Rank 498 Group  0 Pid  36468 on  nid006201 device  0 [0029:01:00] NVIDIA GH200 120GB
  0: #  Rank 499 Group  0 Pid  36469 on  nid006201 device  0 [0039:01:00] NVIDIA GH200 120GB
  0: #  Rank 500 Group  0 Pid  43119 on  nid006202 device  0 [0009:01:00] NVIDIA GH200 120GB
  0: #  Rank 501 Group  0 Pid  43120 on  nid006202 device  0 [0019:01:00] NVIDIA GH200 120GB
  0: #  Rank 502 Group  0 Pid  43121 on  nid006202 device  0 [0029:01:00] NVIDIA GH200 120GB
  0: #  Rank 503 Group  0 Pid  43122 on  nid006202 device  0 [0039:01:00] NVIDIA GH200 120GB
  0: #  Rank 504 Group  0 Pid 288082 on  nid006203 device  0 [0009:01:00] NVIDIA GH200 120GB
  0: #  Rank 505 Group  0 Pid 288083 on  nid006203 device  0 [0019:01:00] NVIDIA GH200 120GB
  0: #  Rank 506 Group  0 Pid 288084 on  nid006203 device  0 [0029:01:00] NVIDIA GH200 120GB
  0: #  Rank 507 Group  0 Pid 288085 on  nid006203 device  0 [0039:01:00] NVIDIA GH200 120GB
  0: #  Rank 508 Group  0 Pid 263673 on  nid006204 device  0 [0009:01:00] NVIDIA GH200 120GB
  0: #  Rank 509 Group  0 Pid 263674 on  nid006204 device  0 [0019:01:00] NVIDIA GH200 120GB
  0: #  Rank 510 Group  0 Pid 263675 on  nid006204 device  0 [0029:01:00] NVIDIA GH200 120GB
  0: #  Rank 511 Group  0 Pid 263676 on  nid006204 device  0 [0039:01:00] NVIDIA GH200 120GB
  0: #
  0: #                                                              out-of-place                       in-place          
  0: #       size         count      type   redop    root     time   algbw   busbw #wrong     time   algbw   busbw #wrong
  0: #        (B)    (elements)                               (us)  (GB/s)  (GB/s)            (us)  (GB/s)  (GB/s)       
  0:            8             2     float     sum      -1    138.5    0.00    0.00      0    166.3    0.00    0.00      0
  0:           16             4     float     sum      -1    95.94    0.00    0.00      0    94.24    0.00    0.00      0
  0:           32             8     float     sum      -1    232.7    0.00    0.00      0    94.58    0.00    0.00      0
  0:           64            16     float     sum      -1    121.7    0.00    0.00      0    108.3    0.00    0.00      0
  0:          128            32     float     sum      -1    107.0    0.00    0.00      0    104.4    0.00    0.00      0
  0:          256            64     float     sum      -1    159.9    0.00    0.00      0    107.2    0.00    0.00      0
  0:          512           128     float     sum      -1    114.2    0.00    0.01      0    109.7    0.00    0.01      0
  0:         1024           256     float     sum      -1    139.1    0.01    0.01      0    123.2    0.01    0.02      0
  0:         2048           512     float     sum      -1    133.5    0.02    0.03      0    133.7    0.02    0.03      0
  0:         4096          1024     float     sum      -1    232.4    0.02    0.04      0    233.2    0.02    0.04      0
  0:         8192          2048     float     sum      -1    237.9    0.03    0.07      0    231.8    0.04    0.07      0
  0:        16384          4096     float     sum      -1    251.7    0.07    0.13      0    252.0    0.07    0.13      0
  0:        32768          8192     float     sum      -1    279.3    0.12    0.23      0    284.5    0.12    0.23      0
  0:        65536         16384     float     sum      -1    379.9    0.17    0.34      0    406.5    0.16    0.32      0
  0:       131072         32768     float     sum      -1    521.0    0.25    0.50      0    510.2    0.26    0.51      0
  0:       262144         65536     float     sum      -1    646.7    0.41    0.81      0    631.1    0.42    0.83      0
  0:       524288        131072     float     sum      -1    746.0    0.70    1.40      0    742.9    0.71    1.41      0
  0:      1048576        262144     float     sum      -1    880.5    1.19    2.38      0    821.0    1.28    2.55      0
  0:      2097152        524288     float     sum      -1   1349.0    1.55    3.10      0   1348.6    1.56    3.10      0
  0:      4194304       1048576     float     sum      -1   2053.8    2.04    4.08      0   2146.1    1.95    3.90      0
  0:      8388608       2097152     float     sum      -1   2476.0    3.39    6.76      0   2332.4    3.60    7.18      0
  0:     16777216       4194304     float     sum      -1   2431.6    6.90   13.77      0   2617.2    6.41   12.80      0
  0:     33554432       8388608     float     sum      -1   2841.7   11.81   23.57      0   3296.7   10.18   20.32      0
  0:     67108864      16777216     float     sum      -1   4564.3   14.70   29.35      0   4305.8   15.59   31.11      0
  0:    134217728      33554432     float     sum      -1   6100.1   22.00   43.92      0   7069.9   18.98   37.89      0
  0:    268435456      67108864     float     sum      -1    11219   23.93   47.76      0    11524   23.29   46.50      0
  0:    536870912     134217728     float     sum      -1    22241   24.14   48.18      0    21788   24.64   49.18      0
  0:   1073741824     268435456     float     sum      -1    46835   22.93   45.76      0    46826   22.93   45.77      0
  0:   2147483648     536870912     float     sum      -1    65692   32.69   65.25      0    63257   33.95   67.76      0
  0:   4294967296    1073741824     float     sum      -1   135283   31.75   63.37      0   129284   33.22   66.31      0
  0:            8             2     float     sum      -1    95.15    0.00    0.00      0    94.18    0.00    0.00      0
  0:           16             4     float     sum      -1    93.54    0.00    0.00      0    93.31    0.00    0.00      0
  0:           32             8     float     sum      -1    93.02    0.00    0.00      0    94.29    0.00    0.00      0
  0:           64            16     float     sum      -1    102.8    0.00    0.00      0    101.6    0.00    0.00      0
  0:          128            32     float     sum      -1    105.0    0.00    0.00      0    104.6    0.00    0.00      0
  0:          256            64     float     sum      -1    114.3    0.00    0.00      0    105.2    0.00    0.00      0
  0:          512           128     float     sum      -1    111.1    0.00    0.01      0    115.0    0.00    0.01      0
  0:         1024           256     float     sum      -1    124.0    0.01    0.02      0    121.9    0.01    0.02      0
  0:         2048           512     float     sum      -1    133.6    0.02    0.03      0    133.2    0.02    0.03      0
  0:         4096          1024     float     sum      -1    233.2    0.02    0.04      0    230.8    0.02    0.04      0
  0:         8192          2048     float     sum      -1    235.1    0.03    0.07      0    234.7    0.03    0.07      0
  0:        16384          4096     float     sum      -1    251.4    0.07    0.13      0    242.5    0.07    0.13      0
  0:        32768          8192     float     sum      -1    272.2    0.12    0.24      0    268.9    0.12    0.24      0
  0:        65536         16384     float     sum      -1    355.7    0.18    0.37      0    397.4    0.16    0.33      0
  0:       131072         32768     float     sum      -1    530.6    0.25    0.49      0    513.8    0.26    0.51      0
  0:       262144         65536     float     sum      -1    669.0    0.39    0.78      0    631.8    0.41    0.83      0
  0:       524288        131072     float     sum      -1    801.2    0.65    1.31      0    782.1    0.67    1.34      0
  0:      1048576        262144     float     sum      -1    893.4    1.17    2.34      0    981.4    1.07    2.13      0
  0:      2097152        524288     float     sum      -1   1511.2    1.39    2.77      0   1429.6    1.47    2.93      0
  0:      4194304       1048576     float     sum      -1   2443.0    1.72    3.43      0   2551.9    1.64    3.28      0
  0:      8388608       2097152     float     sum      -1   2883.2    2.91    5.81      0   2627.1    3.19    6.37      0
  0:     16777216       4194304     float     sum      -1   3279.0    5.12   10.21      0   3097.2    5.42   10.81      0
  0:     33554432       8388608     float     sum      -1   3834.8    8.75   17.47      0   3382.2    9.92   19.80      0
  0:     67108864      16777216     float     sum      -1   5289.7   12.69   25.32      0   5541.4   12.11   24.17      0
  0:    134217728      33554432     float     sum      -1   7946.4   16.89   33.71      0   7902.5   16.98   33.90      0
  0:    268435456      67108864     float     sum      -1    12911   20.79   41.50      0    12747   21.06   42.04      0
  0:    536870912     134217728     float     sum      -1    26006   20.64   41.21      0    25784   20.82   41.56      0
  0:   1073741824     268435456     float     sum      -1   135956    7.90   15.76      0    52565   20.43   40.77      0
  0:   2147483648     536870912     float     sum      -1    60964   35.23   70.31      0    61336   35.01   69.89      0
  0:   4294967296    1073741824     float     sum      -1   121890   35.24   70.34      0   134953   31.83   63.53      0
  0:            8             2     float     sum      -1    96.40    0.00    0.00      0    94.18    0.00    0.00      0
  0:           16             4     float     sum      -1    93.62    0.00    0.00      0    93.62    0.00    0.00      0
  0:           32             8     float     sum      -1    93.25    0.00    0.00      0    93.15    0.00    0.00      0
  0:           64            16     float     sum      -1    101.9    0.00    0.00      0    102.0    0.00    0.00      0
  0:          128            32     float     sum      -1    104.5    0.00    0.00      0    103.2    0.00    0.00      0
  0:          256            64     float     sum      -1    115.9    0.00    0.00      0    105.0    0.00    0.00      0
  0:          512           128     float     sum      -1    113.1    0.00    0.01      0    109.0    0.00    0.01      0
  0:         1024           256     float     sum      -1    124.6    0.01    0.02      0    121.8    0.01    0.02      0
  0:         2048           512     float     sum      -1    133.8    0.02    0.03      0    131.9    0.02    0.03      0
  0:         4096          1024     float     sum      -1    230.3    0.02    0.04      0    230.0    0.02    0.04      0
  0:         8192          2048     float     sum      -1    234.4    0.03    0.07      0    232.3    0.04    0.07      0
  0:        16384          4096     float     sum      -1    250.0    0.07    0.13      0    247.8    0.07    0.13      0
  0:        32768          8192     float     sum      -1    261.6    0.13    0.25      0    271.5    0.12    0.24      0
  0:        65536         16384     float     sum      -1    395.2    0.17    0.33      0    382.8    0.17    0.34      0
  0:       131072         32768     float     sum      -1    501.5    0.26    0.52      0    489.6    0.27    0.53      0
  0:       262144         65536     float     sum      -1    609.4    0.43    0.86      0    625.3    0.42    0.84      0
  0:       524288        131072     float     sum      -1    736.0    0.71    1.42      0    746.9    0.70    1.40      0
  0:      1048576        262144     float     sum      -1    763.2    1.37    2.74      0    785.6    1.33    2.66      0
  0:      2097152        524288     float     sum      -1   1242.0    1.69    3.37      0   1249.5    1.68    3.35      0
  0:      4194304       1048576     float     sum      -1   2226.8    1.88    3.76      0   2224.8    1.89    3.76      0
  0:      8388608       2097152     float     sum      -1   2392.9    3.51    7.00      0   2394.1    3.50    6.99      0
  0:     16777216       4194304     float     sum      -1   2650.8    6.33   12.63      0   2742.2    6.12   12.21      0
  0:     33554432       8388608     float     sum      -1   3098.8   10.83   21.61      0   3012.9   11.14   22.23      0
  0:     67108864      16777216     float     sum      -1   4250.3   15.79   31.52      0   4429.0   15.15   30.25      0
  0:    134217728      33554432     float     sum      -1   6964.7   19.27   38.47      0   7060.0   19.01   37.95      0
  0:    268435456      67108864     float     sum      -1    11280   23.80   47.50      0    10950   24.51   48.93      0
  0:    536870912     134217728     float     sum      -1    21962   24.44   48.79      0    21498   24.97   49.85      0
  0:   1073741824     268435456     float     sum      -1    48650   22.07   44.05      0    32316   33.23   66.32      0
  0:   2147483648     536870912     float     sum      -1    50660   42.39   84.62      0    51495   41.70   83.24      0
  0:   4294967296    1073741824     float     sum      -1    97564   44.02   87.87      0    97664   43.98   87.78      0
  0:            8             2     float     sum      -1    95.77    0.00    0.00      0    93.59    0.00    0.00      0
  0:           16             4     float     sum      -1    94.67    0.00    0.00      0    95.33    0.00    0.00      0
  0:           32             8     float     sum      -1    94.05    0.00    0.00      0    93.78    0.00    0.00      0
  0:           64            16     float     sum      -1    101.9    0.00    0.00      0    102.0    0.00    0.00      0
  0:          128            32     float     sum      -1    104.8    0.00    0.00      0    104.2    0.00    0.00      0
  0:          256            64     float     sum      -1    112.1    0.00    0.00      0    105.2    0.00    0.00      0
  0:          512           128     float     sum      -1    112.5    0.00    0.01      0    108.5    0.00    0.01      0
  0:         1024           256     float     sum      -1    123.3    0.01    0.02      0    122.5    0.01    0.02      0
  0:         2048           512     float     sum      -1    134.3    0.02    0.03      0    132.6    0.02    0.03      0
  0:         4096          1024     float     sum      -1    232.0    0.02    0.04      0    231.0    0.02    0.04      0
  0:         8192          2048     float     sum      -1    232.9    0.04    0.07      0    231.9    0.04    0.07      0
  0:        16384          4096     float     sum      -1    248.0    0.07    0.13      0    244.5    0.07    0.13      0
  0:        32768          8192     float     sum      -1    256.4    0.13    0.26      0    257.1    0.13    0.25      0
  0:        65536         16384     float     sum      -1    330.6    0.20    0.40      0    335.3    0.20    0.39      0
  0:       131072         32768     float     sum      -1    499.7    0.26    0.52      0    485.4    0.27    0.54      0
  0:       262144         65536     float     sum      -1    599.3    0.44    0.87      0    601.3    0.44    0.87      0
  0:       524288        131072     float     sum      -1    680.3    0.77    1.54      0    687.2    0.76    1.52      0
  0:      1048576        262144     float     sum      -1    723.2    1.45    2.89      0    719.8    1.46    2.91      0
  0:      2097152        524288     float     sum      -1   1073.8    1.95    3.90      0    999.7    2.10    4.19      0
  0:      4194304       1048576     float     sum      -1   1694.3    2.48    4.94      0   1764.1    2.38    4.75      0
  0:      8388608       2097152     float     sum      -1   1688.6    4.97    9.92      0   1745.6    4.81    9.59      0
  0:     16777216       4194304     float     sum      -1   2012.9    8.33   16.64      0   2046.7    8.20   16.36      0
  0:     33554432       8388608     float     sum      -1   2373.6   14.14   28.22      0   2499.5   13.42   26.80      0
  0:     67108864      16777216     float     sum      -1   3415.3   19.65   39.22      0   3454.0   19.43   38.78      0
  0:    134217728      33554432     float     sum      -1   5079.2   26.43   52.75      0   5443.8   24.65   49.21      0
  0:    268435456      67108864     float     sum      -1   8769.6   30.61   61.10      0   8874.0   30.25   60.38      0
  0:    536870912     134217728     float     sum      -1    15697   34.20   68.27      0    15581   34.46   68.78      0
  0:   1073741824     268435456     float     sum      -1    36831   29.15   58.19      0    42488   25.27   50.44      0
  0:   2147483648     536870912     float     sum      -1    55674   38.57   76.99      0    56106   38.28   76.40      0
  0:   4294967296    1073741824     float     sum      -1   116139   36.98   73.82      0   132682   32.37   64.61      0
  0:            8             2     float     sum      -1    95.84    0.00    0.00      0    94.41    0.00    0.00      0
  0:           16             4     float     sum      -1    94.47    0.00    0.00      0    98.28    0.00    0.00      0
  0:           32             8     float     sum      -1    93.54    0.00    0.00      0    94.50    0.00    0.00      0
  0:           64            16     float     sum      -1    102.2    0.00    0.00      0    102.1    0.00    0.00      0
  0:          128            32     float     sum      -1    105.4    0.00    0.00      0    104.2    0.00    0.00      0
  0:          256            64     float     sum      -1    113.1    0.00    0.00      0    106.0    0.00    0.00      0
  0:          512           128     float     sum      -1    112.1    0.00    0.01      0    144.3    0.00    0.01      0
  0:         1024           256     float     sum      -1    125.2    0.01    0.02      0    122.1    0.01    0.02      0
  0:         2048           512     float     sum      -1    133.5    0.02    0.03      0    131.0    0.02    0.03      0
  0:         4096          1024     float     sum      -1    231.3    0.02    0.04      0    230.9    0.02    0.04      0
  0:         8192          2048     float     sum      -1    232.5    0.04    0.07      0    232.3    0.04    0.07      0
  0:        16384          4096     float     sum      -1    241.3    0.07    0.14      0    236.9    0.07    0.14      0
  0:        32768          8192     float     sum      -1    252.8    0.13    0.26      0    252.1    0.13    0.26      0
  0:        65536         16384     float     sum      -1    314.9    0.21    0.42      0    314.3    0.21    0.42      0
  0:       131072         32768     float     sum      -1    512.3    0.26    0.51      0    513.1    0.26    0.51      0
  0:       262144         65536     float     sum      -1    631.5    0.42    0.83      0    624.9    0.42    0.84      0
  0:       524288        131072     float     sum      -1    764.7    0.69    1.37      0    764.1    0.69    1.37      0
  0:      1048576        262144     float     sum      -1    836.1    1.25    2.50      0    886.2    1.18    2.36      0
  0:      2097152        524288     float     sum      -1   1338.4    1.57    3.13      0   1377.3    1.52    3.04      0
  0:      4194304       1048576     float     sum      -1   2114.8    1.98    3.96      0   2332.8    1.80    3.59      0
  0:      8388608       2097152     float     sum      -1   2250.7    3.73    7.44      0   2468.6    3.40    6.78      0
  0:     16777216       4194304     float     sum      -1   2652.5    6.33   12.63      0   2745.5    6.11   12.20      0
  0:     33554432       8388608     float     sum      -1   3022.2   11.10   22.16      0   3591.5    9.34   18.65      0
  0:     67108864      16777216     float     sum      -1   4866.1   13.79   27.53      0   4457.8   15.05   30.05      0
  0:    134217728      33554432     float     sum      -1   7009.9   19.15   38.22      0   7112.5   18.87   37.67      0
  0:    268435456      67108864     float     sum      -1    11611   23.12   46.15      0    11881   22.59   45.10      0
  0:    536870912     134217728     float     sum      -1    24689   21.75   43.41      0    24188   22.20   44.30      0
  0:   1073741824     268435456     float     sum      -1    52556   20.43   40.78      0    52736   20.36   40.64      0
  0:   2147483648     536870912     float     sum      -1    56411   38.07   75.99      0    58410   36.77   73.39      0
  0:   4294967296    1073741824     float     sum      -1   116244   36.95   73.75      0   119208   36.03   71.92      0
  0:            8             2     float     sum      -1    95.82    0.00    0.00      0    93.27    0.00    0.00      0
  0:           16             4     float     sum      -1    93.97    0.00    0.00      0    94.03    0.00    0.00      0
  0:           32             8     float     sum      -1    93.58    0.00    0.00      0    93.26    0.00    0.00      0
  0:           64            16     float     sum      -1    102.8    0.00    0.00      0    101.8    0.00    0.00      0
  0:          128            32     float     sum      -1    105.8    0.00    0.00      0    104.0    0.00    0.00      0
  0:          256            64     float     sum      -1    114.0    0.00    0.00      0    105.1    0.00    0.00      0
  0:          512           128     float     sum      -1    111.3    0.00    0.01      0    109.2    0.00    0.01      0
  0:         1024           256     float     sum      -1    124.2    0.01    0.02      0    121.4    0.01    0.02      0
  0:         2048           512     float     sum      -1    133.3    0.02    0.03      0    132.0    0.02    0.03      0
  0:         4096          1024     float     sum      -1    232.1    0.02    0.04      0    230.9    0.02    0.04      0
  0:         8192          2048     float     sum      -1    237.4    0.03    0.07      0    235.8    0.03    0.07      0
  0:        16384          4096     float     sum      -1    241.0    0.07    0.14      0    237.0    0.07    0.14      0
  0:        32768          8192     float     sum      -1    250.8    0.13    0.26      0    249.3    0.13    0.26      0
  0:        65536         16384     float     sum      -1    326.8    0.20    0.40      0    314.9    0.21    0.42      0
  0:       131072         32768     float     sum      -1    501.3    0.26    0.52      0    495.3    0.26    0.53      0
  0:       262144         65536     float     sum      -1    627.6    0.42    0.83      0    631.6    0.42    0.83      0
  0:       524288        131072     float     sum      -1    733.5    0.71    1.43      0    778.6    0.67    1.34      0
  0:      1048576        262144     float     sum      -1    708.1    1.48    2.96      0    821.1    1.28    2.55      0
  0:      2097152        524288     float     sum      -1   1089.3    1.93    3.84      0   1101.6    1.90    3.80      0
  0:      4194304       1048576     float     sum      -1   1772.7    2.37    4.72      0   1874.0    2.24    4.47      0
  0:      8388608       2097152     float     sum      -1   2370.3    3.54    7.06      0   2161.3    3.88    7.75      0
  0:     16777216       4194304     float     sum      -1   2630.1    6.38   12.73      0   2503.8    6.70   13.38      0
  0:     33554432       8388608     float     sum      -1   3359.0    9.99   19.94      0   3018.6   11.12   22.19      0
  0:     67108864      16777216     float     sum      -1   3810.8   17.61   35.15      0   4010.0   16.74   33.41      0
  0:    134217728      33554432     float     sum      -1   6308.0   21.28   42.47      0   6527.1   20.56   41.05      0
  0:    268435456      67108864     float     sum      -1    10728   25.02   49.95      0    10359   25.91   51.72      0
  0:    536870912     134217728     float     sum      -1    22029   24.37   48.65      0    21842   24.58   49.06      0
  0:   1073741824     268435456     float     sum      -1    45670   23.51   46.93      0    29618   36.25   72.36      0
  0:   2147483648     536870912     float     sum      -1    54311   39.54   78.93      0    57554   37.31   74.48      0
  0:   4294967296    1073741824     float     sum      -1   122588   35.04   69.93      0   122205   35.15   70.15      0
  0:            8             2     float     sum      -1    96.09    0.00    0.00      0    94.08    0.00    0.00      0
  0:           16             4     float     sum      -1    93.86    0.00    0.00      0    94.01    0.00    0.00      0
  0:           32             8     float     sum      -1    93.17    0.00    0.00      0    94.03    0.00    0.00      0
  0:           64            16     float     sum      -1    103.4    0.00    0.00      0    102.0    0.00    0.00      0
  0:          128            32     float     sum      -1    110.4    0.00    0.00      0    103.8    0.00    0.00      0
  0:          256            64     float     sum      -1    119.8    0.00    0.00      0    105.8    0.00    0.00      0
  0:          512           128     float     sum      -1    113.5    0.00    0.01      0    109.8    0.00    0.01      0
  0:         1024           256     float     sum      -1    124.2    0.01    0.02      0    122.2    0.01    0.02      0
  0:         2048           512     float     sum      -1    134.5    0.02    0.03      0    133.1    0.02    0.03      0
  0:         4096          1024     float     sum      -1    230.8    0.02    0.04      0    227.6    0.02    0.04      0
  0:         8192          2048     float     sum      -1    234.3    0.03    0.07      0    232.0    0.04    0.07      0
  0:        16384          4096     float     sum      -1    239.9    0.07    0.14      0    237.9    0.07    0.14      0
  0:        32768          8192     float     sum      -1    252.3    0.13    0.26      0    264.8    0.12    0.25      0
  0:        65536         16384     float     sum      -1    326.6    0.20    0.40      0    325.7    0.20    0.40      0
  0:       131072         32768     float     sum      -1    519.6    0.25    0.50      0    521.3    0.25    0.50      0
  0:       262144         65536     float     sum      -1    614.7    0.43    0.85      0    623.2    0.42    0.84      0
  0:       524288        131072     float     sum      -1    706.6    0.74    1.48      0    806.4    0.65    1.30      0
  0:      1048576        262144     float     sum      -1    848.1    1.24    2.47      0    766.1    1.37    2.73      0
  0:      2097152        524288     float     sum      -1   1369.8    1.53    3.06      0   1440.5    1.46    2.91      0
  0:      4194304       1048576     float     sum      -1   2438.6    1.72    3.43      0   2206.4    1.90    3.79      0
  0:      8388608       2097152     float     sum      -1   2434.3    3.45    6.88      0   2548.4    3.29    6.57      0
  0:     16777216       4194304     float     sum      -1   2784.4    6.03   12.03      0   2699.9    6.21   12.40      0
  0:     33554432       8388608     float     sum      -1   3584.4    9.36   18.69      0   3499.3    9.59   19.14      0
  0:     67108864      16777216     float     sum      -1   5074.5   13.22   26.40      0   4642.1   14.46   28.86      0
  0:    134217728      33554432     float     sum      -1   7251.2   18.51   36.95      0   7007.2   19.15   38.23      0
  0:    268435456      67108864     float     sum      -1   8851.4   30.33   60.54      0   8977.2   29.90   59.69      0
  0:    536870912     134217728     float     sum      -1    15712   34.17   68.21      0    24078   22.30   44.51      0
  0:   1073741824     268435456     float     sum      -1    50280   21.36   42.63      0    50001   21.47   42.87      0
  0:   2147483648     536870912     float     sum      -1    57341   37.45   74.76      0    56158   38.24   76.33      0
  0:   4294967296    1073741824     float     sum      -1   121530   35.34   70.54      0   118868   36.13   72.12      0
  0:            8             2     float     sum      -1    96.68    0.00    0.00      0    94.43    0.00    0.00      0
  0:           16             4     float     sum      -1    93.43    0.00    0.00      0    97.68    0.00    0.00      0
  0:           32             8     float     sum      -1    93.33    0.00    0.00      0    93.34    0.00    0.00      0
  0:           64            16     float     sum      -1    102.0    0.00    0.00      0    102.8    0.00    0.00      0
  0:          128            32     float     sum      -1    105.0    0.00    0.00      0    104.0    0.00    0.00      0
  0:          256            64     float     sum      -1    115.1    0.00    0.00      0    105.8    0.00    0.00      0
  0:          512           128     float     sum      -1    112.2    0.00    0.01      0    108.5    0.00    0.01      0
  0:         1024           256     float     sum      -1    124.6    0.01    0.02      0    123.0    0.01    0.02      0
  0:         2048           512     float     sum      -1    135.4    0.02    0.03      0    134.3    0.02    0.03      0
  0:         4096          1024     float     sum      -1    237.4    0.02    0.03      0    234.8    0.02    0.03      0
  0:         8192          2048     float     sum      -1    233.4    0.04    0.07      0    232.0    0.04    0.07      0
  0:        16384          4096     float     sum      -1    249.3    0.07    0.13      0    248.0    0.07    0.13      0
  0:        32768          8192     float     sum      -1    255.9    0.13    0.26      0    257.4    0.13    0.25      0
  0:        65536         16384     float     sum      -1    343.0    0.19    0.38      0    340.3    0.19    0.38      0
  0:       131072         32768     float     sum      -1    520.0    0.25    0.50      0    522.4    0.25    0.50      0
  0:       262144         65536     float     sum      -1    624.6    0.42    0.84      0    611.2    0.43    0.86      0
  0:       524288        131072     float     sum      -1    827.1    0.63    1.27      0    772.1    0.68    1.36      0
  0:      1048576        262144     float     sum      -1    871.3    1.20    2.40      0    894.6    1.17    2.34      0
  0:      2097152        524288     float     sum      -1   1511.3    1.39    2.77      0   1297.7    1.62    3.23      0
  0:      4194304       1048576     float     sum      -1   2465.5    1.70    3.40      0   2321.7    1.81    3.61      0
  0:      8388608       2097152     float     sum      -1   2527.4    3.32    6.63      0   2656.5    3.16    6.30      0
  0:     16777216       4194304     float     sum      -1   2873.0    5.84   11.66      0   2914.2    5.76   11.49      0
  0:     33554432       8388608     float     sum      -1   3701.7    9.06   18.09      0   3539.6    9.48   18.92      0
  0:     67108864      16777216     float     sum      -1   4952.2   13.55   27.05      0   4289.2   15.65   31.23      0
  0:    134217728      33554432     float     sum      -1   7559.3   17.76   35.44      0   7719.3   17.39   34.71      0
  0:    268435456      67108864     float     sum      -1    11446   23.45   46.81      0    10816   24.82   49.54      0
  0:    536870912     134217728     float     sum      -1    22056   24.34   48.59      0    24734   21.71   43.33      0
  0:   1073741824     268435456     float     sum      -1    50511   21.26   42.43      0    50230   21.38   42.67      0
  0:   2147483648     536870912     float     sum      -1    58242   36.87   73.60      0    56796   37.81   75.47      0
  0:   4294967296    1073741824     float     sum      -1   123133   34.88   69.63      0   110115   39.00   77.86      0
  0:            8             2     float     sum      -1    95.41    0.00    0.00      0    94.25    0.00    0.00      0
  0:           16             4     float     sum      -1    94.47    0.00    0.00      0    93.78    0.00    0.00      0
  0:           32             8     float     sum      -1    93.46    0.00    0.00      0    92.93    0.00    0.00      0
  0:           64            16     float     sum      -1    102.7    0.00    0.00      0    101.5    0.00    0.00      0
  0:          128            32     float     sum      -1    106.0    0.00    0.00      0    104.4    0.00    0.00      0
  0:          256            64     float     sum      -1    115.0    0.00    0.00      0    105.2    0.00    0.00      0
  0:          512           128     float     sum      -1    113.0    0.00    0.01      0    110.0    0.00    0.01      0
  0:         1024           256     float     sum      -1    125.0    0.01    0.02      0    124.1    0.01    0.02      0
  0:         2048           512     float     sum      -1    137.0    0.01    0.03      0    134.1    0.02    0.03      0
  0:         4096          1024     float     sum      -1    234.4    0.02    0.03      0    230.8    0.02    0.04      0
  0:         8192          2048     float     sum      -1    235.0    0.03    0.07      0    232.3    0.04    0.07      0
  0:        16384          4096     float     sum      -1    239.1    0.07    0.14      0    237.8    0.07    0.14      0
  0:        32768          8192     float     sum      -1    249.7    0.13    0.26      0    256.0    0.13    0.26      0
  0:        65536         16384     float     sum      -1    339.2    0.19    0.39      0    341.7    0.19    0.38      0
  0:       131072         32768     float     sum      -1    491.1    0.27    0.53      0    492.6    0.27    0.53      0
  0:       262144         65536     float     sum      -1    574.0    0.46    0.91      0    561.3    0.47    0.93      0
  0:       524288        131072     float     sum      -1    685.0    0.77    1.53      0    627.7    0.84    1.67      0
  0:      1048576        262144     float     sum      -1    687.9    1.52    3.04      0    785.1    1.34    2.67      0
  0:      2097152        524288     float     sum      -1   1008.2    2.08    4.15      0   1093.5    1.92    3.83      0
  0:      4194304       1048576     float     sum      -1   1797.0    2.33    4.66      0   1696.4    2.47    4.94      0
  0:      8388608       2097152     float     sum      -1   1861.4    4.51    9.00      0   1843.2    4.55    9.08      0
  0:     16777216       4194304     float     sum      -1   2076.5    8.08   16.13      0   2112.3    7.94   15.85      0
  0:     33554432       8388608     float     sum      -1   2539.3   13.21   26.38      0   2452.7   13.68   27.31      0
  0:     67108864      16777216     float     sum      -1   3386.8   19.81   39.55      0   3327.7   20.17   40.25      0
  0:    134217728      33554432     float     sum      -1   5493.1   24.43   48.77      0   5103.5   26.30   52.50      0
  0:    268435456      67108864     float     sum      -1   8572.7   31.31   62.50      0   8835.7   30.38   60.64      0
  0:    536870912     134217728     float     sum      -1    15562   34.50   68.86      0    15967   33.62   67.12      0
  0:   1073741824     268435456     float     sum      -1    38813   27.66   55.22      0    50771   21.15   42.21      0
  0:   2147483648     536870912     float     sum      -1    53773   39.94   79.72      0    52807   40.67   81.17      0
  0:   4294967296    1073741824     float     sum      -1   124785   34.42   68.70      0   124607   34.47   68.80      0
  0:            8             2     float     sum      -1    97.78    0.00    0.00      0    93.84    0.00    0.00      0
  0:           16             4     float     sum      -1    93.91    0.00    0.00      0    93.55    0.00    0.00      0
  0:           32             8     float     sum      -1    94.03    0.00    0.00      0    94.36    0.00    0.00      0
  0:           64            16     float     sum      -1    102.4    0.00    0.00      0    101.9    0.00    0.00      0
  0:          128            32     float     sum      -1    105.8    0.00    0.00      0    103.7    0.00    0.00      0
  0:          256            64     float     sum      -1    107.6    0.00    0.00      0    105.4    0.00    0.00      0
  0:          512           128     float     sum      -1    110.2    0.00    0.01      0    110.5    0.00    0.01      0
  0:         1024           256     float     sum      -1    124.7    0.01    0.02      0    124.1    0.01    0.02      0
  0:         2048           512     float     sum      -1    136.0    0.02    0.03      0    134.1    0.02    0.03      0
  0:         4096          1024     float     sum      -1    231.4    0.02    0.04      0    229.4    0.02    0.04      0
  0:         8192          2048     float     sum      -1    234.4    0.03    0.07      0    232.3    0.04    0.07      0
  0:        16384          4096     float     sum      -1    241.5    0.07    0.14      0    239.3    0.07    0.14      0
  0:        32768          8192     float     sum      -1    248.9    0.13    0.26      0    250.7    0.13    0.26      0
  0:        65536         16384     float     sum      -1    329.3    0.20    0.40      0    330.6    0.20    0.40      0
  0:       131072         32768     float     sum      -1    517.4    0.25    0.51      0    504.0    0.26    0.52      0
  0:       262144         65536     float     sum      -1    604.1    0.43    0.87      0    621.4    0.42    0.84      0
  0:       524288        131072     float     sum      -1    773.3    0.68    1.35      0    780.8    0.67    1.34      0
  0:      1048576        262144     float     sum      -1    864.5    1.21    2.42      0    816.8    1.28    2.56      0
  0:      2097152        524288     float     sum      -1   1420.8    1.48    2.95      0   1244.7    1.68    3.36      0
  0:      4194304       1048576     float     sum      -1   2360.6    1.78    3.55      0   2283.7    1.84    3.67      0
  0:      8388608       2097152     float     sum      -1   2516.8    3.33    6.65      0   2383.7    3.52    7.02      0
  0:     16777216       4194304     float     sum      -1   2815.7    5.96   11.89      0   2679.0    6.26   12.50      0
  0:     33554432       8388608     float     sum      -1   3283.1   10.22   20.40      0   3451.6    9.72   19.41      0
  0:     67108864      16777216     float     sum      -1   4334.8   15.48   30.90      0   4231.1   15.86   31.66      0
  0:    134217728      33554432     float     sum      -1   6773.3   19.82   39.55      0   7002.8   19.17   38.26      0
  0:    268435456      67108864     float     sum      -1    12007   22.36   44.63      0    11949   22.47   44.84      0
  0:    536870912     134217728     float     sum      -1    24646   21.78   43.48      0    24061   22.31   44.54      0
  0:   1073741824     268435456     float     sum      -1    49395   21.74   43.39      0    50845   21.12   42.15      0
  0:   2147483648     536870912     float     sum      -1    56478   38.02   75.90      0    52935   40.57   80.98      0
  0:   4294967296    1073741824     float     sum      -1    98675   43.53   86.88      0    97624   44.00   87.82      0
  0: # Out of bounds values : 0 OK
  0: # Avg bus bandwidth    : 14.1733 
  0: #
  0: 
