 0: # nThread 1 nGpus 1 minBytes 8 maxBytes 4294967296 step: 2(factor) warmup iters: 8 iters: 24 agg iters: 1 validation: 1 graph: 0
 0: #
 0: # Using devices
 0: #  Rank  0 Group  0 Pid 168685 on  nid007018 device  0 [0009:01:00] NVIDIA GH200 120GB
 0: #  Rank  1 Group  0 Pid 168686 on  nid007018 device  0 [0019:01:00] NVIDIA GH200 120GB
 0: #  Rank  2 Group  0 Pid 168687 on  nid007018 device  0 [0029:01:00] NVIDIA GH200 120GB
 0: #  Rank  3 Group  0 Pid 168688 on  nid007018 device  0 [0039:01:00] NVIDIA GH200 120GB
 0: #  Rank  4 Group  0 Pid 129721 on  nid007025 device  0 [0009:01:00] NVIDIA GH200 120GB
 0: #  Rank  5 Group  0 Pid 129722 on  nid007025 device  0 [0019:01:00] NVIDIA GH200 120GB
 0: #  Rank  6 Group  0 Pid 129723 on  nid007025 device  0 [0029:01:00] NVIDIA GH200 120GB
 0: #  Rank  7 Group  0 Pid 129724 on  nid007025 device  0 [0039:01:00] NVIDIA GH200 120GB
 0: #  Rank  8 Group  0 Pid 213673 on  nid007029 device  0 [0009:01:00] NVIDIA GH200 120GB
 0: #  Rank  9 Group  0 Pid 213674 on  nid007029 device  0 [0019:01:00] NVIDIA GH200 120GB
 0: #  Rank 10 Group  0 Pid 213675 on  nid007029 device  0 [0029:01:00] NVIDIA GH200 120GB
 0: #  Rank 11 Group  0 Pid 213676 on  nid007029 device  0 [0039:01:00] NVIDIA GH200 120GB
 0: #  Rank 12 Group  0 Pid 177505 on  nid007030 device  0 [0009:01:00] NVIDIA GH200 120GB
 0: #  Rank 13 Group  0 Pid 177506 on  nid007030 device  0 [0019:01:00] NVIDIA GH200 120GB
 0: #  Rank 14 Group  0 Pid 177507 on  nid007030 device  0 [0029:01:00] NVIDIA GH200 120GB
 0: #  Rank 15 Group  0 Pid 177508 on  nid007030 device  0 [0039:01:00] NVIDIA GH200 120GB
 0: #  Rank 16 Group  0 Pid 263501 on  nid007038 device  0 [0009:01:00] NVIDIA GH200 120GB
 0: #  Rank 17 Group  0 Pid 263502 on  nid007038 device  0 [0019:01:00] NVIDIA GH200 120GB
 0: #  Rank 18 Group  0 Pid 263503 on  nid007038 device  0 [0029:01:00] NVIDIA GH200 120GB
 0: #  Rank 19 Group  0 Pid 263504 on  nid007038 device  0 [0039:01:00] NVIDIA GH200 120GB
 0: #  Rank 20 Group  0 Pid 103241 on  nid007057 device  0 [0009:01:00] NVIDIA GH200 120GB
 0: #  Rank 21 Group  0 Pid 103242 on  nid007057 device  0 [0019:01:00] NVIDIA GH200 120GB
 0: #  Rank 22 Group  0 Pid 103243 on  nid007057 device  0 [0029:01:00] NVIDIA GH200 120GB
 0: #  Rank 23 Group  0 Pid 103244 on  nid007057 device  0 [0039:01:00] NVIDIA GH200 120GB
 0: #  Rank 24 Group  0 Pid  57556 on  nid007058 device  0 [0009:01:00] NVIDIA GH200 120GB
 0: #  Rank 25 Group  0 Pid  57557 on  nid007058 device  0 [0019:01:00] NVIDIA GH200 120GB
 0: #  Rank 26 Group  0 Pid  57558 on  nid007058 device  0 [0029:01:00] NVIDIA GH200 120GB
 0: #  Rank 27 Group  0 Pid  57559 on  nid007058 device  0 [0039:01:00] NVIDIA GH200 120GB
 0: #  Rank 28 Group  0 Pid  97751 on  nid007070 device  0 [0009:01:00] NVIDIA GH200 120GB
 0: #  Rank 29 Group  0 Pid  97752 on  nid007070 device  0 [0019:01:00] NVIDIA GH200 120GB
 0: #  Rank 30 Group  0 Pid  97753 on  nid007070 device  0 [0029:01:00] NVIDIA GH200 120GB
 0: #  Rank 31 Group  0 Pid  97754 on  nid007070 device  0 [0039:01:00] NVIDIA GH200 120GB
 0: #
 0: #                                                              out-of-place                       in-place          
 0: #       size         count      type   redop    root     time   algbw   busbw #wrong     time   algbw   busbw #wrong
 0: #        (B)    (elements)                               (us)  (GB/s)  (GB/s)            (us)  (GB/s)  (GB/s)       
 0:            8             2     float     sum      -1    422.2    0.00    0.00      0    417.2    0.00    0.00      0
 0:           16             4     float     sum      -1    421.3    0.00    0.00      0    415.6    0.00    0.00      0
 0:           32             8     float     sum      -1    412.8    0.00    0.00      0    404.7    0.00    0.00      0
 0:           64            16     float     sum      -1    400.9    0.00    0.00      0    400.1    0.00    0.00      0
 0:          128            32     float     sum      -1    391.8    0.00    0.00      0    395.1    0.00    0.00      0
 0:          256            64     float     sum      -1    385.0    0.00    0.00      0    541.9    0.00    0.00      0
 0:          512           128     float     sum      -1    383.1    0.00    0.00      0    420.8    0.00    0.00      0
 0:         1024           256     float     sum      -1    390.2    0.00    0.01      0    589.2    0.00    0.00      0
 0:         2048           512     float     sum      -1    397.2    0.01    0.01      0    840.4    0.00    0.00      0
 0:         4096          1024     float     sum      -1    349.0    0.01    0.02      0    352.2    0.01    0.02      0
 0:         8192          2048     float     sum      -1    704.8    0.01    0.02      0    749.0    0.01    0.02      0
 0:        16384          4096     float     sum      -1   2038.3    0.01    0.02      0   2082.3    0.01    0.02      0
 0:        32768          8192     float     sum      -1   2796.5    0.01    0.02      0   2792.3    0.01    0.02      0
 0:        65536         16384     float     sum      -1   2864.0    0.02    0.04      0   2823.9    0.02    0.04      0
 0:       131072         32768     float     sum      -1   2978.3    0.04    0.09      0   3007.3    0.04    0.08      0
 0:       262144         65536     float     sum      -1   3143.3    0.08    0.16      0   3462.1    0.08    0.15      0
 0:       524288        131072     float     sum      -1    793.6    0.66    1.28      0    809.4    0.65    1.26      0
 0:      1048576        262144     float     sum      -1    38791    0.03    0.05      0    34356    0.03    0.06      0
 0:      2097152        524288     float     sum      -1    46398    0.05    0.09      0    38027    0.06    0.11      0
 0:      4194304       1048576     float     sum      -1    28675    0.15    0.28      0    24135    0.17    0.34      0
 0:      8388608       2097152     float     sum      -1    44736    0.19    0.36      0    43516    0.19    0.37      0
 0:     16777216       4194304     float     sum      -1    77288    0.22    0.42      0   115766    0.14    0.28      0
