  0: # nThread 1 nGpus 1 minBytes 8 maxBytes 4294967296 step: 2(factor) warmup iters: 8 iters: 24 agg iters: 1 validation: 1 graph: 0
  0: #
  0: # Using devices
  0: #  Rank  0 Group  0 Pid  40764 on  nid006540 device  0 [0009:01:00] NVIDIA GH200 120GB
  0: #  Rank  1 Group  0 Pid  40765 on  nid006540 device  0 [0019:01:00] NVIDIA GH200 120GB
  0: #  Rank  2 Group  0 Pid  40766 on  nid006540 device  0 [0029:01:00] NVIDIA GH200 120GB
  0: #  Rank  3 Group  0 Pid  40767 on  nid006540 device  0 [0039:01:00] NVIDIA GH200 120GB
  0: #  Rank  4 Group  0 Pid  81735 on  nid006541 device  0 [0009:01:00] NVIDIA GH200 120GB
  0: #  Rank  5 Group  0 Pid  81736 on  nid006541 device  0 [0019:01:00] NVIDIA GH200 120GB
  0: #  Rank  6 Group  0 Pid  81737 on  nid006541 device  0 [0029:01:00] NVIDIA GH200 120GB
  0: #  Rank  7 Group  0 Pid  81738 on  nid006541 device  0 [0039:01:00] NVIDIA GH200 120GB
  0: #  Rank  8 Group  0 Pid  78830 on  nid006542 device  0 [0009:01:00] NVIDIA GH200 120GB
  0: #  Rank  9 Group  0 Pid  78831 on  nid006542 device  0 [0019:01:00] NVIDIA GH200 120GB
  0: #  Rank 10 Group  0 Pid  78832 on  nid006542 device  0 [0029:01:00] NVIDIA GH200 120GB
  0: #  Rank 11 Group  0 Pid  78833 on  nid006542 device  0 [0039:01:00] NVIDIA GH200 120GB
  0: #  Rank 12 Group  0 Pid  52290 on  nid006543 device  0 [0009:01:00] NVIDIA GH200 120GB
  0: #  Rank 13 Group  0 Pid  52291 on  nid006543 device  0 [0019:01:00] NVIDIA GH200 120GB
  0: #  Rank 14 Group  0 Pid  52292 on  nid006543 device  0 [0029:01:00] NVIDIA GH200 120GB
  0: #  Rank 15 Group  0 Pid  52293 on  nid006543 device  0 [0039:01:00] NVIDIA GH200 120GB
  0: #  Rank 16 Group  0 Pid  82080 on  nid006545 device  0 [0009:01:00] NVIDIA GH200 120GB
  0: #  Rank 17 Group  0 Pid  82081 on  nid006545 device  0 [0019:01:00] NVIDIA GH200 120GB
  0: #  Rank 18 Group  0 Pid  82082 on  nid006545 device  0 [0029:01:00] NVIDIA GH200 120GB
  0: #  Rank 19 Group  0 Pid  82083 on  nid006545 device  0 [0039:01:00] NVIDIA GH200 120GB
  0: #  Rank 20 Group  0 Pid  14081 on  nid006546 device  0 [0009:01:00] NVIDIA GH200 120GB
  0: #  Rank 21 Group  0 Pid  14082 on  nid006546 device  0 [0019:01:00] NVIDIA GH200 120GB
  0: #  Rank 22 Group  0 Pid  14083 on  nid006546 device  0 [0029:01:00] NVIDIA GH200 120GB
  0: #  Rank 23 Group  0 Pid  14084 on  nid006546 device  0 [0039:01:00] NVIDIA GH200 120GB
  0: #  Rank 24 Group  0 Pid   3212 on  nid006547 device  0 [0009:01:00] NVIDIA GH200 120GB
  0: #  Rank 25 Group  0 Pid   3213 on  nid006547 device  0 [0019:01:00] NVIDIA GH200 120GB
  0: #  Rank 26 Group  0 Pid   3214 on  nid006547 device  0 [0029:01:00] NVIDIA GH200 120GB
  0: #  Rank 27 Group  0 Pid   3215 on  nid006547 device  0 [0039:01:00] NVIDIA GH200 120GB
  0: #  Rank 28 Group  0 Pid  22316 on  nid006548 device  0 [0009:01:00] NVIDIA GH200 120GB
  0: #  Rank 29 Group  0 Pid  22317 on  nid006548 device  0 [0019:01:00] NVIDIA GH200 120GB
  0: #  Rank 30 Group  0 Pid  22318 on  nid006548 device  0 [0029:01:00] NVIDIA GH200 120GB
  0: #  Rank 31 Group  0 Pid  22319 on  nid006548 device  0 [0039:01:00] NVIDIA GH200 120GB
  0: #  Rank 32 Group  0 Pid  60910 on  nid006549 device  0 [0009:01:00] NVIDIA GH200 120GB
  0: #  Rank 33 Group  0 Pid  60911 on  nid006549 device  0 [0019:01:00] NVIDIA GH200 120GB
  0: #  Rank 34 Group  0 Pid  60912 on  nid006549 device  0 [0029:01:00] NVIDIA GH200 120GB
  0: #  Rank 35 Group  0 Pid  60913 on  nid006549 device  0 [0039:01:00] NVIDIA GH200 120GB
  0: #  Rank 36 Group  0 Pid  11989 on  nid006550 device  0 [0009:01:00] NVIDIA GH200 120GB
  0: #  Rank 37 Group  0 Pid  11990 on  nid006550 device  0 [0019:01:00] NVIDIA GH200 120GB
  0: #  Rank 38 Group  0 Pid  11991 on  nid006550 device  0 [0029:01:00] NVIDIA GH200 120GB
  0: #  Rank 39 Group  0 Pid  11992 on  nid006550 device  0 [0039:01:00] NVIDIA GH200 120GB
  0: #  Rank 40 Group  0 Pid   3594 on  nid006551 device  0 [0009:01:00] NVIDIA GH200 120GB
  0: #  Rank 41 Group  0 Pid   3595 on  nid006551 device  0 [0019:01:00] NVIDIA GH200 120GB
  0: #  Rank 42 Group  0 Pid   3596 on  nid006551 device  0 [0029:01:00] NVIDIA GH200 120GB
  0: #  Rank 43 Group  0 Pid   3597 on  nid006551 device  0 [0039:01:00] NVIDIA GH200 120GB
  0: #  Rank 44 Group  0 Pid  25853 on  nid006552 device  0 [0009:01:00] NVIDIA GH200 120GB
  0: #  Rank 45 Group  0 Pid  25854 on  nid006552 device  0 [0019:01:00] NVIDIA GH200 120GB
  0: #  Rank 46 Group  0 Pid  25855 on  nid006552 device  0 [0029:01:00] NVIDIA GH200 120GB
  0: #  Rank 47 Group  0 Pid  25856 on  nid006552 device  0 [0039:01:00] NVIDIA GH200 120GB
  0: #  Rank 48 Group  0 Pid  26750 on  nid006554 device  0 [0009:01:00] NVIDIA GH200 120GB
  0: #  Rank 49 Group  0 Pid  26751 on  nid006554 device  0 [0019:01:00] NVIDIA GH200 120GB
  0: #  Rank 50 Group  0 Pid  26752 on  nid006554 device  0 [0029:01:00] NVIDIA GH200 120GB
  0: #  Rank 51 Group  0 Pid  26753 on  nid006554 device  0 [0039:01:00] NVIDIA GH200 120GB
  0: #  Rank 52 Group  0 Pid  16388 on  nid006555 device  0 [0009:01:00] NVIDIA GH200 120GB
  0: #  Rank 53 Group  0 Pid  16389 on  nid006555 device  0 [0019:01:00] NVIDIA GH200 120GB
  0: #  Rank 54 Group  0 Pid  16390 on  nid006555 device  0 [0029:01:00] NVIDIA GH200 120GB
  0: #  Rank 55 Group  0 Pid  16391 on  nid006555 device  0 [0039:01:00] NVIDIA GH200 120GB
  0: #  Rank 56 Group  0 Pid  57585 on  nid006556 device  0 [0009:01:00] NVIDIA GH200 120GB
  0: #  Rank 57 Group  0 Pid  57586 on  nid006556 device  0 [0019:01:00] NVIDIA GH200 120GB
  0: #  Rank 58 Group  0 Pid  57587 on  nid006556 device  0 [0029:01:00] NVIDIA GH200 120GB
  0: #  Rank 59 Group  0 Pid  57588 on  nid006556 device  0 [0039:01:00] NVIDIA GH200 120GB
  0: #  Rank 60 Group  0 Pid  45560 on  nid006557 device  0 [0009:01:00] NVIDIA GH200 120GB
  0: #  Rank 61 Group  0 Pid  45561 on  nid006557 device  0 [0019:01:00] NVIDIA GH200 120GB
  0: #  Rank 62 Group  0 Pid  45562 on  nid006557 device  0 [0029:01:00] NVIDIA GH200 120GB
  0: #  Rank 63 Group  0 Pid  45563 on  nid006557 device  0 [0039:01:00] NVIDIA GH200 120GB
  0: #  Rank 64 Group  0 Pid 196509 on  nid006558 device  0 [0009:01:00] NVIDIA GH200 120GB
  0: #  Rank 65 Group  0 Pid 196510 on  nid006558 device  0 [0019:01:00] NVIDIA GH200 120GB
  0: #  Rank 66 Group  0 Pid 196511 on  nid006558 device  0 [0029:01:00] NVIDIA GH200 120GB
  0: #  Rank 67 Group  0 Pid 196512 on  nid006558 device  0 [0039:01:00] NVIDIA GH200 120GB
  0: #  Rank 68 Group  0 Pid 157284 on  nid006560 device  0 [0009:01:00] NVIDIA GH200 120GB
  0: #  Rank 69 Group  0 Pid 157285 on  nid006560 device  0 [0019:01:00] NVIDIA GH200 120GB
  0: #  Rank 70 Group  0 Pid 157286 on  nid006560 device  0 [0029:01:00] NVIDIA GH200 120GB
  0: #  Rank 71 Group  0 Pid 157287 on  nid006560 device  0 [0039:01:00] NVIDIA GH200 120GB
  0: #  Rank 72 Group  0 Pid 129561 on  nid006563 device  0 [0009:01:00] NVIDIA GH200 120GB
  0: #  Rank 73 Group  0 Pid 129562 on  nid006563 device  0 [0019:01:00] NVIDIA GH200 120GB
  0: #  Rank 74 Group  0 Pid 129563 on  nid006563 device  0 [0029:01:00] NVIDIA GH200 120GB
  0: #  Rank 75 Group  0 Pid 129564 on  nid006563 device  0 [0039:01:00] NVIDIA GH200 120GB
  0: #  Rank 76 Group  0 Pid  93539 on  nid006564 device  0 [0009:01:00] NVIDIA GH200 120GB
  0: #  Rank 77 Group  0 Pid  93540 on  nid006564 device  0 [0019:01:00] NVIDIA GH200 120GB
  0: #  Rank 78 Group  0 Pid  93541 on  nid006564 device  0 [0029:01:00] NVIDIA GH200 120GB
  0: #  Rank 79 Group  0 Pid  93542 on  nid006564 device  0 [0039:01:00] NVIDIA GH200 120GB
  0: #  Rank 80 Group  0 Pid 150810 on  nid006907 device  0 [0009:01:00] NVIDIA GH200 120GB
  0: #  Rank 81 Group  0 Pid 150811 on  nid006907 device  0 [0019:01:00] NVIDIA GH200 120GB
  0: #  Rank 82 Group  0 Pid 150812 on  nid006907 device  0 [0029:01:00] NVIDIA GH200 120GB
  0: #  Rank 83 Group  0 Pid 150813 on  nid006907 device  0 [0039:01:00] NVIDIA GH200 120GB
  0: #  Rank 84 Group  0 Pid 123275 on  nid006908 device  0 [0009:01:00] NVIDIA GH200 120GB
  0: #  Rank 85 Group  0 Pid 123276 on  nid006908 device  0 [0019:01:00] NVIDIA GH200 120GB
  0: #  Rank 86 Group  0 Pid 123277 on  nid006908 device  0 [0029:01:00] NVIDIA GH200 120GB
  0: #  Rank 87 Group  0 Pid 123278 on  nid006908 device  0 [0039:01:00] NVIDIA GH200 120GB
  0: #  Rank 88 Group  0 Pid 152684 on  nid006909 device  0 [0009:01:00] NVIDIA GH200 120GB
  0: #  Rank 89 Group  0 Pid 152685 on  nid006909 device  0 [0019:01:00] NVIDIA GH200 120GB
  0: #  Rank 90 Group  0 Pid 152686 on  nid006909 device  0 [0029:01:00] NVIDIA GH200 120GB
  0: #  Rank 91 Group  0 Pid 152687 on  nid006909 device  0 [0039:01:00] NVIDIA GH200 120GB
  0: #  Rank 92 Group  0 Pid 148452 on  nid006911 device  0 [0009:01:00] NVIDIA GH200 120GB
  0: #  Rank 93 Group  0 Pid 148453 on  nid006911 device  0 [0019:01:00] NVIDIA GH200 120GB
  0: #  Rank 94 Group  0 Pid 148454 on  nid006911 device  0 [0029:01:00] NVIDIA GH200 120GB
  0: #  Rank 95 Group  0 Pid 148455 on  nid006911 device  0 [0039:01:00] NVIDIA GH200 120GB
  0: #  Rank 96 Group  0 Pid  75308 on  nid006941 device  0 [0009:01:00] NVIDIA GH200 120GB
  0: #  Rank 97 Group  0 Pid  75309 on  nid006941 device  0 [0019:01:00] NVIDIA GH200 120GB
  0: #  Rank 98 Group  0 Pid  75310 on  nid006941 device  0 [0029:01:00] NVIDIA GH200 120GB
  0: #  Rank 99 Group  0 Pid  75311 on  nid006941 device  0 [0039:01:00] NVIDIA GH200 120GB
  0: #  Rank 100 Group  0 Pid 245922 on  nid006945 device  0 [0009:01:00] NVIDIA GH200 120GB
  0: #  Rank 101 Group  0 Pid 245923 on  nid006945 device  0 [0019:01:00] NVIDIA GH200 120GB
  0: #  Rank 102 Group  0 Pid 245924 on  nid006945 device  0 [0029:01:00] NVIDIA GH200 120GB
  0: #  Rank 103 Group  0 Pid 245925 on  nid006945 device  0 [0039:01:00] NVIDIA GH200 120GB
  0: #  Rank 104 Group  0 Pid 254873 on  nid006976 device  0 [0009:01:00] NVIDIA GH200 120GB
  0: #  Rank 105 Group  0 Pid 254874 on  nid006976 device  0 [0019:01:00] NVIDIA GH200 120GB
  0: #  Rank 106 Group  0 Pid 254875 on  nid006976 device  0 [0029:01:00] NVIDIA GH200 120GB
  0: #  Rank 107 Group  0 Pid 254876 on  nid006976 device  0 [0039:01:00] NVIDIA GH200 120GB
  0: #  Rank 108 Group  0 Pid 133600 on  nid006979 device  0 [0009:01:00] NVIDIA GH200 120GB
  0: #  Rank 109 Group  0 Pid 133601 on  nid006979 device  0 [0019:01:00] NVIDIA GH200 120GB
  0: #  Rank 110 Group  0 Pid 133602 on  nid006979 device  0 [0029:01:00] NVIDIA GH200 120GB
  0: #  Rank 111 Group  0 Pid 133603 on  nid006979 device  0 [0039:01:00] NVIDIA GH200 120GB
  0: #  Rank 112 Group  0 Pid 166370 on  nid006987 device  0 [0009:01:00] NVIDIA GH200 120GB
  0: #  Rank 113 Group  0 Pid 166371 on  nid006987 device  0 [0019:01:00] NVIDIA GH200 120GB
  0: #  Rank 114 Group  0 Pid 166372 on  nid006987 device  0 [0029:01:00] NVIDIA GH200 120GB
  0: #  Rank 115 Group  0 Pid 166373 on  nid006987 device  0 [0039:01:00] NVIDIA GH200 120GB
  0: #  Rank 116 Group  0 Pid 160199 on  nid006988 device  0 [0009:01:00] NVIDIA GH200 120GB
  0: #  Rank 117 Group  0 Pid 160200 on  nid006988 device  0 [0019:01:00] NVIDIA GH200 120GB
  0: #  Rank 118 Group  0 Pid 160201 on  nid006988 device  0 [0029:01:00] NVIDIA GH200 120GB
  0: #  Rank 119 Group  0 Pid 160202 on  nid006988 device  0 [0039:01:00] NVIDIA GH200 120GB
  0: #  Rank 120 Group  0 Pid  89839 on  nid006990 device  0 [0009:01:00] NVIDIA GH200 120GB
  0: #  Rank 121 Group  0 Pid  89840 on  nid006990 device  0 [0019:01:00] NVIDIA GH200 120GB
  0: #  Rank 122 Group  0 Pid  89841 on  nid006990 device  0 [0029:01:00] NVIDIA GH200 120GB
  0: #  Rank 123 Group  0 Pid  89842 on  nid006990 device  0 [0039:01:00] NVIDIA GH200 120GB
  0: #  Rank 124 Group  0 Pid 194950 on  nid006993 device  0 [0009:01:00] NVIDIA GH200 120GB
  0: #  Rank 125 Group  0 Pid 194951 on  nid006993 device  0 [0019:01:00] NVIDIA GH200 120GB
  0: #  Rank 126 Group  0 Pid 194952 on  nid006993 device  0 [0029:01:00] NVIDIA GH200 120GB
  0: #  Rank 127 Group  0 Pid 194953 on  nid006993 device  0 [0039:01:00] NVIDIA GH200 120GB
  0: #
  0: #                                                              out-of-place                       in-place          
  0: #       size         count      type   redop    root     time   algbw   busbw #wrong     time   algbw   busbw #wrong
  0: #        (B)    (elements)                               (us)  (GB/s)  (GB/s)            (us)  (GB/s)  (GB/s)       
  0:            8             2     float     sum      -1    50.39    0.00    0.00      0    49.26    0.00    0.00      0
  0:           16             4     float     sum      -1    49.18    0.00    0.00      0    48.53    0.00    0.00      0
  0:           32             8     float     sum      -1    48.78    0.00    0.00      0    49.20    0.00    0.00      0
  0:           64            16     float     sum      -1    55.56    0.00    0.00      0    55.16    0.00    0.00      0
  0:          128            32     float     sum      -1    56.97    0.00    0.00      0    56.10    0.00    0.00      0
  0:          256            64     float     sum      -1    63.27    0.00    0.01      0    57.00    0.00    0.01      0
  0:          512           128     float     sum      -1    152.2    0.00    0.01      0    58.13    0.01    0.02      0
  0:         1024           256     float     sum      -1    61.58    0.02    0.03      0    60.18    0.02    0.03      0
  0:         2048           512     float     sum      -1    66.01    0.03    0.06      0    64.45    0.03    0.06      0
  0:         4096          1024     float     sum      -1    135.3    0.03    0.06      0    135.2    0.03    0.06      0
  0:         8192          2048     float     sum      -1    141.7    0.06    0.11      0    135.0    0.06    0.12      0
  0:        16384          4096     float     sum      -1    140.4    0.12    0.23      0    136.6    0.12    0.24      0
  0:        32768          8192     float     sum      -1    153.2    0.21    0.42      0    151.1    0.22    0.43      0
  0:        65536         16384     float     sum      -1    172.9    0.38    0.75      0    171.7    0.38    0.76      0
  0:       131072         32768     float     sum      -1    214.9    0.61    1.21      0    208.7    0.63    1.25      0
  0:       262144         65536     float     sum      -1    299.6    0.87    1.74      0    294.9    0.89    1.76      0
  0:       524288        131072     float     sum      -1    373.0    1.41    2.79      0    372.3    1.41    2.79      0
  0:      1048576        262144     float     sum      -1    471.9    2.22    4.41      0    473.1    2.22    4.40      0
  0:      2097152        524288     float     sum      -1    692.2    3.03    6.01      0    693.5    3.02    6.00      0
  0:      4194304       1048576     float     sum      -1   1132.8    3.70    7.35      0   1130.8    3.71    7.36      0
  0:      8388608       2097152     float     sum      -1   1257.3    6.67   13.24      0   1261.5    6.65   13.20      0
  0:     16777216       4194304     float     sum      -1   1554.5   10.79   21.42      0   1556.7   10.78   21.39      0
  0:     33554432       8388608     float     sum      -1   2135.0   15.72   31.19      0   2133.4   15.73   31.21      0
  0:     67108864      16777216     float     sum      -1   2910.5   23.06   45.76      0   2904.4   23.11   45.85      0
  0:    134217728      33554432     float     sum      -1   4693.4   28.60   56.75      0   4697.6   28.57   56.70      0
  0:    268435456      67108864     float     sum      -1   8122.4   33.05   65.58      0   8136.0   32.99   65.47      0
  0:    536870912     134217728     float     sum      -1    14232   37.72   74.86      0    14249   37.68   74.77      0
  0:   1073741824     268435456     float     sum      -1    24178   44.41   88.13      0    24264   44.25   87.81      0
  0:   2147483648     536870912     float     sum      -1    48455   44.32   87.95      0    48921   43.90   87.11      0
  0:   4294967296    1073741824     float     sum      -1    96531   44.49   88.29      0    96489   44.51   88.33      0
  0:            8             2     float     sum      -1    50.53    0.00    0.00      0    48.57    0.00    0.00      0
  0:           16             4     float     sum      -1    49.38    0.00    0.00      0    47.45    0.00    0.00      0
  0:           32             8     float     sum      -1    49.18    0.00    0.00      0    48.53    0.00    0.00      0
  0:           64            16     float     sum      -1    53.90    0.00    0.00      0    53.14    0.00    0.00      0
  0:          128            32     float     sum      -1    57.07    0.00    0.00      0    55.03    0.00    0.00      0
  0:          256            64     float     sum      -1    57.42    0.00    0.01      0    56.21    0.00    0.01      0
  0:          512           128     float     sum      -1    58.55    0.01    0.02      0    57.81    0.01    0.02      0
  0:         1024           256     float     sum      -1    61.47    0.02    0.03      0    60.59    0.02    0.03      0
  0:         2048           512     float     sum      -1    66.85    0.03    0.06      0    65.35    0.03    0.06      0
  0:         4096          1024     float     sum      -1    136.3    0.03    0.06      0    135.0    0.03    0.06      0
  0:         8192          2048     float     sum      -1    137.2    0.06    0.12      0    140.9    0.06    0.12      0
  0:        16384          4096     float     sum      -1    139.0    0.12    0.23      0    137.7    0.12    0.24      0
  0:        32768          8192     float     sum      -1    154.0    0.21    0.42      0    150.4    0.22    0.43      0
  0:        65536         16384     float     sum      -1    179.1    0.37    0.73      0    172.1    0.38    0.76      0
  0:       131072         32768     float     sum      -1    213.5    0.61    1.22      0    210.0    0.62    1.24      0
  0:       262144         65536     float     sum      -1    300.2    0.87    1.73      0    293.1    0.89    1.77      0
  0:       524288        131072     float     sum      -1    374.8    1.40    2.78      0    371.4    1.41    2.80      0
  0:      1048576        262144     float     sum      -1    473.4    2.22    4.40      0    474.8    2.21    4.38      0
  0:      2097152        524288     float     sum      -1    692.7    3.03    6.01      0    692.2    3.03    6.01      0
  0:      4194304       1048576     float     sum      -1   1134.2    3.70    7.34      0   1131.8    3.71    7.35      0
  0:      8388608       2097152     float     sum      -1   1249.8    6.71   13.32      0   1247.4    6.72   13.34      0
  0:     16777216       4194304     float     sum      -1   1557.8   10.77   21.37      0   1558.0   10.77   21.37      0
  0:     33554432       8388608     float     sum      -1   2116.2   15.86   31.46      0   2122.1   15.81   31.38      0
  0:     67108864      16777216     float     sum      -1   2931.9   22.89   45.42      0   2918.6   22.99   45.63      0
  0:    134217728      33554432     float     sum      -1   4685.8   28.64   56.84      0   4698.1   28.57   56.69      0
  0:    268435456      67108864     float     sum      -1   8128.1   33.03   65.53      0   8116.1   33.07   65.63      0
  0:    536870912     134217728     float     sum      -1    14305   37.53   74.47      0    14236   37.71   74.84      0
  0:   1073741824     268435456     float     sum      -1    24200   44.37   88.04      0    24233   44.31   87.93      0
  0:   2147483648     536870912     float     sum      -1    48277   44.48   88.27      0    48395   44.37   88.05      0
  0:   4294967296    1073741824     float     sum      -1    95571   44.94   89.18      0    95874   44.80   88.90      0
  0:            8             2     float     sum      -1    51.23    0.00    0.00      0    48.47    0.00    0.00      0
  0:           16             4     float     sum      -1    47.75    0.00    0.00      0    47.37    0.00    0.00      0
  0:           32             8     float     sum      -1    49.03    0.00    0.00      0    48.25    0.00    0.00      0
  0:           64            16     float     sum      -1    53.91    0.00    0.00      0    54.13    0.00    0.00      0
  0:          128            32     float     sum      -1    56.10    0.00    0.00      0    56.21    0.00    0.00      0
  0:          256            64     float     sum      -1    57.26    0.00    0.01      0    55.57    0.00    0.01      0
  0:          512           128     float     sum      -1    58.96    0.01    0.02      0    58.33    0.01    0.02      0
  0:         1024           256     float     sum      -1    61.64    0.02    0.03      0    60.45    0.02    0.03      0
  0:         2048           512     float     sum      -1    64.87    0.03    0.06      0    64.87    0.03    0.06      0
  0:         4096          1024     float     sum      -1    137.0    0.03    0.06      0    134.6    0.03    0.06      0
  0:         8192          2048     float     sum      -1    137.3    0.06    0.12      0    135.6    0.06    0.12      0
  0:        16384          4096     float     sum      -1    140.4    0.12    0.23      0    137.3    0.12    0.24      0
  0:        32768          8192     float     sum      -1    154.0    0.21    0.42      0    150.9    0.22    0.43      0
  0:        65536         16384     float     sum      -1    174.7    0.38    0.74      0    170.7    0.38    0.76      0
  0:       131072         32768     float     sum      -1    214.6    0.61    1.21      0    209.9    0.62    1.24      0
  0:       262144         65536     float     sum      -1    299.8    0.87    1.74      0    292.4    0.90    1.78      0
  0:       524288        131072     float     sum      -1    373.7    1.40    2.78      0    371.5    1.41    2.80      0
  0:      1048576        262144     float     sum      -1    474.3    2.21    4.39      0    473.8    2.21    4.39      0
  0:      2097152        524288     float     sum      -1    693.7    3.02    6.00      0    692.8    3.03    6.01      0
  0:      4194304       1048576     float     sum      -1   1133.6    3.70    7.34      0   1132.2    3.70    7.35      0
  0:      8388608       2097152     float     sum      -1   1248.3    6.72   13.33      0   1257.1    6.67   13.24      0
  0:     16777216       4194304     float     sum      -1   1545.3   10.86   21.54      0   1554.3   10.79   21.42      0
  0:     33554432       8388608     float     sum      -1   2138.1   15.69   31.14      0   2120.2   15.83   31.40      0
  0:     67108864      16777216     float     sum      -1   2919.8   22.98   45.61      0   2934.6   22.87   45.38      0
  0:    134217728      33554432     float     sum      -1   4674.0   28.72   56.98      0   4658.9   28.81   57.17      0
  0:    268435456      67108864     float     sum      -1   8123.4   33.04   65.57      0   8131.6   33.01   65.51      0
  0:    536870912     134217728     float     sum      -1    14236   37.71   74.84      0    14270   37.62   74.65      0
  0:   1073741824     268435456     float     sum      -1    24397   44.01   87.33      0    24154   44.45   88.21      0
  0:   2147483648     536870912     float     sum      -1    48372   44.39   88.10      0    48706   44.09   87.49      0
  0:   4294967296    1073741824     float     sum      -1    95981   44.75   88.80      0    96054   44.71   88.73      0
  0:            8             2     float     sum      -1    50.29    0.00    0.00      0    47.93    0.00    0.00      0
  0:           16             4     float     sum      -1    48.06    0.00    0.00      0    47.56    0.00    0.00      0
  0:           32             8     float     sum      -1    47.40    0.00    0.00      0    47.80    0.00    0.00      0
  0:           64            16     float     sum      -1    53.43    0.00    0.00      0    54.03    0.00    0.00      0
  0:          128            32     float     sum      -1    56.66    0.00    0.00      0    55.26    0.00    0.00      0
  0:          256            64     float     sum      -1    57.58    0.00    0.01      0    55.86    0.00    0.01      0
  0:          512           128     float     sum      -1    58.23    0.01    0.02      0    56.71    0.01    0.02      0
  0:         1024           256     float     sum      -1    61.53    0.02    0.03      0    59.32    0.02    0.03      0
  0:         2048           512     float     sum      -1    65.15    0.03    0.06      0    64.25    0.03    0.06      0
  0:         4096          1024     float     sum      -1    134.8    0.03    0.06      0    134.0    0.03    0.06      0
  0:         8192          2048     float     sum      -1    136.6    0.06    0.12      0    135.7    0.06    0.12      0
  0:        16384          4096     float     sum      -1    137.8    0.12    0.24      0    136.2    0.12    0.24      0
  0:        32768          8192     float     sum      -1    152.0    0.22    0.43      0    150.2    0.22    0.43      0
  0:        65536         16384     float     sum      -1    174.2    0.38    0.75      0    171.5    0.38    0.76      0
  0:       131072         32768     float     sum      -1    212.8    0.62    1.22      0    208.8    0.63    1.25      0
  0:       262144         65536     float     sum      -1    298.4    0.88    1.74      0    293.9    0.89    1.77      0
  0:       524288        131072     float     sum      -1    372.9    1.41    2.79      0    371.2    1.41    2.80      0
  0:      1048576        262144     float     sum      -1    472.2    2.22    4.41      0    473.0    2.22    4.40      0
  0:      2097152        524288     float     sum      -1    692.5    3.03    6.01      0    692.0    3.03    6.01      0
  0:      4194304       1048576     float     sum      -1   1133.7    3.70    7.34      0   1133.0    3.70    7.35      0
  0:      8388608       2097152     float     sum      -1   1253.5    6.69   13.28      0   1251.4    6.70   13.30      0
  0:     16777216       4194304     float     sum      -1   1553.9   10.80   21.42      0   1549.7   10.83   21.48      0
  0:     33554432       8388608     float     sum      -1   2118.7   15.84   31.43      0   2125.8   15.78   31.32      0
  0:     67108864      16777216     float     sum      -1   2931.7   22.89   45.42      0   2934.4   22.87   45.38      0
  0:    134217728      33554432     float     sum      -1   4697.7   28.57   56.70      0   4696.7   28.58   56.71      0
  0:    268435456      67108864     float     sum      -1   8104.0   33.12   65.73      0   8139.7   32.98   65.44      0
  0:    536870912     134217728     float     sum      -1    14237   37.71   74.83      0    14237   37.71   74.83      0
  0:   1073741824     268435456     float     sum      -1    24388   44.03   87.37      0    24314   44.16   87.63      0
  0:   2147483648     536870912     float     sum      -1    48193   44.56   88.42      0    48643   44.15   87.61      0
  0:   4294967296    1073741824     float     sum      -1    95388   45.03   89.35      0    95515   44.97   89.23      0
  0:            8             2     float     sum      -1    50.69    0.00    0.00      0    49.20    0.00    0.00      0
  0:           16             4     float     sum      -1    48.16    0.00    0.00      0    49.96    0.00    0.00      0
  0:           32             8     float     sum      -1    47.54    0.00    0.00      0    48.83    0.00    0.00      0
  0:           64            16     float     sum      -1    54.82    0.00    0.00      0    53.67    0.00    0.00      0
  0:          128            32     float     sum      -1    56.15    0.00    0.00      0    55.81    0.00    0.00      0
  0:          256            64     float     sum      -1    57.06    0.00    0.01      0    55.79    0.00    0.01      0
  0:          512           128     float     sum      -1    59.05    0.01    0.02      0    57.42    0.01    0.02      0
  0:         1024           256     float     sum      -1    61.26    0.02    0.03      0    59.90    0.02    0.03      0
  0:         2048           512     float     sum      -1    65.83    0.03    0.06      0    65.26    0.03    0.06      0
  0:         4096          1024     float     sum      -1    135.6    0.03    0.06      0    134.5    0.03    0.06      0
  0:         8192          2048     float     sum      -1    137.9    0.06    0.12      0    136.3    0.06    0.12      0
  0:        16384          4096     float     sum      -1    139.1    0.12    0.23      0    136.9    0.12    0.24      0
  0:        32768          8192     float     sum      -1    152.6    0.21    0.43      0    150.6    0.22    0.43      0
  0:        65536         16384     float     sum      -1    173.9    0.38    0.75      0    171.2    0.38    0.76      0
  0:       131072         32768     float     sum      -1    213.2    0.61    1.22      0    209.9    0.62    1.24      0
  0:       262144         65536     float     sum      -1    299.7    0.87    1.74      0    293.3    0.89    1.77      0
  0:       524288        131072     float     sum      -1    374.8    1.40    2.78      0    370.2    1.42    2.81      0
  0:      1048576        262144     float     sum      -1    471.9    2.22    4.41      0    473.5    2.21    4.39      0
  0:      2097152        524288     float     sum      -1    691.6    3.03    6.02      0    692.8    3.03    6.01      0
  0:      4194304       1048576     float     sum      -1   1133.4    3.70    7.34      0   1132.6    3.70    7.35      0
  0:      8388608       2097152     float     sum      -1   1255.6    6.68   13.26      0   1253.8    6.69   13.28      0
  0:     16777216       4194304     float     sum      -1   1553.1   10.80   21.44      0   1555.6   10.78   21.40      0
  0:     33554432       8388608     float     sum      -1   2121.4   15.82   31.39      0   2121.2   15.82   31.39      0
  0:     67108864      16777216     float     sum      -1   2929.6   22.91   45.46      0   2914.5   23.03   45.69      0
  0:    134217728      33554432     float     sum      -1   4677.7   28.69   56.94      0   4684.1   28.65   56.86      0
  0:    268435456      67108864     float     sum      -1   8128.9   33.02   65.53      0   8123.7   33.04   65.57      0
  0:    536870912     134217728     float     sum      -1    14250   37.67   74.76      0    14234   37.72   74.85      0
  0:   1073741824     268435456     float     sum      -1    24165   44.43   88.17      0    24345   44.11   87.52      0
  0:   2147483648     536870912     float     sum      -1    48483   44.29   87.90      0    48797   44.01   87.33      0
  0:   4294967296    1073741824     float     sum      -1    96421   44.54   88.39      0    95791   44.84   88.97      0
  0:            8             2     float     sum      -1    49.63    0.00    0.00      0    47.86    0.00    0.00      0
  0:           16             4     float     sum      -1    48.31    0.00    0.00      0    47.69    0.00    0.00      0
  0:           32             8     float     sum      -1    48.11    0.00    0.00      0    47.46    0.00    0.00      0
  0:           64            16     float     sum      -1    53.05    0.00    0.00      0    52.96    0.00    0.00      0
  0:          128            32     float     sum      -1    56.24    0.00    0.00      0    55.30    0.00    0.00      0
  0:          256            64     float     sum      -1    56.65    0.00    0.01      0    55.98    0.00    0.01      0
  0:          512           128     float     sum      -1    58.52    0.01    0.02      0    57.28    0.01    0.02      0
  0:         1024           256     float     sum      -1    61.24    0.02    0.03      0    59.37    0.02    0.03      0
  0:         2048           512     float     sum      -1    65.83    0.03    0.06      0    65.13    0.03    0.06      0
  0:         4096          1024     float     sum      -1    135.2    0.03    0.06      0    133.3    0.03    0.06      0
  0:         8192          2048     float     sum      -1    136.4    0.06    0.12      0    134.6    0.06    0.12      0
  0:        16384          4096     float     sum      -1    137.9    0.12    0.24      0    136.3    0.12    0.24      0
  0:        32768          8192     float     sum      -1    152.4    0.22    0.43      0    150.4    0.22    0.43      0
  0:        65536         16384     float     sum      -1    173.0    0.38    0.75      0    170.5    0.38    0.76      0
  0:       131072         32768     float     sum      -1    213.0    0.62    1.22      0    208.7    0.63    1.25      0
  0:       262144         65536     float     sum      -1    300.0    0.87    1.73      0    292.8    0.90    1.78      0
  0:       524288        131072     float     sum      -1    373.7    1.40    2.78      0    371.5    1.41    2.80      0
  0:      1048576        262144     float     sum      -1    472.6    2.22    4.40      0    473.5    2.21    4.39      0
  0:      2097152        524288     float     sum      -1    691.9    3.03    6.01      0    693.8    3.02    6.00      0
  0:      4194304       1048576     float     sum      -1   1133.6    3.70    7.34      0   1132.8    3.70    7.35      0
  0:      8388608       2097152     float     sum      -1   1247.1    6.73   13.35      0   1255.7    6.68   13.26      0
  0:     16777216       4194304     float     sum      -1   1551.1   10.82   21.46      0   1551.6   10.81   21.46      0
  0:     33554432       8388608     float     sum      -1   2121.7   15.81   31.38      0   2132.8   15.73   31.22      0
  0:     67108864      16777216     float     sum      -1   2920.4   22.98   45.60      0   2921.8   22.97   45.58      0
  0:    134217728      33554432     float     sum      -1   4670.7   28.74   57.02      0   4688.3   28.63   56.81      0
  0:    268435456      67108864     float     sum      -1   8131.2   33.01   65.51      0   8122.4   33.05   65.58      0
  0:    536870912     134217728     float     sum      -1    14248   37.68   74.77      0    14213   37.77   74.96      0
  0:   1073741824     268435456     float     sum      -1    24257   44.27   87.84      0    24202   44.37   88.04      0
  0:   2147483648     536870912     float     sum      -1    48385   44.38   88.07      0    48454   44.32   87.95      0
  0:   4294967296    1073741824     float     sum      -1    96229   44.63   88.57      0    96381   44.56   88.43      0
  0:            8             2     float     sum      -1    50.37    0.00    0.00      0    48.34    0.00    0.00      0
  0:           16             4     float     sum      -1    47.78    0.00    0.00      0    47.90    0.00    0.00      0
  0:           32             8     float     sum      -1    47.37    0.00    0.00      0    46.94    0.00    0.00      0
  0:           64            16     float     sum      -1    53.57    0.00    0.00      0    53.64    0.00    0.00      0
  0:          128            32     float     sum      -1    56.05    0.00    0.00      0    55.75    0.00    0.00      0
  0:          256            64     float     sum      -1    57.02    0.00    0.01      0    56.04    0.00    0.01      0
  0:          512           128     float     sum      -1    59.09    0.01    0.02      0    57.40    0.01    0.02      0
  0:         1024           256     float     sum      -1    61.81    0.02    0.03      0    59.58    0.02    0.03      0
  0:         2048           512     float     sum      -1    65.88    0.03    0.06      0    65.18    0.03    0.06      0
  0:         4096          1024     float     sum      -1    135.7    0.03    0.06      0    133.4    0.03    0.06      0
  0:         8192          2048     float     sum      -1    136.7    0.06    0.12      0    133.9    0.06    0.12      0
  0:        16384          4096     float     sum      -1    138.5    0.12    0.23      0    136.5    0.12    0.24      0
  0:        32768          8192     float     sum      -1    152.8    0.21    0.43      0    151.1    0.22    0.43      0
  0:        65536         16384     float     sum      -1    173.5    0.38    0.75      0    170.9    0.38    0.76      0
  0:       131072         32768     float     sum      -1    213.4    0.61    1.22      0    209.7    0.62    1.24      0
  0:       262144         65536     float     sum      -1    300.4    0.87    1.73      0    293.3    0.89    1.77      0
  0:       524288        131072     float     sum      -1    373.5    1.40    2.79      0    373.0    1.41    2.79      0
  0:      1048576        262144     float     sum      -1    472.6    2.22    4.40      0    473.5    2.21    4.39      0
  0:      2097152        524288     float     sum      -1    692.8    3.03    6.01      0    693.3    3.02    6.00      0
  0:      4194304       1048576     float     sum      -1   1134.0    3.70    7.34      0   1132.3    3.70    7.35      0
  0:      8388608       2097152     float     sum      -1   1251.7    6.70   13.30      0   1252.0    6.70   13.30      0
  0:     16777216       4194304     float     sum      -1   1555.2   10.79   21.41      0   1557.7   10.77   21.37      0
  0:     33554432       8388608     float     sum      -1   2105.3   15.94   31.63      0   2126.5   15.78   31.31      0
  0:     67108864      16777216     float     sum      -1   2929.0   22.91   45.47      0   2924.5   22.95   45.54      0
  0:    134217728      33554432     float     sum      -1   4691.6   28.61   56.77      0   4695.2   28.59   56.73      0
  0:    268435456      67108864     float     sum      -1   8150.5   32.93   65.35      0   8110.7   33.10   65.68      0
  0:    536870912     134217728     float     sum      -1    14270   37.62   74.66      0    14231   37.73   74.86      0
  0:   1073741824     268435456     float     sum      -1    24202   44.37   88.04      0    24189   44.39   88.09      0
  0:   2147483648     536870912     float     sum      -1    48586   44.20   87.71      0    48205   44.55   88.40      0
  0:   4294967296    1073741824     float     sum      -1    96315   44.59   88.49      0    95582   44.93   89.17      0
  0:            8             2     float     sum      -1    50.78    0.00    0.00      0    47.87    0.00    0.00      0
  0:           16             4     float     sum      -1    48.75    0.00    0.00      0    47.84    0.00    0.00      0
  0:           32             8     float     sum      -1    48.72    0.00    0.00      0    46.91    0.00    0.00      0
  0:           64            16     float     sum      -1    54.69    0.00    0.00      0    54.22    0.00    0.00      0
  0:          128            32     float     sum      -1    56.00    0.00    0.00      0    55.41    0.00    0.00      0
  0:          256            64     float     sum      -1    56.40    0.00    0.01      0    55.57    0.00    0.01      0
  0:          512           128     float     sum      -1    57.47    0.01    0.02      0    58.10    0.01    0.02      0
  0:         1024           256     float     sum      -1    60.93    0.02    0.03      0    60.78    0.02    0.03      0
  0:         2048           512     float     sum      -1    66.05    0.03    0.06      0    63.85    0.03    0.06      0
  0:         4096          1024     float     sum      -1    136.1    0.03    0.06      0    134.3    0.03    0.06      0
  0:         8192          2048     float     sum      -1    137.6    0.06    0.12      0    135.4    0.06    0.12      0
  0:        16384          4096     float     sum      -1    139.7    0.12    0.23      0    136.9    0.12    0.24      0
  0:        32768          8192     float     sum      -1    152.7    0.21    0.43      0    150.7    0.22    0.43      0
  0:        65536         16384     float     sum      -1    174.2    0.38    0.75      0    171.3    0.38    0.76      0
  0:       131072         32768     float     sum      -1    213.1    0.62    1.22      0    209.4    0.63    1.24      0
  0:       262144         65536     float     sum      -1    299.0    0.88    1.74      0    293.2    0.89    1.77      0
  0:       524288        131072     float     sum      -1    373.6    1.40    2.78      0    370.9    1.41    2.81      0
  0:      1048576        262144     float     sum      -1    473.3    2.22    4.40      0    472.7    2.22    4.40      0
  0:      2097152        524288     float     sum      -1    693.1    3.03    6.00      0    692.6    3.03    6.01      0
  0:      4194304       1048576     float     sum      -1   1133.2    3.70    7.34      0   1131.7    3.71    7.35      0
  0:      8388608       2097152     float     sum      -1   1254.7    6.69   13.27      0   1246.7    6.73   13.35      0
  0:     16777216       4194304     float     sum      -1   1559.0   10.76   21.36      0   1553.5   10.80   21.43      0
  0:     33554432       8388608     float     sum      -1   2120.2   15.83   31.41      0   2108.6   15.91   31.58      0
  0:     67108864      16777216     float     sum      -1   2915.9   23.01   45.67      0   2930.6   22.90   45.44      0
  0:    134217728      33554432     float     sum      -1   4668.2   28.75   57.05      0   4693.7   28.60   56.74      0
  0:    268435456      67108864     float     sum      -1   8117.1   33.07   65.62      0   8139.9   32.98   65.44      0
  0:    536870912     134217728     float     sum      -1    14274   37.61   74.64      0    14251   37.67   74.76      0
  0:   1073741824     268435456     float     sum      -1    24182   44.40   88.11      0    24171   44.42   88.15      0
  0:   2147483648     536870912     float     sum      -1    48411   44.36   88.03      0    48388   44.38   88.07      0
  0:   4294967296    1073741824     float     sum      -1    96787   44.38   88.06      0    96569   44.48   88.26      0
  0:            8             2     float     sum      -1    49.92    0.00    0.00      0    47.76    0.00    0.00      0
  0:           16             4     float     sum      -1    48.77    0.00    0.00      0    47.74    0.00    0.00      0
  0:           32             8     float     sum      -1    48.55    0.00    0.00      0    48.07    0.00    0.00      0
  0:           64            16     float     sum      -1    53.38    0.00    0.00      0    53.38    0.00    0.00      0
  0:          128            32     float     sum      -1    56.34    0.00    0.00      0    55.09    0.00    0.00      0
  0:          256            64     float     sum      -1    57.93    0.00    0.01      0    55.84    0.00    0.01      0
  0:          512           128     float     sum      -1    58.59    0.01    0.02      0    56.46    0.01    0.02      0
  0:         1024           256     float     sum      -1    60.86    0.02    0.03      0    60.21    0.02    0.03      0
  0:         2048           512     float     sum      -1    65.40    0.03    0.06      0    64.03    0.03    0.06      0
  0:         4096          1024     float     sum      -1    135.2    0.03    0.06      0    133.1    0.03    0.06      0
  0:         8192          2048     float     sum      -1    136.4    0.06    0.12      0    135.4    0.06    0.12      0
  0:        16384          4096     float     sum      -1    138.6    0.12    0.23      0    137.3    0.12    0.24      0
  0:        32768          8192     float     sum      -1    152.1    0.22    0.43      0    151.6    0.22    0.43      0
  0:        65536         16384     float     sum      -1    172.4    0.38    0.75      0    169.6    0.39    0.77      0
  0:       131072         32768     float     sum      -1    213.1    0.62    1.22      0    208.1    0.63    1.25      0
  0:       262144         65536     float     sum      -1    298.5    0.88    1.74      0    293.5    0.89    1.77      0
  0:       524288        131072     float     sum      -1    373.8    1.40    2.78      0    371.2    1.41    2.80      0
  0:      1048576        262144     float     sum      -1    472.0    2.22    4.41      0    472.4    2.22    4.40      0
  0:      2097152        524288     float     sum      -1    691.7    3.03    6.02      0    692.9    3.03    6.01      0
  0:      4194304       1048576     float     sum      -1   1134.2    3.70    7.34      0   1131.5    3.71    7.36      0
  0:      8388608       2097152     float     sum      -1   1249.9    6.71   13.32      0   1248.6    6.72   13.33      0
  0:     16777216       4194304     float     sum      -1   1548.9   10.83   21.49      0   1560.8   10.75   21.33      0
  0:     33554432       8388608     float     sum      -1   2135.7   15.71   31.18      0   2124.2   15.80   31.35      0
  0:     67108864      16777216     float     sum      -1   2932.6   22.88   45.41      0   2920.4   22.98   45.60      0
  0:    134217728      33554432     float     sum      -1   4683.3   28.66   56.87      0   4662.0   28.79   57.13      0
  0:    268435456      67108864     float     sum      -1   8132.7   33.01   65.50      0   8136.3   32.99   65.47      0
  0:    536870912     134217728     float     sum      -1    14259   37.65   74.71      0    14259   37.65   74.71      0
  0:   1073741824     268435456     float     sum      -1    24374   44.05   87.42      0    24261   44.26   87.82      0
  0:   2147483648     536870912     float     sum      -1    48730   44.07   87.45      0    48764   44.04   87.39      0
  0:   4294967296    1073741824     float     sum      -1    96177   44.66   88.62      0    96120   44.68   88.67      0
  0:            8             2     float     sum      -1    51.10    0.00    0.00      0    48.97    0.00    0.00      0
  0:           16             4     float     sum      -1    48.61    0.00    0.00      0    48.44    0.00    0.00      0
  0:           32             8     float     sum      -1    49.41    0.00    0.00      0    48.87    0.00    0.00      0
  0:           64            16     float     sum      -1    53.52    0.00    0.00      0    53.83    0.00    0.00      0
  0:          128            32     float     sum      -1    56.30    0.00    0.00      0    55.14    0.00    0.00      0
  0:          256            64     float     sum      -1    57.92    0.00    0.01      0    56.51    0.00    0.01      0
  0:          512           128     float     sum      -1    59.17    0.01    0.02      0    57.91    0.01    0.02      0
  0:         1024           256     float     sum      -1    61.02    0.02    0.03      0    60.65    0.02    0.03      0
  0:         2048           512     float     sum      -1    66.64    0.03    0.06      0    64.89    0.03    0.06      0
  0:         4096          1024     float     sum      -1    134.7    0.03    0.06      0    133.1    0.03    0.06      0
  0:         8192          2048     float     sum      -1    137.4    0.06    0.12      0    136.4    0.06    0.12      0
  0:        16384          4096     float     sum      -1    139.0    0.12    0.23      0    137.1    0.12    0.24      0
  0:        32768          8192     float     sum      -1    152.6    0.21    0.43      0    151.0    0.22    0.43      0
  0:        65536         16384     float     sum      -1    173.9    0.38    0.75      0    181.6    0.36    0.72      0
  0:       131072         32768     float     sum      -1    215.1    0.61    1.21      0    209.3    0.63    1.24      0
  0:       262144         65536     float     sum      -1    299.0    0.88    1.74      0    293.9    0.89    1.77      0
  0:       524288        131072     float     sum      -1    374.8    1.40    2.78      0    371.0    1.41    2.80      0
  0:      1048576        262144     float     sum      -1    472.8    2.22    4.40      0    474.0    2.21    4.39      0
  0:      2097152        524288     float     sum      -1    692.0    3.03    6.01      0    693.4    3.02    6.00      0
  0:      4194304       1048576     float     sum      -1   1134.5    3.70    7.34      0   1130.7    3.71    7.36      0
  0:      8388608       2097152     float     sum      -1   1248.1    6.72   13.34      0   1247.9    6.72   13.34      0
  0:     16777216       4194304     float     sum      -1   1559.2   10.76   21.35      0   1558.6   10.76   21.36      0
  0:     33554432       8388608     float     sum      -1   2117.5   15.85   31.44      0   2128.9   15.76   31.28      0
  0:     67108864      16777216     float     sum      -1   2915.8   23.02   45.67      0   2911.0   23.05   45.75      0
  0:    134217728      33554432     float     sum      -1   4664.4   28.78   57.10      0   4673.5   28.72   56.99      0
  0:    268435456      67108864     float     sum      -1   8135.4   33.00   65.48      0   8134.4   33.00   65.48      0
  0:    536870912     134217728     float     sum      -1    14225   37.74   74.89      0    14265   37.64   74.68      0
  0:   1073741824     268435456     float     sum      -1    24298   44.19   87.69      0    24257   44.27   87.84      0
  0:   2147483648     536870912     float     sum      -1    48289   44.47   88.25      0    48155   44.59   88.49      0
  0:   4294967296    1073741824     float     sum      -1    96356   44.57   88.45      0    95979   44.75   88.80      0
  0: # Out of bounds values : 0 OK
  0: # Avg bus bandwidth    : 19.9503 
  0: #
  0: 
