0: # nThread 1 nGpus 1 minBytes 8 maxBytes 4294967296 step: 2(factor) warmup iters: 8 iters: 24 agg iters: 1 validation: 1 graph: 0
0: #
0: # Using devices
0: #  Rank  0 Group  0 Pid 272672 on  nid005474 device  0 [0009:01:00] NVIDIA GH200 120GB
0: #  Rank  1 Group  0 Pid 272673 on  nid005474 device  0 [0019:01:00] NVIDIA GH200 120GB
0: #  Rank  2 Group  0 Pid 272674 on  nid005474 device  0 [0029:01:00] NVIDIA GH200 120GB
0: #  Rank  3 Group  0 Pid 272675 on  nid005474 device  0 [0039:01:00] NVIDIA GH200 120GB
0: #  Rank  4 Group  0 Pid 266457 on  nid005596 device  0 [0009:01:00] NVIDIA GH200 120GB
0: #  Rank  5 Group  0 Pid 266458 on  nid005596 device  0 [0019:01:00] NVIDIA GH200 120GB
0: #  Rank  6 Group  0 Pid 266459 on  nid005596 device  0 [0029:01:00] NVIDIA GH200 120GB
0: #  Rank  7 Group  0 Pid 266460 on  nid005596 device  0 [0039:01:00] NVIDIA GH200 120GB
0: #
0: #                                                              out-of-place                       in-place          
0: #       size         count      type   redop    root     time   algbw   busbw #wrong     time   algbw   busbw #wrong
0: #        (B)    (elements)                               (us)  (GB/s)  (GB/s)            (us)  (GB/s)  (GB/s)       
0:            8             2     float     sum      -1    21.32    0.00    0.00      0    20.33    0.00    0.00      0
0:           16             4     float     sum      -1    21.17    0.00    0.00      0    20.43    0.00    0.00      0
0:           32             8     float     sum      -1    20.64    0.00    0.00      0    20.65    0.00    0.00      0
0:           64            16     float     sum      -1    22.28    0.00    0.01      0    22.31    0.00    0.01      0
0:          128            32     float     sum      -1    22.51    0.01    0.01      0    22.21    0.01    0.01      0
0:          256            64     float     sum      -1    22.81    0.01    0.02      0    22.58    0.01    0.02      0
0:          512           128     float     sum      -1    23.41    0.02    0.04      0    23.31    0.02    0.04      0
0:         1024           256     float     sum      -1    25.73    0.04    0.07      0    25.39    0.04    0.07      0
0:         2048           512     float     sum      -1    26.41    0.08    0.14      0    26.31    0.08    0.14      0
0:         4096          1024     float     sum      -1    41.89    0.10    0.17      0    41.70    0.10    0.17      0
0:         8192          2048     float     sum      -1    43.46    0.19    0.33      0    42.40    0.19    0.34      0
0:        16384          4096     float     sum      -1    43.95    0.37    0.65      0    43.34    0.38    0.66      0
0:        32768          8192     float     sum      -1    43.77    0.75    1.31      0    43.97    0.75    1.30      0
0:        65536         16384     float     sum      -1    75.74    0.87    1.51      0    73.55    0.89    1.56      0
0:       131072         32768     float     sum      -1    87.08    1.51    2.63      0    87.35    1.50    2.63      0
0:       262144         65536     float     sum      -1    119.8    2.19    3.83      0    118.0    2.22    3.89      0
0:       524288        131072     float     sum      -1    120.1    4.36    7.64      0    157.5    3.33    5.83      0
0:      1048576        262144     float     sum      -1    131.7    7.96   13.93      0    131.7    7.96   13.93      0
0:      2097152        524288     float     sum      -1    191.5   10.95   19.16      0    191.6   10.95   19.16      0
0:      4194304       1048576     float     sum      -1    308.2   13.61   23.82      0    304.2   13.79   24.13      0
0:      8388608       2097152     float     sum      -1    359.0   23.36   40.89      0    356.8   23.51   41.14      0
0:     16777216       4194304     float     sum      -1    458.8   36.56   63.99      0    457.6   36.67   64.16      0
0:     33554432       8388608     float     sum      -1    687.5   48.81   85.41      0    687.3   48.82   85.43      0
0:     67108864      16777216     float     sum      -1   1033.5   64.93  113.63      0   1035.0   64.84  113.47      0
0:    134217728      33554432     float     sum      -1   1800.3   74.55  130.47      0   1799.7   74.58  130.51      0
0:    268435456      67108864     float     sum      -1   3330.1   80.61  141.07      0   3328.2   80.66  141.15      0
0:    536870912     134217728     float     sum      -1   6389.0   84.03  147.05      0   6389.6   84.02  147.04      0
0:   1073741824     268435456     float     sum      -1    12522   85.75  150.06      0    12512   85.82  150.18      0
0:   2147483648     536870912     float     sum      -1    24757   86.74  151.80      0    24770   86.70  151.72      0
0:   4294967296    1073741824     float     sum      -1    49325   87.07  152.38      0    49291   87.14  152.49      0
0:            8             2     float     sum      -1    21.13    0.00    0.00      0    20.48    0.00    0.00      0
0:           16             4     float     sum      -1    20.79    0.00    0.00      0    20.49    0.00    0.00      0
0:           32             8     float     sum      -1    20.64    0.00    0.00      0    20.67    0.00    0.00      0
0:           64            16     float     sum      -1    22.17    0.00    0.01      0    22.11    0.00    0.01      0
0:          128            32     float     sum      -1    22.67    0.01    0.01      0    22.41    0.01    0.01      0
0:          256            64     float     sum      -1    22.92    0.01    0.02      0    22.51    0.01    0.02      0
0:          512           128     float     sum      -1    23.25    0.02    0.04      0    23.04    0.02    0.04      0
0:         1024           256     float     sum      -1    25.37    0.04    0.07      0    25.06    0.04    0.07      0
0:         2048           512     float     sum      -1    26.51    0.08    0.14      0    26.44    0.08    0.14      0
0:         4096          1024     float     sum      -1    42.18    0.10    0.17      0    41.83    0.10    0.17      0
0:         8192          2048     float     sum      -1    43.65    0.19    0.33      0    42.46    0.19    0.34      0
0:        16384          4096     float     sum      -1    44.19    0.37    0.65      0    43.55    0.38    0.66      0
0:        32768          8192     float     sum      -1    44.23    0.74    1.30      0    43.85    0.75    1.31      0
0:        65536         16384     float     sum      -1    73.28    0.89    1.57      0    72.84    0.90    1.57      0
0:       131072         32768     float     sum      -1    88.23    1.49    2.60      0    86.92    1.51    2.64      0
0:       262144         65536     float     sum      -1    118.8    2.21    3.86      0    112.8    2.32    4.07      0
0:       524288        131072     float     sum      -1    120.4    4.35    7.62      0    180.7    2.90    5.08      0
0:      1048576        262144     float     sum      -1    132.1    7.94   13.89      0    148.1    7.08   12.39      0
0:      2097152        524288     float     sum      -1    191.8   10.93   19.14      0    193.1   10.86   19.01      0
0:      4194304       1048576     float     sum      -1    305.6   13.72   24.02      0    305.3   13.74   24.05      0
0:      8388608       2097152     float     sum      -1    359.6   23.33   40.82      0    358.0   23.43   41.01      0
0:     16777216       4194304     float     sum      -1    458.5   36.59   64.04      0    460.0   36.48   63.83      0
0:     33554432       8388608     float     sum      -1    686.8   48.85   85.49      0    686.2   48.90   85.57      0
0:     67108864      16777216     float     sum      -1   1031.3   65.07  113.88      0   1036.8   64.73  113.27      0
0:    134217728      33554432     float     sum      -1   1801.8   74.49  130.36      0   1802.1   74.48  130.34      0
0:    268435456      67108864     float     sum      -1   3330.9   80.59  141.03      0   3329.5   80.62  141.09      0
0:    536870912     134217728     float     sum      -1   6390.6   84.01  147.02      0   6386.1   84.07  147.12      0
0:   1073741824     268435456     float     sum      -1    12517   85.78  150.12      0    12514   85.81  150.16      0
0:   2147483648     536870912     float     sum      -1    24770   86.70  151.72      0    24775   86.68  151.69      0
0:   4294967296    1073741824     float     sum      -1    49305   87.11  152.44      0    49140   87.40  152.96      0
0:            8             2     float     sum      -1    21.17    0.00    0.00      0    21.03    0.00    0.00      0
0:           16             4     float     sum      -1    20.69    0.00    0.00      0    20.67    0.00    0.00      0
0:           32             8     float     sum      -1    20.58    0.00    0.00      0    20.52    0.00    0.00      0
0:           64            16     float     sum      -1    22.29    0.00    0.01      0    22.09    0.00    0.01      0
0:          128            32     float     sum      -1    22.60    0.01    0.01      0    22.21    0.01    0.01      0
0:          256            64     float     sum      -1    22.95    0.01    0.02      0    22.67    0.01    0.02      0
0:          512           128     float     sum      -1    23.45    0.02    0.04      0    23.39    0.02    0.04      0
0:         1024           256     float     sum      -1    25.40    0.04    0.07      0    25.08    0.04    0.07      0
0:         2048           512     float     sum      -1    26.49    0.08    0.14      0    26.29    0.08    0.14      0
0:         4096          1024     float     sum      -1    42.48    0.10    0.17      0    41.57    0.10    0.17      0
0:         8192          2048     float     sum      -1    42.86    0.19    0.33      0    42.52    0.19    0.34      0
0:        16384          4096     float     sum      -1    43.69    0.38    0.66      0    43.21    0.38    0.66      0
0:        32768          8192     float     sum      -1    43.90    0.75    1.31      0    43.18    0.76    1.33      0
0:        65536         16384     float     sum      -1    73.15    0.90    1.57      0    73.49    0.89    1.56      0
0:       131072         32768     float     sum      -1    86.37    1.52    2.66      0    86.25    1.52    2.66      0
0:       262144         65536     float     sum      -1    112.5    2.33    4.08      0    115.1    2.28    3.98      0
0:       524288        131072     float     sum      -1    123.4    4.25    7.44      0    149.8    3.50    6.12      0
0:      1048576        262144     float     sum      -1    131.4    7.98   13.96      0    130.3    8.05   14.08      0
0:      2097152        524288     float     sum      -1    191.5   10.95   19.17      0    191.4   10.95   19.17      0
0:      4194304       1048576     float     sum      -1    305.3   13.74   24.04      0    304.6   13.77   24.10      0
0:      8388608       2097152     float     sum      -1    359.0   23.37   40.89      0    358.2   23.42   40.98      0
0:     16777216       4194304     float     sum      -1    459.7   36.50   63.87      0    458.7   36.58   64.01      0
0:     33554432       8388608     float     sum      -1    688.4   48.74   85.30      0    685.9   48.92   85.61      0
0:     67108864      16777216     float     sum      -1   1034.1   64.90  113.57      0   1034.4   64.88  113.54      0
0:    134217728      33554432     float     sum      -1   1802.4   74.46  130.31      0   1799.3   74.60  130.54      0
0:    268435456      67108864     float     sum      -1   3330.5   80.60  141.05      0   3330.0   80.61  141.07      0
0:    536870912     134217728     float     sum      -1   6397.2   83.92  146.86      0   6387.4   84.05  147.09      0
0:   1073741824     268435456     float     sum      -1    12495   85.93  150.39      0    12507   85.85  150.25      0
0:   2147483648     536870912     float     sum      -1    24771   86.69  151.71      0    24754   86.75  151.82      0
0:   4294967296    1073741824     float     sum      -1    49285   87.15  152.51      0    49273   87.17  152.54      0
0:            8             2     float     sum      -1    21.13    0.00    0.00      0    20.65    0.00    0.00      0
0:           16             4     float     sum      -1    20.42    0.00    0.00      0    20.53    0.00    0.00      0
0:           32             8     float     sum      -1    20.76    0.00    0.00      0    20.65    0.00    0.00      0
0:           64            16     float     sum      -1    22.33    0.00    0.01      0    22.07    0.00    0.01      0
0:          128            32     float     sum      -1    22.47    0.01    0.01      0    22.46    0.01    0.01      0
0:          256            64     float     sum      -1    22.84    0.01    0.02      0    22.67    0.01    0.02      0
0:          512           128     float     sum      -1    23.27    0.02    0.04      0    23.27    0.02    0.04      0
0:         1024           256     float     sum      -1    25.23    0.04    0.07      0    25.37    0.04    0.07      0
0:         2048           512     float     sum      -1    26.39    0.08    0.14      0    26.45    0.08    0.14      0
0:         4096          1024     float     sum      -1    42.49    0.10    0.17      0    42.08    0.10    0.17      0
0:         8192          2048     float     sum      -1    43.58    0.19    0.33      0    42.24    0.19    0.34      0
0:        16384          4096     float     sum      -1    44.26    0.37    0.65      0    45.21    0.36    0.63      0
0:        32768          8192     float     sum      -1    44.78    0.73    1.28      0    44.26    0.74    1.30      0
0:        65536         16384     float     sum      -1    73.95    0.89    1.55      0    74.68    0.88    1.54      0
0:       131072         32768     float     sum      -1    86.14    1.52    2.66      0    86.19    1.52    2.66      0
0:       262144         65536     float     sum      -1    119.3    2.20    3.84      0    119.0    2.20    3.86      0
0:       524288        131072     float     sum      -1    119.2    4.40    7.69      0    126.7    4.14    7.24      0
0:      1048576        262144     float     sum      -1    132.0    7.94   13.90      0    131.3    7.99   13.98      0
0:      2097152        524288     float     sum      -1    193.0   10.87   19.02      0    191.5   10.95   19.17      0
0:      4194304       1048576     float     sum      -1    304.9   13.76   24.07      0    304.6   13.77   24.10      0
0:      8388608       2097152     float     sum      -1    358.5   23.40   40.95      0    355.7   23.58   41.27      0
0:     16777216       4194304     float     sum      -1    458.4   36.60   64.06      0    458.4   36.60   64.05      0
0:     33554432       8388608     float     sum      -1    689.3   48.68   85.19      0    688.1   48.77   85.34      0
0:     67108864      16777216     float     sum      -1   1031.0   65.09  113.91      0   1033.5   64.93  113.63      0
0:    134217728      33554432     float     sum      -1   1800.2   74.56  130.48      0   1798.3   74.64  130.61      0
0:    268435456      67108864     float     sum      -1   3334.1   80.51  140.90      0   3328.3   80.65  141.14      0
0:    536870912     134217728     float     sum      -1   6391.9   83.99  146.99      0   6384.5   84.09  147.16      0
0:   1073741824     268435456     float     sum      -1    12502   85.88  150.30      0    12505   85.86  150.26      0
0:   2147483648     536870912     float     sum      -1    24740   86.80  151.91      0    24769   86.70  151.73      0
0:   4294967296    1073741824     float     sum      -1    49276   87.16  152.53      0    49285   87.15  152.50      0
0:            8             2     float     sum      -1    20.98    0.00    0.00      0    20.47    0.00    0.00      0
0:           16             4     float     sum      -1    20.60    0.00    0.00      0    20.45    0.00    0.00      0
0:           32             8     float     sum      -1    20.60    0.00    0.00      0    20.85    0.00    0.00      0
0:           64            16     float     sum      -1    22.14    0.00    0.01      0    22.06    0.00    0.01      0
0:          128            32     float     sum      -1    22.62    0.01    0.01      0    22.47    0.01    0.01      0
0:          256            64     float     sum      -1    22.84    0.01    0.02      0    22.85    0.01    0.02      0
0:          512           128     float     sum      -1    23.05    0.02    0.04      0    23.12    0.02    0.04      0
0:         1024           256     float     sum      -1    25.44    0.04    0.07      0    24.81    0.04    0.07      0
0:         2048           512     float     sum      -1    26.70    0.08    0.13      0    26.25    0.08    0.14      0
0:         4096          1024     float     sum      -1    42.16    0.10    0.17      0    41.42    0.10    0.17      0
0:         8192          2048     float     sum      -1    43.20    0.19    0.33      0    42.91    0.19    0.33      0
0:        16384          4096     float     sum      -1    43.45    0.38    0.66      0    43.86    0.37    0.65      0
0:        32768          8192     float     sum      -1    44.71    0.73    1.28      0    43.53    0.75    1.32      0
0:        65536         16384     float     sum      -1    75.03    0.87    1.53      0    73.21    0.90    1.57      0
0:       131072         32768     float     sum      -1    86.34    1.52    2.66      0    86.70    1.51    2.65      0
0:       262144         65536     float     sum      -1    121.8    2.15    3.77      0    165.2    1.59    2.78      0
0:       524288        131072     float     sum      -1    138.1    3.80    6.64      0    119.7    4.38    7.67      0
0:      1048576        262144     float     sum      -1    175.2    5.99   10.47      0    129.7    8.09   14.15      0
0:      2097152        524288     float     sum      -1    191.9   10.93   19.12      0    191.4   10.95   19.17      0
0:      4194304       1048576     float     sum      -1    305.1   13.75   24.06      0    304.6   13.77   24.10      0
0:      8388608       2097152     float     sum      -1    356.4   23.54   41.19      0    358.5   23.40   40.95      0
0:     16777216       4194304     float     sum      -1    459.5   36.51   63.90      0    457.6   36.66   64.16      0
0:     33554432       8388608     float     sum      -1    688.8   48.72   85.26      0    689.0   48.70   85.23      0
0:     67108864      16777216     float     sum      -1   1033.7   64.92  113.61      0   1032.3   65.01  113.77      0
0:    134217728      33554432     float     sum      -1   1800.2   74.56  130.48      0   1800.7   74.54  130.44      0
0:    268435456      67108864     float     sum      -1   3329.9   80.61  141.07      0   3330.8   80.59  141.04      0
0:    536870912     134217728     float     sum      -1   6395.3   83.95  146.91      0   6381.3   84.13  147.23      0
0:   1073741824     268435456     float     sum      -1    12522   85.75  150.06      0    12507   85.85  150.24      0
0:   2147483648     536870912     float     sum      -1    24713   86.90  152.07      0    24747   86.78  151.86      0
0:   4294967296    1073741824     float     sum      -1    49301   87.12  152.46      0    49247   87.21  152.62      0
0:            8             2     float     sum      -1    20.83    0.00    0.00      0    20.61    0.00    0.00      0
0:           16             4     float     sum      -1    20.72    0.00    0.00      0    20.61    0.00    0.00      0
0:           32             8     float     sum      -1    20.41    0.00    0.00      0    20.68    0.00    0.00      0
0:           64            16     float     sum      -1    22.20    0.00    0.01      0    22.14    0.00    0.01      0
0:          128            32     float     sum      -1    22.79    0.01    0.01      0    22.36    0.01    0.01      0
0:          256            64     float     sum      -1    22.91    0.01    0.02      0    22.53    0.01    0.02      0
0:          512           128     float     sum      -1    23.12    0.02    0.04      0    23.07    0.02    0.04      0
0:         1024           256     float     sum      -1    25.31    0.04    0.07      0    25.25    0.04    0.07      0
0:         2048           512     float     sum      -1    26.42    0.08    0.14      0    26.13    0.08    0.14      0
0:         4096          1024     float     sum      -1    41.93    0.10    0.17      0    42.65    0.10    0.17      0
0:         8192          2048     float     sum      -1    43.57    0.19    0.33      0    41.89    0.20    0.34      0
0:        16384          4096     float     sum      -1    43.83    0.37    0.65      0    43.00    0.38    0.67      0
0:        32768          8192     float     sum      -1    44.50    0.74    1.29      0    43.87    0.75    1.31      0
0:        65536         16384     float     sum      -1    73.56    0.89    1.56      0    73.24    0.89    1.57      0
0:       131072         32768     float     sum      -1    85.87    1.53    2.67      0    87.23    1.50    2.63      0
0:       262144         65536     float     sum      -1    133.6    1.96    3.43      0    127.3    2.06    3.60      0
0:       524288        131072     float     sum      -1    144.3    3.63    6.36      0    120.2    4.36    7.63      0
0:      1048576        262144     float     sum      -1    175.8    5.96   10.44      0    156.8    6.69   11.71      0
0:      2097152        524288     float     sum      -1    191.6   10.95   19.16      0    191.8   10.93   19.14      0
0:      4194304       1048576     float     sum      -1    305.1   13.75   24.06      0    304.7   13.77   24.09      0
0:      8388608       2097152     float     sum      -1    357.2   23.48   41.10      0    358.9   23.37   40.90      0
0:     16777216       4194304     float     sum      -1    458.6   36.58   64.02      0    456.7   36.74   64.29      0
0:     33554432       8388608     float     sum      -1    686.9   48.85   85.49      0    685.6   48.94   85.65      0
0:     67108864      16777216     float     sum      -1   1036.4   64.75  113.31      0   1035.8   64.79  113.38      0
0:    134217728      33554432     float     sum      -1   1802.0   74.48  130.34      0   1797.9   74.65  130.64      0
0:    268435456      67108864     float     sum      -1   3328.6   80.64  141.13      0   3327.7   80.67  141.17      0
0:    536870912     134217728     float     sum      -1   6387.9   84.05  147.08      0   6387.6   84.05  147.09      0
0:   1073741824     268435456     float     sum      -1    12521   85.76  150.08      0    12507   85.85  150.24      0
0:   2147483648     536870912     float     sum      -1    24767   86.71  151.74      0    24783   86.65  151.64      0
0:   4294967296    1073741824     float     sum      -1    49268   87.18  152.56      0    49261   87.19  152.58      0
0:            8             2     float     sum      -1    21.15    0.00    0.00      0    20.81    0.00    0.00      0
0:           16             4     float     sum      -1    20.44    0.00    0.00      0    20.61    0.00    0.00      0
0:           32             8     float     sum      -1    20.33    0.00    0.00      0    20.47    0.00    0.00      0
0:           64            16     float     sum      -1    22.12    0.00    0.01      0    22.04    0.00    0.01      0
0:          128            32     float     sum      -1    22.63    0.01    0.01      0    22.14    0.01    0.01      0
0:          256            64     float     sum      -1    22.91    0.01    0.02      0    22.49    0.01    0.02      0
0:          512           128     float     sum      -1    23.32    0.02    0.04      0    22.97    0.02    0.04      0
0:         1024           256     float     sum      -1    25.41    0.04    0.07      0    25.04    0.04    0.07      0
0:         2048           512     float     sum      -1    26.74    0.08    0.13      0    26.38    0.08    0.14      0
0:         4096          1024     float     sum      -1    42.07    0.10    0.17      0    41.62    0.10    0.17      0
0:         8192          2048     float     sum      -1    43.22    0.19    0.33      0    43.13    0.19    0.33      0
0:        16384          4096     float     sum      -1    44.19    0.37    0.65      0    43.15    0.38    0.66      0
0:        32768          8192     float     sum      -1    44.28    0.74    1.29      0    43.17    0.76    1.33      0
0:        65536         16384     float     sum      -1    73.25    0.89    1.57      0    72.97    0.90    1.57      0
0:       131072         32768     float     sum      -1    87.18    1.50    2.63      0    84.53    1.55    2.71      0
0:       262144         65536     float     sum      -1    114.5    2.29    4.01      0    121.7    2.15    3.77      0
0:       524288        131072     float     sum      -1    126.9    4.13    7.23      0    164.8    3.18    5.57      0
0:      1048576        262144     float     sum      -1    133.4    7.86   13.76      0    130.8    8.02   14.03      0
0:      2097152        524288     float     sum      -1    191.8   10.93   19.13      0    191.6   10.94   19.15      0
0:      4194304       1048576     float     sum      -1    304.7   13.77   24.09      0    304.6   13.77   24.10      0
0:      8388608       2097152     float     sum      -1    359.1   23.36   40.88      0    358.1   23.42   40.99      0
0:     16777216       4194304     float     sum      -1    459.2   36.54   63.94      0    458.8   36.57   64.00      0
0:     33554432       8388608     float     sum      -1    686.1   48.91   85.59      0    686.2   48.90   85.57      0
0:     67108864      16777216     float     sum      -1   1030.4   65.13  113.97      0   1035.9   64.79  113.38      0
0:    134217728      33554432     float     sum      -1   1798.2   74.64  130.62      0   1798.5   74.63  130.60      0
0:    268435456      67108864     float     sum      -1   3327.5   80.67  141.18      0   3327.5   80.67  141.17      0
0:    536870912     134217728     float     sum      -1   6388.6   84.04  147.06      0   6387.6   84.05  147.09      0
0:   1073741824     268435456     float     sum      -1    12517   85.78  150.12      0    12492   85.96  150.42      0
0:   2147483648     536870912     float     sum      -1    24752   86.76  151.83      0    24744   86.79  151.88      0
0:   4294967296    1073741824     float     sum      -1    49301   87.12  152.45      0    49261   87.19  152.58      0
0:            8             2     float     sum      -1    20.94    0.00    0.00      0    20.48    0.00    0.00      0
0:           16             4     float     sum      -1    20.54    0.00    0.00      0    20.38    0.00    0.00      0
0:           32             8     float     sum      -1    20.82    0.00    0.00      0    20.51    0.00    0.00      0
0:           64            16     float     sum      -1    22.33    0.00    0.01      0    22.04    0.00    0.01      0
0:          128            32     float     sum      -1    22.66    0.01    0.01      0    22.34    0.01    0.01      0
0:          256            64     float     sum      -1    23.08    0.01    0.02      0    22.63    0.01    0.02      0
0:          512           128     float     sum      -1    23.26    0.02    0.04      0    23.19    0.02    0.04      0
0:         1024           256     float     sum      -1    25.42    0.04    0.07      0    24.98    0.04    0.07      0
0:         2048           512     float     sum      -1    26.50    0.08    0.14      0    26.29    0.08    0.14      0
0:         4096          1024     float     sum      -1    42.20    0.10    0.17      0    41.31    0.10    0.17      0
0:         8192          2048     float     sum      -1    43.41    0.19    0.33      0    42.59    0.19    0.34      0
0:        16384          4096     float     sum      -1    44.23    0.37    0.65      0    42.73    0.38    0.67      0
0:        32768          8192     float     sum      -1    43.77    0.75    1.31      0    43.57    0.75    1.32      0
0:        65536         16384     float     sum      -1    73.00    0.90    1.57      0    73.03    0.90    1.57      0
0:       131072         32768     float     sum      -1    86.48    1.52    2.65      0    86.34    1.52    2.66      0
0:       262144         65536     float     sum      -1    112.7    2.33    4.07      0    159.9    1.64    2.87      0
0:       524288        131072     float     sum      -1    118.7    4.42    7.73      0    120.2    4.36    7.63      0
0:      1048576        262144     float     sum      -1    130.7    8.02   14.04      0    172.6    6.08   10.63      0
0:      2097152        524288     float     sum      -1    191.8   10.93   19.13      0    191.4   10.95   19.17      0
0:      4194304       1048576     float     sum      -1    305.3   13.74   24.04      0    305.0   13.75   24.07      0
0:      8388608       2097152     float     sum      -1    358.6   23.39   40.93      0    358.9   23.38   40.91      0
0:     16777216       4194304     float     sum      -1    458.5   36.59   64.04      0    460.1   36.46   63.81      0
0:     33554432       8388608     float     sum      -1    687.3   48.82   85.43      0    688.5   48.74   85.29      0
0:     67108864      16777216     float     sum      -1   1033.5   64.93  113.63      0   1034.4   64.88  113.53      0
0:    134217728      33554432     float     sum      -1   1802.4   74.47  130.32      0   1800.4   74.55  130.46      0
0:    268435456      67108864     float     sum      -1   3331.7   80.57  141.00      0   3328.2   80.66  141.15      0
0:    536870912     134217728     float     sum      -1   6388.1   84.04  147.07      0   6389.1   84.03  147.05      0
0:   1073741824     268435456     float     sum      -1    12508   85.85  150.23      0    12517   85.78  150.12      0
0:   2147483648     536870912     float     sum      -1    24776   86.67  151.68      0    24745   86.78  151.87      0
0:   4294967296    1073741824     float     sum      -1    49310   87.10  152.43      0    48856   87.91  153.84      0
0:            8             2     float     sum      -1    21.10    0.00    0.00      0    20.66    0.00    0.00      0
0:           16             4     float     sum      -1    20.94    0.00    0.00      0    20.57    0.00    0.00      0
0:           32             8     float     sum      -1    20.46    0.00    0.00      0    20.52    0.00    0.00      0
0:           64            16     float     sum      -1    22.32    0.00    0.01      0    22.22    0.00    0.01      0
0:          128            32     float     sum      -1    22.52    0.01    0.01      0    22.21    0.01    0.01      0
0:          256            64     float     sum      -1    22.55    0.01    0.02      0    22.34    0.01    0.02      0
0:          512           128     float     sum      -1    23.01    0.02    0.04      0    23.15    0.02    0.04      0
0:         1024           256     float     sum      -1    25.71    0.04    0.07      0    25.02    0.04    0.07      0
0:         2048           512     float     sum      -1    26.47    0.08    0.14      0    26.31    0.08    0.14      0
0:         4096          1024     float     sum      -1    42.46    0.10    0.17      0    42.25    0.10    0.17      0
0:         8192          2048     float     sum      -1    43.35    0.19    0.33      0    42.93    0.19    0.33      0
0:        16384          4096     float     sum      -1    43.41    0.38    0.66      0    43.89    0.37    0.65      0
0:        32768          8192     float     sum      -1    44.20    0.74    1.30      0    43.97    0.75    1.30      0
0:        65536         16384     float     sum      -1    73.26    0.89    1.57      0    73.36    0.89    1.56      0
0:       131072         32768     float     sum      -1    86.88    1.51    2.64      0    86.38    1.52    2.66      0
0:       262144         65536     float     sum      -1    128.6    2.04    3.57      0    113.0    2.32    4.06      0
0:       524288        131072     float     sum      -1    139.9    3.75    6.56      0    140.6    3.73    6.53      0
0:      1048576        262144     float     sum      -1    132.0    7.94   13.90      0    170.1    6.17   10.79      0
0:      2097152        524288     float     sum      -1    191.7   10.94   19.15      0    191.8   10.94   19.14      0
0:      4194304       1048576     float     sum      -1    305.1   13.75   24.06      0    304.6   13.77   24.10      0
0:      8388608       2097152     float     sum      -1    359.3   23.35   40.86      0    357.8   23.44   41.02      0
0:     16777216       4194304     float     sum      -1    460.4   36.44   63.77      0    458.8   36.56   63.99      0
0:     33554432       8388608     float     sum      -1    687.9   48.78   85.36      0    686.5   48.88   85.53      0
0:     67108864      16777216     float     sum      -1   1034.6   64.86  113.51      0   1033.9   64.91  113.59      0
0:    134217728      33554432     float     sum      -1   1797.5   74.67  130.67      0   1799.7   74.58  130.51      0
0:    268435456      67108864     float     sum      -1   3325.3   80.73  141.27      0   3329.4   80.63  141.09      0
0:    536870912     134217728     float     sum      -1   6389.4   84.03  147.05      0   6382.7   84.11  147.20      0
0:   1073741824     268435456     float     sum      -1    12517   85.78  150.11      0    12511   85.82  150.19      0
0:   2147483648     536870912     float     sum      -1    24777   86.67  151.68      0    24749   86.77  151.85      0
0:   4294967296    1073741824     float     sum      -1    49301   87.12  152.46      0    49208   87.28  152.74      0
0:            8             2     float     sum      -1    21.06    0.00    0.00      0    20.58    0.00    0.00      0
0:           16             4     float     sum      -1    20.66    0.00    0.00      0    20.76    0.00    0.00      0
0:           32             8     float     sum      -1    20.48    0.00    0.00      0    20.75    0.00    0.00      0
0:           64            16     float     sum      -1    22.24    0.00    0.01      0    22.27    0.00    0.01      0
0:          128            32     float     sum      -1    22.41    0.01    0.01      0    22.50    0.01    0.01      0
0:          256            64     float     sum      -1    22.87    0.01    0.02      0    22.75    0.01    0.02      0
0:          512           128     float     sum      -1    23.18    0.02    0.04      0    22.97    0.02    0.04      0
0:         1024           256     float     sum      -1    25.30    0.04    0.07      0    25.30    0.04    0.07      0
0:         2048           512     float     sum      -1    26.36    0.08    0.14      0    26.13    0.08    0.14      0
0:         4096          1024     float     sum      -1    42.17    0.10    0.17      0    41.89    0.10    0.17      0
0:         8192          2048     float     sum      -1    43.75    0.19    0.33      0    43.02    0.19    0.33      0
0:        16384          4096     float     sum      -1    44.42    0.37    0.65      0    43.61    0.38    0.66      0
0:        32768          8192     float     sum      -1    44.14    0.74    1.30      0    43.84    0.75    1.31      0
0:        65536         16384     float     sum      -1    73.51    0.89    1.56      0    73.25    0.89    1.57      0
0:       131072         32768     float     sum      -1    86.74    1.51    2.64      0    86.25    1.52    2.66      0
0:       262144         65536     float     sum      -1    127.5    2.06    3.60      0    131.3    2.00    3.49      0
0:       524288        131072     float     sum      -1    201.5    2.60    4.55      0    136.0    3.86    6.75      0
0:      1048576        262144     float     sum      -1    132.4    7.92   13.86      0    130.1    8.06   14.11      0
0:      2097152        524288     float     sum      -1    192.6   10.89   19.05      0    192.0   10.92   19.12      0
0:      4194304       1048576     float     sum      -1    304.1   13.79   24.14      0    304.6   13.77   24.10      0
0:      8388608       2097152     float     sum      -1    358.7   23.39   40.93      0    357.6   23.46   41.05      0
0:     16777216       4194304     float     sum      -1    458.5   36.59   64.03      0    459.5   36.51   63.89      0
0:     33554432       8388608     float     sum      -1    687.3   48.82   85.43      0    686.8   48.86   85.50      0
0:     67108864      16777216     float     sum      -1   1033.9   64.91  113.59      0   1032.9   64.97  113.70      0
0:    134217728      33554432     float     sum      -1   1799.2   74.60  130.55      0   1800.9   74.53  130.42      0
0:    268435456      67108864     float     sum      -1   3329.3   80.63  141.10      0   3329.2   80.63  141.11      0
0:    536870912     134217728     float     sum      -1   6386.7   84.06  147.11      0   6387.4   84.05  147.09      0
0:   1073741824     268435456     float     sum      -1    12520   85.76  150.09      0    12506   85.86  150.25      0
0:   2147483648     536870912     float     sum      -1    24776   86.68  151.68      0    24735   86.82  151.94      0
0:   4294967296    1073741824     float     sum      -1    49287   87.14  152.50      0    49273   87.17  152.54      0
0: # Out of bounds values : 0 OK
0: # Avg bus bandwidth    : 41.6996 
0: #
0: 
