0: # nThread 1 nGpus 1 minBytes 8 maxBytes 4294967296 step: 2(factor) warmup iters: 8 iters: 24 agg iters: 1 validation: 1 graph: 0
0: #
0: # Using devices
0: #  Rank  0 Group  0 Pid 250392 on  nid007083 device  0 [0009:01:00] NVIDIA GH200 120GB
0: #  Rank  1 Group  0 Pid 250393 on  nid007083 device  0 [0019:01:00] NVIDIA GH200 120GB
0: #  Rank  2 Group  0 Pid 250394 on  nid007083 device  0 [0029:01:00] NVIDIA GH200 120GB
0: #  Rank  3 Group  0 Pid 250395 on  nid007083 device  0 [0039:01:00] NVIDIA GH200 120GB
0: #
0: #                                                              out-of-place                       in-place          
0: #       size         count      type   redop    root     time   algbw   busbw #wrong     time   algbw   busbw #wrong
0: #        (B)    (elements)                               (us)  (GB/s)  (GB/s)            (us)  (GB/s)  (GB/s)       
0:            8             2     float     sum      -1     8.96    0.00    0.00      0     8.22    0.00    0.00      0
0:           16             4     float     sum      -1     8.29    0.00    0.00      0     8.22    0.00    0.00      0
0:           32             8     float     sum      -1     8.63    0.00    0.01      0     8.54    0.00    0.01      0
0:           64            16     float     sum      -1     9.26    0.01    0.01      0     9.08    0.01    0.01      0
0:          128            32     float     sum      -1     9.35    0.01    0.02      0     9.15    0.01    0.02      0
0:          256            64     float     sum      -1     9.56    0.03    0.04      0     9.13    0.03    0.04      0
0:          512           128     float     sum      -1     9.45    0.05    0.08      0     9.24    0.06    0.08      0
0:         1024           256     float     sum      -1     9.61    0.11    0.16      0     9.15    0.11    0.17      0
0:         2048           512     float     sum      -1     9.65    0.21    0.32      0     9.29    0.22    0.33      0
0:         4096          1024     float     sum      -1     9.83    0.42    0.63      0     9.49    0.43    0.65      0
0:         8192          2048     float     sum      -1    10.03    0.82    1.23      0     9.70    0.84    1.27      0
0:        16384          4096     float     sum      -1    10.91    1.50    2.25      0    10.43    1.57    2.36      0
0:        32768          8192     float     sum      -1    11.25    2.91    4.37      0    10.98    2.98    4.48      0
0:        65536         16384     float     sum      -1    11.39    5.75    8.63      0    10.88    6.02    9.03      0
0:       131072         32768     float     sum      -1    11.71   11.20   16.79      0    11.23   11.67   17.50      0
0:       262144         65536     float     sum      -1    11.93   21.98   32.97      0    11.49   22.81   34.22      0
0:       524288        131072     float     sum      -1    14.99   34.98   52.48      0    13.92   37.66   56.48      0
0:      1048576        262144     float     sum      -1    18.77   55.87   83.81      0    18.62   56.31   84.46      0
0:      2097152        524288     float     sum      -1    29.92   70.09  105.14      0    29.96   70.01  105.01      0
0:      4194304       1048576     float     sum      -1    42.71   98.20  147.30      0    42.04   99.77  149.66      0
0:      8388608       2097152     float     sum      -1    61.65  136.07  204.10      0    60.84  137.87  206.81      0
0:     16777216       4194304     float     sum      -1    106.0  158.33  237.50      0    99.77  168.15  252.23      0
0:     33554432       8388608     float     sum      -1    187.6  178.84  268.25      0    180.6  185.82  278.72      0
0:     67108864      16777216     float     sum      -1    350.0  191.76  287.65      0    333.5  201.23  301.85      0
0:    134217728      33554432     float     sum      -1    676.3  198.45  297.68      0    634.2  211.62  317.43      0
0:    268435456      67108864     float     sum      -1   1338.4  200.56  300.84      0   1227.1  218.76  328.13      0
0:    536870912     134217728     float     sum      -1   2719.0  197.45  296.18      0   2403.9  223.33  335.00      0
0:   1073741824     268435456     float     sum      -1   5308.6  202.26  303.40      0   4754.0  225.86  338.79      0
0:   2147483648     536870912     float     sum      -1    10562  203.32  304.98      0   9462.3  226.95  340.43      0
0:   4294967296    1073741824     float     sum      -1    21070  203.84  305.76      0    18922  226.98  340.47      0
0:            8             2     float     sum      -1     8.33    0.00    0.00      0     8.16    0.00    0.00      0
0:           16             4     float     sum      -1     8.29    0.00    0.00      0     8.26    0.00    0.00      0
0:           32             8     float     sum      -1     8.60    0.00    0.01      0     8.58    0.00    0.01      0
0:           64            16     float     sum      -1     9.25    0.01    0.01      0     9.12    0.01    0.01      0
0:          128            32     float     sum      -1     9.35    0.01    0.02      0     9.20    0.01    0.02      0
0:          256            64     float     sum      -1     9.65    0.03    0.04      0     9.17    0.03    0.04      0
0:          512           128     float     sum      -1     9.49    0.05    0.08      0     9.23    0.06    0.08      0
0:         1024           256     float     sum      -1     9.76    0.10    0.16      0     9.18    0.11    0.17      0
0:         2048           512     float     sum      -1     9.74    0.21    0.32      0     9.24    0.22    0.33      0
0:         4096          1024     float     sum      -1     9.88    0.41    0.62      0     9.39    0.44    0.65      0
0:         8192          2048     float     sum      -1    10.07    0.81    1.22      0     9.79    0.84    1.25      0
0:        16384          4096     float     sum      -1    10.91    1.50    2.25      0    10.40    1.57    2.36      0
0:        32768          8192     float     sum      -1    11.13    2.94    4.42      0    10.80    3.04    4.55      0
0:        65536         16384     float     sum      -1    11.40    5.75    8.62      0    10.98    5.97    8.95      0
0:       131072         32768     float     sum      -1    11.68   11.22   16.83      0    11.28   11.62   17.43      0
0:       262144         65536     float     sum      -1    11.95   21.94   32.92      0    11.38   23.03   34.55      0
0:       524288        131072     float     sum      -1    14.96   35.04   52.56      0    14.02   37.38   56.07      0
0:      1048576        262144     float     sum      -1    18.82   55.71   83.56      0    18.67   56.17   84.25      0
0:      2097152        524288     float     sum      -1    29.96   70.01  105.01      0    29.92   70.08  105.13      0
0:      4194304       1048576     float     sum      -1    42.57   98.53  147.79      0    42.17   99.46  149.19      0
0:      8388608       2097152     float     sum      -1    61.54  136.31  204.47      0    61.14  137.20  205.80      0
0:     16777216       4194304     float     sum      -1    105.2  159.41  239.12      0    99.91  167.92  251.89      0
0:     33554432       8388608     float     sum      -1    187.2  179.21  268.81      0    178.0  188.50  282.75      0
0:     67108864      16777216     float     sum      -1    360.5  186.18  279.27      0    334.0  200.95  301.42      0
0:    134217728      33554432     float     sum      -1    675.9  198.57  297.85      0    629.1  213.35  320.03      0
0:    268435456      67108864     float     sum      -1   1323.0  202.90  304.36      0   1222.8  219.53  329.30      0
0:    536870912     134217728     float     sum      -1   2660.0  201.83  302.74      0   2406.8  223.06  334.60      0
0:   1073741824     268435456     float     sum      -1   5291.9  202.90  304.35      0   4740.9  226.48  339.73      0
0:   2147483648     536870912     float     sum      -1    10556  203.45  305.17      0   9454.8  227.13  340.70      0
0:   4294967296    1073741824     float     sum      -1    21090  203.65  305.47      0    18919  227.02  340.53      0
0:            8             2     float     sum      -1     8.30    0.00    0.00      0     8.21    0.00    0.00      0
0:           16             4     float     sum      -1     8.34    0.00    0.00      0     8.32    0.00    0.00      0
0:           32             8     float     sum      -1     8.60    0.00    0.01      0     8.58    0.00    0.01      0
0:           64            16     float     sum      -1     9.28    0.01    0.01      0     9.10    0.01    0.01      0
0:          128            32     float     sum      -1     9.32    0.01    0.02      0     9.19    0.01    0.02      0
0:          256            64     float     sum      -1     9.59    0.03    0.04      0     9.13    0.03    0.04      0
0:          512           128     float     sum      -1     9.51    0.05    0.08      0     9.21    0.06    0.08      0
0:         1024           256     float     sum      -1     9.68    0.11    0.16      0     9.25    0.11    0.17      0
0:         2048           512     float     sum      -1     9.72    0.21    0.32      0     9.34    0.22    0.33      0
0:         4096          1024     float     sum      -1     9.80    0.42    0.63      0     9.35    0.44    0.66      0
0:         8192          2048     float     sum      -1    10.10    0.81    1.22      0     9.69    0.85    1.27      0
0:        16384          4096     float     sum      -1    10.93    1.50    2.25      0    10.49    1.56    2.34      0
0:        32768          8192     float     sum      -1    11.23    2.92    4.38      0    10.74    3.05    4.58      0
0:        65536         16384     float     sum      -1    11.41    5.74    8.61      0    10.97    5.98    8.97      0
0:       131072         32768     float     sum      -1    11.67   11.23   16.85      0    11.35   11.55   17.32      0
0:       262144         65536     float     sum      -1    11.90   22.03   33.04      0    11.47   22.86   34.29      0
0:       524288        131072     float     sum      -1    14.94   35.10   52.65      0    14.01   37.41   56.12      0
0:      1048576        262144     float     sum      -1    18.78   55.84   83.76      0    18.62   56.32   84.47      0
0:      2097152        524288     float     sum      -1    29.88   70.19  105.29      0    29.95   70.03  105.04      0
0:      4194304       1048576     float     sum      -1    42.64   98.37  147.56      0    42.30   99.15  148.73      0
0:      8388608       2097152     float     sum      -1    61.75  135.85  203.78      0    61.06  137.39  206.08      0
0:     16777216       4194304     float     sum      -1    104.7  160.30  240.45      0    100.8  166.37  249.56      0
0:     33554432       8388608     float     sum      -1    187.3  179.15  268.73      0    178.0  188.52  282.78      0
0:     67108864      16777216     float     sum      -1    361.1  185.86  278.79      0    333.8  201.05  301.57      0
0:    134217728      33554432     float     sum      -1    675.8  198.60  297.90      0    631.3  212.60  318.91      0
0:    268435456      67108864     float     sum      -1   1325.2  202.56  303.84      0   1225.6  219.03  328.54      0
0:    536870912     134217728     float     sum      -1   2678.1  200.47  300.70      0   2404.8  223.25  334.88      0
0:   1073741824     268435456     float     sum      -1   5303.9  202.44  303.67      0   4748.4  226.13  339.19      0
0:   2147483648     536870912     float     sum      -1    10570  203.17  304.75      0   9466.6  226.85  340.27      0
0:   4294967296    1073741824     float     sum      -1    21019  204.34  306.51      0    18925  226.94  340.42      0
0:            8             2     float     sum      -1     8.29    0.00    0.00      0     8.22    0.00    0.00      0
0:           16             4     float     sum      -1     8.32    0.00    0.00      0     8.27    0.00    0.00      0
0:           32             8     float     sum      -1     8.55    0.00    0.01      0     8.56    0.00    0.01      0
0:           64            16     float     sum      -1     9.19    0.01    0.01      0     9.12    0.01    0.01      0
0:          128            32     float     sum      -1     9.35    0.01    0.02      0     9.11    0.01    0.02      0
0:          256            64     float     sum      -1     9.66    0.03    0.04      0     9.11    0.03    0.04      0
0:          512           128     float     sum      -1     9.60    0.05    0.08      0     9.18    0.06    0.08      0
0:         1024           256     float     sum      -1     9.65    0.11    0.16      0     9.27    0.11    0.17      0
0:         2048           512     float     sum      -1     9.66    0.21    0.32      0     9.26    0.22    0.33      0
0:         4096          1024     float     sum      -1     9.85    0.42    0.62      0     9.43    0.43    0.65      0
0:         8192          2048     float     sum      -1    10.21    0.80    1.20      0     9.71    0.84    1.27      0
0:        16384          4096     float     sum      -1    10.97    1.49    2.24      0    10.45    1.57    2.35      0
0:        32768          8192     float     sum      -1    11.15    2.94    4.41      0    10.84    3.02    4.53      0
0:        65536         16384     float     sum      -1    11.40    5.75    8.62      0    10.97    5.97    8.96      0
0:       131072         32768     float     sum      -1    11.71   11.20   16.79      0    11.24   11.67   17.50      0
0:       262144         65536     float     sum      -1    11.92   22.00   33.00      0    11.53   22.74   34.11      0
0:       524288        131072     float     sum      -1    14.93   35.12   52.67      0    14.02   37.40   56.10      0
0:      1048576        262144     float     sum      -1    18.80   55.77   83.65      0    18.69   56.09   84.14      0
0:      2097152        524288     float     sum      -1    29.97   69.98  104.97      0    29.94   70.04  105.05      0
0:      4194304       1048576     float     sum      -1    42.80   98.00  146.99      0    42.25   99.27  148.91      0
0:      8388608       2097152     float     sum      -1    61.65  136.07  204.11      0    61.26  136.94  205.41      0
0:     16777216       4194304     float     sum      -1    105.4  159.10  238.65      0    100.5  166.96  250.45      0
0:     33554432       8388608     float     sum      -1    187.4  179.03  268.55      0    178.1  188.44  282.66      0
0:     67108864      16777216     float     sum      -1    349.7  191.90  287.85      0    333.3  201.33  301.99      0
0:    134217728      33554432     float     sum      -1    705.2  190.32  285.48      0    635.8  211.11  316.67      0
0:    268435456      67108864     float     sum      -1   1347.1  199.27  298.90      0   1225.0  219.13  328.70      0
0:    536870912     134217728     float     sum      -1   2672.6  200.88  301.32      0   2407.9  222.96  334.44      0
0:   1073741824     268435456     float     sum      -1   5298.8  202.64  303.96      0   4754.4  225.84  338.77      0
0:   2147483648     536870912     float     sum      -1    10557  203.41  305.12      0   9475.0  226.65  339.97      0
0:   4294967296    1073741824     float     sum      -1    21091  203.64  305.45      0    18920  227.01  340.51      0
0:            8             2     float     sum      -1     8.21    0.00    0.00      0     8.20    0.00    0.00      0
0:           16             4     float     sum      -1     8.28    0.00    0.00      0     8.27    0.00    0.00      0
0:           32             8     float     sum      -1     8.56    0.00    0.01      0     8.62    0.00    0.01      0
0:           64            16     float     sum      -1     9.18    0.01    0.01      0     9.08    0.01    0.01      0
0:          128            32     float     sum      -1     9.30    0.01    0.02      0     9.18    0.01    0.02      0
0:          256            64     float     sum      -1     9.57    0.03    0.04      0     9.16    0.03    0.04      0
0:          512           128     float     sum      -1     9.53    0.05    0.08      0     9.20    0.06    0.08      0
0:         1024           256     float     sum      -1     9.96    0.10    0.15      0     9.55    0.11    0.16      0
0:         2048           512     float     sum      -1     9.71    0.21    0.32      0     9.33    0.22    0.33      0
0:         4096          1024     float     sum      -1     9.85    0.42    0.62      0     9.39    0.44    0.65      0
0:         8192          2048     float     sum      -1    10.08    0.81    1.22      0     9.72    0.84    1.26      0
0:        16384          4096     float     sum      -1    10.94    1.50    2.25      0    10.42    1.57    2.36      0
0:        32768          8192     float     sum      -1    11.17    2.93    4.40      0    10.86    3.02    4.52      0
0:        65536         16384     float     sum      -1    11.39    5.75    8.63      0    10.98    5.97    8.95      0
0:       131072         32768     float     sum      -1    11.68   11.22   16.83      0    11.29   11.61   17.41      0
0:       262144         65536     float     sum      -1    11.91   22.01   33.02      0    11.45   22.89   34.34      0
0:       524288        131072     float     sum      -1    14.94   35.10   52.65      0    13.96   37.56   56.35      0
0:      1048576        262144     float     sum      -1    18.81   55.74   83.61      0    18.63   56.29   84.43      0
0:      2097152        524288     float     sum      -1    29.96   70.00  105.00      0    29.93   70.07  105.10      0
0:      4194304       1048576     float     sum      -1    42.73   98.15  147.23      0    42.32   99.12  148.67      0
0:      8388608       2097152     float     sum      -1    61.90  135.52  203.28      0    61.12  137.25  205.88      0
0:     16777216       4194304     float     sum      -1    105.7  158.74  238.11      0    100.5  166.91  250.37      0
0:     33554432       8388608     float     sum      -1    188.6  177.93  266.90      0    177.7  188.80  283.20      0
0:     67108864      16777216     float     sum      -1    350.2  191.65  287.47      0    334.9  200.38  300.57      0
0:    134217728      33554432     float     sum      -1    667.1  201.18  301.77      0    630.6  212.84  319.25      0
0:    268435456      67108864     float     sum      -1   1351.1  198.68  298.01      0   1226.7  218.83  328.25      0
0:    536870912     134217728     float     sum      -1   2648.4  202.72  304.07      0   2408.4  222.91  334.37      0
0:   1073741824     268435456     float     sum      -1   5291.1  202.93  304.40      0   4749.2  226.09  339.13      0
0:   2147483648     536870912     float     sum      -1    10532  203.90  305.85      0   9454.4  227.14  340.71      0
0:   4294967296    1073741824     float     sum      -1    21066  203.88  305.82      0    18918  227.03  340.54      0
0:            8             2     float     sum      -1     8.24    0.00    0.00      0     8.26    0.00    0.00      0
0:           16             4     float     sum      -1     8.24    0.00    0.00      0     8.24    0.00    0.00      0
0:           32             8     float     sum      -1     8.49    0.00    0.01      0     8.53    0.00    0.01      0
0:           64            16     float     sum      -1     9.21    0.01    0.01      0     9.08    0.01    0.01      0
0:          128            32     float     sum      -1     9.37    0.01    0.02      0     9.10    0.01    0.02      0
0:          256            64     float     sum      -1     9.57    0.03    0.04      0     9.19    0.03    0.04      0
0:          512           128     float     sum      -1     9.52    0.05    0.08      0     9.20    0.06    0.08      0
0:         1024           256     float     sum      -1     9.58    0.11    0.16      0     9.14    0.11    0.17      0
0:         2048           512     float     sum      -1     9.66    0.21    0.32      0     9.33    0.22    0.33      0
0:         4096          1024     float     sum      -1     9.82    0.42    0.63      0     9.43    0.43    0.65      0
0:         8192          2048     float     sum      -1    10.07    0.81    1.22      0     9.78    0.84    1.26      0
0:        16384          4096     float     sum      -1    10.92    1.50    2.25      0    10.43    1.57    2.36      0
0:        32768          8192     float     sum      -1    11.20    2.93    4.39      0    10.82    3.03    4.54      0
0:        65536         16384     float     sum      -1    11.39    5.75    8.63      0    10.96    5.98    8.97      0
0:       131072         32768     float     sum      -1    11.77   11.13   16.70      0    11.67   11.23   16.85      0
0:       262144         65536     float     sum      -1    12.20   21.48   32.22      0    11.48   22.84   34.26      0
0:       524288        131072     float     sum      -1    15.54   33.74   50.61      0    14.02   37.39   56.08      0
0:      1048576        262144     float     sum      -1    18.81   55.75   83.63      0    18.74   55.94   83.91      0
0:      2097152        524288     float     sum      -1    30.04   69.81  104.72      0    29.97   69.98  104.97      0
0:      4194304       1048576     float     sum      -1    42.67   98.30  147.46      0    42.22   99.34  149.00      0
0:      8388608       2097152     float     sum      -1    61.83  135.67  203.50      0    61.22  137.03  205.55      0
0:     16777216       4194304     float     sum      -1    105.8  158.54  237.81      0    100.0  167.69  251.53      0
0:     33554432       8388608     float     sum      -1    189.5  177.03  265.54      0    177.9  188.58  282.87      0
0:     67108864      16777216     float     sum      -1    358.2  187.37  281.06      0    336.4  199.51  299.26      0
0:    134217728      33554432     float     sum      -1    693.9  193.43  290.15      0    631.6  212.50  318.75      0
0:    268435456      67108864     float     sum      -1   1333.8  201.25  301.88      0   1226.2  218.92  328.38      0
0:    536870912     134217728     float     sum      -1   2672.6  200.88  301.32      0   2405.0  223.23  334.84      0
0:   1073741824     268435456     float     sum      -1   5306.7  202.34  303.51      0   4744.3  226.32  339.49      0
0:   2147483648     536870912     float     sum      -1    10550  203.56  305.33      0   9474.2  226.67  340.00      0
0:   4294967296    1073741824     float     sum      -1    21113  203.43  305.15      0    18919  227.02  340.52      0
0:            8             2     float     sum      -1     8.28    0.00    0.00      0     8.20    0.00    0.00      0
0:           16             4     float     sum      -1     8.25    0.00    0.00      0     8.21    0.00    0.00      0
0:           32             8     float     sum      -1     8.57    0.00    0.01      0     8.58    0.00    0.01      0
0:           64            16     float     sum      -1     9.26    0.01    0.01      0     9.06    0.01    0.01      0
0:          128            32     float     sum      -1     9.32    0.01    0.02      0     9.16    0.01    0.02      0
0:          256            64     float     sum      -1     9.58    0.03    0.04      0     9.18    0.03    0.04      0
0:          512           128     float     sum      -1     9.49    0.05    0.08      0     9.25    0.06    0.08      0
0:         1024           256     float     sum      -1     9.69    0.11    0.16      0     9.26    0.11    0.17      0
0:         2048           512     float     sum      -1     9.77    0.21    0.31      0     9.29    0.22    0.33      0
0:         4096          1024     float     sum      -1     9.91    0.41    0.62      0     9.44    0.43    0.65      0
0:         8192          2048     float     sum      -1    10.05    0.82    1.22      0     9.71    0.84    1.26      0
0:        16384          4096     float     sum      -1    10.95    1.50    2.24      0    10.44    1.57    2.35      0
0:        32768          8192     float     sum      -1    11.19    2.93    4.39      0    10.85    3.02    4.53      0
0:        65536         16384     float     sum      -1    11.35    5.77    8.66      0    10.96    5.98    8.97      0
0:       131072         32768     float     sum      -1    12.05   10.87   16.31      0    11.66   11.24   16.86      0
0:       262144         65536     float     sum      -1    11.90   22.02   33.03      0    11.39   23.02   34.53      0
0:       524288        131072     float     sum      -1    14.96   35.05   52.58      0    13.97   37.54   56.31      0
0:      1048576        262144     float     sum      -1    18.85   55.61   83.42      0    18.68   56.13   84.20      0
0:      2097152        524288     float     sum      -1    30.00   69.92  104.87      0    29.89   70.17  105.25      0
0:      4194304       1048576     float     sum      -1    42.62   98.42  147.62      0    42.21   99.36  149.04      0
0:      8388608       2097152     float     sum      -1    61.68  136.00  204.00      0    61.10  137.29  205.94      0
0:     16777216       4194304     float     sum      -1    105.5  158.95  238.43      0    100.5  166.89  250.34      0
0:     33554432       8388608     float     sum      -1    188.1  178.37  267.55      0    177.7  188.86  283.29      0
0:     67108864      16777216     float     sum      -1    359.9  186.46  279.68      0    335.6  199.97  299.96      0
0:    134217728      33554432     float     sum      -1    673.2  199.38  299.07      0    630.4  212.91  319.37      0
0:    268435456      67108864     float     sum      -1   1367.3  196.32  294.49      0   1228.6  218.48  327.73      0
0:    536870912     134217728     float     sum      -1   2657.8  202.00  303.00      0   2403.1  223.41  335.11      0
0:   1073741824     268435456     float     sum      -1   5272.0  203.67  305.50      0   4749.6  226.07  339.10      0
0:   2147483648     536870912     float     sum      -1    10577  203.04  304.56      0   9452.1  227.20  340.79      0
0:   4294967296    1073741824     float     sum      -1    21110  203.46  305.19      0    18887  227.41  341.11      0
0:            8             2     float     sum      -1     8.20    0.00    0.00      0     8.24    0.00    0.00      0
0:           16             4     float     sum      -1     8.17    0.00    0.00      0     8.20    0.00    0.00      0
0:           32             8     float     sum      -1     8.59    0.00    0.01      0     8.54    0.00    0.01      0
0:           64            16     float     sum      -1     9.23    0.01    0.01      0     9.07    0.01    0.01      0
0:          128            32     float     sum      -1     9.35    0.01    0.02      0     9.11    0.01    0.02      0
0:          256            64     float     sum      -1     9.53    0.03    0.04      0     9.15    0.03    0.04      0
0:          512           128     float     sum      -1     9.59    0.05    0.08      0     9.19    0.06    0.08      0
0:         1024           256     float     sum      -1     9.70    0.11    0.16      0     9.20    0.11    0.17      0
0:         2048           512     float     sum      -1     9.71    0.21    0.32      0     9.28    0.22    0.33      0
0:         4096          1024     float     sum      -1     9.80    0.42    0.63      0     9.42    0.43    0.65      0
0:         8192          2048     float     sum      -1    10.09    0.81    1.22      0     9.72    0.84    1.26      0
0:        16384          4096     float     sum      -1    10.93    1.50    2.25      0    10.44    1.57    2.35      0
0:        32768          8192     float     sum      -1    11.23    2.92    4.38      0    10.79    3.04    4.55      0
0:        65536         16384     float     sum      -1    11.40    5.75    8.62      0    10.98    5.97    8.95      0
0:       131072         32768     float     sum      -1    11.77   11.14   16.70      0    11.21   11.69   17.54      0
0:       262144         65536     float     sum      -1    11.95   21.94   32.90      0    11.43   22.94   34.41      0
0:       524288        131072     float     sum      -1    14.96   35.05   52.57      0    13.98   37.50   56.25      0
0:      1048576        262144     float     sum      -1    18.73   55.99   83.99      0    18.60   56.36   84.54      0
0:      2097152        524288     float     sum      -1    29.94   70.05  105.07      0    29.94   70.05  105.07      0
0:      4194304       1048576     float     sum      -1    42.64   98.36  147.53      0    42.28   99.20  148.80      0
0:      8388608       2097152     float     sum      -1    61.69  135.98  203.96      0    61.06  137.38  206.07      0
0:     16777216       4194304     float     sum      -1    105.0  159.81  239.72      0    101.2  165.76  248.64      0
0:     33554432       8388608     float     sum      -1    188.2  178.29  267.43      0    178.5  187.97  281.95      0
0:     67108864      16777216     float     sum      -1    349.2  192.15  288.23      0    332.0  202.11  303.17      0
0:    134217728      33554432     float     sum      -1    694.3  193.31  289.96      0    636.8  210.78  316.17      0
0:    268435456      67108864     float     sum      -1   1338.9  200.49  300.74      0   1225.5  219.04  328.56      0
0:    536870912     134217728     float     sum      -1   2630.1  204.13  306.19      0   2409.2  222.84  334.26      0
0:   1073741824     268435456     float     sum      -1   5282.3  203.27  304.91      0   4743.4  226.36  339.55      0
0:   2147483648     536870912     float     sum      -1    10555  203.45  305.18      0   9468.5  226.80  340.20      0
0:   4294967296    1073741824     float     sum      -1    21066  203.88  305.82      0    18934  226.84  340.26      0
0:            8             2     float     sum      -1     8.25    0.00    0.00      0     8.26    0.00    0.00      0
0:           16             4     float     sum      -1     8.31    0.00    0.00      0     8.20    0.00    0.00      0
0:           32             8     float     sum      -1     8.58    0.00    0.01      0     8.57    0.00    0.01      0
0:           64            16     float     sum      -1     9.23    0.01    0.01      0     9.12    0.01    0.01      0
0:          128            32     float     sum      -1     9.32    0.01    0.02      0     9.10    0.01    0.02      0
0:          256            64     float     sum      -1     9.55    0.03    0.04      0     9.18    0.03    0.04      0
0:          512           128     float     sum      -1     9.57    0.05    0.08      0     9.14    0.06    0.08      0
0:         1024           256     float     sum      -1     9.59    0.11    0.16      0     9.18    0.11    0.17      0
0:         2048           512     float     sum      -1     9.66    0.21    0.32      0     9.25    0.22    0.33      0
0:         4096          1024     float     sum      -1     9.81    0.42    0.63      0     9.52    0.43    0.65      0
0:         8192          2048     float     sum      -1    10.08    0.81    1.22      0     9.71    0.84    1.27      0
0:        16384          4096     float     sum      -1    10.92    1.50    2.25      0    10.38    1.58    2.37      0
0:        32768          8192     float     sum      -1    11.14    2.94    4.41      0    10.78    3.04    4.56      0
0:        65536         16384     float     sum      -1    11.47    5.71    8.57      0    10.98    5.97    8.95      0
0:       131072         32768     float     sum      -1    12.34   10.63   15.94      0    11.34   11.56   17.33      0
0:       262144         65536     float     sum      -1    11.89   22.05   33.07      0    11.43   22.94   34.40      0
0:       524288        131072     float     sum      -1    14.93   35.13   52.69      0    14.00   37.45   56.18      0
0:      1048576        262144     float     sum      -1    18.73   55.97   83.95      0    18.65   56.22   84.32      0
0:      2097152        524288     float     sum      -1    29.94   70.05  105.07      0    29.91   70.12  105.18      0
0:      4194304       1048576     float     sum      -1    42.73   98.15  147.23      0    42.30   99.17  148.75      0
0:      8388608       2097152     float     sum      -1    61.78  135.77  203.66      0    61.18  137.12  205.68      0
0:     16777216       4194304     float     sum      -1    105.3  159.39  239.09      0    99.91  167.92  251.89      0
0:     33554432       8388608     float     sum      -1    187.4  179.03  268.54      0    180.1  186.30  279.45      0
0:     67108864      16777216     float     sum      -1    351.3  191.01  286.52      0    332.9  201.59  302.38      0
0:    134217728      33554432     float     sum      -1    668.7  200.71  301.07      0    631.7  212.48  318.73      0
0:    268435456      67108864     float     sum      -1   1373.3  195.46  293.20      0   1225.0  219.13  328.70      0
0:    536870912     134217728     float     sum      -1   2661.8  201.69  302.54      0   2408.4  222.92  334.38      0
0:   1073741824     268435456     float     sum      -1   5289.0  203.02  304.52      0   4749.2  226.09  339.14      0
0:   2147483648     536870912     float     sum      -1    10549  203.57  305.36      0   9464.6  226.90  340.35      0
0:   4294967296    1073741824     float     sum      -1    21048  204.05  306.08      0    18920  227.00  340.50      0
0:            8             2     float     sum      -1     8.18    0.00    0.00      0     8.29    0.00    0.00      0
0:           16             4     float     sum      -1     8.30    0.00    0.00      0     8.19    0.00    0.00      0
0:           32             8     float     sum      -1     8.49    0.00    0.01      0     8.62    0.00    0.01      0
0:           64            16     float     sum      -1     9.26    0.01    0.01      0     9.09    0.01    0.01      0
0:          128            32     float     sum      -1     9.30    0.01    0.02      0     9.12    0.01    0.02      0
0:          256            64     float     sum      -1     9.59    0.03    0.04      0     9.17    0.03    0.04      0
0:          512           128     float     sum      -1     9.55    0.05    0.08      0     9.18    0.06    0.08      0
0:         1024           256     float     sum      -1     9.61    0.11    0.16      0     9.14    0.11    0.17      0
0:         2048           512     float     sum      -1     9.64    0.21    0.32      0     9.31    0.22    0.33      0
0:         4096          1024     float     sum      -1     9.82    0.42    0.63      0     9.45    0.43    0.65      0
0:         8192          2048     float     sum      -1    10.02    0.82    1.23      0     9.81    0.84    1.25      0
0:        16384          4096     float     sum      -1    10.89    1.51    2.26      0    10.47    1.57    2.35      0
0:        32768          8192     float     sum      -1    11.12    2.95    4.42      0    10.78    3.04    4.56      0
0:        65536         16384     float     sum      -1    11.45    5.72    8.58      0    10.93    6.00    9.00      0
0:       131072         32768     float     sum      -1    11.64   11.26   16.89      0    11.25   11.65   17.48      0
0:       262144         65536     float     sum      -1    12.13   21.60   32.40      0    11.90   22.03   33.05      0
0:       524288        131072     float     sum      -1    15.16   34.59   51.88      0    14.05   37.33   55.99      0
0:      1048576        262144     float     sum      -1    18.86   55.59   83.39      0    18.67   56.16   84.25      0
0:      2097152        524288     float     sum      -1    29.99   69.92  104.89      0    29.94   70.05  105.07      0
0:      4194304       1048576     float     sum      -1    42.62   98.41  147.61      0    42.31   99.14  148.71      0
0:      8388608       2097152     float     sum      -1    61.64  136.09  204.14      0    61.08  137.34  206.00      0
0:     16777216       4194304     float     sum      -1    104.8  160.15  240.23      0    99.96  167.84  251.76      0
0:     33554432       8388608     float     sum      -1    187.6  178.87  268.31      0    178.4  188.07  282.10      0
0:     67108864      16777216     float     sum      -1    350.5  191.45  287.17      0    333.8  201.04  301.56      0
0:    134217728      33554432     float     sum      -1    692.4  193.85  290.77      0    631.0  212.69  319.04      0
0:    268435456      67108864     float     sum      -1   1334.1  201.20  301.81      0   1226.8  218.81  328.22      0
0:    536870912     134217728     float     sum      -1   2674.3  200.75  301.13      0   2397.6  223.92  335.87      0
0:   1073741824     268435456     float     sum      -1   5284.4  203.19  304.79      0   4757.6  225.69  338.54      0
0:   2147483648     536870912     float     sum      -1    10535  203.84  305.75      0   9462.7  226.94  340.41      0
0:   4294967296    1073741824     float     sum      -1    21081  203.74  305.61      0    18913  227.09  340.64      0
0: # Out of bounds values : 0 OK
0: # Avg bus bandwidth    : 112.82 
0: #
0: 
