0: # nThread 1 nGpus 1 minBytes 8 maxBytes 4294967296 step: 2(factor) warmup iters: 8 iters: 24 agg iters: 1 validation: 1 graph: 0
0: #
0: # Using devices
0: #  Rank  0 Group  0 Pid 258600 on  nid007038 device  0 [0009:01:00] NVIDIA GH200 120GB
0: #  Rank  1 Group  0 Pid 258601 on  nid007038 device  0 [0019:01:00] NVIDIA GH200 120GB
0: #  Rank  2 Group  0 Pid 258602 on  nid007038 device  0 [0029:01:00] NVIDIA GH200 120GB
0: #  Rank  3 Group  0 Pid 258603 on  nid007038 device  0 [0039:01:00] NVIDIA GH200 120GB
0: #
0: #                                                              out-of-place                       in-place          
0: #       size         count      type   redop    root     time   algbw   busbw #wrong     time   algbw   busbw #wrong
0: #        (B)    (elements)                               (us)  (GB/s)  (GB/s)            (us)  (GB/s)  (GB/s)       
0:            8             2     float     sum      -1     8.58    0.00    0.00      0     8.23    0.00    0.00      0
0:           16             4     float     sum      -1     8.31    0.00    0.00      0     8.27    0.00    0.00      0
0:           32             8     float     sum      -1     8.76    0.00    0.01      0     8.66    0.00    0.01      0
0:           64            16     float     sum      -1     9.32    0.01    0.01      0     9.19    0.01    0.01      0
0:          128            32     float     sum      -1     9.37    0.01    0.02      0     9.23    0.01    0.02      0
0:          256            64     float     sum      -1     9.67    0.03    0.04      0     9.31    0.03    0.04      0
0:          512           128     float     sum      -1     9.67    0.05    0.08      0     9.30    0.06    0.08      0
0:         1024           256     float     sum      -1     9.71    0.11    0.16      0     9.28    0.11    0.17      0
0:         2048           512     float     sum      -1     9.80    0.21    0.31      0     9.55    0.21    0.32      0
0:         4096          1024     float     sum      -1    10.09    0.41    0.61      0     9.51    0.43    0.65      0
0:         8192          2048     float     sum      -1    10.16    0.81    1.21      0     9.81    0.83    1.25      0
0:        16384          4096     float     sum      -1    11.00    1.49    2.23      0    10.48    1.56    2.34      0
0:        32768          8192     float     sum      -1    11.16    2.94    4.40      0    10.82    3.03    4.54      0
0:        65536         16384     float     sum      -1    11.34    5.78    8.67      0    10.94    5.99    8.99      0
0:       131072         32768     float     sum      -1    11.66   11.24   16.86      0    11.25   11.65   17.48      0
0:       262144         65536     float     sum      -1    11.94   21.96   32.93      0    11.49   22.81   34.21      0
0:       524288        131072     float     sum      -1    14.99   34.98   52.47      0    14.01   37.44   56.15      0
0:      1048576        262144     float     sum      -1    18.94   55.36   83.05      0    18.82   55.71   83.56      0
0:      2097152        524288     float     sum      -1    30.21   69.43  104.14      0    30.20   69.44  104.16      0
0:      4194304       1048576     float     sum      -1    42.64   98.36  147.54      0    42.25   99.28  148.92      0
0:      8388608       2097152     float     sum      -1    61.80  135.74  203.61      0    61.11  137.26  205.89      0
0:     16777216       4194304     float     sum      -1    106.1  158.20  237.29      0    100.5  166.90  250.35      0
0:     33554432       8388608     float     sum      -1    186.7  179.77  269.66      0    179.2  187.23  280.85      0
0:     67108864      16777216     float     sum      -1    345.7  194.13  291.20      0    333.3  201.33  301.99      0
0:    134217728      33554432     float     sum      -1    669.6  200.44  300.67      0    631.6  212.51  318.76      0
0:    268435456      67108864     float     sum      -1   1352.1  198.54  297.81      0   1225.4  219.05  328.58      0
0:    536870912     134217728     float     sum      -1   2647.8  202.76  304.14      0   2410.4  222.73  334.10      0
0:   1073741824     268435456     float     sum      -1   5310.5  202.19  303.29      0   4762.8  225.44  338.17      0
0:   2147483648     536870912     float     sum      -1    10553  203.49  305.23      0   9477.8  226.58  339.87      0
0:   4294967296    1073741824     float     sum      -1    21178  202.81  304.21      0    18923  226.97  340.46      0
0:            8             2     float     sum      -1     8.47    0.00    0.00      0     8.28    0.00    0.00      0
0:           16             4     float     sum      -1     8.32    0.00    0.00      0     8.27    0.00    0.00      0
0:           32             8     float     sum      -1     8.68    0.00    0.01      0     8.68    0.00    0.01      0
0:           64            16     float     sum      -1     9.26    0.01    0.01      0     9.13    0.01    0.01      0
0:          128            32     float     sum      -1     9.34    0.01    0.02      0     9.22    0.01    0.02      0
0:          256            64     float     sum      -1     9.64    0.03    0.04      0     9.27    0.03    0.04      0
0:          512           128     float     sum      -1     9.60    0.05    0.08      0     9.31    0.05    0.08      0
0:         1024           256     float     sum      -1     9.77    0.10    0.16      0     9.30    0.11    0.17      0
0:         2048           512     float     sum      -1     9.77    0.21    0.31      0     9.46    0.22    0.32      0
0:         4096          1024     float     sum      -1     9.90    0.41    0.62      0     9.44    0.43    0.65      0
0:         8192          2048     float     sum      -1    10.20    0.80    1.21      0     9.76    0.84    1.26      0
0:        16384          4096     float     sum      -1    11.01    1.49    2.23      0    10.58    1.55    2.32      0
0:        32768          8192     float     sum      -1    11.15    2.94    4.41      0    10.74    3.05    4.57      0
0:        65536         16384     float     sum      -1    11.31    5.79    8.69      0    10.84    6.04    9.07      0
0:       131072         32768     float     sum      -1    11.62   11.28   16.92      0    11.32   11.58   17.37      0
0:       262144         65536     float     sum      -1    11.90   22.03   33.05      0    11.48   22.84   34.26      0
0:       524288        131072     float     sum      -1    14.96   35.04   52.55      0    13.98   37.51   56.27      0
0:      1048576        262144     float     sum      -1    18.86   55.59   83.39      0    18.91   55.45   83.18      0
0:      2097152        524288     float     sum      -1    30.21   69.42  104.14      0    30.13   69.61  104.41      0
0:      4194304       1048576     float     sum      -1    42.82   97.95  146.92      0    42.35   99.05  148.57      0
0:      8388608       2097152     float     sum      -1    61.97  135.36  203.04      0    61.06  137.38  206.07      0
0:     16777216       4194304     float     sum      -1    106.2  157.98  236.96      0    100.2  167.46  251.19      0
0:     33554432       8388608     float     sum      -1    186.4  180.03  270.04      0    178.0  188.47  282.70      0
0:     67108864      16777216     float     sum      -1    354.1  189.50  284.24      0    334.6  200.59  300.88      0
0:    134217728      33554432     float     sum      -1    678.5  197.82  296.73      0    631.6  212.49  318.74      0
0:    268435456      67108864     float     sum      -1   1320.8  203.24  304.85      0   1229.0  218.42  327.64      0
0:    536870912     134217728     float     sum      -1   2648.9  202.68  304.02      0   2406.5  223.09  334.64      0
0:   1073741824     268435456     float     sum      -1   5328.9  201.49  302.24      0   4756.8  225.73  338.59      0
0:   2147483648     536870912     float     sum      -1    10529  203.95  305.93      0   9478.6  226.56  339.84      0
0:   4294967296    1073741824     float     sum      -1    21157  203.00  304.50      0    18947  226.68  340.02      0
0:            8             2     float     sum      -1     8.40    0.00    0.00      0     8.26    0.00    0.00      0
0:           16             4     float     sum      -1     8.30    0.00    0.00      0     8.27    0.00    0.00      0
0:           32             8     float     sum      -1     8.79    0.00    0.01      0     8.75    0.00    0.01      0
0:           64            16     float     sum      -1     9.30    0.01    0.01      0     9.11    0.01    0.01      0
0:          128            32     float     sum      -1     9.44    0.01    0.02      0     9.23    0.01    0.02      0
0:          256            64     float     sum      -1     9.78    0.03    0.04      0     9.22    0.03    0.04      0
0:          512           128     float     sum      -1     9.63    0.05    0.08      0     9.36    0.05    0.08      0
0:         1024           256     float     sum      -1     9.74    0.11    0.16      0     9.38    0.11    0.16      0
0:         2048           512     float     sum      -1     9.77    0.21    0.31      0     9.38    0.22    0.33      0
0:         4096          1024     float     sum      -1     9.87    0.42    0.62      0     9.47    0.43    0.65      0
0:         8192          2048     float     sum      -1    10.20    0.80    1.21      0     9.83    0.83    1.25      0
0:        16384          4096     float     sum      -1    11.05    1.48    2.22      0    10.66    1.54    2.31      0
0:        32768          8192     float     sum      -1    11.17    2.93    4.40      0    10.82    3.03    4.54      0
0:        65536         16384     float     sum      -1    11.39    5.76    8.63      0    10.90    6.01    9.02      0
0:       131072         32768     float     sum      -1    11.60   11.30   16.94      0    11.34   11.56   17.34      0
0:       262144         65536     float     sum      -1    11.96   21.92   32.88      0    11.55   22.70   34.04      0
0:       524288        131072     float     sum      -1    14.96   35.06   52.59      0    14.04   37.34   56.01      0
0:      1048576        262144     float     sum      -1    18.93   55.40   83.10      0    18.98   55.25   82.88      0
0:      2097152        524288     float     sum      -1    30.26   69.31  103.96      0    30.27   69.29  103.94      0
0:      4194304       1048576     float     sum      -1    42.73   98.16  147.24      0    42.30   99.16  148.74      0
0:      8388608       2097152     float     sum      -1    61.95  135.41  203.12      0    61.11  137.27  205.90      0
0:     16777216       4194304     float     sum      -1    106.5  157.58  236.38      0    100.1  167.61  251.41      0
0:     33554432       8388608     float     sum      -1    189.8  176.79  265.18      0    179.8  186.66  279.98      0
0:     67108864      16777216     float     sum      -1    346.7  193.58  290.37      0    333.1  201.46  302.19      0
0:    134217728      33554432     float     sum      -1    677.0  198.26  297.39      0    633.7  211.81  317.71      0
0:    268435456      67108864     float     sum      -1   1329.0  201.98  302.98      0   1228.0  218.59  327.89      0
0:    536870912     134217728     float     sum      -1   2685.4  199.92  299.88      0   2406.0  223.14  334.71      0
0:   1073741824     268435456     float     sum      -1   5305.5  202.38  303.58      0   4749.3  226.09  339.13      0
0:   2147483648     536870912     float     sum      -1    10527  204.01  306.01      0   9493.7  226.20  339.30      0
0:   4294967296    1073741824     float     sum      -1    21137  203.20  304.80      0    18947  226.68  340.03      0
0:            8             2     float     sum      -1     8.42    0.00    0.00      0     8.31    0.00    0.00      0
0:           16             4     float     sum      -1     8.30    0.00    0.00      0     8.26    0.00    0.00      0
0:           32             8     float     sum      -1     8.71    0.00    0.01      0     8.75    0.00    0.01      0
0:           64            16     float     sum      -1     9.25    0.01    0.01      0     9.14    0.01    0.01      0
0:          128            32     float     sum      -1     9.35    0.01    0.02      0     9.24    0.01    0.02      0
0:          256            64     float     sum      -1     9.62    0.03    0.04      0     9.29    0.03    0.04      0
0:          512           128     float     sum      -1     9.65    0.05    0.08      0     9.33    0.05    0.08      0
0:         1024           256     float     sum      -1     9.83    0.10    0.16      0     9.28    0.11    0.17      0
0:         2048           512     float     sum      -1     9.75    0.21    0.32      0     9.40    0.22    0.33      0
0:         4096          1024     float     sum      -1     9.93    0.41    0.62      0     9.44    0.43    0.65      0
0:         8192          2048     float     sum      -1    10.11    0.81    1.22      0     9.92    0.83    1.24      0
0:        16384          4096     float     sum      -1    10.92    1.50    2.25      0    10.59    1.55    2.32      0
0:        32768          8192     float     sum      -1    11.13    2.95    4.42      0    10.78    3.04    4.56      0
0:        65536         16384     float     sum      -1    11.32    5.79    8.68      0    10.86    6.04    9.05      0
0:       131072         32768     float     sum      -1    11.64   11.26   16.89      0    11.27   11.63   17.44      0
0:       262144         65536     float     sum      -1    11.91   22.02   33.02      0    11.43   22.94   34.42      0
0:       524288        131072     float     sum      -1    15.01   34.94   52.41      0    14.07   37.26   55.90      0
0:      1048576        262144     float     sum      -1    18.81   55.74   83.60      0    18.90   55.47   83.21      0
0:      2097152        524288     float     sum      -1    30.53   68.70  103.05      0    30.11   69.66  104.49      0
0:      4194304       1048576     float     sum      -1    42.71   98.20  147.30      0    42.30   99.16  148.74      0
0:      8388608       2097152     float     sum      -1    61.83  135.67  203.50      0    61.23  137.00  205.50      0
0:     16777216       4194304     float     sum      -1    107.7  155.80  233.70      0    100.9  166.27  249.41      0
0:     33554432       8388608     float     sum      -1    186.9  179.57  269.35      0    178.9  187.55  281.32      0
0:     67108864      16777216     float     sum      -1    352.0  190.66  285.99      0    336.2  199.64  299.46      0
0:    134217728      33554432     float     sum      -1    678.5  197.82  296.73      0    633.5  211.86  317.78      0
0:    268435456      67108864     float     sum      -1   1338.1  200.61  300.91      0   1230.8  218.10  327.14      0
0:    536870912     134217728     float     sum      -1   2678.1  200.47  300.70      0   2405.7  223.17  334.75      0
0:   1073741824     268435456     float     sum      -1   5296.3  202.73  304.10      0   4761.9  225.49  338.23      0
0:   2147483648     536870912     float     sum      -1    10599  202.60  303.91      0   9480.5  226.52  339.77      0
0:   4294967296    1073741824     float     sum      -1    21153  203.04  304.56      0    18940  226.76  340.14      0
0:            8             2     float     sum      -1     8.35    0.00    0.00      0     8.25    0.00    0.00      0
0:           16             4     float     sum      -1     8.32    0.00    0.00      0     8.24    0.00    0.00      0
0:           32             8     float     sum      -1     8.68    0.00    0.01      0     8.84    0.00    0.01      0
0:           64            16     float     sum      -1     9.29    0.01    0.01      0     9.20    0.01    0.01      0
0:          128            32     float     sum      -1     9.36    0.01    0.02      0     9.24    0.01    0.02      0
0:          256            64     float     sum      -1     9.69    0.03    0.04      0     9.29    0.03    0.04      0
0:          512           128     float     sum      -1     9.58    0.05    0.08      0     9.28    0.06    0.08      0
0:         1024           256     float     sum      -1     9.81    0.10    0.16      0     9.35    0.11    0.16      0
0:         2048           512     float     sum      -1     9.69    0.21    0.32      0     9.43    0.22    0.33      0
0:         4096          1024     float     sum      -1     9.90    0.41    0.62      0     9.57    0.43    0.64      0
0:         8192          2048     float     sum      -1    10.15    0.81    1.21      0     9.78    0.84    1.26      0
0:        16384          4096     float     sum      -1    10.98    1.49    2.24      0    10.47    1.56    2.35      0
0:        32768          8192     float     sum      -1    11.15    2.94    4.41      0    10.75    3.05    4.57      0
0:        65536         16384     float     sum      -1    11.31    5.80    8.69      0    10.84    6.05    9.07      0
0:       131072         32768     float     sum      -1    11.66   11.24   16.86      0    11.30   11.60   17.40      0
0:       262144         65536     float     sum      -1    11.94   21.96   32.94      0    11.49   22.81   34.21      0
0:       524288        131072     float     sum      -1    14.93   35.13   52.69      0    14.04   37.34   56.01      0
0:      1048576        262144     float     sum      -1    18.90   55.48   83.23      0    18.82   55.71   83.56      0
0:      2097152        524288     float     sum      -1    30.23   69.38  104.07      0    30.29   69.23  103.85      0
0:      4194304       1048576     float     sum      -1    42.87   97.83  146.75      0    42.36   99.02  148.53      0
0:      8388608       2097152     float     sum      -1    61.81  135.73  203.59      0    61.27  136.90  205.35      0
0:     16777216       4194304     float     sum      -1    106.5  157.55  236.33      0    100.7  166.57  249.86      0
0:     33554432       8388608     float     sum      -1    188.2  178.26  267.39      0    179.3  187.15  280.72      0
0:     67108864      16777216     float     sum      -1    350.1  191.67  287.51      0    335.2  200.21  300.31      0
0:    134217728      33554432     float     sum      -1    707.8  189.64  284.46      0    633.6  211.84  317.76      0
0:    268435456      67108864     float     sum      -1   1353.9  198.27  297.40      0   1227.8  218.63  327.95      0
0:    536870912     134217728     float     sum      -1   2670.2  201.06  301.59      0   2404.0  223.32  334.99      0
0:   1073741824     268435456     float     sum      -1   5302.3  202.51  303.76      0   4762.6  225.45  338.18      0
0:   2147483648     536870912     float     sum      -1    10572  203.13  304.70      0   9482.7  226.46  339.69      0
0:   4294967296    1073741824     float     sum      -1    21139  203.17  304.76      0    18963  226.50  339.75      0
0:            8             2     float     sum      -1     8.37    0.00    0.00      0     8.25    0.00    0.00      0
0:           16             4     float     sum      -1     8.31    0.00    0.00      0     8.24    0.00    0.00      0
0:           32             8     float     sum      -1     8.75    0.00    0.01      0     8.72    0.00    0.01      0
0:           64            16     float     sum      -1     9.36    0.01    0.01      0     9.20    0.01    0.01      0
0:          128            32     float     sum      -1     9.39    0.01    0.02      0     9.24    0.01    0.02      0
0:          256            64     float     sum      -1     9.75    0.03    0.04      0     9.45    0.03    0.04      0
0:          512           128     float     sum      -1     9.70    0.05    0.08      0     9.30    0.06    0.08      0
0:         1024           256     float     sum      -1     9.74    0.11    0.16      0     9.38    0.11    0.16      0
0:         2048           512     float     sum      -1     9.80    0.21    0.31      0     9.44    0.22    0.33      0
0:         4096          1024     float     sum      -1     9.92    0.41    0.62      0     9.52    0.43    0.65      0
0:         8192          2048     float     sum      -1    10.21    0.80    1.20      0     9.82    0.83    1.25      0
0:        16384          4096     float     sum      -1    11.00    1.49    2.23      0    10.60    1.55    2.32      0
0:        32768          8192     float     sum      -1    11.15    2.94    4.41      0    10.77    3.04    4.56      0
0:        65536         16384     float     sum      -1    11.38    5.76    8.64      0    10.99    5.96    8.94      0
0:       131072         32768     float     sum      -1    11.70   11.20   16.80      0    11.28   11.62   17.43      0
0:       262144         65536     float     sum      -1    11.93   21.97   32.95      0    11.49   22.82   34.22      0
0:       524288        131072     float     sum      -1    14.99   34.98   52.47      0    13.98   37.50   56.25      0
0:      1048576        262144     float     sum      -1    19.16   54.74   82.11      0    18.84   55.65   83.47      0
0:      2097152        524288     float     sum      -1    30.20   69.43  104.15      0    30.11   69.66  104.49      0
0:      4194304       1048576     float     sum      -1    43.03   97.47  146.21      0    42.25   99.28  148.93      0
0:      8388608       2097152     float     sum      -1    62.26  134.74  202.11      0    61.05  137.41  206.12      0
0:     16777216       4194304     float     sum      -1    106.3  157.86  236.79      0    100.1  167.66  251.49      0
0:     33554432       8388608     float     sum      -1    190.4  176.22  264.32      0    177.8  188.72  283.08      0
0:     67108864      16777216     float     sum      -1    353.0  190.12  285.18      0    336.0  199.73  299.59      0
0:    134217728      33554432     float     sum      -1    670.7  200.12  300.18      0    633.6  211.83  317.75      0
0:    268435456      67108864     float     sum      -1   1326.4  202.38  303.57      0   1225.0  219.13  328.69      0
0:    536870912     134217728     float     sum      -1   2661.0  201.75  302.63      0   2410.6  222.71  334.07      0
0:   1073741824     268435456     float     sum      -1   5309.3  202.24  303.36      0   4757.4  225.70  338.55      0
0:   2147483648     536870912     float     sum      -1    10599  202.62  303.93      0   9468.0  226.82  340.22      0
0:   4294967296    1073741824     float     sum      -1    20958  204.94  307.40      0    18948  226.67  340.01      0
0:            8             2     float     sum      -1     8.32    0.00    0.00      0     8.29    0.00    0.00      0
0:           16             4     float     sum      -1     8.30    0.00    0.00      0     8.31    0.00    0.00      0
0:           32             8     float     sum      -1     8.80    0.00    0.01      0     8.77    0.00    0.01      0
0:           64            16     float     sum      -1     9.33    0.01    0.01      0     9.20    0.01    0.01      0
0:          128            32     float     sum      -1     9.41    0.01    0.02      0     9.24    0.01    0.02      0
0:          256            64     float     sum      -1     9.64    0.03    0.04      0     9.27    0.03    0.04      0
0:          512           128     float     sum      -1     9.63    0.05    0.08      0     9.32    0.05    0.08      0
0:         1024           256     float     sum      -1     9.81    0.10    0.16      0     9.29    0.11    0.17      0
0:         2048           512     float     sum      -1     9.78    0.21    0.31      0     9.53    0.21    0.32      0
0:         4096          1024     float     sum      -1    10.10    0.41    0.61      0     9.83    0.42    0.63      0
0:         8192          2048     float     sum      -1    10.24    0.80    1.20      0     9.87    0.83    1.25      0
0:        16384          4096     float     sum      -1    10.92    1.50    2.25      0    10.54    1.55    2.33      0
0:        32768          8192     float     sum      -1    11.22    2.92    4.38      0    10.80    3.03    4.55      0
0:        65536         16384     float     sum      -1    11.34    5.78    8.67      0    10.94    5.99    8.99      0
0:       131072         32768     float     sum      -1    11.70   11.20   16.80      0    11.28   11.62   17.42      0
0:       262144         65536     float     sum      -1    11.91   22.01   33.02      0    11.50   22.79   34.18      0
0:       524288        131072     float     sum      -1    14.95   35.08   52.62      0    14.01   37.42   56.13      0
0:      1048576        262144     float     sum      -1    18.79   55.82   83.73      0    18.77   55.87   83.80      0
0:      2097152        524288     float     sum      -1    30.27   69.28  103.93      0    30.21   69.42  104.13      0
0:      4194304       1048576     float     sum      -1    42.91   97.74  146.60      0    42.42   98.89  148.33      0
0:      8388608       2097152     float     sum      -1    61.98  135.35  203.02      0    61.28  136.90  205.34      0
0:     16777216       4194304     float     sum      -1    106.8  157.15  235.73      0    100.5  166.92  250.38      0
0:     33554432       8388608     float     sum      -1    189.3  177.29  265.94      0    178.0  188.48  282.72      0
0:     67108864      16777216     float     sum      -1    346.2  193.86  290.79      0    333.8  201.05  301.57      0
0:    134217728      33554432     float     sum      -1    671.5  199.89  299.83      0    633.9  211.74  317.61      0
0:    268435456      67108864     float     sum      -1   1330.4  201.77  302.66      0   1225.9  218.98  328.46      0
0:    536870912     134217728     float     sum      -1   2648.6  202.70  304.05      0   2411.0  222.68  334.02      0
0:   1073741824     268435456     float     sum      -1   5294.0  202.82  304.24      0   4761.1  225.52  338.28      0
0:   2147483648     536870912     float     sum      -1    10525  204.04  306.06      0   9473.6  226.68  340.02      0
0:   4294967296    1073741824     float     sum      -1    20966  204.85  307.28      0    18958  226.55  339.83      0
0:            8             2     float     sum      -1     8.27    0.00    0.00      0     8.27    0.00    0.00      0
0:           16             4     float     sum      -1     8.23    0.00    0.00      0     8.28    0.00    0.00      0
0:           32             8     float     sum      -1     8.73    0.00    0.01      0     8.76    0.00    0.01      0
0:           64            16     float     sum      -1     9.51    0.01    0.01      0     9.16    0.01    0.01      0
0:          128            32     float     sum      -1     9.36    0.01    0.02      0     9.21    0.01    0.02      0
0:          256            64     float     sum      -1     9.72    0.03    0.04      0     9.21    0.03    0.04      0
0:          512           128     float     sum      -1     9.66    0.05    0.08      0     9.25    0.06    0.08      0
0:         1024           256     float     sum      -1     9.74    0.11    0.16      0     9.32    0.11    0.16      0
0:         2048           512     float     sum      -1     9.78    0.21    0.31      0     9.38    0.22    0.33      0
0:         4096          1024     float     sum      -1     9.92    0.41    0.62      0     9.43    0.43    0.65      0
0:         8192          2048     float     sum      -1    10.17    0.81    1.21      0     9.82    0.83    1.25      0
0:        16384          4096     float     sum      -1    10.94    1.50    2.25      0    10.44    1.57    2.35      0
0:        32768          8192     float     sum      -1    11.12    2.95    4.42      0    10.74    3.05    4.58      0
0:        65536         16384     float     sum      -1    11.35    5.78    8.66      0    10.84    6.05    9.07      0
0:       131072         32768     float     sum      -1    11.64   11.26   16.89      0    11.24   11.66   17.50      0
0:       262144         65536     float     sum      -1    11.92   21.99   32.99      0    11.44   22.92   34.39      0
0:       524288        131072     float     sum      -1    14.98   35.01   52.51      0    14.02   37.39   56.09      0
0:      1048576        262144     float     sum      -1    18.90   55.48   83.21      0    18.89   55.51   83.26      0
0:      2097152        524288     float     sum      -1    30.22   69.40  104.10      0    30.17   69.50  104.25      0
0:      4194304       1048576     float     sum      -1    42.74   98.14  147.21      0    42.24   99.31  148.96      0
0:      8388608       2097152     float     sum      -1    61.90  135.53  203.29      0    61.34  136.76  205.14      0
0:     16777216       4194304     float     sum      -1    107.6  155.97  233.95      0    100.5  166.86  250.29      0
0:     33554432       8388608     float     sum      -1    186.1  180.35  270.52      0    178.5  187.94  281.91      0
0:     67108864      16777216     float     sum      -1    359.5  186.66  279.98      0    336.3  199.54  299.31      0
0:    134217728      33554432     float     sum      -1    703.5  190.78  286.17      0    632.8  212.10  318.15      0
0:    268435456      67108864     float     sum      -1   1334.2  201.20  301.80      0   1227.4  218.70  328.06      0
0:    536870912     134217728     float     sum      -1   2680.3  200.30  300.46      0   2408.9  222.87  334.30      0
0:   1073741824     268435456     float     sum      -1   5335.9  201.23  301.84      0   4759.7  225.59  338.38      0
0:   2147483648     536870912     float     sum      -1    10598  202.64  303.96      0   9488.9  226.31  339.47      0
0:   4294967296    1073741824     float     sum      -1    20973  204.78  307.17      0    18940  226.77  340.16      0
0:            8             2     float     sum      -1     8.35    0.00    0.00      0     8.27    0.00    0.00      0
0:           16             4     float     sum      -1     8.33    0.00    0.00      0     8.24    0.00    0.00      0
0:           32             8     float     sum      -1     8.86    0.00    0.01      0     8.74    0.00    0.01      0
0:           64            16     float     sum      -1     9.35    0.01    0.01      0     9.16    0.01    0.01      0
0:          128            32     float     sum      -1     9.35    0.01    0.02      0     9.19    0.01    0.02      0
0:          256            64     float     sum      -1     9.65    0.03    0.04      0     9.26    0.03    0.04      0
0:          512           128     float     sum      -1     9.61    0.05    0.08      0     9.32    0.05    0.08      0
0:         1024           256     float     sum      -1     9.80    0.10    0.16      0     9.33    0.11    0.16      0
0:         2048           512     float     sum      -1     9.78    0.21    0.31      0     9.41    0.22    0.33      0
0:         4096          1024     float     sum      -1     9.92    0.41    0.62      0     9.47    0.43    0.65      0
0:         8192          2048     float     sum      -1    10.21    0.80    1.20      0     9.77    0.84    1.26      0
0:        16384          4096     float     sum      -1    10.94    1.50    2.25      0    10.52    1.56    2.34      0
0:        32768          8192     float     sum      -1    11.10    2.95    4.43      0    10.69    3.06    4.60      0
0:        65536         16384     float     sum      -1    11.30    5.80    8.70      0    10.89    6.02    9.02      0
0:       131072         32768     float     sum      -1    11.60   11.30   16.95      0    11.26   11.64   17.46      0
0:       262144         65536     float     sum      -1    11.86   22.11   33.16      0    11.45   22.89   34.33      0
0:       524288        131072     float     sum      -1    14.86   35.29   52.93      0    13.99   37.49   56.23      0
0:      1048576        262144     float     sum      -1    18.82   55.70   83.56      0    18.90   55.49   83.23      0
0:      2097152        524288     float     sum      -1    30.44   68.89  103.34      0    30.12   69.63  104.44      0
0:      4194304       1048576     float     sum      -1    42.76   98.10  147.15      0    42.16   99.48  149.23      0
0:      8388608       2097152     float     sum      -1    61.70  135.95  203.93      0    61.02  137.47  206.21      0
0:     16777216       4194304     float     sum      -1    106.4  157.64  236.46      0    100.2  167.51  251.26      0
0:     33554432       8388608     float     sum      -1    187.8  178.72  268.07      0    177.8  188.71  283.06      0
0:     67108864      16777216     float     sum      -1    347.8  192.93  289.40      0    333.2  201.42  302.13      0
0:    134217728      33554432     float     sum      -1    671.6  199.86  299.78      0    634.2  211.63  317.44      0
0:    268435456      67108864     float     sum      -1   1338.3  200.59  300.88      0   1226.8  218.80  328.21      0
0:    536870912     134217728     float     sum      -1   2692.8  199.38  299.06      0   2406.7  223.07  334.61      0
0:   1073741824     268435456     float     sum      -1   5275.9  203.52  305.28      0   4759.5  225.60  338.40      0
0:   2147483648     536870912     float     sum      -1    10538  203.78  305.68      0   9472.9  226.70  340.04      0
0:   4294967296    1073741824     float     sum      -1    20753  206.95  310.43      0    18934  226.84  340.25      0
0:            8             2     float     sum      -1     8.28    0.00    0.00      0     8.26    0.00    0.00      0
0:           16             4     float     sum      -1     8.31    0.00    0.00      0     8.25    0.00    0.00      0
0:           32             8     float     sum      -1     8.75    0.00    0.01      0     8.76    0.00    0.01      0
0:           64            16     float     sum      -1     9.36    0.01    0.01      0     9.15    0.01    0.01      0
0:          128            32     float     sum      -1     9.37    0.01    0.02      0     9.22    0.01    0.02      0
0:          256            64     float     sum      -1     9.58    0.03    0.04      0     9.23    0.03    0.04      0
0:          512           128     float     sum      -1     9.64    0.05    0.08      0     9.29    0.06    0.08      0
0:         1024           256     float     sum      -1     9.73    0.11    0.16      0     9.31    0.11    0.17      0
0:         2048           512     float     sum      -1     9.75    0.21    0.31      0     9.40    0.22    0.33      0
0:         4096          1024     float     sum      -1     9.93    0.41    0.62      0     9.51    0.43    0.65      0
0:         8192          2048     float     sum      -1    10.15    0.81    1.21      0     9.78    0.84    1.26      0
0:        16384          4096     float     sum      -1    10.94    1.50    2.25      0    10.50    1.56    2.34      0
0:        32768          8192     float     sum      -1    11.13    2.94    4.42      0    10.79    3.04    4.56      0
0:        65536         16384     float     sum      -1    11.32    5.79    8.68      0    10.84    6.04    9.07      0
0:       131072         32768     float     sum      -1    11.69   11.22   16.82      0    11.32   11.58   17.37      0
0:       262144         65536     float     sum      -1    11.92   21.99   32.98      0    11.42   22.96   34.43      0
0:       524288        131072     float     sum      -1    14.90   35.19   52.79      0    13.98   37.50   56.24      0
0:      1048576        262144     float     sum      -1    18.83   55.68   83.52      0    18.81   55.76   83.64      0
0:      2097152        524288     float     sum      -1    30.22   69.39  104.08      0    30.14   69.59  104.38      0
0:      4194304       1048576     float     sum      -1    42.70   98.23  147.34      0    42.27   99.23  148.84      0
0:      8388608       2097152     float     sum      -1    61.90  135.51  203.26      0    61.11  137.26  205.89      0
0:     16777216       4194304     float     sum      -1    106.5  157.57  236.36      0    100.0  167.70  251.55      0
0:     33554432       8388608     float     sum      -1    186.1  180.31  270.47      0    178.8  187.62  281.43      0
0:     67108864      16777216     float     sum      -1    349.1  192.26  288.39      0    333.4  201.28  301.93      0
0:    134217728      33554432     float     sum      -1    701.1  191.45  287.17      0    635.9  211.08  316.62      0
0:    268435456      67108864     float     sum      -1   1334.1  201.21  301.81      0   1227.6  218.67  328.00      0
0:    536870912     134217728     float     sum      -1   2685.2  199.93  299.90      0   2409.8  222.79  334.18      0
0:   1073741824     268435456     float     sum      -1   5332.4  201.36  302.04      0   4754.6  225.83  338.75      0
0:   2147483648     536870912     float     sum      -1    10549  203.58  305.37      0   9472.0  226.72  340.08      0
0:   4294967296    1073741824     float     sum      -1    21108  203.48  305.21      0    18945  226.70  340.06      0
0: # Out of bounds values : 0 OK
0: # Avg bus bandwidth    : 112.702 
0: #
0: 
