 0: # nThread 1 nGpus 1 minBytes 8 maxBytes 4294967296 step: 2(factor) warmup iters: 8 iters: 24 agg iters: 1 validation: 1 graph: 0
 0: #
 0: # Using devices
 0: #  Rank  0 Group  0 Pid 243182 on  nid006918 device  0 [0009:01:00] NVIDIA GH200 120GB
 0: #  Rank  1 Group  0 Pid 243183 on  nid006918 device  0 [0019:01:00] NVIDIA GH200 120GB
 0: #  Rank  2 Group  0 Pid 243184 on  nid006918 device  0 [0029:01:00] NVIDIA GH200 120GB
 0: #  Rank  3 Group  0 Pid 243185 on  nid006918 device  0 [0039:01:00] NVIDIA GH200 120GB
 0: #  Rank  4 Group  0 Pid 146164 on  nid006926 device  0 [0009:01:00] NVIDIA GH200 120GB
 0: #  Rank  5 Group  0 Pid 146165 on  nid006926 device  0 [0019:01:00] NVIDIA GH200 120GB
 0: #  Rank  6 Group  0 Pid 146166 on  nid006926 device  0 [0029:01:00] NVIDIA GH200 120GB
 0: #  Rank  7 Group  0 Pid 146167 on  nid006926 device  0 [0039:01:00] NVIDIA GH200 120GB
 0: #  Rank  8 Group  0 Pid 156889 on  nid006928 device  0 [0009:01:00] NVIDIA GH200 120GB
 0: #  Rank  9 Group  0 Pid 156890 on  nid006928 device  0 [0019:01:00] NVIDIA GH200 120GB
 0: #  Rank 10 Group  0 Pid 156891 on  nid006928 device  0 [0029:01:00] NVIDIA GH200 120GB
 0: #  Rank 11 Group  0 Pid 156892 on  nid006928 device  0 [0039:01:00] NVIDIA GH200 120GB
 0: #  Rank 12 Group  0 Pid  56146 on  nid006930 device  0 [0009:01:00] NVIDIA GH200 120GB
 0: #  Rank 13 Group  0 Pid  56147 on  nid006930 device  0 [0019:01:00] NVIDIA GH200 120GB
 0: #  Rank 14 Group  0 Pid  56148 on  nid006930 device  0 [0029:01:00] NVIDIA GH200 120GB
 0: #  Rank 15 Group  0 Pid  56149 on  nid006930 device  0 [0039:01:00] NVIDIA GH200 120GB
 0: #  Rank 16 Group  0 Pid  92639 on  nid006932 device  0 [0009:01:00] NVIDIA GH200 120GB
 0: #  Rank 17 Group  0 Pid  92640 on  nid006932 device  0 [0019:01:00] NVIDIA GH200 120GB
 0: #  Rank 18 Group  0 Pid  92641 on  nid006932 device  0 [0029:01:00] NVIDIA GH200 120GB
 0: #  Rank 19 Group  0 Pid  92642 on  nid006932 device  0 [0039:01:00] NVIDIA GH200 120GB
 0: #  Rank 20 Group  0 Pid  76308 on  nid006933 device  0 [0009:01:00] NVIDIA GH200 120GB
 0: #  Rank 21 Group  0 Pid  76309 on  nid006933 device  0 [0019:01:00] NVIDIA GH200 120GB
 0: #  Rank 22 Group  0 Pid  76310 on  nid006933 device  0 [0029:01:00] NVIDIA GH200 120GB
 0: #  Rank 23 Group  0 Pid  76311 on  nid006933 device  0 [0039:01:00] NVIDIA GH200 120GB
 0: #  Rank 24 Group  0 Pid  15354 on  nid006936 device  0 [0009:01:00] NVIDIA GH200 120GB
 0: #  Rank 25 Group  0 Pid  15355 on  nid006936 device  0 [0019:01:00] NVIDIA GH200 120GB
 0: #  Rank 26 Group  0 Pid  15356 on  nid006936 device  0 [0029:01:00] NVIDIA GH200 120GB
 0: #  Rank 27 Group  0 Pid  15357 on  nid006936 device  0 [0039:01:00] NVIDIA GH200 120GB
 0: #  Rank 28 Group  0 Pid  45471 on  nid006937 device  0 [0009:01:00] NVIDIA GH200 120GB
 0: #  Rank 29 Group  0 Pid  45472 on  nid006937 device  0 [0019:01:00] NVIDIA GH200 120GB
 0: #  Rank 30 Group  0 Pid  45473 on  nid006937 device  0 [0029:01:00] NVIDIA GH200 120GB
 0: #  Rank 31 Group  0 Pid  45474 on  nid006937 device  0 [0039:01:00] NVIDIA GH200 120GB
 0: #  Rank 32 Group  0 Pid  85491 on  nid006938 device  0 [0009:01:00] NVIDIA GH200 120GB
 0: #  Rank 33 Group  0 Pid  85492 on  nid006938 device  0 [0019:01:00] NVIDIA GH200 120GB
 0: #  Rank 34 Group  0 Pid  85493 on  nid006938 device  0 [0029:01:00] NVIDIA GH200 120GB
 0: #  Rank 35 Group  0 Pid  85494 on  nid006938 device  0 [0039:01:00] NVIDIA GH200 120GB
 0: #  Rank 36 Group  0 Pid 119112 on  nid006940 device  0 [0009:01:00] NVIDIA GH200 120GB
 0: #  Rank 37 Group  0 Pid 119113 on  nid006940 device  0 [0019:01:00] NVIDIA GH200 120GB
 0: #  Rank 38 Group  0 Pid 119114 on  nid006940 device  0 [0029:01:00] NVIDIA GH200 120GB
 0: #  Rank 39 Group  0 Pid 119115 on  nid006940 device  0 [0039:01:00] NVIDIA GH200 120GB
 0: #  Rank 40 Group  0 Pid 132666 on  nid006941 device  0 [0009:01:00] NVIDIA GH200 120GB
 0: #  Rank 41 Group  0 Pid 132667 on  nid006941 device  0 [0019:01:00] NVIDIA GH200 120GB
 0: #  Rank 42 Group  0 Pid 132668 on  nid006941 device  0 [0029:01:00] NVIDIA GH200 120GB
 0: #  Rank 43 Group  0 Pid 132669 on  nid006941 device  0 [0039:01:00] NVIDIA GH200 120GB
 0: #  Rank 44 Group  0 Pid  71925 on  nid006942 device  0 [0009:01:00] NVIDIA GH200 120GB
 0: #  Rank 45 Group  0 Pid  71926 on  nid006942 device  0 [0019:01:00] NVIDIA GH200 120GB
 0: #  Rank 46 Group  0 Pid  71927 on  nid006942 device  0 [0029:01:00] NVIDIA GH200 120GB
 0: #  Rank 47 Group  0 Pid  71928 on  nid006942 device  0 [0039:01:00] NVIDIA GH200 120GB
 0: #  Rank 48 Group  0 Pid 135122 on  nid006943 device  0 [0009:01:00] NVIDIA GH200 120GB
 0: #  Rank 49 Group  0 Pid 135123 on  nid006943 device  0 [0019:01:00] NVIDIA GH200 120GB
 0: #  Rank 50 Group  0 Pid 135124 on  nid006943 device  0 [0029:01:00] NVIDIA GH200 120GB
 0: #  Rank 51 Group  0 Pid 135125 on  nid006943 device  0 [0039:01:00] NVIDIA GH200 120GB
 0: #  Rank 52 Group  0 Pid   6632 on  nid006945 device  0 [0009:01:00] NVIDIA GH200 120GB
 0: #  Rank 53 Group  0 Pid   6633 on  nid006945 device  0 [0019:01:00] NVIDIA GH200 120GB
 0: #  Rank 54 Group  0 Pid   6634 on  nid006945 device  0 [0029:01:00] NVIDIA GH200 120GB
 0: #  Rank 55 Group  0 Pid   6635 on  nid006945 device  0 [0039:01:00] NVIDIA GH200 120GB
 0: #  Rank 56 Group  0 Pid  84124 on  nid006946 device  0 [0009:01:00] NVIDIA GH200 120GB
 0: #  Rank 57 Group  0 Pid  84125 on  nid006946 device  0 [0019:01:00] NVIDIA GH200 120GB
 0: #  Rank 58 Group  0 Pid  84126 on  nid006946 device  0 [0029:01:00] NVIDIA GH200 120GB
 0: #  Rank 59 Group  0 Pid  84127 on  nid006946 device  0 [0039:01:00] NVIDIA GH200 120GB
 0: #  Rank 60 Group  0 Pid  69155 on  nid007120 device  0 [0009:01:00] NVIDIA GH200 120GB
 0: #  Rank 61 Group  0 Pid  69156 on  nid007120 device  0 [0019:01:00] NVIDIA GH200 120GB
 0: #  Rank 62 Group  0 Pid  69157 on  nid007120 device  0 [0029:01:00] NVIDIA GH200 120GB
 0: #  Rank 63 Group  0 Pid  69158 on  nid007120 device  0 [0039:01:00] NVIDIA GH200 120GB
 0: #
 0: #                                                              out-of-place                       in-place          
 0: #       size         count      type   redop    root     time   algbw   busbw #wrong     time   algbw   busbw #wrong
 0: #        (B)    (elements)                               (us)  (GB/s)  (GB/s)            (us)  (GB/s)  (GB/s)       
 0:            8             2     float     sum      -1    784.5    0.00    0.00      0    711.6    0.00    0.00      0
 0:           16             4     float     sum      -1    695.0    0.00    0.00      0    926.1    0.00    0.00      0
 0:           32             8     float     sum      -1    859.7    0.00    0.00      0   1148.0    0.00    0.00      0
 0:           64            16     float     sum      -1    631.8    0.00    0.00      0    665.7    0.00    0.00      0
 0:          128            32     float     sum      -1    455.0    0.00    0.00      0    494.3    0.00    0.00      0
 0:          256            64     float     sum      -1    719.0    0.00    0.00      0    858.6    0.00    0.00      0
 0:          512           128     float     sum      -1    454.7    0.00    0.00      0   2014.4    0.00    0.00      0
 0:         1024           256     float     sum      -1    638.9    0.00    0.00      0    711.7    0.00    0.00      0
 0:         2048           512     float     sum      -1    516.1    0.00    0.01      0    509.1    0.00    0.01      0
 0:         4096          1024     float     sum      -1    581.2    0.01    0.01      0    568.1    0.01    0.01      0
 0:         8192          2048     float     sum      -1    979.2    0.01    0.02      0   1030.4    0.01    0.02      0
 0:        16384          4096     float     sum      -1   3678.8    0.00    0.01      0   2386.3    0.01    0.01      0
 0:        32768          8192     float     sum      -1   3125.0    0.01    0.02      0   3144.9    0.01    0.02      0
 0:        65536         16384     float     sum      -1   3281.4    0.02    0.04      0   3434.8    0.02    0.04      0
 0:       131072         32768     float     sum      -1   4182.4    0.03    0.06      0   3511.5    0.04    0.07      0
 0:       262144         65536     float     sum      -1   4039.3    0.06    0.13      0   3688.8    0.07    0.14      0
 0:       524288        131072     float     sum      -1    36510    0.01    0.03      0    37355    0.01    0.03      0
 0:      1048576        262144     float     sum      -1    37761    0.03    0.05      0    35834    0.03    0.06      0
 0:      2097152        524288     float     sum      -1    37788    0.06    0.11      0    37042    0.06    0.11      0
 0:      4194304       1048576     float     sum      -1    36417    0.12    0.23      0    35397    0.12    0.23      0
 0:      8388608       2097152     float     sum      -1    57010    0.15    0.29      0    50877    0.16    0.32      0
 0:     16777216       4194304     float     sum      -1    99737    0.17    0.33      0    97975    0.17    0.34      0
 0:     33554432       8388608     float     sum      -1   192917    0.17    0.34      0   181602    0.18    0.36      0
 0:     67108864      16777216     float     sum      -1   566690    0.12    0.23      0   383341    0.18    0.34      0
