 0: # nThread 1 nGpus 1 minBytes 8 maxBytes 4294967296 step: 2(factor) warmup iters: 8 iters: 24 agg iters: 1 validation: 1 graph: 0
 0: #
 0: # Using devices
 0: #  Rank  0 Group  0 Pid 265459 on  nid006913 device  0 [0009:01:00] NVIDIA GH200 120GB
 0: #  Rank  1 Group  0 Pid 265460 on  nid006913 device  0 [0019:01:00] NVIDIA GH200 120GB
 0: #  Rank  2 Group  0 Pid 265461 on  nid006913 device  0 [0029:01:00] NVIDIA GH200 120GB
 0: #  Rank  3 Group  0 Pid 265462 on  nid006913 device  0 [0039:01:00] NVIDIA GH200 120GB
 0: #  Rank  4 Group  0 Pid 244297 on  nid006914 device  0 [0009:01:00] NVIDIA GH200 120GB
 0: #  Rank  5 Group  0 Pid 244298 on  nid006914 device  0 [0019:01:00] NVIDIA GH200 120GB
 0: #  Rank  6 Group  0 Pid 244299 on  nid006914 device  0 [0029:01:00] NVIDIA GH200 120GB
 0: #  Rank  7 Group  0 Pid 244300 on  nid006914 device  0 [0039:01:00] NVIDIA GH200 120GB
 0: #  Rank  8 Group  0 Pid 264128 on  nid006916 device  0 [0009:01:00] NVIDIA GH200 120GB
 0: #  Rank  9 Group  0 Pid 264129 on  nid006916 device  0 [0019:01:00] NVIDIA GH200 120GB
 0: #  Rank 10 Group  0 Pid 264130 on  nid006916 device  0 [0029:01:00] NVIDIA GH200 120GB
 0: #  Rank 11 Group  0 Pid 264131 on  nid006916 device  0 [0039:01:00] NVIDIA GH200 120GB
 0: #  Rank 12 Group  0 Pid 260058 on  nid006917 device  0 [0009:01:00] NVIDIA GH200 120GB
 0: #  Rank 13 Group  0 Pid 260059 on  nid006917 device  0 [0019:01:00] NVIDIA GH200 120GB
 0: #  Rank 14 Group  0 Pid 260060 on  nid006917 device  0 [0029:01:00] NVIDIA GH200 120GB
 0: #  Rank 15 Group  0 Pid 260061 on  nid006917 device  0 [0039:01:00] NVIDIA GH200 120GB
 0: #  Rank 16 Group  0 Pid 228284 on  nid006921 device  0 [0009:01:00] NVIDIA GH200 120GB
 0: #  Rank 17 Group  0 Pid 228285 on  nid006921 device  0 [0019:01:00] NVIDIA GH200 120GB
 0: #  Rank 18 Group  0 Pid 228286 on  nid006921 device  0 [0029:01:00] NVIDIA GH200 120GB
 0: #  Rank 19 Group  0 Pid 228287 on  nid006921 device  0 [0039:01:00] NVIDIA GH200 120GB
 0: #  Rank 20 Group  0 Pid  68645 on  nid006932 device  0 [0009:01:00] NVIDIA GH200 120GB
 0: #  Rank 21 Group  0 Pid  68646 on  nid006932 device  0 [0019:01:00] NVIDIA GH200 120GB
 0: #  Rank 22 Group  0 Pid  68647 on  nid006932 device  0 [0029:01:00] NVIDIA GH200 120GB
 0: #  Rank 23 Group  0 Pid  68648 on  nid006932 device  0 [0039:01:00] NVIDIA GH200 120GB
 0: #  Rank 24 Group  0 Pid  52127 on  nid006933 device  0 [0009:01:00] NVIDIA GH200 120GB
 0: #  Rank 25 Group  0 Pid  52128 on  nid006933 device  0 [0019:01:00] NVIDIA GH200 120GB
 0: #  Rank 26 Group  0 Pid  52129 on  nid006933 device  0 [0029:01:00] NVIDIA GH200 120GB
 0: #  Rank 27 Group  0 Pid  52130 on  nid006933 device  0 [0039:01:00] NVIDIA GH200 120GB
 0: #  Rank 28 Group  0 Pid 284064 on  nid006936 device  0 [0009:01:00] NVIDIA GH200 120GB
 0: #  Rank 29 Group  0 Pid 284065 on  nid006936 device  0 [0019:01:00] NVIDIA GH200 120GB
 0: #  Rank 30 Group  0 Pid 284067 on  nid006936 device  0 [0029:01:00] NVIDIA GH200 120GB
 0: #  Rank 31 Group  0 Pid 284068 on  nid006936 device  0 [0039:01:00] NVIDIA GH200 120GB
 0: #
 0: #                                                              out-of-place                       in-place          
 0: #       size         count      type   redop    root     time   algbw   busbw #wrong     time   algbw   busbw #wrong
 0: #        (B)    (elements)                               (us)  (GB/s)  (GB/s)            (us)  (GB/s)  (GB/s)       
 0:            8             2     float     sum      -1    30.68    0.00    0.00      0    29.68    0.00    0.00      0
 0:           16             4     float     sum      -1    29.36    0.00    0.00      0    29.52    0.00    0.00      0
 0:           32             8     float     sum      -1    29.80    0.00    0.00      0    29.89    0.00    0.00      0
 0:           64            16     float     sum      -1    33.13    0.00    0.00      0    33.22    0.00    0.00      0
 0:          128            32     float     sum      -1    61.87    0.00    0.00      0    61.24    0.00    0.00      0
 0:          256            64     float     sum      -1    63.16    0.00    0.01      0    62.20    0.00    0.01      0
 0:          512           128     float     sum      -1    63.02    0.01    0.02      0    77.31    0.01    0.01      0
 0:         1024           256     float     sum      -1    65.79    0.02    0.03      0    64.26    0.02    0.03      0
 0:         2048           512     float     sum      -1    68.22    0.03    0.06      0    68.70    0.03    0.06      0
 0:         4096          1024     float     sum      -1    76.22    0.05    0.10      0    73.67    0.06    0.11      0
 0:         8192          2048     float     sum      -1    77.37    0.11    0.21      0    74.88    0.11    0.21      0
 0:        16384          4096     float     sum      -1    78.63    0.21    0.40      0    76.00    0.22    0.42      0
 0:        32768          8192     float     sum      -1    79.74    0.41    0.80      0    170.5    0.19    0.37      0
 0:        65536         16384     float     sum      -1    93.42    0.70    1.36      0    91.63    0.72    1.39      0
 0:       131072         32768     float     sum      -1    117.0    1.12    2.17      0    114.2    1.15    2.22      0
 0:       262144         65536     float     sum      -1    170.5    1.54    2.98      0    165.3    1.59    3.07      0
 0:       524288        131072     float     sum      -1    222.5    2.36    4.57      0    220.0    2.38    4.62      0
 0:      1048576        262144     float     sum      -1    278.9    3.76    7.28      0    278.3    3.77    7.30      0
 0:      2097152        524288     float     sum      -1    421.1    4.98    9.65      0    421.6    4.97    9.64      0
 0:      4194304       1048576     float     sum      -1    702.0    5.97   11.58      0    701.1    5.98   11.59      0
 0:      8388608       2097152     float     sum      -1    800.4   10.48   20.31      0    799.2   10.50   20.34      0
 0:     16777216       4194304     float     sum      -1   1088.6   15.41   29.86      0   1093.1   15.35   29.74      0
 0:     33554432       8388608     float     sum      -1   1122.6   29.89   57.91      0   1121.8   29.91   57.95      0
 0:     67108864      16777216     float     sum      -1   2019.3   33.23   64.39      0   2036.8   32.95   63.84      0
 0:    134217728      33554432     float     sum      -1   3560.9   37.69   73.03      0   3561.3   37.69   73.02      0
 0:    268435456      67108864     float     sum      -1   6932.0   38.72   75.03      0   6480.3   41.42   80.26      0
 0:    536870912     134217728     float     sum      -1    12131   44.26   85.75      0    12422   43.22   83.73      0
 0:   1073741824     268435456     float     sum      -1    24176   44.41   86.05      0    23259   46.17   89.44      0
 0:   2147483648     536870912     float     sum      -1    46510   46.17   89.46      0    45786   46.90   90.87      0
 0:   4294967296    1073741824     float     sum      -1    91524   46.93   90.92      0    90483   47.47   91.97      0
 0:            8             2     float     sum      -1    30.28    0.00    0.00      0    29.97    0.00    0.00      0
 0:           16             4     float     sum      -1    29.78    0.00    0.00      0    29.61    0.00    0.00      0
 0:           32             8     float     sum      -1    29.63    0.00    0.00      0    29.86    0.00    0.00      0
 0:           64            16     float     sum      -1    33.47    0.00    0.00      0    32.92    0.00    0.00      0
 0:          128            32     float     sum      -1    61.32    0.00    0.00      0    59.83    0.00    0.00      0
 0:          256            64     float     sum      -1    61.99    0.00    0.01      0    61.22    0.00    0.01      0
 0:          512           128     float     sum      -1    62.82    0.01    0.02      0    62.32    0.01    0.02      0
 0:         1024           256     float     sum      -1    65.07    0.02    0.03      0    63.74    0.02    0.03      0
 0:         2048           512     float     sum      -1    68.63    0.03    0.06      0    67.39    0.03    0.06      0
 0:         4096          1024     float     sum      -1    75.66    0.05    0.10      0    73.98    0.06    0.11      0
 0:         8192          2048     float     sum      -1    76.81    0.11    0.21      0    75.53    0.11    0.21      0
 0:        16384          4096     float     sum      -1    80.10    0.20    0.40      0    77.54    0.21    0.41      0
 0:        32768          8192     float     sum      -1    81.31    0.40    0.78      0    78.88    0.42    0.80      0
 0:        65536         16384     float     sum      -1    93.80    0.70    1.35      0    91.19    0.72    1.39      0
 0:       131072         32768     float     sum      -1    117.0    1.12    2.17      0    115.2    1.14    2.20      0
 0:       262144         65536     float     sum      -1    169.7    1.54    2.99      0    165.1    1.59    3.08      0
 0:       524288        131072     float     sum      -1    224.3    2.34    4.53      0    221.9    2.36    4.58      0
 0:      1048576        262144     float     sum      -1    277.9    3.77    7.31      0    278.2    3.77    7.30      0
 0:      2097152        524288     float     sum      -1    422.0    4.97    9.63      0    421.7    4.97    9.64      0
 0:      4194304       1048576     float     sum      -1    702.5    5.97   11.57      0    703.7    5.96   11.55      0
 0:      8388608       2097152     float     sum      -1    797.7   10.52   20.37      0    798.9   10.50   20.35      0
 0:     16777216       4194304     float     sum      -1   1088.9   15.41   29.85      0   1091.5   15.37   29.78      0
 0:     33554432       8388608     float     sum      -1   1125.3   29.82   57.77      0   1123.1   29.88   57.89      0
 0:     67108864      16777216     float     sum      -1   2038.3   32.92   63.79      0   2025.4   33.13   64.20      0
 0:    134217728      33554432     float     sum      -1   3589.9   37.39   72.44      0   3607.1   37.21   72.09      0
 0:    268435456      67108864     float     sum      -1   6727.7   39.90   77.31      0   6847.6   39.20   75.95      0
 0:    536870912     134217728     float     sum      -1    12702   42.27   81.89      0    12169   44.12   85.48      0
 0:   1073741824     268435456     float     sum      -1    24433   43.95   85.15      0    24015   44.71   86.63      0
 0:   2147483648     536870912     float     sum      -1    46471   46.21   89.53      0    46876   45.81   88.76      0
 0:   4294967296    1073741824     float     sum      -1    90528   47.44   91.92      0    91717   46.83   90.73      0
 0:            8             2     float     sum      -1    30.82    0.00    0.00      0    29.42    0.00    0.00      0
 0:           16             4     float     sum      -1    29.96    0.00    0.00      0    29.46    0.00    0.00      0
 0:           32             8     float     sum      -1    29.71    0.00    0.00      0    29.54    0.00    0.00      0
 0:           64            16     float     sum      -1    33.02    0.00    0.00      0    32.63    0.00    0.00      0
 0:          128            32     float     sum      -1    60.52    0.00    0.00      0    60.49    0.00    0.00      0
 0:          256            64     float     sum      -1    61.58    0.00    0.01      0    60.94    0.00    0.01      0
 0:          512           128     float     sum      -1    62.32    0.01    0.02      0    62.55    0.01    0.02      0
 0:         1024           256     float     sum      -1    66.49    0.02    0.03      0    64.22    0.02    0.03      0
 0:         2048           512     float     sum      -1    68.23    0.03    0.06      0    67.35    0.03    0.06      0
 0:         4096          1024     float     sum      -1    74.70    0.05    0.11      0    74.37    0.06    0.11      0
 0:         8192          2048     float     sum      -1    77.13    0.11    0.21      0    75.39    0.11    0.21      0
 0:        16384          4096     float     sum      -1    77.94    0.21    0.41      0    75.96    0.22    0.42      0
 0:        32768          8192     float     sum      -1    80.50    0.41    0.79      0    78.63    0.42    0.81      0
 0:        65536         16384     float     sum      -1    92.95    0.71    1.37      0    90.88    0.72    1.40      0
 0:       131072         32768     float     sum      -1    116.4    1.13    2.18      0    113.9    1.15    2.23      0
 0:       262144         65536     float     sum      -1    169.0    1.55    3.01      0    165.0    1.59    3.08      0
 0:       524288        131072     float     sum      -1    222.3    2.36    4.57      0    222.1    2.36    4.57      0
 0:      1048576        262144     float     sum      -1    278.6    3.76    7.29      0    277.8    3.77    7.31      0
 0:      2097152        524288     float     sum      -1    421.3    4.98    9.65      0    421.3    4.98    9.65      0
 0:      4194304       1048576     float     sum      -1    701.1    5.98   11.59      0    701.0    5.98   11.59      0
 0:      8388608       2097152     float     sum      -1    804.3   10.43   20.21      0    798.1   10.51   20.36      0
 0:     16777216       4194304     float     sum      -1   1088.1   15.42   29.87      0   1091.0   15.38   29.79      0
 0:     33554432       8388608     float     sum      -1   1124.0   29.85   57.84      0   1122.4   29.90   57.92      0
 0:     67108864      16777216     float     sum      -1   2056.1   32.64   63.24      0   2017.8   33.26   64.44      0
 0:    134217728      33554432     float     sum      -1   3603.0   37.25   72.18      0   3570.0   37.60   72.84      0
 0:    268435456      67108864     float     sum      -1   6694.8   40.10   77.69      0   6903.4   38.88   75.34      0
 0:    536870912     134217728     float     sum      -1    12290   43.69   84.64      0    12084   44.43   86.08      0
 0:   1073741824     268435456     float     sum      -1    24083   44.58   86.38      0    22953   46.78   90.64      0
 0:   2147483648     536870912     float     sum      -1    45821   46.87   90.81      0    45794   46.89   90.86      0
 0:   4294967296    1073741824     float     sum      -1    91479   46.95   90.97      0    90888   47.26   91.56      0
 0:            8             2     float     sum      -1    30.42    0.00    0.00      0    29.46    0.00    0.00      0
 0:           16             4     float     sum      -1    29.26    0.00    0.00      0    29.83    0.00    0.00      0
 0:           32             8     float     sum      -1    29.69    0.00    0.00      0    29.70    0.00    0.00      0
 0:           64            16     float     sum      -1    33.25    0.00    0.00      0    33.30    0.00    0.00      0
 0:          128            32     float     sum      -1    60.67    0.00    0.00      0    60.31    0.00    0.00      0
 0:          256            64     float     sum      -1    61.57    0.00    0.01      0    61.35    0.00    0.01      0
 0:          512           128     float     sum      -1    62.68    0.01    0.02      0    61.86    0.01    0.02      0
 0:         1024           256     float     sum      -1    64.45    0.02    0.03      0    63.98    0.02    0.03      0
 0:         2048           512     float     sum      -1    67.98    0.03    0.06      0    67.57    0.03    0.06      0
 0:         4096          1024     float     sum      -1    74.64    0.05    0.11      0    74.12    0.06    0.11      0
 0:         8192          2048     float     sum      -1    76.29    0.11    0.21      0    75.17    0.11    0.21      0
 0:        16384          4096     float     sum      -1    77.78    0.21    0.41      0    76.13    0.22    0.42      0
 0:        32768          8192     float     sum      -1    79.67    0.41    0.80      0    78.52    0.42    0.81      0
 0:        65536         16384     float     sum      -1    92.39    0.71    1.37      0    91.29    0.72    1.39      0
 0:       131072         32768     float     sum      -1    116.5    1.12    2.18      0    114.2    1.15    2.22      0
 0:       262144         65536     float     sum      -1    170.1    1.54    2.99      0    165.6    1.58    3.07      0
 0:       524288        131072     float     sum      -1    221.4    2.37    4.59      0    220.4    2.38    4.61      0
 0:      1048576        262144     float     sum      -1    277.0    3.79    7.33      0    278.2    3.77    7.30      0
 0:      2097152        524288     float     sum      -1    421.9    4.97    9.63      0    422.0    4.97    9.63      0
 0:      4194304       1048576     float     sum      -1    702.4    5.97   11.57      0    701.5    5.98   11.59      0
 0:      8388608       2097152     float     sum      -1    802.0   10.46   20.27      0    799.6   10.49   20.33      0
 0:     16777216       4194304     float     sum      -1   1087.2   15.43   29.90      0   1083.6   15.48   30.00      0
 0:     33554432       8388608     float     sum      -1   1125.4   29.82   57.77      0   1122.7   29.89   57.91      0
 0:     67108864      16777216     float     sum      -1   2040.4   32.89   63.73      0   2017.9   33.26   64.44      0
 0:    134217728      33554432     float     sum      -1   3588.2   37.41   72.47      0   3563.9   37.66   72.97      0
 0:    268435456      67108864     float     sum      -1   6714.2   39.98   77.46      0   6815.7   39.38   76.31      0
 0:    536870912     134217728     float     sum      -1    20376   26.35   51.05      0    12590   42.64   82.62      0
 0:   1073741824     268435456     float     sum      -1    24372   44.06   85.36      0    24039   44.67   86.54      0
 0:   2147483648     536870912     float     sum      -1    46408   46.27   89.66      0    48022   44.72   86.64      0
 0:   4294967296    1073741824     float     sum      -1    92890   46.24   89.58      0    92100   46.63   90.35      0
 0:            8             2     float     sum      -1    31.31    0.00    0.00      0    29.70    0.00    0.00      0
 0:           16             4     float     sum      -1    30.11    0.00    0.00      0    29.74    0.00    0.00      0
 0:           32             8     float     sum      -1    29.66    0.00    0.00      0    29.58    0.00    0.00      0
 0:           64            16     float     sum      -1    33.14    0.00    0.00      0    32.85    0.00    0.00      0
 0:          128            32     float     sum      -1    60.85    0.00    0.00      0    59.98    0.00    0.00      0
 0:          256            64     float     sum      -1    61.37    0.00    0.01      0    60.79    0.00    0.01      0
 0:          512           128     float     sum      -1    62.39    0.01    0.02      0    61.73    0.01    0.02      0
 0:         1024           256     float     sum      -1    64.60    0.02    0.03      0    63.71    0.02    0.03      0
 0:         2048           512     float     sum      -1    67.23    0.03    0.06      0    67.49    0.03    0.06      0
 0:         4096          1024     float     sum      -1    75.42    0.05    0.11      0    74.32    0.06    0.11      0
 0:         8192          2048     float     sum      -1    76.43    0.11    0.21      0    74.81    0.11    0.21      0
 0:        16384          4096     float     sum      -1    77.74    0.21    0.41      0    76.38    0.21    0.42      0
 0:        32768          8192     float     sum      -1    79.91    0.41    0.79      0    78.61    0.42    0.81      0
 0:        65536         16384     float     sum      -1    92.86    0.71    1.37      0    90.76    0.72    1.40      0
 0:       131072         32768     float     sum      -1    116.1    1.13    2.19      0    114.4    1.15    2.22      0
 0:       262144         65536     float     sum      -1    169.5    1.55    3.00      0    165.8    1.58    3.06      0
 0:       524288        131072     float     sum      -1    223.2    2.35    4.55      0    219.6    2.39    4.63      0
 0:      1048576        262144     float     sum      -1    278.2    3.77    7.30      0    278.8    3.76    7.29      0
 0:      2097152        524288     float     sum      -1    422.2    4.97    9.62      0    421.5    4.98    9.64      0
 0:      4194304       1048576     float     sum      -1    702.6    5.97   11.57      0    702.4    5.97   11.57      0
 0:      8388608       2097152     float     sum      -1    800.3   10.48   20.31      0    801.0   10.47   20.29      0
 0:     16777216       4194304     float     sum      -1   1090.2   15.39   29.82      0   1092.3   15.36   29.76      0
 0:     33554432       8388608     float     sum      -1   1126.1   29.80   57.73      0   1122.6   29.89   57.91      0
 0:     67108864      16777216     float     sum      -1   2028.3   33.09   64.10      0   2034.4   32.99   63.91      0
 0:    134217728      33554432     float     sum      -1   3584.0   37.45   72.56      0   3584.2   37.45   72.55      0
 0:    268435456      67108864     float     sum      -1   6602.2   40.66   78.78      0   6813.3   39.40   76.34      0
 0:    536870912     134217728     float     sum      -1    12192   44.03   85.31      0    12096   44.39   86.00      0
 0:   1073741824     268435456     float     sum      -1    23882   44.96   87.11      0    24204   44.36   85.95      0
 0:   2147483648     536870912     float     sum      -1    47331   45.37   87.91      0    46113   46.57   90.23      0
 0:   4294967296    1073741824     float     sum      -1    90766   47.32   91.68      0    91257   47.06   91.19      0
 0:            8             2     float     sum      -1    30.57    0.00    0.00      0    30.52    0.00    0.00      0
 0:           16             4     float     sum      -1    30.18    0.00    0.00      0    29.46    0.00    0.00      0
 0:           32             8     float     sum      -1    29.69    0.00    0.00      0    29.56    0.00    0.00      0
 0:           64            16     float     sum      -1    33.10    0.00    0.00      0    32.92    0.00    0.00      0
 0:          128            32     float     sum      -1    62.58    0.00    0.00      0    60.56    0.00    0.00      0
 0:          256            64     float     sum      -1    61.47    0.00    0.01      0    60.67    0.00    0.01      0
 0:          512           128     float     sum      -1    62.81    0.01    0.02      0    63.81    0.01    0.02      0
 0:         1024           256     float     sum      -1    65.21    0.02    0.03      0    64.63    0.02    0.03      0
 0:         2048           512     float     sum      -1    68.82    0.03    0.06      0    68.71    0.03    0.06      0
 0:         4096          1024     float     sum      -1    75.44    0.05    0.11      0    73.30    0.06    0.11      0
 0:         8192          2048     float     sum      -1    76.76    0.11    0.21      0    74.92    0.11    0.21      0
 0:        16384          4096     float     sum      -1    78.52    0.21    0.40      0    76.81    0.21    0.41      0
 0:        32768          8192     float     sum      -1    78.90    0.42    0.80      0    78.14    0.42    0.81      0
 0:        65536         16384     float     sum      -1    99.98    0.66    1.27      0    91.03    0.72    1.39      0
 0:       131072         32768     float     sum      -1    116.5    1.13    2.18      0    113.5    1.15    2.24      0
 0:       262144         65536     float     sum      -1    169.4    1.55    3.00      0    165.3    1.59    3.07      0
 0:       524288        131072     float     sum      -1    221.1    2.37    4.59      0    220.6    2.38    4.61      0
 0:      1048576        262144     float     sum      -1    277.9    3.77    7.31      0    276.7    3.79    7.34      0
 0:      2097152        524288     float     sum      -1    421.2    4.98    9.65      0    421.8    4.97    9.63      0
 0:      4194304       1048576     float     sum      -1    701.7    5.98   11.58      0    701.5    5.98   11.58      0
 0:      8388608       2097152     float     sum      -1    796.2   10.54   20.41      0    803.7   10.44   20.22      0
 0:     16777216       4194304     float     sum      -1   1085.6   15.45   29.94      0   1087.9   15.42   29.88      0
 0:     33554432       8388608     float     sum      -1   1126.0   29.80   57.74      0   1124.6   29.84   57.81      0
 0:     67108864      16777216     float     sum      -1   2051.3   32.72   63.39      0   2035.0   32.98   63.89      0
 0:    134217728      33554432     float     sum      -1   3593.8   37.35   72.36      0   3626.8   37.01   71.70      0
 0:    268435456      67108864     float     sum      -1   6740.7   39.82   77.16      0   6605.2   40.64   78.74      0
 0:    536870912     134217728     float     sum      -1    12378   43.37   84.04      0    12465   43.07   83.45      0
 0:   1073741824     268435456     float     sum      -1    24096   44.56   86.34      0    23680   45.34   87.85      0
 0:   2147483648     536870912     float     sum      -1    46504   46.18   89.47      0    45934   46.75   90.58      0
 0:   4294967296    1073741824     float     sum      -1    92210   46.58   90.25      0    90920   47.24   91.53      0
 0:            8             2     float     sum      -1    30.60    0.00    0.00      0    30.02    0.00    0.00      0
 0:           16             4     float     sum      -1    30.39    0.00    0.00      0    30.36    0.00    0.00      0
 0:           32             8     float     sum      -1    29.72    0.00    0.00      0    29.47    0.00    0.00      0
 0:           64            16     float     sum      -1    33.51    0.00    0.00      0    33.07    0.00    0.00      0
 0:          128            32     float     sum      -1    60.74    0.00    0.00      0    60.00    0.00    0.00      0
 0:          256            64     float     sum      -1    61.91    0.00    0.01      0    61.38    0.00    0.01      0
 0:          512           128     float     sum      -1    63.20    0.01    0.02      0    62.13    0.01    0.02      0
 0:         1024           256     float     sum      -1    64.90    0.02    0.03      0    64.92    0.02    0.03      0
 0:         2048           512     float     sum      -1    68.80    0.03    0.06      0    67.55    0.03    0.06      0
 0:         4096          1024     float     sum      -1    75.31    0.05    0.11      0    73.95    0.06    0.11      0
 0:         8192          2048     float     sum      -1    76.12    0.11    0.21      0    75.18    0.11    0.21      0
 0:        16384          4096     float     sum      -1    78.14    0.21    0.41      0    76.11    0.22    0.42      0
 0:        32768          8192     float     sum      -1    79.71    0.41    0.80      0    78.58    0.42    0.81      0
 0:        65536         16384     float     sum      -1    92.80    0.71    1.37      0    91.52    0.72    1.39      0
 0:       131072         32768     float     sum      -1    117.2    1.12    2.17      0    114.1    1.15    2.23      0
 0:       262144         65536     float     sum      -1    169.0    1.55    3.01      0    164.4    1.59    3.09      0
 0:       524288        131072     float     sum      -1    222.3    2.36    4.57      0    220.8    2.37    4.60      0
 0:      1048576        262144     float     sum      -1    277.9    3.77    7.31      0    278.3    3.77    7.30      0
 0:      2097152        524288     float     sum      -1    421.2    4.98    9.65      0    421.4    4.98    9.64      0
 0:      4194304       1048576     float     sum      -1    702.4    5.97   11.57      0    701.5    5.98   11.58      0
 0:      8388608       2097152     float     sum      -1    803.6   10.44   20.23      0    801.4   10.47   20.28      0
 0:     16777216       4194304     float     sum      -1   1087.4   15.43   29.89      0   1085.0   15.46   29.96      0
 0:     33554432       8388608     float     sum      -1   1122.4   29.90   57.92      0   1122.7   29.89   57.91      0
 0:     67108864      16777216     float     sum      -1   2012.4   33.35   64.61      0   2015.4   33.30   64.51      0
 0:    134217728      33554432     float     sum      -1   3580.2   37.49   72.64      0   3549.7   37.81   73.26      0
 0:    268435456      67108864     float     sum      -1   6609.5   40.61   78.69      0   6616.5   40.57   78.61      0
 0:    536870912     134217728     float     sum      -1    12115   44.32   85.86      0    11954   44.91   87.02      0
 0:   1073741824     268435456     float     sum      -1    23534   45.62   88.40      0    23514   45.66   88.48      0
 0:   2147483648     536870912     float     sum      -1    46471   46.21   89.53      0    46095   46.59   90.27      0
 0:   4294967296    1073741824     float     sum      -1    91261   47.06   91.18      0    92092   46.64   90.36      0
 0:            8             2     float     sum      -1    30.75    0.00    0.00      0    29.59    0.00    0.00      0
 0:           16             4     float     sum      -1    29.72    0.00    0.00      0    29.47    0.00    0.00      0
 0:           32             8     float     sum      -1    29.88    0.00    0.00      0    29.65    0.00    0.00      0
 0:           64            16     float     sum      -1    32.99    0.00    0.00      0    33.11    0.00    0.00      0
 0:          128            32     float     sum      -1    60.94    0.00    0.00      0    60.67    0.00    0.00      0
 0:          256            64     float     sum      -1    61.87    0.00    0.01      0    60.72    0.00    0.01      0
 0:          512           128     float     sum      -1    62.39    0.01    0.02      0    62.52    0.01    0.02      0
 0:         1024           256     float     sum      -1    64.75    0.02    0.03      0    63.97    0.02    0.03      0
 0:         2048           512     float     sum      -1    68.08    0.03    0.06      0    67.08    0.03    0.06      0
 0:         4096          1024     float     sum      -1    74.95    0.05    0.11      0    73.66    0.06    0.11      0
 0:         8192          2048     float     sum      -1    77.49    0.11    0.20      0    75.11    0.11    0.21      0
 0:        16384          4096     float     sum      -1    78.39    0.21    0.40      0    75.99    0.22    0.42      0
 0:        32768          8192     float     sum      -1    80.33    0.41    0.79      0    78.36    0.42    0.81      0
 0:        65536         16384     float     sum      -1    92.74    0.71    1.37      0    92.33    0.71    1.38      0
 0:       131072         32768     float     sum      -1    116.2    1.13    2.19      0    113.6    1.15    2.24      0
 0:       262144         65536     float     sum      -1    169.3    1.55    3.00      0    165.2    1.59    3.07      0
 0:       524288        131072     float     sum      -1    223.1    2.35    4.55      0    220.4    2.38    4.61      0
 0:      1048576        262144     float     sum      -1    277.6    3.78    7.32      0    277.9    3.77    7.31      0
 0:      2097152        524288     float     sum      -1    421.7    4.97    9.64      0    420.5    4.99    9.66      0
 0:      4194304       1048576     float     sum      -1    702.3    5.97   11.57      0    701.9    5.98   11.58      0
 0:      8388608       2097152     float     sum      -1    798.6   10.50   20.35      0    795.7   10.54   20.42      0
 0:     16777216       4194304     float     sum      -1   1087.4   15.43   29.89      0   1088.0   15.42   29.88      0
 0:     33554432       8388608     float     sum      -1   1124.3   29.85   57.83      0   1121.7   29.91   57.96      0
 0:     67108864      16777216     float     sum      -1   2015.8   33.29   64.50      0   2007.3   33.43   64.78      0
 0:    134217728      33554432     float     sum      -1   3560.7   37.69   73.03      0   3576.7   37.53   72.71      0
 0:    268435456      67108864     float     sum      -1   6713.1   39.99   77.47      0   6564.4   40.89   79.23      0
 0:    536870912     134217728     float     sum      -1    11997   44.75   86.71      0    11843   45.33   87.83      0
 0:   1073741824     268435456     float     sum      -1    23641   45.42   88.00      0    23669   45.37   87.90      0
 0:   2147483648     536870912     float     sum      -1    45976   46.71   90.50      0    47852   44.88   86.95      0
 0:   4294967296    1073741824     float     sum      -1    91611   46.88   90.84      0    92685   46.34   89.78      0
 0:            8             2     float     sum      -1    30.44    0.00    0.00      0    30.40    0.00    0.00      0
 0:           16             4     float     sum      -1    29.84    0.00    0.00      0    29.66    0.00    0.00      0
 0:           32             8     float     sum      -1    29.67    0.00    0.00      0    29.75    0.00    0.00      0
 0:           64            16     float     sum      -1    33.42    0.00    0.00      0    32.97    0.00    0.00      0
 0:          128            32     float     sum      -1    60.71    0.00    0.00      0    60.12    0.00    0.00      0
 0:          256            64     float     sum      -1    62.47    0.00    0.01      0    60.94    0.00    0.01      0
 0:          512           128     float     sum      -1    62.90    0.01    0.02      0    62.08    0.01    0.02      0
 0:         1024           256     float     sum      -1    64.92    0.02    0.03      0    63.73    0.02    0.03      0
 0:         2048           512     float     sum      -1    67.78    0.03    0.06      0    67.61    0.03    0.06      0
 0:         4096          1024     float     sum      -1    75.11    0.05    0.11      0    74.31    0.06    0.11      0
 0:         8192          2048     float     sum      -1    76.09    0.11    0.21      0    75.14    0.11    0.21      0
 0:        16384          4096     float     sum      -1    78.51    0.21    0.40      0    77.07    0.21    0.41      0
 0:        32768          8192     float     sum      -1    79.84    0.41    0.80      0    77.97    0.42    0.81      0
 0:        65536         16384     float     sum      -1    93.12    0.70    1.36      0    91.16    0.72    1.39      0
 0:       131072         32768     float     sum      -1    116.6    1.12    2.18      0    113.9    1.15    2.23      0
 0:       262144         65536     float     sum      -1    170.2    1.54    2.98      0    164.5    1.59    3.09      0
 0:       524288        131072     float     sum      -1    238.1    2.20    4.27      0    220.5    2.38    4.61      0
 0:      1048576        262144     float     sum      -1    278.3    3.77    7.30      0    278.9    3.76    7.29      0
 0:      2097152        524288     float     sum      -1    422.5    4.96    9.62      0    421.2    4.98    9.65      0
 0:      4194304       1048576     float     sum      -1    702.3    5.97   11.57      0    701.6    5.98   11.58      0
 0:      8388608       2097152     float     sum      -1    798.1   10.51   20.36      0    798.7   10.50   20.35      0
 0:     16777216       4194304     float     sum      -1   1088.6   15.41   29.86      0   1087.2   15.43   29.90      0
 0:     33554432       8388608     float     sum      -1   1125.0   29.83   57.79      0   1121.2   29.93   57.98      0
 0:     67108864      16777216     float     sum      -1   2044.2   32.83   63.61      0   2009.9   33.39   64.69      0
 0:    134217728      33554432     float     sum      -1   3552.4   37.78   73.20      0   3539.7   37.92   73.46      0
 0:    268435456      67108864     float     sum      -1   6589.1   40.74   78.93      0   6890.9   38.95   75.48      0
 0:    536870912     134217728     float     sum      -1    12041   44.59   86.39      0    12699   42.28   81.91      0
 0:   1073741824     268435456     float     sum      -1    23491   45.71   88.56      0    24024   44.69   86.59      0
 0:   2147483648     536870912     float     sum      -1    45860   46.83   90.73      0    46816   45.87   88.87      0
 0:   4294967296    1073741824     float     sum      -1    90842   47.28   91.60      0    92745   46.31   89.72      0
 0:            8             2     float     sum      -1    30.49    0.00    0.00      0    29.79    0.00    0.00      0
 0:           16             4     float     sum      -1    29.81    0.00    0.00      0    29.75    0.00    0.00      0
 0:           32             8     float     sum      -1    29.73    0.00    0.00      0    30.39    0.00    0.00      0
 0:           64            16     float     sum      -1    33.03    0.00    0.00      0    32.97    0.00    0.00      0
 0:          128            32     float     sum      -1    60.69    0.00    0.00      0    60.24    0.00    0.00      0
 0:          256            64     float     sum      -1    61.35    0.00    0.01      0    61.14    0.00    0.01      0
 0:          512           128     float     sum      -1    62.92    0.01    0.02      0    62.08    0.01    0.02      0
 0:         1024           256     float     sum      -1    64.31    0.02    0.03      0    63.67    0.02    0.03      0
 0:         2048           512     float     sum      -1    68.60    0.03    0.06      0    67.41    0.03    0.06      0
 0:         4096          1024     float     sum      -1    74.92    0.05    0.11      0    73.26    0.06    0.11      0
 0:         8192          2048     float     sum      -1    76.48    0.11    0.21      0    75.04    0.11    0.21      0
 0:        16384          4096     float     sum      -1    77.63    0.21    0.41      0    75.94    0.22    0.42      0
 0:        32768          8192     float     sum      -1    79.55    0.41    0.80      0    78.82    0.42    0.81      0
 0:        65536         16384     float     sum      -1    93.64    0.70    1.36      0    91.15    0.72    1.39      0
 0:       131072         32768     float     sum      -1    116.7    1.12    2.18      0    114.4    1.15    2.22      0
 0:       262144         65536     float     sum      -1    169.5    1.55    3.00      0    166.0    1.58    3.06      0
 0:       524288        131072     float     sum      -1    222.9    2.35    4.56      0    219.4    2.39    4.63      0
 0:      1048576        262144     float     sum      -1    277.6    3.78    7.32      0    277.5    3.78    7.32      0
 0:      2097152        524288     float     sum      -1    422.9    4.96    9.61      0    421.4    4.98    9.64      0
 0:      4194304       1048576     float     sum      -1    702.1    5.97   11.57      0    701.8    5.98   11.58      0
 0:      8388608       2097152     float     sum      -1    799.7   10.49   20.32      0    800.9   10.47   20.29      0
 0:     16777216       4194304     float     sum      -1   1086.8   15.44   29.91      0   1084.7   15.47   29.97      0
 0:     33554432       8388608     float     sum      -1   1124.0   29.85   57.84      0   1122.1   29.90   57.94      0
 0:     67108864      16777216     float     sum      -1   2033.0   33.01   63.96      0   2019.7   33.23   64.38      0
 0:    134217728      33554432     float     sum      -1   3572.1   37.57   72.80      0   3633.0   36.94   71.58      0
 0:    268435456      67108864     float     sum      -1   6779.8   39.59   76.71      0   6849.0   39.19   75.94      0
 0:    536870912     134217728     float     sum      -1    12004   44.72   86.65      0    12603   42.60   82.54      0
 0:   1073741824     268435456     float     sum      -1    23915   44.90   86.99      0    23511   45.67   88.49      0
 0:   2147483648     536870912     float     sum      -1    45766   46.92   90.91      0    45819   46.87   90.81      0
 0:   4294967296    1073741824     float     sum      -1    91581   46.90   90.86      0    92051   46.66   90.40      0
 0: # Out of bounds values : 0 OK
 0: # Avg bus bandwidth    : 23.8216 
 0: #
 0: 
