 0: # nThread 1 nGpus 1 minBytes 8 maxBytes 4294967296 step: 2(factor) warmup iters: 8 iters: 24 agg iters: 1 validation: 1 graph: 0
 0: #
 0: # Using devices
 0: #  Rank  0 Group  0 Pid  29826 on  nid006532 device  0 [0009:01:00] NVIDIA GH200 120GB
 0: #  Rank  1 Group  0 Pid  29827 on  nid006532 device  0 [0019:01:00] NVIDIA GH200 120GB
 0: #  Rank  2 Group  0 Pid  29828 on  nid006532 device  0 [0029:01:00] NVIDIA GH200 120GB
 0: #  Rank  3 Group  0 Pid  29829 on  nid006532 device  0 [0039:01:00] NVIDIA GH200 120GB
 0: #  Rank  4 Group  0 Pid 255081 on  nid006533 device  0 [0009:01:00] NVIDIA GH200 120GB
 0: #  Rank  5 Group  0 Pid 255082 on  nid006533 device  0 [0019:01:00] NVIDIA GH200 120GB
 0: #  Rank  6 Group  0 Pid 255083 on  nid006533 device  0 [0029:01:00] NVIDIA GH200 120GB
 0: #  Rank  7 Group  0 Pid 255084 on  nid006533 device  0 [0039:01:00] NVIDIA GH200 120GB
 0: #  Rank  8 Group  0 Pid 211457 on  nid006534 device  0 [0009:01:00] NVIDIA GH200 120GB
 0: #  Rank  9 Group  0 Pid 211458 on  nid006534 device  0 [0019:01:00] NVIDIA GH200 120GB
 0: #  Rank 10 Group  0 Pid 211459 on  nid006534 device  0 [0029:01:00] NVIDIA GH200 120GB
 0: #  Rank 11 Group  0 Pid 211460 on  nid006534 device  0 [0039:01:00] NVIDIA GH200 120GB
 0: #  Rank 12 Group  0 Pid 173629 on  nid006538 device  0 [0009:01:00] NVIDIA GH200 120GB
 0: #  Rank 13 Group  0 Pid 173630 on  nid006538 device  0 [0019:01:00] NVIDIA GH200 120GB
 0: #  Rank 14 Group  0 Pid 173631 on  nid006538 device  0 [0029:01:00] NVIDIA GH200 120GB
 0: #  Rank 15 Group  0 Pid 173632 on  nid006538 device  0 [0039:01:00] NVIDIA GH200 120GB
 0: #  Rank 16 Group  0 Pid 144428 on  nid006540 device  0 [0009:01:00] NVIDIA GH200 120GB
 0: #  Rank 17 Group  0 Pid 144429 on  nid006540 device  0 [0019:01:00] NVIDIA GH200 120GB
 0: #  Rank 18 Group  0 Pid 144430 on  nid006540 device  0 [0029:01:00] NVIDIA GH200 120GB
 0: #  Rank 19 Group  0 Pid 144431 on  nid006540 device  0 [0039:01:00] NVIDIA GH200 120GB
 0: #  Rank 20 Group  0 Pid 181074 on  nid006541 device  0 [0009:01:00] NVIDIA GH200 120GB
 0: #  Rank 21 Group  0 Pid 181075 on  nid006541 device  0 [0019:01:00] NVIDIA GH200 120GB
 0: #  Rank 22 Group  0 Pid 181076 on  nid006541 device  0 [0029:01:00] NVIDIA GH200 120GB
 0: #  Rank 23 Group  0 Pid 181077 on  nid006541 device  0 [0039:01:00] NVIDIA GH200 120GB
 0: #  Rank 24 Group  0 Pid 178508 on  nid006542 device  0 [0009:01:00] NVIDIA GH200 120GB
 0: #  Rank 25 Group  0 Pid 178509 on  nid006542 device  0 [0019:01:00] NVIDIA GH200 120GB
 0: #  Rank 26 Group  0 Pid 178510 on  nid006542 device  0 [0029:01:00] NVIDIA GH200 120GB
 0: #  Rank 27 Group  0 Pid 178511 on  nid006542 device  0 [0039:01:00] NVIDIA GH200 120GB
 0: #  Rank 28 Group  0 Pid 151155 on  nid006543 device  0 [0009:01:00] NVIDIA GH200 120GB
 0: #  Rank 29 Group  0 Pid 151156 on  nid006543 device  0 [0019:01:00] NVIDIA GH200 120GB
 0: #  Rank 30 Group  0 Pid 151180 on  nid006543 device  0 [0029:01:00] NVIDIA GH200 120GB
 0: #  Rank 31 Group  0 Pid 151181 on  nid006543 device  0 [0039:01:00] NVIDIA GH200 120GB
 0: #  Rank 32 Group  0 Pid 182329 on  nid006545 device  0 [0009:01:00] NVIDIA GH200 120GB
 0: #  Rank 33 Group  0 Pid 182330 on  nid006545 device  0 [0019:01:00] NVIDIA GH200 120GB
 0: #  Rank 34 Group  0 Pid 182331 on  nid006545 device  0 [0029:01:00] NVIDIA GH200 120GB
 0: #  Rank 35 Group  0 Pid 182332 on  nid006545 device  0 [0039:01:00] NVIDIA GH200 120GB
 0: #  Rank 36 Group  0 Pid 114174 on  nid006546 device  0 [0009:01:00] NVIDIA GH200 120GB
 0: #  Rank 37 Group  0 Pid 114175 on  nid006546 device  0 [0019:01:00] NVIDIA GH200 120GB
 0: #  Rank 38 Group  0 Pid 114176 on  nid006546 device  0 [0029:01:00] NVIDIA GH200 120GB
 0: #  Rank 39 Group  0 Pid 114177 on  nid006546 device  0 [0039:01:00] NVIDIA GH200 120GB
 0: #  Rank 40 Group  0 Pid 161228 on  nid006549 device  0 [0009:01:00] NVIDIA GH200 120GB
 0: #  Rank 41 Group  0 Pid 161229 on  nid006549 device  0 [0019:01:00] NVIDIA GH200 120GB
 0: #  Rank 42 Group  0 Pid 161230 on  nid006549 device  0 [0029:01:00] NVIDIA GH200 120GB
 0: #  Rank 43 Group  0 Pid 161231 on  nid006549 device  0 [0039:01:00] NVIDIA GH200 120GB
 0: #  Rank 44 Group  0 Pid 113722 on  nid006550 device  0 [0009:01:00] NVIDIA GH200 120GB
 0: #  Rank 45 Group  0 Pid 113723 on  nid006550 device  0 [0019:01:00] NVIDIA GH200 120GB
 0: #  Rank 46 Group  0 Pid 113724 on  nid006550 device  0 [0029:01:00] NVIDIA GH200 120GB
 0: #  Rank 47 Group  0 Pid 113725 on  nid006550 device  0 [0039:01:00] NVIDIA GH200 120GB
 0: #  Rank 48 Group  0 Pid 105199 on  nid006551 device  0 [0009:01:00] NVIDIA GH200 120GB
 0: #  Rank 49 Group  0 Pid 105200 on  nid006551 device  0 [0019:01:00] NVIDIA GH200 120GB
 0: #  Rank 50 Group  0 Pid 105201 on  nid006551 device  0 [0029:01:00] NVIDIA GH200 120GB
 0: #  Rank 51 Group  0 Pid 105202 on  nid006551 device  0 [0039:01:00] NVIDIA GH200 120GB
 0: #  Rank 52 Group  0 Pid 126574 on  nid006552 device  0 [0009:01:00] NVIDIA GH200 120GB
 0: #  Rank 53 Group  0 Pid 126575 on  nid006552 device  0 [0019:01:00] NVIDIA GH200 120GB
 0: #  Rank 54 Group  0 Pid 126576 on  nid006552 device  0 [0029:01:00] NVIDIA GH200 120GB
 0: #  Rank 55 Group  0 Pid 126577 on  nid006552 device  0 [0039:01:00] NVIDIA GH200 120GB
 0: #  Rank 56 Group  0 Pid 110930 on  nid006553 device  0 [0009:01:00] NVIDIA GH200 120GB
 0: #  Rank 57 Group  0 Pid 110931 on  nid006553 device  0 [0019:01:00] NVIDIA GH200 120GB
 0: #  Rank 58 Group  0 Pid 110932 on  nid006553 device  0 [0029:01:00] NVIDIA GH200 120GB
 0: #  Rank 59 Group  0 Pid 110933 on  nid006553 device  0 [0039:01:00] NVIDIA GH200 120GB
 0: #  Rank 60 Group  0 Pid 126673 on  nid006554 device  0 [0009:01:00] NVIDIA GH200 120GB
 0: #  Rank 61 Group  0 Pid 126674 on  nid006554 device  0 [0019:01:00] NVIDIA GH200 120GB
 0: #  Rank 62 Group  0 Pid 126675 on  nid006554 device  0 [0029:01:00] NVIDIA GH200 120GB
 0: #  Rank 63 Group  0 Pid 126676 on  nid006554 device  0 [0039:01:00] NVIDIA GH200 120GB
 0: #
 0: #                                                              out-of-place                       in-place          
 0: #       size         count      type   redop    root     time   algbw   busbw #wrong     time   algbw   busbw #wrong
 0: #        (B)    (elements)                               (us)  (GB/s)  (GB/s)            (us)  (GB/s)  (GB/s)       
 0:            8             2     float     sum      -1    667.4    0.00    0.00      0    653.6    0.00    0.00      0
 0:           16             4     float     sum      -1    607.8    0.00    0.00      0    627.8    0.00    0.00      0
 0:           32             8     float     sum      -1    661.5    0.00    0.00      0    585.3    0.00    0.00      0
 0:           64            16     float     sum      -1    590.1    0.00    0.00      0    584.6    0.00    0.00      0
 0:          128            32     float     sum      -1    405.8    0.00    0.00      0    509.6    0.00    0.00      0
 0:          256            64     float     sum      -1    399.8    0.00    0.00      0    410.5    0.00    0.00      0
 0:          512           128     float     sum      -1    404.3    0.00    0.00      0    745.4    0.00    0.00      0
 0:         1024           256     float     sum      -1    411.9    0.00    0.00      0    619.5    0.00    0.00      0
 0:         2048           512     float     sum      -1    457.9    0.00    0.01      0    443.7    0.00    0.01      0
 0:         4096          1024     float     sum      -1    561.2    0.01    0.01      0    588.0    0.01    0.01      0
 0:         8192          2048     float     sum      -1    906.5    0.01    0.02      0    870.1    0.01    0.02      0
 0:        16384          4096     float     sum      -1   2638.9    0.01    0.01      0   2069.9    0.01    0.02      0
 0:        32768          8192     float     sum      -1   3445.7    0.01    0.02      0   2986.1    0.01    0.02      0
 0:        65536         16384     float     sum      -1   3128.9    0.02    0.04      0   3167.1    0.02    0.04      0
 0:       131072         32768     float     sum      -1   3416.1    0.04    0.08      0   3634.6    0.04    0.07      0
 0:       262144         65536     float     sum      -1   3522.5    0.07    0.15      0   3356.7    0.08    0.15      0
 0:       524288        131072     float     sum      -1   119566    0.00    0.01      0    78305    0.01    0.01      0
 0:      1048576        262144     float     sum      -1    43057    0.02    0.05      0    32665    0.03    0.06      0
 0:      2097152        524288     float     sum      -1    31146    0.07    0.13      0    35722    0.06    0.12      0
 0:      4194304       1048576     float     sum      -1    35409    0.12    0.23      0    32192    0.13    0.26      0
 0:      8388608       2097152     float     sum      -1    50957    0.16    0.32      0    49695    0.17    0.33      0
 0:     16777216       4194304     float     sum      -1    93797    0.18    0.35      0    89336    0.19    0.37      0
 0:     33554432       8388608     float     sum      -1   170738    0.20    0.39      0   175456    0.19    0.38      0
 0:     67108864      16777216     float     sum      -1   354854    0.19    0.37      0   358833    0.19    0.37      0
