+ OUT_DATA_DIR=results_daint_allreduce_2025-04-16_thp_never/FI_CXI_DEFAULT_CQ_SIZE_131072_NCCL_COLLNET_ENABLE_1_NCCL_CROSS_NIC_1_launch_with_fixed_hsn_network-stack_25.04-v1@santis/run_0000/job-n-02048-N-0512-736801-logs
+ mkdir -p results_daint_allreduce_2025-04-16_thp_never/FI_CXI_DEFAULT_CQ_SIZE_131072_NCCL_COLLNET_ENABLE_1_NCCL_CROSS_NIC_1_launch_with_fixed_hsn_network-stack_25.04-v1@santis/run_0000/job-n-02048-N-0512-736801-logs
+ export MPICH_NO_BUFFER_ALIAS_CHECK=1
+ MPICH_NO_BUFFER_ALIAS_CHECK=1
+ export MPICH_GPU_SUPPORT_ENABLED=0
+ MPICH_GPU_SUPPORT_ENABLED=0
+ export FI_CXI_DEFAULT_CQ_SIZE=131072
+ FI_CXI_DEFAULT_CQ_SIZE=131072
+ export 'NCCL_NET=AWS Libfabric'
+ NCCL_NET='AWS Libfabric'
+ export FI_LOG_LEVEL=INFO
+ FI_LOG_LEVEL=INFO
+ export MPICH_OFI_STARTUP_CONNECT=1
+ MPICH_OFI_STARTUP_CONNECT=1
+ export NCCL_TESTS_DEVICE=0
+ NCCL_TESTS_DEVICE=0
+ export FI_CXI_DISABLE_HOST_REGISTER=1
+ FI_CXI_DISABLE_HOST_REGISTER=1
+ export FI_HMEM_CUDA_USE_GDRCOPY=1
+ FI_HMEM_CUDA_USE_GDRCOPY=1
+ export FI_CXI_RX_MATCH_MODE=software
+ FI_CXI_RX_MATCH_MODE=software
+ export NCCL_COLLNET_ENABLE=1
+ NCCL_COLLNET_ENABLE=1
+ export NCCL_NET_GDR_LEVEL=PHB
+ NCCL_NET_GDR_LEVEL=PHB
+ export CUDA_CACHE_DISABLE=1
+ CUDA_CACHE_DISABLE=1
+ export MPICH_OFI_CXI_COUNTER_REPORT=2
+ MPICH_OFI_CXI_COUNTER_REPORT=2
+ export MPICH_COLL_OPT_OFF=mpi_allgather
+ MPICH_COLL_OPT_OFF=mpi_allgather
+ export FI_MR_CACHE_MONITOR=userfaultfd
+ FI_MR_CACHE_MONITOR=userfaultfd
+ export MPICH_SMP_SINGLE_COPY_MODE=NONE
+ MPICH_SMP_SINGLE_COPY_MODE=NONE
+ export NCCL_CROSS_NIC=1
+ NCCL_CROSS_NIC=1
+ OUT_DATA=results_daint_allreduce_2025-04-16_thp_never/FI_CXI_DEFAULT_CQ_SIZE_131072_NCCL_COLLNET_ENABLE_1_NCCL_CROSS_NIC_1_launch_with_fixed_hsn_network-stack_25.04-v1@santis/run_0000/job-n-02048-N-0512-736801-logs/bench.log
+ srun -l --cpu-bind=verbose --mpi=pmi2 /iopsstor/scratch/cscs/boeschf/nccl-benchmark-on-alps-2025-2/launch_with_fixed_hsn all_reduce_perf -N 10 -b 8 -e 4294967296 -f 2 -w 8 -n 24
srun: error: Unable to confirm allocation for job 736801: Socket timed out on send/recv operation
srun: Check SLURM_JOB_ID environment variable. Expired or invalid job 736801
