 0: # nThread 1 nGpus 1 minBytes 8 maxBytes 4294967296 step: 2(factor) warmup iters: 8 iters: 24 agg iters: 1 validation: 1 graph: 0
 0: #
 0: # Using devices
 0: #  Rank  0 Group  0 Pid 124415 on  nid006919 device  0 [0009:01:00] NVIDIA GH200 120GB
 0: #  Rank  1 Group  0 Pid 124416 on  nid006919 device  0 [0019:01:00] NVIDIA GH200 120GB
 0: #  Rank  2 Group  0 Pid 124417 on  nid006919 device  0 [0029:01:00] NVIDIA GH200 120GB
 0: #  Rank  3 Group  0 Pid 124418 on  nid006919 device  0 [0039:01:00] NVIDIA GH200 120GB
 0: #  Rank  4 Group  0 Pid 230862 on  nid006921 device  0 [0009:01:00] NVIDIA GH200 120GB
 0: #  Rank  5 Group  0 Pid 230863 on  nid006921 device  0 [0019:01:00] NVIDIA GH200 120GB
 0: #  Rank  6 Group  0 Pid 230864 on  nid006921 device  0 [0029:01:00] NVIDIA GH200 120GB
 0: #  Rank  7 Group  0 Pid 230865 on  nid006921 device  0 [0039:01:00] NVIDIA GH200 120GB
 0: #  Rank  8 Group  0 Pid  45644 on  nid006924 device  0 [0009:01:00] NVIDIA GH200 120GB
 0: #  Rank  9 Group  0 Pid  45645 on  nid006924 device  0 [0019:01:00] NVIDIA GH200 120GB
 0: #  Rank 10 Group  0 Pid  45646 on  nid006924 device  0 [0029:01:00] NVIDIA GH200 120GB
 0: #  Rank 11 Group  0 Pid  45647 on  nid006924 device  0 [0039:01:00] NVIDIA GH200 120GB
 0: #  Rank 12 Group  0 Pid 130094 on  nid006926 device  0 [0009:01:00] NVIDIA GH200 120GB
 0: #  Rank 13 Group  0 Pid 130095 on  nid006926 device  0 [0019:01:00] NVIDIA GH200 120GB
 0: #  Rank 14 Group  0 Pid 130096 on  nid006926 device  0 [0029:01:00] NVIDIA GH200 120GB
 0: #  Rank 15 Group  0 Pid 130097 on  nid006926 device  0 [0039:01:00] NVIDIA GH200 120GB
 0: #  Rank 16 Group  0 Pid  35115 on  nid006930 device  0 [0009:01:00] NVIDIA GH200 120GB
 0: #  Rank 17 Group  0 Pid  35116 on  nid006930 device  0 [0019:01:00] NVIDIA GH200 120GB
 0: #  Rank 18 Group  0 Pid  35117 on  nid006930 device  0 [0029:01:00] NVIDIA GH200 120GB
 0: #  Rank 19 Group  0 Pid  35118 on  nid006930 device  0 [0039:01:00] NVIDIA GH200 120GB
 0: #  Rank 20 Group  0 Pid  70735 on  nid006932 device  0 [0009:01:00] NVIDIA GH200 120GB
 0: #  Rank 21 Group  0 Pid  70736 on  nid006932 device  0 [0019:01:00] NVIDIA GH200 120GB
 0: #  Rank 22 Group  0 Pid  70737 on  nid006932 device  0 [0029:01:00] NVIDIA GH200 120GB
 0: #  Rank 23 Group  0 Pid  70738 on  nid006932 device  0 [0039:01:00] NVIDIA GH200 120GB
 0: #  Rank 24 Group  0 Pid  54220 on  nid006933 device  0 [0009:01:00] NVIDIA GH200 120GB
 0: #  Rank 25 Group  0 Pid  54221 on  nid006933 device  0 [0019:01:00] NVIDIA GH200 120GB
 0: #  Rank 26 Group  0 Pid  54222 on  nid006933 device  0 [0029:01:00] NVIDIA GH200 120GB
 0: #  Rank 27 Group  0 Pid  54223 on  nid006933 device  0 [0039:01:00] NVIDIA GH200 120GB
 0: #  Rank 28 Group  0 Pid 286377 on  nid006936 device  0 [0009:01:00] NVIDIA GH200 120GB
 0: #  Rank 29 Group  0 Pid 286378 on  nid006936 device  0 [0019:01:00] NVIDIA GH200 120GB
 0: #  Rank 30 Group  0 Pid 286379 on  nid006936 device  0 [0029:01:00] NVIDIA GH200 120GB
 0: #  Rank 31 Group  0 Pid 286380 on  nid006936 device  0 [0039:01:00] NVIDIA GH200 120GB
 0: #  Rank 32 Group  0 Pid  25685 on  nid006937 device  0 [0009:01:00] NVIDIA GH200 120GB
 0: #  Rank 33 Group  0 Pid  25686 on  nid006937 device  0 [0019:01:00] NVIDIA GH200 120GB
 0: #  Rank 34 Group  0 Pid  25687 on  nid006937 device  0 [0029:01:00] NVIDIA GH200 120GB
 0: #  Rank 35 Group  0 Pid  25688 on  nid006937 device  0 [0039:01:00] NVIDIA GH200 120GB
 0: #  Rank 36 Group  0 Pid  64806 on  nid006938 device  0 [0009:01:00] NVIDIA GH200 120GB
 0: #  Rank 37 Group  0 Pid  64807 on  nid006938 device  0 [0019:01:00] NVIDIA GH200 120GB
 0: #  Rank 38 Group  0 Pid  64808 on  nid006938 device  0 [0029:01:00] NVIDIA GH200 120GB
 0: #  Rank 39 Group  0 Pid  64809 on  nid006938 device  0 [0039:01:00] NVIDIA GH200 120GB
 0: #  Rank 40 Group  0 Pid  99499 on  nid006940 device  0 [0009:01:00] NVIDIA GH200 120GB
 0: #  Rank 41 Group  0 Pid  99500 on  nid006940 device  0 [0019:01:00] NVIDIA GH200 120GB
 0: #  Rank 42 Group  0 Pid  99501 on  nid006940 device  0 [0029:01:00] NVIDIA GH200 120GB
 0: #  Rank 43 Group  0 Pid  99502 on  nid006940 device  0 [0039:01:00] NVIDIA GH200 120GB
 0: #  Rank 44 Group  0 Pid 112799 on  nid006941 device  0 [0009:01:00] NVIDIA GH200 120GB
 0: #  Rank 45 Group  0 Pid 112800 on  nid006941 device  0 [0019:01:00] NVIDIA GH200 120GB
 0: #  Rank 46 Group  0 Pid 112801 on  nid006941 device  0 [0029:01:00] NVIDIA GH200 120GB
 0: #  Rank 47 Group  0 Pid 112802 on  nid006941 device  0 [0039:01:00] NVIDIA GH200 120GB
 0: #  Rank 48 Group  0 Pid  55352 on  nid006942 device  0 [0009:01:00] NVIDIA GH200 120GB
 0: #  Rank 49 Group  0 Pid  55353 on  nid006942 device  0 [0019:01:00] NVIDIA GH200 120GB
 0: #  Rank 50 Group  0 Pid  55354 on  nid006942 device  0 [0029:01:00] NVIDIA GH200 120GB
 0: #  Rank 51 Group  0 Pid  55355 on  nid006942 device  0 [0039:01:00] NVIDIA GH200 120GB
 0: #  Rank 52 Group  0 Pid 118967 on  nid006943 device  0 [0009:01:00] NVIDIA GH200 120GB
 0: #  Rank 53 Group  0 Pid 118968 on  nid006943 device  0 [0019:01:00] NVIDIA GH200 120GB
 0: #  Rank 54 Group  0 Pid 118969 on  nid006943 device  0 [0029:01:00] NVIDIA GH200 120GB
 0: #  Rank 55 Group  0 Pid 118970 on  nid006943 device  0 [0039:01:00] NVIDIA GH200 120GB
 0: #  Rank 56 Group  0 Pid 283164 on  nid006945 device  0 [0009:01:00] NVIDIA GH200 120GB
 0: #  Rank 57 Group  0 Pid 283165 on  nid006945 device  0 [0019:01:00] NVIDIA GH200 120GB
 0: #  Rank 58 Group  0 Pid 283166 on  nid006945 device  0 [0029:01:00] NVIDIA GH200 120GB
 0: #  Rank 59 Group  0 Pid 283167 on  nid006945 device  0 [0039:01:00] NVIDIA GH200 120GB
 0: #  Rank 60 Group  0 Pid  67637 on  nid006946 device  0 [0009:01:00] NVIDIA GH200 120GB
 0: #  Rank 61 Group  0 Pid  67638 on  nid006946 device  0 [0019:01:00] NVIDIA GH200 120GB
 0: #  Rank 62 Group  0 Pid  67639 on  nid006946 device  0 [0029:01:00] NVIDIA GH200 120GB
 0: #  Rank 63 Group  0 Pid  67640 on  nid006946 device  0 [0039:01:00] NVIDIA GH200 120GB
 0: #
 0: #                                                              out-of-place                       in-place          
 0: #       size         count      type   redop    root     time   algbw   busbw #wrong     time   algbw   busbw #wrong
 0: #        (B)    (elements)                               (us)  (GB/s)  (GB/s)            (us)  (GB/s)  (GB/s)       
 0:            8             2     float     sum      -1    50.61    0.00    0.00      0    49.90    0.00    0.00      0
 0:           16             4     float     sum      -1    49.88    0.00    0.00      0    49.23    0.00    0.00      0
 0:           32             8     float     sum      -1    49.48    0.00    0.00      0    49.51    0.00    0.00      0
 0:           64            16     float     sum      -1    55.49    0.00    0.00      0    55.60    0.00    0.00      0
 0:          128            32     float     sum      -1    56.75    0.00    0.00      0    54.99    0.00    0.00      0
 0:          256            64     float     sum      -1    62.91    0.00    0.01      0    56.01    0.00    0.01      0
 0:          512           128     float     sum      -1    61.34    0.01    0.02      0    59.04    0.01    0.02      0
 0:         1024           256     float     sum      -1    86.11    0.01    0.02      0    65.40    0.02    0.03      0
 0:         2048           512     float     sum      -1    71.78    0.03    0.06      0    71.62    0.03    0.06      0
 0:         4096          1024     float     sum      -1    111.5    0.04    0.07      0    110.7    0.04    0.07      0
 0:         8192          2048     float     sum      -1    114.4    0.07    0.14      0    143.3    0.06    0.11      0
 0:        16384          4096     float     sum      -1    114.9    0.14    0.28      0    114.8    0.14    0.28      0
 0:        32768          8192     float     sum      -1    129.3    0.25    0.50      0    121.9    0.27    0.53      0
 0:        65536         16384     float     sum      -1    154.8    0.42    0.83      0    133.0    0.49    0.97      0
 0:       131072         32768     float     sum      -1    159.2    0.82    1.62      0    156.4    0.84    1.65      0
 0:       262144         65536     float     sum      -1    193.5    1.36    2.67      0    192.7    1.36    2.68      0
 0:       524288        131072     float     sum      -1    267.4    1.96    3.86      0    264.9    1.98    3.90      0
 0:      1048576        262144     float     sum      -1    312.8    3.35    6.60      0    310.9    3.37    6.64      0
 0:      2097152        524288     float     sum      -1    420.8    4.98    9.81      0    414.8    5.06    9.95      0
 0:      4194304       1048576     float     sum      -1    678.6    6.18   12.17      0    651.8    6.43   12.67      0
 0:      8388608       2097152     float     sum      -1   1113.2    7.54   14.84      0   1111.8    7.55   14.85      0
 0:     16777216       4194304     float     sum      -1   1834.4    9.15   18.01      0   1836.0    9.14   17.99      0
 0:     33554432       8388608     float     sum      -1   2436.7   13.77   27.11      0   2416.2   13.89   27.34      0
 0:     67108864      16777216     float     sum      -1   5799.5   11.57   22.78      0   5680.9   11.81   23.26      0
 0:    134217728      33554432     float     sum      -1   5855.1   22.92   45.13      0   5837.2   22.99   45.27      0
 0:    268435456      67108864     float     sum      -1   6429.7   41.75   82.19      0   6420.5   41.81   82.31      0
 0:    536870912     134217728     float     sum      -1    13347   40.23   79.19      0    13334   40.26   79.27      0
 0:   1073741824     268435456     float     sum      -1    27466   39.09   76.96      0    27494   39.05   76.89      0
 0:   2147483648     536870912     float     sum      -1    57988   37.03   72.91      0    58357   36.80   72.45      0
 0:   4294967296    1073741824     float     sum      -1   119707   35.88   70.64      0   119800   35.85   70.58      0
 0:            8             2     float     sum      -1    51.27    0.00    0.00      0    50.35    0.00    0.00      0
 0:           16             4     float     sum      -1    50.87    0.00    0.00      0    50.27    0.00    0.00      0
 0:           32             8     float     sum      -1    50.43    0.00    0.00      0    50.18    0.00    0.00      0
 0:           64            16     float     sum      -1    55.84    0.00    0.00      0    55.55    0.00    0.00      0
 0:          128            32     float     sum      -1    56.55    0.00    0.00      0    55.48    0.00    0.00      0
 0:          256            64     float     sum      -1    57.63    0.00    0.01      0    56.24    0.00    0.01      0
 0:          512           128     float     sum      -1    60.03    0.01    0.02      0    59.02    0.01    0.02      0
 0:         1024           256     float     sum      -1    67.00    0.02    0.03      0    65.42    0.02    0.03      0
 0:         2048           512     float     sum      -1    71.47    0.03    0.06      0    71.86    0.03    0.06      0
 0:         4096          1024     float     sum      -1    113.1    0.04    0.07      0    110.8    0.04    0.07      0
 0:         8192          2048     float     sum      -1    114.2    0.07    0.14      0    112.3    0.07    0.14      0
 0:        16384          4096     float     sum      -1    115.3    0.14    0.28      0    113.4    0.14    0.28      0
 0:        32768          8192     float     sum      -1    123.8    0.26    0.52      0    122.1    0.27    0.53      0
 0:        65536         16384     float     sum      -1    135.2    0.48    0.95      0    132.5    0.49    0.97      0
 0:       131072         32768     float     sum      -1    153.1    0.86    1.69      0    148.7    0.88    1.73      0
 0:       262144         65536     float     sum      -1    193.3    1.36    2.67      0    190.7    1.37    2.71      0
 0:       524288        131072     float     sum      -1    266.9    1.96    3.87      0    264.0    1.99    3.91      0
 0:      1048576        262144     float     sum      -1    313.6    3.34    6.58      0    310.9    3.37    6.64      0
 0:      2097152        524288     float     sum      -1    414.6    5.06    9.96      0    414.5    5.06    9.96      0
 0:      4194304       1048576     float     sum      -1    651.4    6.44   12.68      0    652.3    6.43   12.66      0
 0:      8388608       2097152     float     sum      -1   1115.4    7.52   14.81      0   1108.7    7.57   14.90      0
 0:     16777216       4194304     float     sum      -1   1838.0    9.13   17.97      0   1833.4    9.15   18.02      0
 0:     33554432       8388608     float     sum      -1   2407.8   13.94   27.44      0   2432.6   13.79   27.16      0
 0:     67108864      16777216     float     sum      -1   5745.4   11.68   23.00      0   5676.1   11.82   23.28      0
 0:    134217728      33554432     float     sum      -1   5853.5   22.93   45.14      0   5856.6   22.92   45.12      0
 0:    268435456      67108864     float     sum      -1   6392.7   41.99   82.67      0   6391.4   42.00   82.69      0
 0:    536870912     134217728     float     sum      -1    13330   40.28   79.29      0    13346   40.23   79.19      0
 0:   1073741824     268435456     float     sum      -1    27417   39.16   77.10      0    27419   39.16   77.10      0
 0:   2147483648     536870912     float     sum      -1    58705   36.58   72.02      0    58620   36.63   72.12      0
 0:   4294967296    1073741824     float     sum      -1   119663   35.89   70.66      0   120141   35.75   70.38      0
 0:            8             2     float     sum      -1    51.40    0.00    0.00      0    50.43    0.00    0.00      0
 0:           16             4     float     sum      -1    50.23    0.00    0.00      0    50.13    0.00    0.00      0
 0:           32             8     float     sum      -1    50.46    0.00    0.00      0    49.84    0.00    0.00      0
 0:           64            16     float     sum      -1    55.06    0.00    0.00      0    55.93    0.00    0.00      0
 0:          128            32     float     sum      -1    56.63    0.00    0.00      0    55.50    0.00    0.00      0
 0:          256            64     float     sum      -1    57.40    0.00    0.01      0    56.64    0.00    0.01      0
 0:          512           128     float     sum      -1    59.34    0.01    0.02      0    58.75    0.01    0.02      0
 0:         1024           256     float     sum      -1    66.74    0.02    0.03      0    64.98    0.02    0.03      0
 0:         2048           512     float     sum      -1    73.18    0.03    0.06      0    71.36    0.03    0.06      0
 0:         4096          1024     float     sum      -1    111.9    0.04    0.07      0    111.5    0.04    0.07      0
 0:         8192          2048     float     sum      -1    114.6    0.07    0.14      0    112.1    0.07    0.14      0
 0:        16384          4096     float     sum      -1    114.7    0.14    0.28      0    113.0    0.14    0.29      0
 0:        32768          8192     float     sum      -1    123.5    0.27    0.52      0    122.7    0.27    0.53      0
 0:        65536         16384     float     sum      -1    134.7    0.49    0.96      0    133.5    0.49    0.97      0
 0:       131072         32768     float     sum      -1    158.3    0.83    1.63      0    151.9    0.86    1.70      0
 0:       262144         65536     float     sum      -1    192.7    1.36    2.68      0    190.9    1.37    2.70      0
 0:       524288        131072     float     sum      -1    266.3    1.97    3.88      0    263.4    1.99    3.92      0
 0:      1048576        262144     float     sum      -1    312.7    3.35    6.60      0    311.0    3.37    6.64      0
 0:      2097152        524288     float     sum      -1    415.1    5.05    9.95      0    414.4    5.06    9.96      0
 0:      4194304       1048576     float     sum      -1    652.1    6.43   12.66      0    652.3    6.43   12.66      0
 0:      8388608       2097152     float     sum      -1   1112.4    7.54   14.85      0   1104.6    7.59   14.95      0
 0:     16777216       4194304     float     sum      -1   1843.8    9.10   17.91      0   1852.0    9.06   17.84      0
 0:     33554432       8388608     float     sum      -1   2433.3   13.79   27.15      0   2408.3   13.93   27.43      0
 0:     67108864      16777216     float     sum      -1   5729.1   11.71   23.06      0   5680.4   11.81   23.26      0
 0:    134217728      33554432     float     sum      -1   5821.1   23.06   45.39      0   5810.6   23.10   45.48      0
 0:    268435456      67108864     float     sum      -1   6390.9   42.00   82.69      0   6395.8   41.97   82.63      0
 0:    536870912     134217728     float     sum      -1    13363   40.17   79.09      0    13367   40.16   79.07      0
 0:   1073741824     268435456     float     sum      -1    27493   39.05   76.89      0    27414   39.17   77.11      0
 0:   2147483648     536870912     float     sum      -1    58329   36.82   72.48      0    58531   36.69   72.23      0
 0:   4294967296    1073741824     float     sum      -1   119949   35.81   70.49      0   119549   35.93   70.73      0
 0:            8             2     float     sum      -1    51.46    0.00    0.00      0    50.69    0.00    0.00      0
 0:           16             4     float     sum      -1    50.03    0.00    0.00      0    49.74    0.00    0.00      0
 0:           32             8     float     sum      -1    50.43    0.00    0.00      0    50.35    0.00    0.00      0
 0:           64            16     float     sum      -1    55.86    0.00    0.00      0    55.09    0.00    0.00      0
 0:          128            32     float     sum      -1    56.19    0.00    0.00      0    55.53    0.00    0.00      0
 0:          256            64     float     sum      -1    57.54    0.00    0.01      0    56.05    0.00    0.01      0
 0:          512           128     float     sum      -1    58.94    0.01    0.02      0    58.01    0.01    0.02      0
 0:         1024           256     float     sum      -1    67.48    0.02    0.03      0    65.56    0.02    0.03      0
 0:         2048           512     float     sum      -1    71.90    0.03    0.06      0    70.96    0.03    0.06      0
 0:         4096          1024     float     sum      -1    112.5    0.04    0.07      0    110.6    0.04    0.07      0
 0:         8192          2048     float     sum      -1    113.9    0.07    0.14      0    112.1    0.07    0.14      0
 0:        16384          4096     float     sum      -1    115.7    0.14    0.28      0    113.6    0.14    0.28      0
 0:        32768          8192     float     sum      -1    124.2    0.26    0.52      0    122.9    0.27    0.52      0
 0:        65536         16384     float     sum      -1    134.8    0.49    0.96      0    132.7    0.49    0.97      0
 0:       131072         32768     float     sum      -1    151.9    0.86    1.70      0    149.1    0.88    1.73      0
 0:       262144         65536     float     sum      -1    193.0    1.36    2.67      0    191.5    1.37    2.69      0
 0:       524288        131072     float     sum      -1    267.7    1.96    3.86      0    263.3    1.99    3.92      0
 0:      1048576        262144     float     sum      -1    312.6    3.35    6.60      0    311.7    3.36    6.62      0
 0:      2097152        524288     float     sum      -1    414.8    5.06    9.95      0    415.4    5.05    9.94      0
 0:      4194304       1048576     float     sum      -1    650.7    6.45   12.69      0    650.8    6.44   12.69      0
 0:      8388608       2097152     float     sum      -1   1112.8    7.54   14.84      0   1109.0    7.56   14.89      0
 0:     16777216       4194304     float     sum      -1   1852.5    9.06   17.83      0   1848.9    9.07   17.86      0
 0:     33554432       8388608     float     sum      -1   2446.4   13.72   27.00      0   2416.0   13.89   27.34      0
 0:     67108864      16777216     float     sum      -1   5756.3   11.66   22.95      0   5680.9   11.81   23.26      0
 0:    134217728      33554432     float     sum      -1   5857.5   22.91   45.11      0   5828.0   23.03   45.34      0
 0:    268435456      67108864     float     sum      -1   6420.5   41.81   82.31      0   6417.8   41.83   82.35      0
 0:    536870912     134217728     float     sum      -1    13346   40.23   79.20      0    13332   40.27   79.28      0
 0:   1073741824     268435456     float     sum      -1    27429   39.15   77.07      0    27394   39.20   77.17      0
 0:   2147483648     536870912     float     sum      -1    58353   36.80   72.45      0    58178   36.91   72.67      0
 0:   4294967296    1073741824     float     sum      -1   120288   35.71   70.30      0   119891   35.82   70.53      0
 0:            8             2     float     sum      -1    51.11    0.00    0.00      0    50.13    0.00    0.00      0
 0:           16             4     float     sum      -1    51.13    0.00    0.00      0    50.61    0.00    0.00      0
 0:           32             8     float     sum      -1    50.42    0.00    0.00      0    50.18    0.00    0.00      0
 0:           64            16     float     sum      -1    55.68    0.00    0.00      0    55.91    0.00    0.00      0
 0:          128            32     float     sum      -1    57.28    0.00    0.00      0    55.28    0.00    0.00      0
 0:          256            64     float     sum      -1    63.13    0.00    0.01      0    57.09    0.00    0.01      0
 0:          512           128     float     sum      -1    59.62    0.01    0.02      0    58.21    0.01    0.02      0
 0:         1024           256     float     sum      -1    66.49    0.02    0.03      0    65.44    0.02    0.03      0
 0:         2048           512     float     sum      -1    71.73    0.03    0.06      0    71.16    0.03    0.06      0
 0:         4096          1024     float     sum      -1    113.0    0.04    0.07      0    111.0    0.04    0.07      0
 0:         8192          2048     float     sum      -1    114.4    0.07    0.14      0    112.2    0.07    0.14      0
 0:        16384          4096     float     sum      -1    116.0    0.14    0.28      0    113.6    0.14    0.28      0
 0:        32768          8192     float     sum      -1    123.6    0.27    0.52      0    122.7    0.27    0.53      0
 0:        65536         16384     float     sum      -1    138.6    0.47    0.93      0    133.1    0.49    0.97      0
 0:       131072         32768     float     sum      -1    159.0    0.82    1.62      0    156.8    0.84    1.65      0
 0:       262144         65536     float     sum      -1    192.0    1.37    2.69      0    192.1    1.36    2.69      0
 0:       524288        131072     float     sum      -1    267.4    1.96    3.86      0    264.4    1.98    3.90      0
 0:      1048576        262144     float     sum      -1    313.7    3.34    6.58      0    311.7    3.36    6.62      0
 0:      2097152        524288     float     sum      -1    415.3    5.05    9.94      0    415.2    5.05    9.94      0
 0:      4194304       1048576     float     sum      -1    652.3    6.43   12.66      0    653.3    6.42   12.64      0
 0:      8388608       2097152     float     sum      -1   1114.2    7.53   14.82      0   1114.3    7.53   14.82      0
 0:     16777216       4194304     float     sum      -1   1848.4    9.08   17.87      0   1835.2    9.14   18.00      0
 0:     33554432       8388608     float     sum      -1   2424.6   13.84   27.25      0   2413.5   13.90   27.37      0
 0:     67108864      16777216     float     sum      -1   5737.5   11.70   23.03      0   5665.0   11.85   23.32      0
 0:    134217728      33554432     float     sum      -1   5832.9   23.01   45.30      0   5829.1   23.03   45.33      0
 0:    268435456      67108864     float     sum      -1   6389.6   42.01   82.71      0   6396.6   41.97   82.62      0
 0:    536870912     134217728     float     sum      -1    13310   40.34   79.41      0    13338   40.25   79.25      0
 0:   1073741824     268435456     float     sum      -1    27475   39.08   76.94      0    27405   39.18   77.14      0
 0:   2147483648     536870912     float     sum      -1    58634   36.62   72.11      0    58371   36.79   72.43      0
 0:   4294967296    1073741824     float     sum      -1   120324   35.69   70.27      0   120015   35.79   70.46      0
 0:            8             2     float     sum      -1    51.35    0.00    0.00      0    50.94    0.00    0.00      0
 0:           16             4     float     sum      -1    49.91    0.00    0.00      0    49.35    0.00    0.00      0
 0:           32             8     float     sum      -1    49.74    0.00    0.00      0    49.91    0.00    0.00      0
 0:           64            16     float     sum      -1    56.10    0.00    0.00      0    55.70    0.00    0.00      0
 0:          128            32     float     sum      -1    57.17    0.00    0.00      0    55.63    0.00    0.00      0
 0:          256            64     float     sum      -1    57.44    0.00    0.01      0    56.54    0.00    0.01      0
 0:          512           128     float     sum      -1    59.41    0.01    0.02      0    59.01    0.01    0.02      0
 0:         1024           256     float     sum      -1    66.76    0.02    0.03      0    66.29    0.02    0.03      0
 0:         2048           512     float     sum      -1    72.39    0.03    0.06      0    71.51    0.03    0.06      0
 0:         4096          1024     float     sum      -1    112.3    0.04    0.07      0    110.9    0.04    0.07      0
 0:         8192          2048     float     sum      -1    114.3    0.07    0.14      0    112.3    0.07    0.14      0
 0:        16384          4096     float     sum      -1    116.3    0.14    0.28      0    113.8    0.14    0.28      0
 0:        32768          8192     float     sum      -1    123.2    0.27    0.52      0    121.8    0.27    0.53      0
 0:        65536         16384     float     sum      -1    135.5    0.48    0.95      0    133.4    0.49    0.97      0
 0:       131072         32768     float     sum      -1    151.4    0.87    1.70      0    149.4    0.88    1.73      0
 0:       262144         65536     float     sum      -1    207.8    1.26    2.48      0    191.7    1.37    2.69      0
 0:       524288        131072     float     sum      -1    266.6    1.97    3.87      0    263.9    1.99    3.91      0
 0:      1048576        262144     float     sum      -1    313.4    3.35    6.59      0    311.6    3.37    6.63      0
 0:      2097152        524288     float     sum      -1    415.4    5.05    9.94      0    415.1    5.05    9.95      0
 0:      4194304       1048576     float     sum      -1    651.9    6.43   12.67      0    652.0    6.43   12.66      0
 0:      8388608       2097152     float     sum      -1   1107.9    7.57   14.91      0   1100.8    7.62   15.00      0
 0:     16777216       4194304     float     sum      -1   1843.1    9.10   17.92      0   1839.1    9.12   17.96      0
 0:     33554432       8388608     float     sum      -1   2426.0   13.83   27.23      0   2405.9   13.95   27.46      0
 0:     67108864      16777216     float     sum      -1   5733.4   11.70   23.04      0   5668.5   11.84   23.31      0
 0:    134217728      33554432     float     sum      -1   5843.9   22.97   45.22      0   5852.8   22.93   45.15      0
 0:    268435456      67108864     float     sum      -1   6399.4   41.95   82.58      0   6389.6   42.01   82.71      0
 0:    536870912     134217728     float     sum      -1    13316   40.32   79.37      0    13349   40.22   79.18      0
 0:   1073741824     268435456     float     sum      -1    27418   39.16   77.10      0    27405   39.18   77.14      0
 0:   2147483648     536870912     float     sum      -1    58366   36.79   72.44      0    58406   36.77   72.39      0
 0:   4294967296    1073741824     float     sum      -1   119827   35.84   70.57      0   119179   36.04   70.95      0
 0:            8             2     float     sum      -1    51.67    0.00    0.00      0    50.40    0.00    0.00      0
 0:           16             4     float     sum      -1    50.48    0.00    0.00      0    50.21    0.00    0.00      0
 0:           32             8     float     sum      -1    50.04    0.00    0.00      0    50.08    0.00    0.00      0
 0:           64            16     float     sum      -1    55.77    0.00    0.00      0    55.59    0.00    0.00      0
 0:          128            32     float     sum      -1    56.45    0.00    0.00      0    61.63    0.00    0.00      0
 0:          256            64     float     sum      -1    57.11    0.00    0.01      0    57.14    0.00    0.01      0
 0:          512           128     float     sum      -1    59.28    0.01    0.02      0    58.90    0.01    0.02      0
 0:         1024           256     float     sum      -1    66.70    0.02    0.03      0    66.31    0.02    0.03      0
 0:         2048           512     float     sum      -1    72.43    0.03    0.06      0    70.81    0.03    0.06      0
 0:         4096          1024     float     sum      -1    112.3    0.04    0.07      0    111.2    0.04    0.07      0
 0:         8192          2048     float     sum      -1    113.6    0.07    0.14      0    112.0    0.07    0.14      0
 0:        16384          4096     float     sum      -1    114.9    0.14    0.28      0    113.8    0.14    0.28      0
 0:        32768          8192     float     sum      -1    124.4    0.26    0.52      0    122.2    0.27    0.53      0
 0:        65536         16384     float     sum      -1    137.6    0.48    0.94      0    132.7    0.49    0.97      0
 0:       131072         32768     float     sum      -1    151.9    0.86    1.70      0    149.8    0.87    1.72      0
 0:       262144         65536     float     sum      -1    216.6    1.21    2.38      0    210.2    1.25    2.46      0
 0:       524288        131072     float     sum      -1    266.9    1.96    3.87      0    262.6    2.00    3.93      0
 0:      1048576        262144     float     sum      -1    312.7    3.35    6.60      0    311.5    3.37    6.63      0
 0:      2097152        524288     float     sum      -1    415.2    5.05    9.94      0    415.5    5.05    9.94      0
 0:      4194304       1048576     float     sum      -1    651.6    6.44   12.67      0    651.3    6.44   12.68      0
 0:      8388608       2097152     float     sum      -1   1110.7    7.55   14.87      0   1102.9    7.61   14.97      0
 0:     16777216       4194304     float     sum      -1   1826.8    9.18   18.08      0   1831.2    9.16   18.04      0
 0:     33554432       8388608     float     sum      -1   2430.6   13.81   27.18      0   2414.6   13.90   27.36      0
 0:     67108864      16777216     float     sum      -1   5740.6   11.69   23.01      0   5677.4   11.82   23.27      0
 0:    134217728      33554432     float     sum      -1   5850.0   22.94   45.17      0   5843.2   22.97   45.22      0
 0:    268435456      67108864     float     sum      -1   6394.2   41.98   82.65      0   6393.1   41.99   82.66      0
 0:    536870912     134217728     float     sum      -1    13336   40.26   79.25      0    13332   40.27   79.28      0
 0:   1073741824     268435456     float     sum      -1    27417   39.16   77.10      0    27371   39.23   77.23      0
 0:   2147483648     536870912     float     sum      -1    58584   36.66   72.17      0    58612   36.64   72.13      0
 0:   4294967296    1073741824     float     sum      -1   119835   35.84   70.56      0   120227   35.72   70.33      0
 0:            8             2     float     sum      -1    51.10    0.00    0.00      0    50.51    0.00    0.00      0
 0:           16             4     float     sum      -1    50.56    0.00    0.00      0    50.84    0.00    0.00      0
 0:           32             8     float     sum      -1    50.02    0.00    0.00      0    54.91    0.00    0.00      0
 0:           64            16     float     sum      -1    54.93    0.00    0.00      0    55.05    0.00    0.00      0
 0:          128            32     float     sum      -1    55.85    0.00    0.00      0    55.76    0.00    0.00      0
 0:          256            64     float     sum      -1    57.20    0.00    0.01      0    56.14    0.00    0.01      0
 0:          512           128     float     sum      -1    58.77    0.01    0.02      0    57.90    0.01    0.02      0
 0:         1024           256     float     sum      -1    67.13    0.02    0.03      0    66.56    0.02    0.03      0
 0:         2048           512     float     sum      -1    72.19    0.03    0.06      0    70.80    0.03    0.06      0
 0:         4096          1024     float     sum      -1    112.0    0.04    0.07      0    111.2    0.04    0.07      0
 0:         8192          2048     float     sum      -1    114.2    0.07    0.14      0    112.1    0.07    0.14      0
 0:        16384          4096     float     sum      -1    115.7    0.14    0.28      0    114.8    0.14    0.28      0
 0:        32768          8192     float     sum      -1    123.6    0.27    0.52      0    122.3    0.27    0.53      0
 0:        65536         16384     float     sum      -1    135.5    0.48    0.95      0    132.7    0.49    0.97      0
 0:       131072         32768     float     sum      -1    151.5    0.87    1.70      0    148.4    0.88    1.74      0
 0:       262144         65536     float     sum      -1    193.6    1.35    2.67      0    191.5    1.37    2.70      0
 0:       524288        131072     float     sum      -1    266.9    1.96    3.87      0    263.5    1.99    3.92      0
 0:      1048576        262144     float     sum      -1    313.1    3.35    6.59      0    310.7    3.37    6.64      0
 0:      2097152        524288     float     sum      -1    415.7    5.04    9.93      0    415.2    5.05    9.94      0
 0:      4194304       1048576     float     sum      -1    652.2    6.43   12.66      0    652.2    6.43   12.66      0
 0:      8388608       2097152     float     sum      -1   1112.7    7.54   14.84      0   1104.1    7.60   14.96      0
 0:     16777216       4194304     float     sum      -1   1841.8    9.11   17.93      0   1827.3    9.18   18.08      0
 0:     33554432       8388608     float     sum      -1   2423.2   13.85   27.26      0   2443.2   13.73   27.04      0
 0:     67108864      16777216     float     sum      -1   5732.4   11.71   23.05      0   5675.8   11.82   23.28      0
 0:    134217728      33554432     float     sum      -1   5845.5   22.96   45.20      0   5848.6   22.95   45.18      0
 0:    268435456      67108864     float     sum      -1   6402.4   41.93   82.54      0   6397.0   41.96   82.61      0
 0:    536870912     134217728     float     sum      -1    13363   40.18   79.10      0    13365   40.17   79.09      0
 0:   1073741824     268435456     float     sum      -1    27543   38.98   76.75      0    27484   39.07   76.92      0
 0:   2147483648     536870912     float     sum      -1    58271   36.85   72.55      0    58410   36.77   72.38      0
 0:   4294967296    1073741824     float     sum      -1   119811   35.85   70.58      0   119005   36.09   71.05      0
 0:            8             2     float     sum      -1    51.50    0.00    0.00      0    50.06    0.00    0.00      0
 0:           16             4     float     sum      -1    50.31    0.00    0.00      0    50.11    0.00    0.00      0
 0:           32             8     float     sum      -1    50.62    0.00    0.00      0    50.51    0.00    0.00      0
 0:           64            16     float     sum      -1    55.69    0.00    0.00      0    55.48    0.00    0.00      0
 0:          128            32     float     sum      -1    57.07    0.00    0.00      0    55.92    0.00    0.00      0
 0:          256            64     float     sum      -1    57.48    0.00    0.01      0    56.38    0.00    0.01      0
 0:          512           128     float     sum      -1    59.35    0.01    0.02      0    58.94    0.01    0.02      0
 0:         1024           256     float     sum      -1    67.19    0.02    0.03      0    65.47    0.02    0.03      0
 0:         2048           512     float     sum      -1    79.46    0.03    0.05      0    70.98    0.03    0.06      0
 0:         4096          1024     float     sum      -1    113.3    0.04    0.07      0    111.4    0.04    0.07      0
 0:         8192          2048     float     sum      -1    115.3    0.07    0.14      0    112.5    0.07    0.14      0
 0:        16384          4096     float     sum      -1    115.8    0.14    0.28      0    113.9    0.14    0.28      0
 0:        32768          8192     float     sum      -1    123.8    0.26    0.52      0    122.0    0.27    0.53      0
 0:        65536         16384     float     sum      -1    135.0    0.49    0.96      0    133.2    0.49    0.97      0
 0:       131072         32768     float     sum      -1    159.5    0.82    1.62      0    149.4    0.88    1.73      0
 0:       262144         65536     float     sum      -1    207.2    1.27    2.49      0    198.7    1.32    2.60      0
 0:       524288        131072     float     sum      -1    266.8    1.96    3.87      0    262.7    2.00    3.93      0
 0:      1048576        262144     float     sum      -1    312.8    3.35    6.60      0    311.1    3.37    6.64      0
 0:      2097152        524288     float     sum      -1    415.3    5.05    9.94      0    415.5    5.05    9.94      0
 0:      4194304       1048576     float     sum      -1    653.1    6.42   12.64      0    652.8    6.43   12.65      0
 0:      8388608       2097152     float     sum      -1   1121.8    7.48   14.72      0   1107.4    7.57   14.91      0
 0:     16777216       4194304     float     sum      -1   1849.9    9.07   17.85      0   1849.1    9.07   17.86      0
 0:     33554432       8388608     float     sum      -1   2420.0   13.87   27.30      0   2418.5   13.87   27.32      0
 0:     67108864      16777216     float     sum      -1   5728.5   11.71   23.06      0   5663.6   11.85   23.33      0
 0:    134217728      33554432     float     sum      -1   5825.5   23.04   45.36      0   5827.3   23.03   45.35      0
 0:    268435456      67108864     float     sum      -1   6392.5   41.99   82.67      0   6395.4   41.97   82.64      0
 0:    536870912     134217728     float     sum      -1    13349   40.22   79.18      0    13328   40.28   79.31      0
 0:   1073741824     268435456     float     sum      -1    27366   39.24   77.25      0    27414   39.17   77.11      0
 0:   2147483648     536870912     float     sum      -1    58402   36.77   72.39      0    58435   36.75   72.35      0
 0:   4294967296    1073741824     float     sum      -1   119508   35.94   70.75      0   119431   35.96   70.80      0
 0:            8             2     float     sum      -1    51.55    0.00    0.00      0    51.01    0.00    0.00      0
 0:           16             4     float     sum      -1    49.99    0.00    0.00      0    50.30    0.00    0.00      0
 0:           32             8     float     sum      -1    50.97    0.00    0.00      0    49.99    0.00    0.00      0
 0:           64            16     float     sum      -1    56.51    0.00    0.00      0    55.76    0.00    0.00      0
 0:          128            32     float     sum      -1    57.63    0.00    0.00      0    56.11    0.00    0.00      0
 0:          256            64     float     sum      -1    57.17    0.00    0.01      0    57.10    0.00    0.01      0
 0:          512           128     float     sum      -1    59.81    0.01    0.02      0    58.63    0.01    0.02      0
 0:         1024           256     float     sum      -1    67.03    0.02    0.03      0    66.57    0.02    0.03      0
 0:         2048           512     float     sum      -1    72.14    0.03    0.06      0    71.31    0.03    0.06      0
 0:         4096          1024     float     sum      -1    112.7    0.04    0.07      0    111.3    0.04    0.07      0
 0:         8192          2048     float     sum      -1    114.0    0.07    0.14      0    112.3    0.07    0.14      0
 0:        16384          4096     float     sum      -1    115.0    0.14    0.28      0    113.8    0.14    0.28      0
 0:        32768          8192     float     sum      -1    124.5    0.26    0.52      0    122.7    0.27    0.53      0
 0:        65536         16384     float     sum      -1    135.1    0.49    0.95      0    133.3    0.49    0.97      0
 0:       131072         32768     float     sum      -1    152.1    0.86    1.70      0    176.6    0.74    1.46      0
 0:       262144         65536     float     sum      -1    192.6    1.36    2.68      0    192.1    1.36    2.69      0
 0:       524288        131072     float     sum      -1    267.1    1.96    3.87      0    263.5    1.99    3.92      0
 0:      1048576        262144     float     sum      -1    312.7    3.35    6.60      0    312.1    3.36    6.62      0
 0:      2097152        524288     float     sum      -1    415.2    5.05    9.94      0    415.0    5.05    9.95      0
 0:      4194304       1048576     float     sum      -1    654.4    6.41   12.62      0    650.8    6.44   12.69      0
 0:      8388608       2097152     float     sum      -1   1110.7    7.55   14.87      0   1111.4    7.55   14.86      0
 0:     16777216       4194304     float     sum      -1   1833.8    9.15   18.01      0   1841.1    9.11   17.94      0
 0:     33554432       8388608     float     sum      -1   2417.5   13.88   27.33      0   2429.1   13.81   27.19      0
 0:     67108864      16777216     float     sum      -1   5736.2   11.70   23.03      0   5682.5   11.81   23.25      0
 0:    134217728      33554432     float     sum      -1   5836.6   23.00   45.27      0   5841.1   22.98   45.24      0
 0:    268435456      67108864     float     sum      -1   6392.5   41.99   82.67      0   6388.1   42.02   82.73      0
 0:    536870912     134217728     float     sum      -1    13356   40.20   79.14      0    13342   40.24   79.22      0
 0:   1073741824     268435456     float     sum      -1    27264   39.38   77.54      0    27413   39.17   77.11      0
 0:   2147483648     536870912     float     sum      -1    58270   36.85   72.56      0    58561   36.67   72.20      0
 0:   4294967296    1073741824     float     sum      -1   119359   35.98   70.84      0   119688   35.88   70.65      0
 0: # Out of bounds values : 0 OK
 0: # Avg bus bandwidth    : 18.3273 
 0: #
 0: 
