  0: # nThread 1 nGpus 1 minBytes 8 maxBytes 4294967296 step: 2(factor) warmup iters: 8 iters: 24 agg iters: 1 validation: 1 graph: 0
  0: #
  0: # Using devices
  0: #  Rank  0 Group  0 Pid 135106 on  nid006540 device  0 [0009:01:00] NVIDIA GH200 120GB
  0: #  Rank  1 Group  0 Pid 135107 on  nid006540 device  0 [0019:01:00] NVIDIA GH200 120GB
  0: #  Rank  2 Group  0 Pid 135108 on  nid006540 device  0 [0029:01:00] NVIDIA GH200 120GB
  0: #  Rank  3 Group  0 Pid 135109 on  nid006540 device  0 [0039:01:00] NVIDIA GH200 120GB
  0: #  Rank  4 Group  0 Pid 172116 on  nid006541 device  0 [0009:01:00] NVIDIA GH200 120GB
  0: #  Rank  5 Group  0 Pid 172117 on  nid006541 device  0 [0019:01:00] NVIDIA GH200 120GB
  0: #  Rank  6 Group  0 Pid 172118 on  nid006541 device  0 [0029:01:00] NVIDIA GH200 120GB
  0: #  Rank  7 Group  0 Pid 172119 on  nid006541 device  0 [0039:01:00] NVIDIA GH200 120GB
  0: #  Rank  8 Group  0 Pid 168842 on  nid006542 device  0 [0009:01:00] NVIDIA GH200 120GB
  0: #  Rank  9 Group  0 Pid 168843 on  nid006542 device  0 [0019:01:00] NVIDIA GH200 120GB
  0: #  Rank 10 Group  0 Pid 168844 on  nid006542 device  0 [0029:01:00] NVIDIA GH200 120GB
  0: #  Rank 11 Group  0 Pid 168845 on  nid006542 device  0 [0039:01:00] NVIDIA GH200 120GB
  0: #  Rank 12 Group  0 Pid 105148 on  nid006546 device  0 [0009:01:00] NVIDIA GH200 120GB
  0: #  Rank 13 Group  0 Pid 105149 on  nid006546 device  0 [0019:01:00] NVIDIA GH200 120GB
  0: #  Rank 14 Group  0 Pid 105150 on  nid006546 device  0 [0029:01:00] NVIDIA GH200 120GB
  0: #  Rank 15 Group  0 Pid 105151 on  nid006546 device  0 [0039:01:00] NVIDIA GH200 120GB
  0: #  Rank 16 Group  0 Pid 104940 on  nid006550 device  0 [0009:01:00] NVIDIA GH200 120GB
  0: #  Rank 17 Group  0 Pid 104941 on  nid006550 device  0 [0019:01:00] NVIDIA GH200 120GB
  0: #  Rank 18 Group  0 Pid 104942 on  nid006550 device  0 [0029:01:00] NVIDIA GH200 120GB
  0: #  Rank 19 Group  0 Pid 104943 on  nid006550 device  0 [0039:01:00] NVIDIA GH200 120GB
  0: #  Rank 20 Group  0 Pid  96221 on  nid006551 device  0 [0009:01:00] NVIDIA GH200 120GB
  0: #  Rank 21 Group  0 Pid  96222 on  nid006551 device  0 [0019:01:00] NVIDIA GH200 120GB
  0: #  Rank 22 Group  0 Pid  96223 on  nid006551 device  0 [0029:01:00] NVIDIA GH200 120GB
  0: #  Rank 23 Group  0 Pid  96224 on  nid006551 device  0 [0039:01:00] NVIDIA GH200 120GB
  0: #  Rank 24 Group  0 Pid 117771 on  nid006552 device  0 [0009:01:00] NVIDIA GH200 120GB
  0: #  Rank 25 Group  0 Pid 117772 on  nid006552 device  0 [0019:01:00] NVIDIA GH200 120GB
  0: #  Rank 26 Group  0 Pid 117773 on  nid006552 device  0 [0029:01:00] NVIDIA GH200 120GB
  0: #  Rank 27 Group  0 Pid 117774 on  nid006552 device  0 [0039:01:00] NVIDIA GH200 120GB
  0: #  Rank 28 Group  0 Pid 101785 on  nid006553 device  0 [0009:01:00] NVIDIA GH200 120GB
  0: #  Rank 29 Group  0 Pid 101786 on  nid006553 device  0 [0019:01:00] NVIDIA GH200 120GB
  0: #  Rank 30 Group  0 Pid 101787 on  nid006553 device  0 [0029:01:00] NVIDIA GH200 120GB
  0: #  Rank 31 Group  0 Pid 101788 on  nid006553 device  0 [0039:01:00] NVIDIA GH200 120GB
  0: #  Rank 32 Group  0 Pid 149451 on  nid006556 device  0 [0009:01:00] NVIDIA GH200 120GB
  0: #  Rank 33 Group  0 Pid 149452 on  nid006556 device  0 [0019:01:00] NVIDIA GH200 120GB
  0: #  Rank 34 Group  0 Pid 149453 on  nid006556 device  0 [0029:01:00] NVIDIA GH200 120GB
  0: #  Rank 35 Group  0 Pid 149454 on  nid006556 device  0 [0039:01:00] NVIDIA GH200 120GB
  0: #  Rank 36 Group  0 Pid 136650 on  nid006557 device  0 [0009:01:00] NVIDIA GH200 120GB
  0: #  Rank 37 Group  0 Pid 136651 on  nid006557 device  0 [0019:01:00] NVIDIA GH200 120GB
  0: #  Rank 38 Group  0 Pid 136652 on  nid006557 device  0 [0029:01:00] NVIDIA GH200 120GB
  0: #  Rank 39 Group  0 Pid 136653 on  nid006557 device  0 [0039:01:00] NVIDIA GH200 120GB
  0: #  Rank 40 Group  0 Pid 292047 on  nid006558 device  0 [0009:01:00] NVIDIA GH200 120GB
  0: #  Rank 41 Group  0 Pid 292048 on  nid006558 device  0 [0019:01:00] NVIDIA GH200 120GB
  0: #  Rank 42 Group  0 Pid 292049 on  nid006558 device  0 [0029:01:00] NVIDIA GH200 120GB
  0: #  Rank 43 Group  0 Pid 292050 on  nid006558 device  0 [0039:01:00] NVIDIA GH200 120GB
  0: #  Rank 44 Group  0 Pid 250640 on  nid006560 device  0 [0009:01:00] NVIDIA GH200 120GB
  0: #  Rank 45 Group  0 Pid 250641 on  nid006560 device  0 [0019:01:00] NVIDIA GH200 120GB
  0: #  Rank 46 Group  0 Pid 250642 on  nid006560 device  0 [0029:01:00] NVIDIA GH200 120GB
  0: #  Rank 47 Group  0 Pid 250643 on  nid006560 device  0 [0039:01:00] NVIDIA GH200 120GB
  0: #  Rank 48 Group  0 Pid 207028 on  nid006561 device  0 [0009:01:00] NVIDIA GH200 120GB
  0: #  Rank 49 Group  0 Pid 207029 on  nid006561 device  0 [0019:01:00] NVIDIA GH200 120GB
  0: #  Rank 50 Group  0 Pid 207030 on  nid006561 device  0 [0029:01:00] NVIDIA GH200 120GB
  0: #  Rank 51 Group  0 Pid 207031 on  nid006561 device  0 [0039:01:00] NVIDIA GH200 120GB
  0: #  Rank 52 Group  0 Pid 133883 on  nid006564 device  0 [0009:01:00] NVIDIA GH200 120GB
  0: #  Rank 53 Group  0 Pid 133884 on  nid006564 device  0 [0019:01:00] NVIDIA GH200 120GB
  0: #  Rank 54 Group  0 Pid 133885 on  nid006564 device  0 [0029:01:00] NVIDIA GH200 120GB
  0: #  Rank 55 Group  0 Pid 133886 on  nid006564 device  0 [0039:01:00] NVIDIA GH200 120GB
  0: #  Rank 56 Group  0 Pid 138391 on  nid006567 device  0 [0009:01:00] NVIDIA GH200 120GB
  0: #  Rank 57 Group  0 Pid 138392 on  nid006567 device  0 [0019:01:00] NVIDIA GH200 120GB
  0: #  Rank 58 Group  0 Pid 138393 on  nid006567 device  0 [0029:01:00] NVIDIA GH200 120GB
  0: #  Rank 59 Group  0 Pid 138394 on  nid006567 device  0 [0039:01:00] NVIDIA GH200 120GB
  0: #  Rank 60 Group  0 Pid 236471 on  nid006905 device  0 [0009:01:00] NVIDIA GH200 120GB
  0: #  Rank 61 Group  0 Pid 236472 on  nid006905 device  0 [0019:01:00] NVIDIA GH200 120GB
  0: #  Rank 62 Group  0 Pid 236473 on  nid006905 device  0 [0029:01:00] NVIDIA GH200 120GB
  0: #  Rank 63 Group  0 Pid 236474 on  nid006905 device  0 [0039:01:00] NVIDIA GH200 120GB
  0: #  Rank 64 Group  0 Pid 204520 on  nid006907 device  0 [0009:01:00] NVIDIA GH200 120GB
  0: #  Rank 65 Group  0 Pid 204521 on  nid006907 device  0 [0019:01:00] NVIDIA GH200 120GB
  0: #  Rank 66 Group  0 Pid 204522 on  nid006907 device  0 [0029:01:00] NVIDIA GH200 120GB
  0: #  Rank 67 Group  0 Pid 204523 on  nid006907 device  0 [0039:01:00] NVIDIA GH200 120GB
  0: #  Rank 68 Group  0 Pid 173193 on  nid006908 device  0 [0009:01:00] NVIDIA GH200 120GB
  0: #  Rank 69 Group  0 Pid 173194 on  nid006908 device  0 [0019:01:00] NVIDIA GH200 120GB
  0: #  Rank 70 Group  0 Pid 173196 on  nid006908 device  0 [0029:01:00] NVIDIA GH200 120GB
  0: #  Rank 71 Group  0 Pid 173197 on  nid006908 device  0 [0039:01:00] NVIDIA GH200 120GB
  0: #  Rank 72 Group  0 Pid 202250 on  nid006909 device  0 [0009:01:00] NVIDIA GH200 120GB
  0: #  Rank 73 Group  0 Pid 202251 on  nid006909 device  0 [0019:01:00] NVIDIA GH200 120GB
  0: #  Rank 74 Group  0 Pid 202252 on  nid006909 device  0 [0029:01:00] NVIDIA GH200 120GB
  0: #  Rank 75 Group  0 Pid 202253 on  nid006909 device  0 [0039:01:00] NVIDIA GH200 120GB
  0: #  Rank 76 Group  0 Pid 197708 on  nid006911 device  0 [0009:01:00] NVIDIA GH200 120GB
  0: #  Rank 77 Group  0 Pid 197709 on  nid006911 device  0 [0019:01:00] NVIDIA GH200 120GB
  0: #  Rank 78 Group  0 Pid 197710 on  nid006911 device  0 [0029:01:00] NVIDIA GH200 120GB
  0: #  Rank 79 Group  0 Pid 197711 on  nid006911 device  0 [0039:01:00] NVIDIA GH200 120GB
  0: #  Rank 80 Group  0 Pid 279157 on  nid006913 device  0 [0009:01:00] NVIDIA GH200 120GB
  0: #  Rank 81 Group  0 Pid 279158 on  nid006913 device  0 [0019:01:00] NVIDIA GH200 120GB
  0: #  Rank 82 Group  0 Pid 279159 on  nid006913 device  0 [0029:01:00] NVIDIA GH200 120GB
  0: #  Rank 83 Group  0 Pid 279160 on  nid006913 device  0 [0039:01:00] NVIDIA GH200 120GB
  0: #  Rank 84 Group  0 Pid 257940 on  nid006914 device  0 [0009:01:00] NVIDIA GH200 120GB
  0: #  Rank 85 Group  0 Pid 257941 on  nid006914 device  0 [0019:01:00] NVIDIA GH200 120GB
  0: #  Rank 86 Group  0 Pid 257942 on  nid006914 device  0 [0029:01:00] NVIDIA GH200 120GB
  0: #  Rank 87 Group  0 Pid 257943 on  nid006914 device  0 [0039:01:00] NVIDIA GH200 120GB
  0: #  Rank 88 Group  0 Pid 277824 on  nid006916 device  0 [0009:01:00] NVIDIA GH200 120GB
  0: #  Rank 89 Group  0 Pid 277825 on  nid006916 device  0 [0019:01:00] NVIDIA GH200 120GB
  0: #  Rank 90 Group  0 Pid 277826 on  nid006916 device  0 [0029:01:00] NVIDIA GH200 120GB
  0: #  Rank 91 Group  0 Pid 277827 on  nid006916 device  0 [0039:01:00] NVIDIA GH200 120GB
  0: #  Rank 92 Group  0 Pid 273720 on  nid006917 device  0 [0009:01:00] NVIDIA GH200 120GB
  0: #  Rank 93 Group  0 Pid 273721 on  nid006917 device  0 [0019:01:00] NVIDIA GH200 120GB
  0: #  Rank 94 Group  0 Pid 273722 on  nid006917 device  0 [0029:01:00] NVIDIA GH200 120GB
  0: #  Rank 95 Group  0 Pid 273723 on  nid006917 device  0 [0039:01:00] NVIDIA GH200 120GB
  0: #  Rank 96 Group  0 Pid 132546 on  nid006919 device  0 [0009:01:00] NVIDIA GH200 120GB
  0: #  Rank 97 Group  0 Pid 132547 on  nid006919 device  0 [0019:01:00] NVIDIA GH200 120GB
  0: #  Rank 98 Group  0 Pid 132548 on  nid006919 device  0 [0029:01:00] NVIDIA GH200 120GB
  0: #  Rank 99 Group  0 Pid 132549 on  nid006919 device  0 [0039:01:00] NVIDIA GH200 120GB
  0: #  Rank 100 Group  0 Pid 238934 on  nid006921 device  0 [0009:01:00] NVIDIA GH200 120GB
  0: #  Rank 101 Group  0 Pid 238935 on  nid006921 device  0 [0019:01:00] NVIDIA GH200 120GB
  0: #  Rank 102 Group  0 Pid 238936 on  nid006921 device  0 [0029:01:00] NVIDIA GH200 120GB
  0: #  Rank 103 Group  0 Pid 238937 on  nid006921 device  0 [0039:01:00] NVIDIA GH200 120GB
  0: #  Rank 104 Group  0 Pid  53347 on  nid006924 device  0 [0009:01:00] NVIDIA GH200 120GB
  0: #  Rank 105 Group  0 Pid  53348 on  nid006924 device  0 [0019:01:00] NVIDIA GH200 120GB
  0: #  Rank 106 Group  0 Pid  53349 on  nid006924 device  0 [0029:01:00] NVIDIA GH200 120GB
  0: #  Rank 107 Group  0 Pid  53350 on  nid006924 device  0 [0039:01:00] NVIDIA GH200 120GB
  0: #  Rank 108 Group  0 Pid 137716 on  nid006926 device  0 [0009:01:00] NVIDIA GH200 120GB
  0: #  Rank 109 Group  0 Pid 137717 on  nid006926 device  0 [0019:01:00] NVIDIA GH200 120GB
  0: #  Rank 110 Group  0 Pid 137718 on  nid006926 device  0 [0029:01:00] NVIDIA GH200 120GB
  0: #  Rank 111 Group  0 Pid 137719 on  nid006926 device  0 [0039:01:00] NVIDIA GH200 120GB
  0: #  Rank 112 Group  0 Pid 148451 on  nid006928 device  0 [0009:01:00] NVIDIA GH200 120GB
  0: #  Rank 113 Group  0 Pid 148452 on  nid006928 device  0 [0019:01:00] NVIDIA GH200 120GB
  0: #  Rank 114 Group  0 Pid 148453 on  nid006928 device  0 [0029:01:00] NVIDIA GH200 120GB
  0: #  Rank 115 Group  0 Pid 148454 on  nid006928 device  0 [0039:01:00] NVIDIA GH200 120GB
  0: #  Rank 116 Group  0 Pid  47818 on  nid006930 device  0 [0009:01:00] NVIDIA GH200 120GB
  0: #  Rank 117 Group  0 Pid  47819 on  nid006930 device  0 [0019:01:00] NVIDIA GH200 120GB
  0: #  Rank 118 Group  0 Pid  47820 on  nid006930 device  0 [0029:01:00] NVIDIA GH200 120GB
  0: #  Rank 119 Group  0 Pid  47821 on  nid006930 device  0 [0039:01:00] NVIDIA GH200 120GB
  0: #  Rank 120 Group  0 Pid  84061 on  nid006932 device  0 [0009:01:00] NVIDIA GH200 120GB
  0: #  Rank 121 Group  0 Pid  84062 on  nid006932 device  0 [0019:01:00] NVIDIA GH200 120GB
  0: #  Rank 122 Group  0 Pid  84063 on  nid006932 device  0 [0029:01:00] NVIDIA GH200 120GB
  0: #  Rank 123 Group  0 Pid  84064 on  nid006932 device  0 [0039:01:00] NVIDIA GH200 120GB
  0: #  Rank 124 Group  0 Pid  67662 on  nid006933 device  0 [0009:01:00] NVIDIA GH200 120GB
  0: #  Rank 125 Group  0 Pid  67663 on  nid006933 device  0 [0019:01:00] NVIDIA GH200 120GB
  0: #  Rank 126 Group  0 Pid  67664 on  nid006933 device  0 [0029:01:00] NVIDIA GH200 120GB
  0: #  Rank 127 Group  0 Pid  67665 on  nid006933 device  0 [0039:01:00] NVIDIA GH200 120GB
  0: #  Rank 128 Group  0 Pid   6537 on  nid006936 device  0 [0009:01:00] NVIDIA GH200 120GB
  0: #  Rank 129 Group  0 Pid   6538 on  nid006936 device  0 [0019:01:00] NVIDIA GH200 120GB
  0: #  Rank 130 Group  0 Pid   6539 on  nid006936 device  0 [0029:01:00] NVIDIA GH200 120GB
  0: #  Rank 131 Group  0 Pid   6540 on  nid006936 device  0 [0039:01:00] NVIDIA GH200 120GB
  0: #  Rank 132 Group  0 Pid  37079 on  nid006937 device  0 [0009:01:00] NVIDIA GH200 120GB
  0: #  Rank 133 Group  0 Pid  37080 on  nid006937 device  0 [0019:01:00] NVIDIA GH200 120GB
  0: #  Rank 134 Group  0 Pid  37081 on  nid006937 device  0 [0029:01:00] NVIDIA GH200 120GB
  0: #  Rank 135 Group  0 Pid  37082 on  nid006937 device  0 [0039:01:00] NVIDIA GH200 120GB
  0: #  Rank 136 Group  0 Pid  76679 on  nid006938 device  0 [0009:01:00] NVIDIA GH200 120GB
  0: #  Rank 137 Group  0 Pid  76680 on  nid006938 device  0 [0019:01:00] NVIDIA GH200 120GB
  0: #  Rank 138 Group  0 Pid  76681 on  nid006938 device  0 [0029:01:00] NVIDIA GH200 120GB
  0: #  Rank 139 Group  0 Pid  76682 on  nid006938 device  0 [0039:01:00] NVIDIA GH200 120GB
  0: #  Rank 140 Group  0 Pid 110792 on  nid006940 device  0 [0009:01:00] NVIDIA GH200 120GB
  0: #  Rank 141 Group  0 Pid 110793 on  nid006940 device  0 [0019:01:00] NVIDIA GH200 120GB
  0: #  Rank 142 Group  0 Pid 110794 on  nid006940 device  0 [0029:01:00] NVIDIA GH200 120GB
  0: #  Rank 143 Group  0 Pid 110795 on  nid006940 device  0 [0039:01:00] NVIDIA GH200 120GB
  0: #  Rank 144 Group  0 Pid 124115 on  nid006941 device  0 [0009:01:00] NVIDIA GH200 120GB
  0: #  Rank 145 Group  0 Pid 124116 on  nid006941 device  0 [0019:01:00] NVIDIA GH200 120GB
  0: #  Rank 146 Group  0 Pid 124117 on  nid006941 device  0 [0029:01:00] NVIDIA GH200 120GB
  0: #  Rank 147 Group  0 Pid 124118 on  nid006941 device  0 [0039:01:00] NVIDIA GH200 120GB
  0: #  Rank 148 Group  0 Pid  63254 on  nid006942 device  0 [0009:01:00] NVIDIA GH200 120GB
  0: #  Rank 149 Group  0 Pid  63255 on  nid006942 device  0 [0019:01:00] NVIDIA GH200 120GB
  0: #  Rank 150 Group  0 Pid  63256 on  nid006942 device  0 [0029:01:00] NVIDIA GH200 120GB
  0: #  Rank 151 Group  0 Pid  63257 on  nid006942 device  0 [0039:01:00] NVIDIA GH200 120GB
  0: #  Rank 152 Group  0 Pid 126696 on  nid006943 device  0 [0009:01:00] NVIDIA GH200 120GB
  0: #  Rank 153 Group  0 Pid 126697 on  nid006943 device  0 [0019:01:00] NVIDIA GH200 120GB
  0: #  Rank 154 Group  0 Pid 126698 on  nid006943 device  0 [0029:01:00] NVIDIA GH200 120GB
  0: #  Rank 155 Group  0 Pid 126699 on  nid006943 device  0 [0039:01:00] NVIDIA GH200 120GB
  0: #  Rank 156 Group  0 Pid 290874 on  nid006945 device  0 [0009:01:00] NVIDIA GH200 120GB
  0: #  Rank 157 Group  0 Pid 290875 on  nid006945 device  0 [0019:01:00] NVIDIA GH200 120GB
  0: #  Rank 158 Group  0 Pid 290876 on  nid006945 device  0 [0029:01:00] NVIDIA GH200 120GB
  0: #  Rank 159 Group  0 Pid 290877 on  nid006945 device  0 [0039:01:00] NVIDIA GH200 120GB
  0: #  Rank 160 Group  0 Pid  75781 on  nid006946 device  0 [0009:01:00] NVIDIA GH200 120GB
  0: #  Rank 161 Group  0 Pid  75782 on  nid006946 device  0 [0019:01:00] NVIDIA GH200 120GB
  0: #  Rank 162 Group  0 Pid  75783 on  nid006946 device  0 [0029:01:00] NVIDIA GH200 120GB
  0: #  Rank 163 Group  0 Pid  75784 on  nid006946 device  0 [0039:01:00] NVIDIA GH200 120GB
  0: #  Rank 164 Group  0 Pid  83467 on  nid006949 device  0 [0009:01:00] NVIDIA GH200 120GB
  0: #  Rank 165 Group  0 Pid  83468 on  nid006949 device  0 [0019:01:00] NVIDIA GH200 120GB
  0: #  Rank 166 Group  0 Pid  83469 on  nid006949 device  0 [0029:01:00] NVIDIA GH200 120GB
  0: #  Rank 167 Group  0 Pid  83470 on  nid006949 device  0 [0039:01:00] NVIDIA GH200 120GB
  0: #  Rank 168 Group  0 Pid  96334 on  nid006954 device  0 [0009:01:00] NVIDIA GH200 120GB
  0: #  Rank 169 Group  0 Pid  96335 on  nid006954 device  0 [0019:01:00] NVIDIA GH200 120GB
  0: #  Rank 170 Group  0 Pid  96336 on  nid006954 device  0 [0029:01:00] NVIDIA GH200 120GB
  0: #  Rank 171 Group  0 Pid  96337 on  nid006954 device  0 [0039:01:00] NVIDIA GH200 120GB
  0: #  Rank 172 Group  0 Pid  78283 on  nid006955 device  0 [0009:01:00] NVIDIA GH200 120GB
  0: #  Rank 173 Group  0 Pid  78284 on  nid006955 device  0 [0019:01:00] NVIDIA GH200 120GB
  0: #  Rank 174 Group  0 Pid  78285 on  nid006955 device  0 [0029:01:00] NVIDIA GH200 120GB
  0: #  Rank 175 Group  0 Pid  78286 on  nid006955 device  0 [0039:01:00] NVIDIA GH200 120GB
  0: #  Rank 176 Group  0 Pid 138285 on  nid006956 device  0 [0009:01:00] NVIDIA GH200 120GB
  0: #  Rank 177 Group  0 Pid 138286 on  nid006956 device  0 [0019:01:00] NVIDIA GH200 120GB
  0: #  Rank 178 Group  0 Pid 138287 on  nid006956 device  0 [0029:01:00] NVIDIA GH200 120GB
  0: #  Rank 179 Group  0 Pid 138288 on  nid006956 device  0 [0039:01:00] NVIDIA GH200 120GB
  0: #  Rank 180 Group  0 Pid 203764 on  nid006966 device  0 [0009:01:00] NVIDIA GH200 120GB
  0: #  Rank 181 Group  0 Pid 203765 on  nid006966 device  0 [0019:01:00] NVIDIA GH200 120GB
  0: #  Rank 182 Group  0 Pid 203766 on  nid006966 device  0 [0029:01:00] NVIDIA GH200 120GB
  0: #  Rank 183 Group  0 Pid 203767 on  nid006966 device  0 [0039:01:00] NVIDIA GH200 120GB
  0: #  Rank 184 Group  0 Pid   6484 on  nid006976 device  0 [0009:01:00] NVIDIA GH200 120GB
  0: #  Rank 185 Group  0 Pid   6486 on  nid006976 device  0 [0019:01:00] NVIDIA GH200 120GB
  0: #  Rank 186 Group  0 Pid   6487 on  nid006976 device  0 [0029:01:00] NVIDIA GH200 120GB
  0: #  Rank 187 Group  0 Pid   6488 on  nid006976 device  0 [0039:01:00] NVIDIA GH200 120GB
  0: #  Rank 188 Group  0 Pid 177924 on  nid006979 device  0 [0009:01:00] NVIDIA GH200 120GB
  0: #  Rank 189 Group  0 Pid 177925 on  nid006979 device  0 [0019:01:00] NVIDIA GH200 120GB
  0: #  Rank 190 Group  0 Pid 177926 on  nid006979 device  0 [0029:01:00] NVIDIA GH200 120GB
  0: #  Rank 191 Group  0 Pid 177927 on  nid006979 device  0 [0039:01:00] NVIDIA GH200 120GB
  0: #  Rank 192 Group  0 Pid 214950 on  nid006987 device  0 [0009:01:00] NVIDIA GH200 120GB
  0: #  Rank 193 Group  0 Pid 214951 on  nid006987 device  0 [0019:01:00] NVIDIA GH200 120GB
  0: #  Rank 194 Group  0 Pid 214963 on  nid006987 device  0 [0029:01:00] NVIDIA GH200 120GB
  0: #  Rank 195 Group  0 Pid 214964 on  nid006987 device  0 [0039:01:00] NVIDIA GH200 120GB
  0: #  Rank 196 Group  0 Pid 207988 on  nid006988 device  0 [0009:01:00] NVIDIA GH200 120GB
  0: #  Rank 197 Group  0 Pid 207989 on  nid006988 device  0 [0019:01:00] NVIDIA GH200 120GB
  0: #  Rank 198 Group  0 Pid 207990 on  nid006988 device  0 [0029:01:00] NVIDIA GH200 120GB
  0: #  Rank 199 Group  0 Pid 207991 on  nid006988 device  0 [0039:01:00] NVIDIA GH200 120GB
  0: #  Rank 200 Group  0 Pid 249424 on  nid006989 device  0 [0009:01:00] NVIDIA GH200 120GB
  0: #  Rank 201 Group  0 Pid 249425 on  nid006989 device  0 [0019:01:00] NVIDIA GH200 120GB
  0: #  Rank 202 Group  0 Pid 249426 on  nid006989 device  0 [0029:01:00] NVIDIA GH200 120GB
  0: #  Rank 203 Group  0 Pid 249427 on  nid006989 device  0 [0039:01:00] NVIDIA GH200 120GB
  0: #  Rank 204 Group  0 Pid 134166 on  nid006990 device  0 [0009:01:00] NVIDIA GH200 120GB
  0: #  Rank 205 Group  0 Pid 134167 on  nid006990 device  0 [0019:01:00] NVIDIA GH200 120GB
  0: #  Rank 206 Group  0 Pid 134168 on  nid006990 device  0 [0029:01:00] NVIDIA GH200 120GB
  0: #  Rank 207 Group  0 Pid 134169 on  nid006990 device  0 [0039:01:00] NVIDIA GH200 120GB
  0: #  Rank 208 Group  0 Pid 242947 on  nid006993 device  0 [0009:01:00] NVIDIA GH200 120GB
  0: #  Rank 209 Group  0 Pid 242948 on  nid006993 device  0 [0019:01:00] NVIDIA GH200 120GB
  0: #  Rank 210 Group  0 Pid 242949 on  nid006993 device  0 [0029:01:00] NVIDIA GH200 120GB
  0: #  Rank 211 Group  0 Pid 242950 on  nid006993 device  0 [0039:01:00] NVIDIA GH200 120GB
  0: #  Rank 212 Group  0 Pid 268713 on  nid007002 device  0 [0009:01:00] NVIDIA GH200 120GB
  0: #  Rank 213 Group  0 Pid 268714 on  nid007002 device  0 [0019:01:00] NVIDIA GH200 120GB
  0: #  Rank 214 Group  0 Pid 268715 on  nid007002 device  0 [0029:01:00] NVIDIA GH200 120GB
  0: #  Rank 215 Group  0 Pid 268716 on  nid007002 device  0 [0039:01:00] NVIDIA GH200 120GB
  0: #  Rank 216 Group  0 Pid 187172 on  nid007007 device  0 [0009:01:00] NVIDIA GH200 120GB
  0: #  Rank 217 Group  0 Pid 187173 on  nid007007 device  0 [0019:01:00] NVIDIA GH200 120GB
  0: #  Rank 218 Group  0 Pid 187174 on  nid007007 device  0 [0029:01:00] NVIDIA GH200 120GB
  0: #  Rank 219 Group  0 Pid 187175 on  nid007007 device  0 [0039:01:00] NVIDIA GH200 120GB
  0: #  Rank 220 Group  0 Pid 239557 on  nid007008 device  0 [0009:01:00] NVIDIA GH200 120GB
  0: #  Rank 221 Group  0 Pid 239558 on  nid007008 device  0 [0019:01:00] NVIDIA GH200 120GB
  0: #  Rank 222 Group  0 Pid 239559 on  nid007008 device  0 [0029:01:00] NVIDIA GH200 120GB
  0: #  Rank 223 Group  0 Pid 239560 on  nid007008 device  0 [0039:01:00] NVIDIA GH200 120GB
  0: #  Rank 224 Group  0 Pid   4536 on  nid007009 device  0 [0009:01:00] NVIDIA GH200 120GB
  0: #  Rank 225 Group  0 Pid   4537 on  nid007009 device  0 [0019:01:00] NVIDIA GH200 120GB
  0: #  Rank 226 Group  0 Pid   4538 on  nid007009 device  0 [0029:01:00] NVIDIA GH200 120GB
  0: #  Rank 227 Group  0 Pid   4539 on  nid007009 device  0 [0039:01:00] NVIDIA GH200 120GB
  0: #  Rank 228 Group  0 Pid 160241 on  nid007012 device  0 [0009:01:00] NVIDIA GH200 120GB
  0: #  Rank 229 Group  0 Pid 160242 on  nid007012 device  0 [0019:01:00] NVIDIA GH200 120GB
  0: #  Rank 230 Group  0 Pid 160243 on  nid007012 device  0 [0029:01:00] NVIDIA GH200 120GB
  0: #  Rank 231 Group  0 Pid 160244 on  nid007012 device  0 [0039:01:00] NVIDIA GH200 120GB
  0: #  Rank 232 Group  0 Pid 273016 on  nid007015 device  0 [0009:01:00] NVIDIA GH200 120GB
  0: #  Rank 233 Group  0 Pid 273017 on  nid007015 device  0 [0019:01:00] NVIDIA GH200 120GB
  0: #  Rank 234 Group  0 Pid 273018 on  nid007015 device  0 [0029:01:00] NVIDIA GH200 120GB
  0: #  Rank 235 Group  0 Pid 273019 on  nid007015 device  0 [0039:01:00] NVIDIA GH200 120GB
  0: #  Rank 236 Group  0 Pid 123068 on  nid007025 device  0 [0009:01:00] NVIDIA GH200 120GB
  0: #  Rank 237 Group  0 Pid 123069 on  nid007025 device  0 [0019:01:00] NVIDIA GH200 120GB
  0: #  Rank 238 Group  0 Pid 123070 on  nid007025 device  0 [0029:01:00] NVIDIA GH200 120GB
  0: #  Rank 239 Group  0 Pid 123071 on  nid007025 device  0 [0039:01:00] NVIDIA GH200 120GB
  0: #  Rank 240 Group  0 Pid 170721 on  nid007030 device  0 [0009:01:00] NVIDIA GH200 120GB
  0: #  Rank 241 Group  0 Pid 170722 on  nid007030 device  0 [0019:01:00] NVIDIA GH200 120GB
  0: #  Rank 242 Group  0 Pid 170723 on  nid007030 device  0 [0029:01:00] NVIDIA GH200 120GB
  0: #  Rank 243 Group  0 Pid 170724 on  nid007030 device  0 [0039:01:00] NVIDIA GH200 120GB
  0: #  Rank 244 Group  0 Pid  49636 on  nid007058 device  0 [0009:01:00] NVIDIA GH200 120GB
  0: #  Rank 245 Group  0 Pid  49637 on  nid007058 device  0 [0019:01:00] NVIDIA GH200 120GB
  0: #  Rank 246 Group  0 Pid  49638 on  nid007058 device  0 [0029:01:00] NVIDIA GH200 120GB
  0: #  Rank 247 Group  0 Pid  49639 on  nid007058 device  0 [0039:01:00] NVIDIA GH200 120GB
  0: #  Rank 248 Group  0 Pid  20126 on  nid007081 device  0 [0009:01:00] NVIDIA GH200 120GB
  0: #  Rank 249 Group  0 Pid  20127 on  nid007081 device  0 [0019:01:00] NVIDIA GH200 120GB
  0: #  Rank 250 Group  0 Pid  20128 on  nid007081 device  0 [0029:01:00] NVIDIA GH200 120GB
  0: #  Rank 251 Group  0 Pid  20129 on  nid007081 device  0 [0039:01:00] NVIDIA GH200 120GB
  0: #  Rank 252 Group  0 Pid 242779 on  nid007083 device  0 [0009:01:00] NVIDIA GH200 120GB
  0: #  Rank 253 Group  0 Pid 242780 on  nid007083 device  0 [0019:01:00] NVIDIA GH200 120GB
  0: #  Rank 254 Group  0 Pid 242781 on  nid007083 device  0 [0029:01:00] NVIDIA GH200 120GB
  0: #  Rank 255 Group  0 Pid 242782 on  nid007083 device  0 [0039:01:00] NVIDIA GH200 120GB
  0: #
  0: #                                                              out-of-place                       in-place          
  0: #       size         count      type   redop    root     time   algbw   busbw #wrong     time   algbw   busbw #wrong
  0: #        (B)    (elements)                               (us)  (GB/s)  (GB/s)            (us)  (GB/s)  (GB/s)       
  0:            8             2     float     sum      -1    67.01    0.00    0.00      0    185.1    0.00    0.00      0
  0:           16             4     float     sum      -1    64.83    0.00    0.00      0    62.74    0.00    0.00      0
  0:           32             8     float     sum      -1    63.32    0.00    0.00      0   1441.4    0.00    0.00      0
  0:           64            16     float     sum      -1    73.29    0.00    0.00      0    77.67    0.00    0.00      0
  0:          128            32     float     sum      -1    145.4    0.00    0.00      0    142.6    0.00    0.00      0
  0:          256            64     float     sum      -1    152.8    0.00    0.00      0    145.9    0.00    0.00      0
  0:          512           128     float     sum      -1    152.6    0.00    0.01      0    147.4    0.00    0.01      0
  0:         1024           256     float     sum      -1    149.6    0.01    0.01      0    148.8    0.01    0.01      0
  0:         2048           512     float     sum      -1    155.5    0.01    0.03      0    154.4    0.01    0.03      0
  0:         4096          1024     float     sum      -1    168.5    0.02    0.05      0    167.2    0.02    0.05      0
  0:         8192          2048     float     sum      -1    174.5    0.05    0.09      0    170.4    0.05    0.10      0
  0:        16384          4096     float     sum      -1    193.3    0.08    0.17      0    191.1    0.09    0.17      0
  0:        32768          8192     float     sum      -1    206.3    0.16    0.32      0    186.9    0.18    0.35      0
  0:        65536         16384     float     sum      -1    254.4    0.26    0.51      0    239.2    0.27    0.55      0
  0:       131072         32768     float     sum      -1    455.3    0.29    0.57      0    465.2    0.28    0.56      0
  0:       262144         65536     float     sum      -1    551.6    0.48    0.95      0    543.8    0.48    0.96      0
  0:       524288        131072     float     sum      -1    829.1    0.63    1.26      0   2506.6    0.21    0.42      0
  0:      1048576        262144     float     sum      -1    733.7    1.43    2.85      0    920.0    1.14    2.27      0
  0:      2097152        524288     float     sum      -1   1400.4    1.50    2.98      0   1215.2    1.73    3.44      0
  0:      4194304       1048576     float     sum      -1   2229.6    1.88    3.75      0   2156.9    1.94    3.87      0
  0:      8388608       2097152     float     sum      -1   2290.0    3.66    7.30      0   2403.0    3.49    6.95      0
  0:     16777216       4194304     float     sum      -1   3168.4    5.30   10.55      0   3035.0    5.53   11.01      0
  0:     33554432       8388608     float     sum      -1   4371.1    7.68   15.29      0   4076.6    8.23   16.40      0
  0:     67108864      16777216     float     sum      -1   5587.6   12.01   23.93      0   5656.4   11.86   23.64      0
  0:    134217728      33554432     float     sum      -1   8196.7   16.37   32.62      0   8128.9   16.51   32.89      0
  0:    268435456      67108864     float     sum      -1    12991   20.66   41.17      0    12769   21.02   41.88      0
  0:    536870912     134217728     float     sum      -1    25391   21.14   42.12      0    25018   21.46   42.75      0
  0:   1073741824     268435456     float     sum      -1    34204   31.39   62.54      0    34679   30.96   61.68      0
  0:   2147483648     536870912     float     sum      -1    59796   35.91   71.55      0    60020   35.78   71.28      0
  0:   4294967296    1073741824     float     sum      -1   111687   38.46   76.61      0   113221   37.93   75.57      0
  0:            8             2     float     sum      -1    63.94    0.00    0.00      0    62.55    0.00    0.00      0
  0:           16             4     float     sum      -1    65.17    0.00    0.00      0    63.18    0.00    0.00      0
  0:           32             8     float     sum      -1    61.37    0.00    0.00      0    61.01    0.00    0.00      0
  0:           64            16     float     sum      -1    66.43    0.00    0.00      0    66.64    0.00    0.00      0
  0:          128            32     float     sum      -1    143.5    0.00    0.00      0    140.9    0.00    0.00      0
  0:          256            64     float     sum      -1    148.6    0.00    0.00      0    143.1    0.00    0.00      0
  0:          512           128     float     sum      -1    148.3    0.00    0.01      0    144.4    0.00    0.01      0
  0:         1024           256     float     sum      -1    150.1    0.01    0.01      0    148.0    0.01    0.01      0
  0:         2048           512     float     sum      -1    155.9    0.01    0.03      0    154.9    0.01    0.03      0
  0:         4096          1024     float     sum      -1    167.1    0.02    0.05      0    165.9    0.02    0.05      0
  0:         8192          2048     float     sum      -1    172.2    0.05    0.09      0    170.1    0.05    0.10      0
  0:        16384          4096     float     sum      -1    183.7    0.09    0.18      0    180.3    0.09    0.18      0
  0:        32768          8192     float     sum      -1    199.0    0.16    0.33      0    197.4    0.17    0.33      0
  0:        65536         16384     float     sum      -1    266.3    0.25    0.49      0    279.8    0.23    0.47      0
  0:       131072         32768     float     sum      -1    470.7    0.28    0.55      0    480.7    0.27    0.54      0
  0:       262144         65536     float     sum      -1    543.1    0.48    0.96      0    541.4    0.48    0.96      0
  0:       524288        131072     float     sum      -1    786.2    0.67    1.33      0   1089.6    0.48    0.96      0
  0:      1048576        262144     float     sum      -1    935.9    1.12    2.23      0    841.0    1.25    2.48      0
  0:      2097152        524288     float     sum      -1   1353.4    1.55    3.09      0   1301.0    1.61    3.21      0
  0:      4194304       1048576     float     sum      -1   2190.5    1.91    3.81      0   2247.3    1.87    3.72      0
  0:      8388608       2097152     float     sum      -1   2420.9    3.47    6.90      0   2265.2    3.70    7.38      0
  0:     16777216       4194304     float     sum      -1   3025.6    5.55   11.05      0   3039.7    5.52   11.00      0
  0:     33554432       8388608     float     sum      -1   4362.2    7.69   15.32      0   4165.0    8.06   16.05      0
  0:     67108864      16777216     float     sum      -1   5425.6   12.37   24.64      0   5733.0   11.71   23.32      0
  0:    134217728      33554432     float     sum      -1   8192.2   16.38   32.64      0   8114.4   16.54   32.95      0
  0:    268435456      67108864     float     sum      -1    12891   20.82   41.49      0    12802   20.97   41.77      0
  0:    536870912     134217728     float     sum      -1    24805   21.64   43.12      0    25009   21.47   42.77      0
  0:   1073741824     268435456     float     sum      -1    34093   31.49   62.74      0    34662   30.98   61.71      0
  0:   2147483648     536870912     float     sum      -1    61661   34.83   69.38      0    58733   36.56   72.84      0
  0:   4294967296    1073741824     float     sum      -1   113246   37.93   75.56      0   113539   37.83   75.36      0
  0:            8             2     float     sum      -1    65.60    0.00    0.00      0    62.41    0.00    0.00      0
  0:           16             4     float     sum      -1    65.22    0.00    0.00      0    65.53    0.00    0.00      0
  0:           32             8     float     sum      -1    61.92    0.00    0.00      0    61.34    0.00    0.00      0
  0:           64            16     float     sum      -1    66.94    0.00    0.00      0    66.75    0.00    0.00      0
  0:          128            32     float     sum      -1    142.4    0.00    0.00      0    141.3    0.00    0.00      0
  0:          256            64     float     sum      -1    147.8    0.00    0.00      0    142.8    0.00    0.00      0
  0:          512           128     float     sum      -1    155.5    0.00    0.01      0    144.6    0.00    0.01      0
  0:         1024           256     float     sum      -1    148.4    0.01    0.01      0    148.4    0.01    0.01      0
  0:         2048           512     float     sum      -1    155.0    0.01    0.03      0    155.0    0.01    0.03      0
  0:         4096          1024     float     sum      -1    168.0    0.02    0.05      0    166.2    0.02    0.05      0
  0:         8192          2048     float     sum      -1    173.9    0.05    0.09      0    170.2    0.05    0.10      0
  0:        16384          4096     float     sum      -1    177.6    0.09    0.18      0    179.1    0.09    0.18      0
  0:        32768          8192     float     sum      -1    190.0    0.17    0.34      0    183.7    0.18    0.36      0
  0:        65536         16384     float     sum      -1    257.8    0.25    0.51      0    281.7    0.23    0.46      0
  0:       131072         32768     float     sum      -1    467.2    0.28    0.56      0    477.8    0.27    0.55      0
  0:       262144         65536     float     sum      -1    542.5    0.48    0.96      0    546.0    0.48    0.96      0
  0:       524288        131072     float     sum      -1    786.1    0.67    1.33      0    774.1    0.68    1.35      0
  0:      1048576        262144     float     sum      -1    804.0    1.30    2.60      0    815.8    1.29    2.56      0
  0:      2097152        524288     float     sum      -1   1202.1    1.74    3.48      0   1099.5    1.91    3.80      0
  0:      4194304       1048576     float     sum      -1   2124.5    1.97    3.93      0   1898.9    2.21    4.40      0
  0:      8388608       2097152     float     sum      -1   2619.7    3.20    6.38      0   2314.8    3.62    7.22      0
  0:     16777216       4194304     float     sum      -1   3031.3    5.53   11.03      0   3063.7    5.48   10.91      0
  0:     33554432       8388608     float     sum      -1   4148.3    8.09   16.11      0   4399.3    7.63   15.19      0
  0:     67108864      16777216     float     sum      -1   5624.1   11.93   23.77      0   5482.9   12.24   24.38      0
  0:    134217728      33554432     float     sum      -1   8276.1   16.22   32.31      0   8257.6   16.25   32.38      0
  0:    268435456      67108864     float     sum      -1    12830   20.92   41.68      0    13037   20.59   41.02      0
  0:    536870912     134217728     float     sum      -1    25164   21.33   42.50      0    25234   21.28   42.38      0
  0:   1073741824     268435456     float     sum      -1    34654   30.99   61.73      0    34447   31.17   62.10      0
  0:   2147483648     536870912     float     sum      -1    60563   35.46   70.64      0    60587   35.44   70.61      0
  0:   4294967296    1073741824     float     sum      -1   112422   38.20   76.11      0   109652   39.17   78.03      0
  0:            8             2     float     sum      -1    65.53    0.00    0.00      0    63.08    0.00    0.00      0
  0:           16             4     float     sum      -1    62.88    0.00    0.00      0    60.88    0.00    0.00      0
  0:           32             8     float     sum      -1    60.97    0.00    0.00      0    64.10    0.00    0.00      0
  0:           64            16     float     sum      -1    67.10    0.00    0.00      0    66.62    0.00    0.00      0
  0:          128            32     float     sum      -1    142.7    0.00    0.00      0    142.8    0.00    0.00      0
  0:          256            64     float     sum      -1    148.5    0.00    0.00      0    143.2    0.00    0.00      0
  0:          512           128     float     sum      -1    148.4    0.00    0.01      0    145.1    0.00    0.01      0
  0:         1024           256     float     sum      -1    149.8    0.01    0.01      0    148.7    0.01    0.01      0
  0:         2048           512     float     sum      -1    156.3    0.01    0.03      0    154.0    0.01    0.03      0
  0:         4096          1024     float     sum      -1    167.4    0.02    0.05      0    166.4    0.02    0.05      0
  0:         8192          2048     float     sum      -1    171.3    0.05    0.10      0    171.1    0.05    0.10      0
  0:        16384          4096     float     sum      -1    183.4    0.09    0.18      0    184.9    0.09    0.18      0
  0:        32768          8192     float     sum      -1    201.9    0.16    0.32      0    193.2    0.17    0.34      0
  0:        65536         16384     float     sum      -1    260.8    0.25    0.50      0    262.3    0.25    0.50      0
  0:       131072         32768     float     sum      -1    488.1    0.27    0.54      0    453.3    0.29    0.58      0
  0:       262144         65536     float     sum      -1    529.7    0.49    0.99      0    558.0    0.47    0.94      0
  0:       524288        131072     float     sum      -1    774.5    0.68    1.35      0    775.6    0.68    1.35      0
  0:      1048576        262144     float     sum      -1   1033.4    1.01    2.02      0    915.4    1.15    2.28      0
  0:      2097152        524288     float     sum      -1   1241.7    1.69    3.36      0   1263.1    1.66    3.31      0
  0:      4194304       1048576     float     sum      -1   2200.5    1.91    3.80      0   2038.7    2.06    4.10      0
  0:      8388608       2097152     float     sum      -1   2455.3    3.42    6.81      0   2498.1    3.36    6.69      0
  0:     16777216       4194304     float     sum      -1   3193.9    5.25   10.46      0   3178.5    5.28   10.52      0
  0:     33554432       8388608     float     sum      -1   3755.7    8.93   17.80      0   3925.3    8.55   17.03      0
  0:     67108864      16777216     float     sum      -1   5636.1   11.91   23.72      0   5470.8   12.27   24.44      0
  0:    134217728      33554432     float     sum      -1   8043.7   16.69   33.24      0   7979.0   16.82   33.51      0
  0:    268435456      67108864     float     sum      -1    12776   21.01   41.86      0    12882   20.84   41.51      0
  0:    536870912     134217728     float     sum      -1    25454   21.09   42.02      0    25208   21.30   42.43      0
  0:   1073741824     268435456     float     sum      -1    34222   31.38   62.51      0    34347   31.26   62.28      0
  0:   2147483648     536870912     float     sum      -1    60723   35.37   70.45      0    60711   35.37   70.47      0
  0:   4294967296    1073741824     float     sum      -1   112791   38.08   75.86      0   112774   38.08   75.87      0
  0:            8             2     float     sum      -1    65.40    0.00    0.00      0    63.53    0.00    0.00      0
  0:           16             4     float     sum      -1    63.34    0.00    0.00      0    63.09    0.00    0.00      0
  0:           32             8     float     sum      -1    61.86    0.00    0.00      0    63.76    0.00    0.00      0
  0:           64            16     float     sum      -1    67.10    0.00    0.00      0    66.48    0.00    0.00      0
  0:          128            32     float     sum      -1    143.0    0.00    0.00      0    141.8    0.00    0.00      0
  0:          256            64     float     sum      -1    149.4    0.00    0.00      0    142.9    0.00    0.00      0
  0:          512           128     float     sum      -1    149.6    0.00    0.01      0    145.8    0.00    0.01      0
  0:         1024           256     float     sum      -1    149.8    0.01    0.01      0    148.0    0.01    0.01      0
  0:         2048           512     float     sum      -1    155.0    0.01    0.03      0    154.9    0.01    0.03      0
  0:         4096          1024     float     sum      -1    168.6    0.02    0.05      0    165.6    0.02    0.05      0
  0:         8192          2048     float     sum      -1    172.9    0.05    0.09      0    169.3    0.05    0.10      0
  0:        16384          4096     float     sum      -1    180.0    0.09    0.18      0    177.5    0.09    0.18      0
  0:        32768          8192     float     sum      -1    181.2    0.18    0.36      0    187.3    0.17    0.35      0
  0:        65536         16384     float     sum      -1    278.1    0.24    0.47      0    252.9    0.26    0.52      0
  0:       131072         32768     float     sum      -1    476.3    0.28    0.55      0    459.7    0.29    0.57      0
  0:       262144         65536     float     sum      -1    544.9    0.48    0.96      0    552.7    0.47    0.94      0
  0:       524288        131072     float     sum      -1    802.5    0.65    1.30      0    771.4    0.68    1.35      0
  0:      1048576        262144     float     sum      -1    819.2    1.28    2.55      0    851.2    1.23    2.45      0
  0:      2097152        524288     float     sum      -1   1240.1    1.69    3.37      0   1184.1    1.77    3.53      0
  0:      4194304       1048576     float     sum      -1   1957.0    2.14    4.27      0   2043.8    2.05    4.09      0
  0:      8388608       2097152     float     sum      -1   2363.4    3.55    7.07      0   2414.6    3.47    6.92      0
  0:     16777216       4194304     float     sum      -1   3067.2    5.47   10.90      0   2923.4    5.74   11.43      0
  0:     33554432       8388608     float     sum      -1   4041.6    8.30   16.54      0   4195.0    8.00   15.94      0
  0:     67108864      16777216     float     sum      -1   5620.2   11.94   23.79      0   5645.6   11.89   23.68      0
  0:    134217728      33554432     float     sum      -1   8049.9   16.67   33.22      0   8627.8   15.56   30.99      0
  0:    268435456      67108864     float     sum      -1    13007   20.64   41.11      0    13001   20.65   41.13      0
  0:    536870912     134217728     float     sum      -1    25246   21.27   42.37      0    24998   21.48   42.79      0
  0:   1073741824     268435456     float     sum      -1    34801   30.85   61.47      0    34636   31.00   61.76      0
  0:   2147483648     536870912     float     sum      -1    60299   35.61   70.95      0    60576   35.45   70.63      0
  0:   4294967296    1073741824     float     sum      -1   113293   37.91   75.52      0   113755   37.76   75.22      0
  0:            8             2     float     sum      -1    64.81    0.00    0.00      0    88.01    0.00    0.00      0
  0:           16             4     float     sum      -1    62.00    0.00    0.00      0    61.14    0.00    0.00      0
  0:           32             8     float     sum      -1    61.63    0.00    0.00      0    62.12    0.00    0.00      0
  0:           64            16     float     sum      -1    66.56    0.00    0.00      0    67.00    0.00    0.00      0
  0:          128            32     float     sum      -1    148.4    0.00    0.00      0    141.4    0.00    0.00      0
  0:          256            64     float     sum      -1    148.9    0.00    0.00      0    142.7    0.00    0.00      0
  0:          512           128     float     sum      -1    148.6    0.00    0.01      0    145.7    0.00    0.01      0
  0:         1024           256     float     sum      -1    149.7    0.01    0.01      0    148.7    0.01    0.01      0
  0:         2048           512     float     sum      -1    155.4    0.01    0.03      0    154.3    0.01    0.03      0
  0:         4096          1024     float     sum      -1    167.5    0.02    0.05      0    167.2    0.02    0.05      0
  0:         8192          2048     float     sum      -1    171.9    0.05    0.09      0    168.9    0.05    0.10      0
  0:        16384          4096     float     sum      -1    179.9    0.09    0.18      0    176.1    0.09    0.19      0
  0:        32768          8192     float     sum      -1    198.7    0.16    0.33      0    192.8    0.17    0.34      0
  0:        65536         16384     float     sum      -1    290.3    0.23    0.45      0    288.7    0.23    0.45      0
  0:       131072         32768     float     sum      -1    475.7    0.28    0.55      0    474.9    0.28    0.55      0
  0:       262144         65536     float     sum      -1    561.0    0.47    0.93      0    568.9    0.46    0.92      0
  0:       524288        131072     float     sum      -1    824.4    0.64    1.27      0    705.2    0.74    1.48      0
  0:      1048576        262144     float     sum      -1    839.0    1.25    2.49      0    847.5    1.24    2.46      0
  0:      2097152        524288     float     sum      -1   1305.9    1.61    3.20      0   1307.4    1.60    3.20      0
  0:      4194304       1048576     float     sum      -1   2191.6    1.91    3.81      0   2260.0    1.86    3.70      0
  0:      8388608       2097152     float     sum      -1   2355.1    3.56    7.10      0   2125.7    3.95    7.86      0
  0:     16777216       4194304     float     sum      -1   2942.7    5.70   11.36      0   2741.0    6.12   12.19      0
  0:     33554432       8388608     float     sum      -1   4091.3    8.20   16.34      0   4118.2    8.15   16.23      0
  0:     67108864      16777216     float     sum      -1   5695.2   11.78   23.47      0   5590.3   12.00   23.92      0
  0:    134217728      33554432     float     sum      -1   8073.2   16.63   33.12      0   8225.2   16.32   32.51      0
  0:    268435456      67108864     float     sum      -1    12978   20.68   41.21      0    13039   20.59   41.01      0
  0:    536870912     134217728     float     sum      -1    25058   21.43   42.68      0    25080   21.41   42.65      0
  0:   1073741824     268435456     float     sum      -1    34431   31.19   62.13      0    34731   30.92   61.59      0
  0:   2147483648     536870912     float     sum      -1    60835   35.30   70.32      0    59648   36.00   71.72      0
  0:   4294967296    1073741824     float     sum      -1   110805   38.76   77.22      0   111807   38.41   76.53      0
  0:            8             2     float     sum      -1    65.50    0.00    0.00      0    62.52    0.00    0.00      0
  0:           16             4     float     sum      -1    62.21    0.00    0.00      0    62.58    0.00    0.00      0
  0:           32             8     float     sum      -1    65.64    0.00    0.00      0    62.95    0.00    0.00      0
  0:           64            16     float     sum      -1    66.89    0.00    0.00      0    68.03    0.00    0.00      0
  0:          128            32     float     sum      -1    142.9    0.00    0.00      0    141.9    0.00    0.00      0
  0:          256            64     float     sum      -1    148.6    0.00    0.00      0    143.6    0.00    0.00      0
  0:          512           128     float     sum      -1    151.0    0.00    0.01      0    145.1    0.00    0.01      0
  0:         1024           256     float     sum      -1    150.0    0.01    0.01      0    148.1    0.01    0.01      0
  0:         2048           512     float     sum      -1    156.3    0.01    0.03      0    155.1    0.01    0.03      0
  0:         4096          1024     float     sum      -1    169.3    0.02    0.05      0    168.2    0.02    0.05      0
  0:         8192          2048     float     sum      -1    171.7    0.05    0.10      0    170.2    0.05    0.10      0
  0:        16384          4096     float     sum      -1    182.4    0.09    0.18      0    181.0    0.09    0.18      0
  0:        32768          8192     float     sum      -1    178.5    0.18    0.37      0    183.7    0.18    0.36      0
  0:        65536         16384     float     sum      -1    275.7    0.24    0.47      0    260.3    0.25    0.50      0
  0:       131072         32768     float     sum      -1    470.7    0.28    0.55      0    457.9    0.29    0.57      0
  0:       262144         65536     float     sum      -1    546.1    0.48    0.96      0    536.7    0.49    0.97      0
  0:       524288        131072     float     sum      -1    776.8    0.67    1.34      0    781.1    0.67    1.34      0
  0:      1048576        262144     float     sum      -1    863.2    1.21    2.42      0    819.3    1.28    2.55      0
  0:      2097152        524288     float     sum      -1   1329.7    1.58    3.14      0   1324.4    1.58    3.15      0
  0:      4194304       1048576     float     sum      -1   1924.2    2.18    4.34      0   2164.6    1.94    3.86      0
  0:      8388608       2097152     float     sum      -1   2289.4    3.66    7.30      0   2441.7    3.44    6.84      0
  0:     16777216       4194304     float     sum      -1   3092.2    5.43   10.81      0   3147.2    5.33   10.62      0
  0:     33554432       8388608     float     sum      -1   4119.7    8.14   16.23      0   4154.2    8.08   16.09      0
  0:     67108864      16777216     float     sum      -1   5678.4   11.82   23.54      0   5465.5   12.28   24.46      0
  0:    134217728      33554432     float     sum      -1   7996.5   16.78   33.44      0   8097.3   16.58   33.02      0
  0:    268435456      67108864     float     sum      -1    12988   20.67   41.18      0    12698   21.14   42.12      0
  0:    536870912     134217728     float     sum      -1    24911   21.55   42.93      0    25146   21.35   42.53      0
  0:   1073741824     268435456     float     sum      -1    34540   31.09   61.93      0    34461   31.16   62.07      0
  0:   2147483648     536870912     float     sum      -1    60161   35.70   71.11      0    61052   35.17   70.08      0
  0:   4294967296    1073741824     float     sum      -1   111376   38.56   76.82      0   112746   38.09   75.89      0
  0:            8             2     float     sum      -1    64.23    0.00    0.00      0    63.43    0.00    0.00      0
  0:           16             4     float     sum      -1    64.17    0.00    0.00      0    61.87    0.00    0.00      0
  0:           32             8     float     sum      -1    61.71    0.00    0.00      0    62.00    0.00    0.00      0
  0:           64            16     float     sum      -1    67.43    0.00    0.00      0    67.07    0.00    0.00      0
  0:          128            32     float     sum      -1    143.5    0.00    0.00      0    142.2    0.00    0.00      0
  0:          256            64     float     sum      -1    149.4    0.00    0.00      0    143.7    0.00    0.00      0
  0:          512           128     float     sum      -1    149.0    0.00    0.01      0    145.0    0.00    0.01      0
  0:         1024           256     float     sum      -1    150.2    0.01    0.01      0    148.4    0.01    0.01      0
  0:         2048           512     float     sum      -1    155.3    0.01    0.03      0    154.3    0.01    0.03      0
  0:         4096          1024     float     sum      -1    166.9    0.02    0.05      0    165.5    0.02    0.05      0
  0:         8192          2048     float     sum      -1    174.8    0.05    0.09      0    170.8    0.05    0.10      0
  0:        16384          4096     float     sum      -1    184.3    0.09    0.18      0    180.6    0.09    0.18      0
  0:        32768          8192     float     sum      -1    212.2    0.15    0.31      0    218.7    0.15    0.30      0
  0:        65536         16384     float     sum      -1    289.8    0.23    0.45      0    277.8    0.24    0.47      0
  0:       131072         32768     float     sum      -1    468.5    0.28    0.56      0    459.6    0.29    0.57      0
  0:       262144         65536     float     sum      -1    540.1    0.49    0.97      0    543.5    0.48    0.96      0
  0:       524288        131072     float     sum      -1    755.0    0.69    1.38      0    755.8    0.69    1.38      0
  0:      1048576        262144     float     sum      -1    814.6    1.29    2.56      0    814.7    1.29    2.56      0
  0:      2097152        524288     float     sum      -1   1234.4    1.70    3.38      0   1401.4    1.50    2.98      0
  0:      4194304       1048576     float     sum      -1   2138.8    1.96    3.91      0   1974.5    2.12    4.23      0
  0:      8388608       2097152     float     sum      -1   2331.6    3.60    7.17      0   2499.5    3.36    6.69      0
  0:     16777216       4194304     float     sum      -1   3155.4    5.32   10.59      0   2953.2    5.68   11.32      0
  0:     33554432       8388608     float     sum      -1   4211.7    7.97   15.87      0   4431.5    7.57   15.08      0
  0:     67108864      16777216     float     sum      -1   5573.1   12.04   23.99      0   5712.9   11.75   23.40      0
  0:    134217728      33554432     float     sum      -1   8057.2   16.66   33.19      0   8126.4   16.52   32.90      0
  0:    268435456      67108864     float     sum      -1    12840   20.91   41.65      0    12985   20.67   41.18      0
  0:    536870912     134217728     float     sum      -1    25295   21.22   42.28      0    25315   21.21   42.25      0
  0:   1073741824     268435456     float     sum      -1    34234   31.36   62.48      0    33964   31.61   62.98      0
  0:   2147483648     536870912     float     sum      -1    60096   35.73   71.19      0    60683   35.39   70.50      0
  0:   4294967296    1073741824     float     sum      -1   111320   38.58   76.86      0   112847   38.06   75.82      0
  0:            8             2     float     sum      -1    64.84    0.00    0.00      0    62.42    0.00    0.00      0
  0:           16             4     float     sum      -1    62.36    0.00    0.00      0    62.07    0.00    0.00      0
  0:           32             8     float     sum      -1    66.57    0.00    0.00      0    65.34    0.00    0.00      0
  0:           64            16     float     sum      -1    67.71    0.00    0.00      0    66.56    0.00    0.00      0
  0:          128            32     float     sum      -1    142.9    0.00    0.00      0    141.2    0.00    0.00      0
  0:          256            64     float     sum      -1    147.2    0.00    0.00      0    143.4    0.00    0.00      0
  0:          512           128     float     sum      -1    150.2    0.00    0.01      0    145.2    0.00    0.01      0
  0:         1024           256     float     sum      -1    148.9    0.01    0.01      0    147.9    0.01    0.01      0
  0:         2048           512     float     sum      -1    155.7    0.01    0.03      0    153.7    0.01    0.03      0
  0:         4096          1024     float     sum      -1    168.9    0.02    0.05      0    165.9    0.02    0.05      0
  0:         8192          2048     float     sum      -1    170.7    0.05    0.10      0    169.0    0.05    0.10      0
  0:        16384          4096     float     sum      -1    179.4    0.09    0.18      0    178.5    0.09    0.18      0
  0:        32768          8192     float     sum      -1    190.4    0.17    0.34      0    182.4    0.18    0.36      0
  0:        65536         16384     float     sum      -1    313.7    0.21    0.42      0    297.9    0.22    0.44      0
  0:       131072         32768     float     sum      -1    482.1    0.27    0.54      0    475.7    0.28    0.55      0
  0:       262144         65536     float     sum      -1    545.8    0.48    0.96      0    518.9    0.51    1.01      0
  0:       524288        131072     float     sum      -1    811.9    0.65    1.29      0    765.7    0.68    1.36      0
  0:      1048576        262144     float     sum      -1    830.4    1.26    2.52      0    785.8    1.33    2.66      0
  0:      2097152        524288     float     sum      -1   1255.7    1.67    3.33      0   1144.7    1.83    3.65      0
  0:      4194304       1048576     float     sum      -1   2385.8    1.76    3.50      0   2101.6    2.00    3.98      0
  0:      8388608       2097152     float     sum      -1   2547.4    3.29    6.56      0   2215.2    3.79    7.54      0
  0:     16777216       4194304     float     sum      -1   3005.2    5.58   11.12      0   2889.4    5.81   11.57      0
  0:     33554432       8388608     float     sum      -1   4007.4    8.37   16.68      0   3982.6    8.43   16.78      0
  0:     67108864      16777216     float     sum      -1   5674.6   11.83   23.56      0   5709.5   11.75   23.42      0
  0:    134217728      33554432     float     sum      -1   8311.6   16.15   32.17      0   8381.5   16.01   31.90      0
  0:    268435456      67108864     float     sum      -1    12794   20.98   41.80      0    12691   21.15   42.14      0
  0:    536870912     134217728     float     sum      -1    25125   21.37   42.57      0    25262   21.25   42.34      0
  0:   1073741824     268435456     float     sum      -1    33927   31.65   63.05      0    34008   31.57   62.90      0
  0:   2147483648     536870912     float     sum      -1    59224   36.26   72.24      0    59820   35.90   71.52      0
  0:   4294967296    1073741824     float     sum      -1   112562   38.16   76.02      0   111384   38.56   76.82      0
  0:            8             2     float     sum      -1    66.69    0.00    0.00      0    62.65    0.00    0.00      0
  0:           16             4     float     sum      -1    62.71    0.00    0.00      0    61.96    0.00    0.00      0
  0:           32             8     float     sum      -1    61.78    0.00    0.00      0    63.05    0.00    0.00      0
  0:           64            16     float     sum      -1    67.44    0.00    0.00      0    66.86    0.00    0.00      0
  0:          128            32     float     sum      -1    142.6    0.00    0.00      0    141.4    0.00    0.00      0
  0:          256            64     float     sum      -1    148.4    0.00    0.00      0    143.4    0.00    0.00      0
  0:          512           128     float     sum      -1    148.7    0.00    0.01      0    144.6    0.00    0.01      0
  0:         1024           256     float     sum      -1    149.9    0.01    0.01      0    147.4    0.01    0.01      0
  0:         2048           512     float     sum      -1    155.0    0.01    0.03      0    154.1    0.01    0.03      0
  0:         4096          1024     float     sum      -1    168.1    0.02    0.05      0    165.4    0.02    0.05      0
  0:         8192          2048     float     sum      -1    171.9    0.05    0.09      0    170.1    0.05    0.10      0
  0:        16384          4096     float     sum      -1    180.2    0.09    0.18      0    181.4    0.09    0.18      0
  0:        32768          8192     float     sum      -1    187.8    0.17    0.35      0    187.1    0.18    0.35      0
  0:        65536         16384     float     sum      -1    271.9    0.24    0.48      0    271.0    0.24    0.48      0
  0:       131072         32768     float     sum      -1    481.1    0.27    0.54      0    439.5    0.30    0.59      0
  0:       262144         65536     float     sum      -1    583.1    0.45    0.90      0    556.3    0.47    0.94      0
  0:       524288        131072     float     sum      -1    787.4    0.67    1.33      0    778.6    0.67    1.34      0
  0:      1048576        262144     float     sum      -1    874.9    1.20    2.39      0    797.8    1.31    2.62      0
  0:      2097152        524288     float     sum      -1   1116.4    1.88    3.74      0   1322.4    1.59    3.16      0
  0:      4194304       1048576     float     sum      -1   2131.1    1.97    3.92      0   2218.2    1.89    3.77      0
  0:      8388608       2097152     float     sum      -1   2369.7    3.54    7.05      0   2192.9    3.83    7.62      0
  0:     16777216       4194304     float     sum      -1   3058.2    5.49   10.93      0   2817.0    5.96   11.86      0
  0:     33554432       8388608     float     sum      -1   4193.8    8.00   15.94      0   3997.1    8.39   16.72      0
  0:     67108864      16777216     float     sum      -1   5646.9   11.88   23.68      0   5526.8   12.14   24.19      0
  0:    134217728      33554432     float     sum      -1   8128.9   16.51   32.89      0   8304.6   16.16   32.20      0
  0:    268435456      67108864     float     sum      -1    12936   20.75   41.34      0    13009   20.63   41.11      0
  0:    536870912     134217728     float     sum      -1    25125   21.37   42.57      0    25040   21.44   42.71      0
  0:   1073741824     268435456     float     sum      -1    34362   31.25   62.25      0    34189   31.41   62.57      0
  0:   2147483648     536870912     float     sum      -1    60259   35.64   71.00      0    60236   35.65   71.02      0
  0:   4294967296    1073741824     float     sum      -1   112387   38.22   76.13      0   112779   38.08   75.87      0
  0: # Out of bounds values : 0 OK
  0: # Avg bus bandwidth    : 13.2659 
  0: #
  0: 
