  0: # nThread 1 nGpus 1 minBytes 8 maxBytes 4294967296 step: 2(factor) warmup iters: 8 iters: 24 agg iters: 1 validation: 1 graph: 0
  0: #
  0: # Using devices
  0: #  Rank  0 Group  0 Pid  23913 on  nid006532 device  0 [0009:01:00] NVIDIA GH200 120GB
  0: #  Rank  1 Group  0 Pid  23914 on  nid006532 device  0 [0019:01:00] NVIDIA GH200 120GB
  0: #  Rank  2 Group  0 Pid  23915 on  nid006532 device  0 [0029:01:00] NVIDIA GH200 120GB
  0: #  Rank  3 Group  0 Pid  23916 on  nid006532 device  0 [0039:01:00] NVIDIA GH200 120GB
  0: #  Rank  4 Group  0 Pid 249498 on  nid006533 device  0 [0009:01:00] NVIDIA GH200 120GB
  0: #  Rank  5 Group  0 Pid 249499 on  nid006533 device  0 [0019:01:00] NVIDIA GH200 120GB
  0: #  Rank  6 Group  0 Pid 249500 on  nid006533 device  0 [0029:01:00] NVIDIA GH200 120GB
  0: #  Rank  7 Group  0 Pid 249501 on  nid006533 device  0 [0039:01:00] NVIDIA GH200 120GB
  0: #  Rank  8 Group  0 Pid 205808 on  nid006534 device  0 [0009:01:00] NVIDIA GH200 120GB
  0: #  Rank  9 Group  0 Pid 205809 on  nid006534 device  0 [0019:01:00] NVIDIA GH200 120GB
  0: #  Rank 10 Group  0 Pid 205810 on  nid006534 device  0 [0029:01:00] NVIDIA GH200 120GB
  0: #  Rank 11 Group  0 Pid 205811 on  nid006534 device  0 [0039:01:00] NVIDIA GH200 120GB
  0: #  Rank 12 Group  0 Pid 168239 on  nid006538 device  0 [0009:01:00] NVIDIA GH200 120GB
  0: #  Rank 13 Group  0 Pid 168240 on  nid006538 device  0 [0019:01:00] NVIDIA GH200 120GB
  0: #  Rank 14 Group  0 Pid 168241 on  nid006538 device  0 [0029:01:00] NVIDIA GH200 120GB
  0: #  Rank 15 Group  0 Pid 168242 on  nid006538 device  0 [0039:01:00] NVIDIA GH200 120GB
  0: #  Rank 16 Group  0 Pid 138942 on  nid006540 device  0 [0009:01:00] NVIDIA GH200 120GB
  0: #  Rank 17 Group  0 Pid 138943 on  nid006540 device  0 [0019:01:00] NVIDIA GH200 120GB
  0: #  Rank 18 Group  0 Pid 138944 on  nid006540 device  0 [0029:01:00] NVIDIA GH200 120GB
  0: #  Rank 19 Group  0 Pid 138945 on  nid006540 device  0 [0039:01:00] NVIDIA GH200 120GB
  0: #  Rank 20 Group  0 Pid 175578 on  nid006541 device  0 [0009:01:00] NVIDIA GH200 120GB
  0: #  Rank 21 Group  0 Pid 175579 on  nid006541 device  0 [0019:01:00] NVIDIA GH200 120GB
  0: #  Rank 22 Group  0 Pid 175580 on  nid006541 device  0 [0029:01:00] NVIDIA GH200 120GB
  0: #  Rank 23 Group  0 Pid 175581 on  nid006541 device  0 [0039:01:00] NVIDIA GH200 120GB
  0: #  Rank 24 Group  0 Pid 173016 on  nid006542 device  0 [0009:01:00] NVIDIA GH200 120GB
  0: #  Rank 25 Group  0 Pid 173017 on  nid006542 device  0 [0019:01:00] NVIDIA GH200 120GB
  0: #  Rank 26 Group  0 Pid 173018 on  nid006542 device  0 [0029:01:00] NVIDIA GH200 120GB
  0: #  Rank 27 Group  0 Pid 173019 on  nid006542 device  0 [0039:01:00] NVIDIA GH200 120GB
  0: #  Rank 28 Group  0 Pid 176864 on  nid006545 device  0 [0009:01:00] NVIDIA GH200 120GB
  0: #  Rank 29 Group  0 Pid 176865 on  nid006545 device  0 [0019:01:00] NVIDIA GH200 120GB
  0: #  Rank 30 Group  0 Pid 176866 on  nid006545 device  0 [0029:01:00] NVIDIA GH200 120GB
  0: #  Rank 31 Group  0 Pid 176867 on  nid006545 device  0 [0039:01:00] NVIDIA GH200 120GB
  0: #  Rank 32 Group  0 Pid 108582 on  nid006546 device  0 [0009:01:00] NVIDIA GH200 120GB
  0: #  Rank 33 Group  0 Pid 108583 on  nid006546 device  0 [0019:01:00] NVIDIA GH200 120GB
  0: #  Rank 34 Group  0 Pid 108584 on  nid006546 device  0 [0029:01:00] NVIDIA GH200 120GB
  0: #  Rank 35 Group  0 Pid 108585 on  nid006546 device  0 [0039:01:00] NVIDIA GH200 120GB
  0: #  Rank 36 Group  0 Pid 155720 on  nid006549 device  0 [0009:01:00] NVIDIA GH200 120GB
  0: #  Rank 37 Group  0 Pid 155721 on  nid006549 device  0 [0019:01:00] NVIDIA GH200 120GB
  0: #  Rank 38 Group  0 Pid 155722 on  nid006549 device  0 [0029:01:00] NVIDIA GH200 120GB
  0: #  Rank 39 Group  0 Pid 155723 on  nid006549 device  0 [0039:01:00] NVIDIA GH200 120GB
  0: #  Rank 40 Group  0 Pid 108340 on  nid006550 device  0 [0009:01:00] NVIDIA GH200 120GB
  0: #  Rank 41 Group  0 Pid 108341 on  nid006550 device  0 [0019:01:00] NVIDIA GH200 120GB
  0: #  Rank 42 Group  0 Pid 108342 on  nid006550 device  0 [0029:01:00] NVIDIA GH200 120GB
  0: #  Rank 43 Group  0 Pid 108343 on  nid006550 device  0 [0039:01:00] NVIDIA GH200 120GB
  0: #  Rank 44 Group  0 Pid  99637 on  nid006551 device  0 [0009:01:00] NVIDIA GH200 120GB
  0: #  Rank 45 Group  0 Pid  99638 on  nid006551 device  0 [0019:01:00] NVIDIA GH200 120GB
  0: #  Rank 46 Group  0 Pid  99639 on  nid006551 device  0 [0029:01:00] NVIDIA GH200 120GB
  0: #  Rank 47 Group  0 Pid  99640 on  nid006551 device  0 [0039:01:00] NVIDIA GH200 120GB
  0: #  Rank 48 Group  0 Pid 121121 on  nid006552 device  0 [0009:01:00] NVIDIA GH200 120GB
  0: #  Rank 49 Group  0 Pid 121122 on  nid006552 device  0 [0019:01:00] NVIDIA GH200 120GB
  0: #  Rank 50 Group  0 Pid 121123 on  nid006552 device  0 [0029:01:00] NVIDIA GH200 120GB
  0: #  Rank 51 Group  0 Pid 121124 on  nid006552 device  0 [0039:01:00] NVIDIA GH200 120GB
  0: #  Rank 52 Group  0 Pid 105427 on  nid006553 device  0 [0009:01:00] NVIDIA GH200 120GB
  0: #  Rank 53 Group  0 Pid 105428 on  nid006553 device  0 [0019:01:00] NVIDIA GH200 120GB
  0: #  Rank 54 Group  0 Pid 105429 on  nid006553 device  0 [0029:01:00] NVIDIA GH200 120GB
  0: #  Rank 55 Group  0 Pid 105430 on  nid006553 device  0 [0039:01:00] NVIDIA GH200 120GB
  0: #  Rank 56 Group  0 Pid 152849 on  nid006556 device  0 [0009:01:00] NVIDIA GH200 120GB
  0: #  Rank 57 Group  0 Pid 152850 on  nid006556 device  0 [0019:01:00] NVIDIA GH200 120GB
  0: #  Rank 58 Group  0 Pid 152851 on  nid006556 device  0 [0029:01:00] NVIDIA GH200 120GB
  0: #  Rank 59 Group  0 Pid 152852 on  nid006556 device  0 [0039:01:00] NVIDIA GH200 120GB
  0: #  Rank 60 Group  0 Pid 140043 on  nid006557 device  0 [0009:01:00] NVIDIA GH200 120GB
  0: #  Rank 61 Group  0 Pid 140044 on  nid006557 device  0 [0019:01:00] NVIDIA GH200 120GB
  0: #  Rank 62 Group  0 Pid 140045 on  nid006557 device  0 [0029:01:00] NVIDIA GH200 120GB
  0: #  Rank 63 Group  0 Pid 140046 on  nid006557 device  0 [0039:01:00] NVIDIA GH200 120GB
  0: #  Rank 64 Group  0 Pid   2464 on  nid006558 device  0 [0009:01:00] NVIDIA GH200 120GB
  0: #  Rank 65 Group  0 Pid   2465 on  nid006558 device  0 [0019:01:00] NVIDIA GH200 120GB
  0: #  Rank 66 Group  0 Pid   2466 on  nid006558 device  0 [0029:01:00] NVIDIA GH200 120GB
  0: #  Rank 67 Group  0 Pid   2467 on  nid006558 device  0 [0039:01:00] NVIDIA GH200 120GB
  0: #  Rank 68 Group  0 Pid 254037 on  nid006560 device  0 [0009:01:00] NVIDIA GH200 120GB
  0: #  Rank 69 Group  0 Pid 254039 on  nid006560 device  0 [0019:01:00] NVIDIA GH200 120GB
  0: #  Rank 70 Group  0 Pid 254040 on  nid006560 device  0 [0029:01:00] NVIDIA GH200 120GB
  0: #  Rank 71 Group  0 Pid 254041 on  nid006560 device  0 [0039:01:00] NVIDIA GH200 120GB
  0: #  Rank 72 Group  0 Pid 210899 on  nid006561 device  0 [0009:01:00] NVIDIA GH200 120GB
  0: #  Rank 73 Group  0 Pid 210900 on  nid006561 device  0 [0019:01:00] NVIDIA GH200 120GB
  0: #  Rank 74 Group  0 Pid 210901 on  nid006561 device  0 [0029:01:00] NVIDIA GH200 120GB
  0: #  Rank 75 Group  0 Pid 210902 on  nid006561 device  0 [0039:01:00] NVIDIA GH200 120GB
  0: #  Rank 76 Group  0 Pid 137274 on  nid006564 device  0 [0009:01:00] NVIDIA GH200 120GB
  0: #  Rank 77 Group  0 Pid 137275 on  nid006564 device  0 [0019:01:00] NVIDIA GH200 120GB
  0: #  Rank 78 Group  0 Pid 137276 on  nid006564 device  0 [0029:01:00] NVIDIA GH200 120GB
  0: #  Rank 79 Group  0 Pid 137277 on  nid006564 device  0 [0039:01:00] NVIDIA GH200 120GB
  0: #  Rank 80 Group  0 Pid 141786 on  nid006567 device  0 [0009:01:00] NVIDIA GH200 120GB
  0: #  Rank 81 Group  0 Pid 141787 on  nid006567 device  0 [0019:01:00] NVIDIA GH200 120GB
  0: #  Rank 82 Group  0 Pid 141788 on  nid006567 device  0 [0029:01:00] NVIDIA GH200 120GB
  0: #  Rank 83 Group  0 Pid 141789 on  nid006567 device  0 [0039:01:00] NVIDIA GH200 120GB
  0: #  Rank 84 Group  0 Pid 166325 on  nid006957 device  0 [0009:01:00] NVIDIA GH200 120GB
  0: #  Rank 85 Group  0 Pid 166326 on  nid006957 device  0 [0019:01:00] NVIDIA GH200 120GB
  0: #  Rank 86 Group  0 Pid 166327 on  nid006957 device  0 [0029:01:00] NVIDIA GH200 120GB
  0: #  Rank 87 Group  0 Pid 166328 on  nid006957 device  0 [0039:01:00] NVIDIA GH200 120GB
  0: #  Rank 88 Group  0 Pid 215006 on  nid006959 device  0 [0009:01:00] NVIDIA GH200 120GB
  0: #  Rank 89 Group  0 Pid 215007 on  nid006959 device  0 [0019:01:00] NVIDIA GH200 120GB
  0: #  Rank 90 Group  0 Pid 215008 on  nid006959 device  0 [0029:01:00] NVIDIA GH200 120GB
  0: #  Rank 91 Group  0 Pid 215009 on  nid006959 device  0 [0039:01:00] NVIDIA GH200 120GB
  0: #  Rank 92 Group  0 Pid 165245 on  nid007018 device  0 [0009:01:00] NVIDIA GH200 120GB
  0: #  Rank 93 Group  0 Pid 165246 on  nid007018 device  0 [0019:01:00] NVIDIA GH200 120GB
  0: #  Rank 94 Group  0 Pid 165247 on  nid007018 device  0 [0029:01:00] NVIDIA GH200 120GB
  0: #  Rank 95 Group  0 Pid 165248 on  nid007018 device  0 [0039:01:00] NVIDIA GH200 120GB
  0: #  Rank 96 Group  0 Pid 126383 on  nid007025 device  0 [0009:01:00] NVIDIA GH200 120GB
  0: #  Rank 97 Group  0 Pid 126384 on  nid007025 device  0 [0019:01:00] NVIDIA GH200 120GB
  0: #  Rank 98 Group  0 Pid 126385 on  nid007025 device  0 [0029:01:00] NVIDIA GH200 120GB
  0: #  Rank 99 Group  0 Pid 126386 on  nid007025 device  0 [0039:01:00] NVIDIA GH200 120GB
  0: #  Rank 100 Group  0 Pid 210198 on  nid007029 device  0 [0009:01:00] NVIDIA GH200 120GB
  0: #  Rank 101 Group  0 Pid 210199 on  nid007029 device  0 [0019:01:00] NVIDIA GH200 120GB
  0: #  Rank 102 Group  0 Pid 210200 on  nid007029 device  0 [0029:01:00] NVIDIA GH200 120GB
  0: #  Rank 103 Group  0 Pid 210201 on  nid007029 device  0 [0039:01:00] NVIDIA GH200 120GB
  0: #  Rank 104 Group  0 Pid 174097 on  nid007030 device  0 [0009:01:00] NVIDIA GH200 120GB
  0: #  Rank 105 Group  0 Pid 174098 on  nid007030 device  0 [0019:01:00] NVIDIA GH200 120GB
  0: #  Rank 106 Group  0 Pid 174099 on  nid007030 device  0 [0029:01:00] NVIDIA GH200 120GB
  0: #  Rank 107 Group  0 Pid 174100 on  nid007030 device  0 [0039:01:00] NVIDIA GH200 120GB
  0: #  Rank 108 Group  0 Pid 260138 on  nid007038 device  0 [0009:01:00] NVIDIA GH200 120GB
  0: #  Rank 109 Group  0 Pid 260139 on  nid007038 device  0 [0019:01:00] NVIDIA GH200 120GB
  0: #  Rank 110 Group  0 Pid 260140 on  nid007038 device  0 [0029:01:00] NVIDIA GH200 120GB
  0: #  Rank 111 Group  0 Pid 260141 on  nid007038 device  0 [0039:01:00] NVIDIA GH200 120GB
  0: #  Rank 112 Group  0 Pid  99795 on  nid007057 device  0 [0009:01:00] NVIDIA GH200 120GB
  0: #  Rank 113 Group  0 Pid  99796 on  nid007057 device  0 [0019:01:00] NVIDIA GH200 120GB
  0: #  Rank 114 Group  0 Pid  99797 on  nid007057 device  0 [0029:01:00] NVIDIA GH200 120GB
  0: #  Rank 115 Group  0 Pid  99798 on  nid007057 device  0 [0039:01:00] NVIDIA GH200 120GB
  0: #  Rank 116 Group  0 Pid  54133 on  nid007058 device  0 [0009:01:00] NVIDIA GH200 120GB
  0: #  Rank 117 Group  0 Pid  54134 on  nid007058 device  0 [0019:01:00] NVIDIA GH200 120GB
  0: #  Rank 118 Group  0 Pid  54135 on  nid007058 device  0 [0029:01:00] NVIDIA GH200 120GB
  0: #  Rank 119 Group  0 Pid  54136 on  nid007058 device  0 [0039:01:00] NVIDIA GH200 120GB
  0: #  Rank 120 Group  0 Pid 246868 on  nid007083 device  0 [0009:01:00] NVIDIA GH200 120GB
  0: #  Rank 121 Group  0 Pid 246869 on  nid007083 device  0 [0019:01:00] NVIDIA GH200 120GB
  0: #  Rank 122 Group  0 Pid 246870 on  nid007083 device  0 [0029:01:00] NVIDIA GH200 120GB
  0: #  Rank 123 Group  0 Pid 246871 on  nid007083 device  0 [0039:01:00] NVIDIA GH200 120GB
  0: #  Rank 124 Group  0 Pid 180836 on  nid007100 device  0 [0009:01:00] NVIDIA GH200 120GB
  0: #  Rank 125 Group  0 Pid 180837 on  nid007100 device  0 [0019:01:00] NVIDIA GH200 120GB
  0: #  Rank 126 Group  0 Pid 180838 on  nid007100 device  0 [0029:01:00] NVIDIA GH200 120GB
  0: #  Rank 127 Group  0 Pid 180839 on  nid007100 device  0 [0039:01:00] NVIDIA GH200 120GB
  0: #
  0: #                                                              out-of-place                       in-place          
  0: #       size         count      type   redop    root     time   algbw   busbw #wrong     time   algbw   busbw #wrong
  0: #        (B)    (elements)                               (us)  (GB/s)  (GB/s)            (us)  (GB/s)  (GB/s)       
  0:            8             2     float     sum      -1    57.81    0.00    0.00      0    56.65    0.00    0.00      0
  0:           16             4     float     sum      -1    54.68    0.00    0.00      0    54.88    0.00    0.00      0
  0:           32             8     float     sum      -1    54.16    0.00    0.00      0    56.56    0.00    0.00      0
  0:           64            16     float     sum      -1    61.76    0.00    0.00      0    61.79    0.00    0.00      0
  0:          128            32     float     sum      -1    127.4    0.00    0.00      0    125.6    0.00    0.00      0
  0:          256            64     float     sum      -1    135.6    0.00    0.00      0    127.2    0.00    0.00      0
  0:          512           128     float     sum      -1    131.2    0.00    0.01      0    128.8    0.00    0.01      0
  0:         1024           256     float     sum      -1    131.6    0.01    0.02      0    129.7    0.01    0.02      0
  0:         2048           512     float     sum      -1    134.8    0.02    0.03      0    135.0    0.02    0.03      0
  0:         4096          1024     float     sum      -1    146.4    0.03    0.06      0    145.9    0.03    0.06      0
  0:         8192          2048     float     sum      -1    150.2    0.05    0.11      0    148.6    0.06    0.11      0
  0:        16384          4096     float     sum      -1    153.5    0.11    0.21      0    165.4    0.10    0.20      0
  0:        32768          8192     float     sum      -1    182.0    0.18    0.36      0    187.0    0.18    0.35      0
  0:        65536         16384     float     sum      -1    239.8    0.27    0.54      0    238.6    0.27    0.54      0
  0:       131072         32768     float     sum      -1    326.7    0.40    0.80      0    324.7    0.40    0.80      0
  0:       262144         65536     float     sum      -1    530.9    0.49    0.98      0    514.9    0.51    1.01      0
  0:       524288        131072     float     sum      -1    888.3    0.59    1.17      0    870.9    0.60    1.19      0
  0:      1048576        262144     float     sum      -1   5368.9    0.20    0.39      0   2252.4    0.47    0.92      0
  0:      2097152        524288     float     sum      -1   4219.9    0.50    0.99      0   4764.9    0.44    0.87      0
  0:      4194304       1048576     float     sum      -1   8753.9    0.48    0.95      0   6545.0    0.64    1.27      0
  0:      8388608       2097152     float     sum      -1   5822.6    1.44    2.86      0   4707.5    1.78    3.54      0
  0:     16777216       4194304     float     sum      -1   5838.5    2.87    5.70      0   8710.4    1.93    3.82      0
  0:     33554432       8388608     float     sum      -1   9751.1    3.44    6.83      0   7526.6    4.46    8.85      0
  0:     67108864      16777216     float     sum      -1    11229    5.98   11.86      0    10317    6.50   12.91      0
  0:    134217728      33554432     float     sum      -1    23571    5.69   11.30      0    30797    4.36    8.65      0
  0:    268435456      67108864     float     sum      -1   121773    2.20    4.37      0   128681    2.09    4.14      0
  0:    536870912     134217728     float     sum      -1   120937    4.44    8.81      0   123317    4.35    8.64      0
  0:   1073741824     268435456     float     sum      -1   140548    7.64   15.16      0   142806    7.52   14.92      0
  0:   2147483648     536870912     float     sum      -1   198606   10.81   21.46      0   188072   11.42   22.66      0
  0:   4294967296    1073741824     float     sum      -1   202368   21.22   42.12      0   118677   36.19   71.82      0
  0:            8             2     float     sum      -1    57.43    0.00    0.00      0    56.41    0.00    0.00      0
  0:           16             4     float     sum      -1    55.18    0.00    0.00      0    54.85    0.00    0.00      0
  0:           32             8     float     sum      -1    55.52    0.00    0.00      0    55.59    0.00    0.00      0
  0:           64            16     float     sum      -1    63.67    0.00    0.00      0    62.82    0.00    0.00      0
  0:          128            32     float     sum      -1    126.7    0.00    0.00      0    125.5    0.00    0.00      0
  0:          256            64     float     sum      -1    128.4    0.00    0.00      0    126.7    0.00    0.00      0
  0:          512           128     float     sum      -1    129.4    0.00    0.01      0    127.1    0.00    0.01      0
  0:         1024           256     float     sum      -1    130.2    0.01    0.02      0    128.9    0.01    0.02      0
  0:         2048           512     float     sum      -1    135.5    0.02    0.03      0    135.0    0.02    0.03      0
  0:         4096          1024     float     sum      -1    146.6    0.03    0.06      0    146.2    0.03    0.06      0
  0:         8192          2048     float     sum      -1    149.2    0.05    0.11      0    147.5    0.06    0.11      0
  0:        16384          4096     float     sum      -1    151.0    0.11    0.22      0    148.1    0.11    0.22      0
  0:        32768          8192     float     sum      -1    159.6    0.21    0.41      0    174.8    0.19    0.37      0
  0:        65536         16384     float     sum      -1    167.3    0.39    0.78      0    163.8    0.40    0.79      0
  0:       131072         32768     float     sum      -1    187.6    0.70    1.39      0    185.8    0.71    1.40      0
  0:       262144         65536     float     sum      -1    232.1    1.13    2.24      0    229.5    1.14    2.27      0
  0:       524288        131072     float     sum      -1    338.2    1.55    3.08      0    336.0    1.56    3.10      0
  0:      1048576        262144     float     sum      -1    391.2    2.68    5.32      0    392.9    2.67    5.30      0
  0:      2097152        524288     float     sum      -1    494.9    4.24    8.41      0    501.4    4.18    8.30      0
  0:      4194304       1048576     float     sum      -1    798.1    5.26   10.43      0    794.1    5.28   10.48      0
  0:      8388608       2097152     float     sum      -1   1330.3    6.31   12.51      0   1356.9    6.18   12.27      0
  0:     16777216       4194304     float     sum      -1   2198.9    7.63   15.14      0   2231.4    7.52   14.92      0
  0:     33554432       8388608     float     sum      -1   2949.4   11.38   22.58      0   2890.7   11.61   23.03      0
  0:     67108864      16777216     float     sum      -1   4951.9   13.55   26.89      0   5031.1   13.34   26.47      0
  0:    134217728      33554432     float     sum      -1   9124.1   14.71   29.19      0   9137.5   14.69   29.15      0
  0:    268435456      67108864     float     sum      -1    10207   26.30   52.19      0    10182   26.36   52.32      0
  0:    536870912     134217728     float     sum      -1    13686   39.23   77.84      0    13925   38.56   76.51      0
  0:   1073741824     268435456     float     sum      -1    27362   39.24   77.87      0    27658   38.82   77.04      0
  0:   2147483648     536870912     float     sum      -1    56154   38.24   75.89      0    56732   37.85   75.11      0
  0:   4294967296    1073741824     float     sum      -1   117238   36.63   72.70      0   119465   35.95   71.34      0
  0:            8             2     float     sum      -1    56.84    0.00    0.00      0    55.79    0.00    0.00      0
  0:           16             4     float     sum      -1    55.06    0.00    0.00      0    54.86    0.00    0.00      0
  0:           32             8     float     sum      -1    54.40    0.00    0.00      0    54.33    0.00    0.00      0
  0:           64            16     float     sum      -1    61.99    0.00    0.00      0    62.13    0.00    0.00      0
  0:          128            32     float     sum      -1    126.9    0.00    0.00      0    126.6    0.00    0.00      0
  0:          256            64     float     sum      -1    128.7    0.00    0.00      0    128.1    0.00    0.00      0
  0:          512           128     float     sum      -1    128.9    0.00    0.01      0    128.4    0.00    0.01      0
  0:         1024           256     float     sum      -1    130.7    0.01    0.02      0    130.2    0.01    0.02      0
  0:         2048           512     float     sum      -1    135.2    0.02    0.03      0    134.6    0.02    0.03      0
  0:         4096          1024     float     sum      -1    147.7    0.03    0.06      0    145.3    0.03    0.06      0
  0:         8192          2048     float     sum      -1    148.7    0.06    0.11      0    146.6    0.06    0.11      0
  0:        16384          4096     float     sum      -1    151.6    0.11    0.21      0    148.0    0.11    0.22      0
  0:        32768          8192     float     sum      -1    159.1    0.21    0.41      0    157.3    0.21    0.41      0
  0:        65536         16384     float     sum      -1    167.9    0.39    0.77      0    164.0    0.40    0.79      0
  0:       131072         32768     float     sum      -1    188.3    0.70    1.38      0    186.1    0.70    1.40      0
  0:       262144         65536     float     sum      -1    232.4    1.13    2.24      0    232.9    1.13    2.23      0
  0:       524288        131072     float     sum      -1    338.5    1.55    3.07      0    336.3    1.56    3.09      0
  0:      1048576        262144     float     sum      -1    392.3    2.67    5.30      0    396.8    2.64    5.24      0
  0:      2097152        524288     float     sum      -1    497.8    4.21    8.36      0    503.1    4.17    8.27      0
  0:      4194304       1048576     float     sum      -1    781.6    5.37   10.65      0    795.0    5.28   10.47      0
  0:      8388608       2097152     float     sum      -1   1334.9    6.28   12.47      0   1354.1    6.19   12.29      0
  0:     16777216       4194304     float     sum      -1   2202.3    7.62   15.12      0   2226.7    7.53   14.95      0
  0:     33554432       8388608     float     sum      -1   2906.6   11.54   22.91      0   2908.7   11.54   22.89      0
  0:     67108864      16777216     float     sum      -1   4963.9   13.52   26.83      0   4990.4   13.45   26.69      0
  0:    134217728      33554432     float     sum      -1   9090.2   14.77   29.30      0   9163.3   14.65   29.07      0
  0:    268435456      67108864     float     sum      -1    10213   26.28   52.16      0    10172   26.39   52.36      0
  0:    536870912     134217728     float     sum      -1    13791   38.93   77.25      0    13930   38.54   76.48      0
  0:   1073741824     268435456     float     sum      -1    27315   39.31   78.01      0    27592   38.91   77.22      0
  0:   2147483648     536870912     float     sum      -1    56194   38.22   75.83      0    56859   37.77   74.95      0
  0:   4294967296    1073741824     float     sum      -1   118127   36.36   72.15      0   119263   36.01   71.46      0
  0:            8             2     float     sum      -1    58.62    0.00    0.00      0    56.01    0.00    0.00      0
  0:           16             4     float     sum      -1    55.10    0.00    0.00      0    54.93    0.00    0.00      0
  0:           32             8     float     sum      -1    55.13    0.00    0.00      0    55.06    0.00    0.00      0
  0:           64            16     float     sum      -1    63.22    0.00    0.00      0    63.61    0.00    0.00      0
  0:          128            32     float     sum      -1    127.2    0.00    0.00      0    125.6    0.00    0.00      0
  0:          256            64     float     sum      -1    129.1    0.00    0.00      0    127.8    0.00    0.00      0
  0:          512           128     float     sum      -1    129.9    0.00    0.01      0    126.9    0.00    0.01      0
  0:         1024           256     float     sum      -1    130.0    0.01    0.02      0    130.1    0.01    0.02      0
  0:         2048           512     float     sum      -1    135.2    0.02    0.03      0    134.9    0.02    0.03      0
  0:         4096          1024     float     sum      -1    147.1    0.03    0.06      0    144.8    0.03    0.06      0
  0:         8192          2048     float     sum      -1    150.0    0.05    0.11      0    146.4    0.06    0.11      0
  0:        16384          4096     float     sum      -1    151.1    0.11    0.22      0    148.2    0.11    0.22      0
  0:        32768          8192     float     sum      -1    159.3    0.21    0.41      0    156.5    0.21    0.42      0
  0:        65536         16384     float     sum      -1    167.8    0.39    0.78      0    164.3    0.40    0.79      0
  0:       131072         32768     float     sum      -1    186.8    0.70    1.39      0    182.9    0.72    1.42      0
  0:       262144         65536     float     sum      -1    231.7    1.13    2.24      0    230.7    1.14    2.26      0
  0:       524288        131072     float     sum      -1    337.2    1.56    3.09      0    336.1    1.56    3.10      0
  0:      1048576        262144     float     sum      -1    391.9    2.68    5.31      0    395.0    2.65    5.27      0
  0:      2097152        524288     float     sum      -1    497.5    4.22    8.37      0    502.5    4.17    8.28      0
  0:      4194304       1048576     float     sum      -1    780.8    5.37   10.66      0    792.5    5.29   10.50      0
  0:      8388608       2097152     float     sum      -1   1333.1    6.29   12.49      0   1349.0    6.22   12.34      0
  0:     16777216       4194304     float     sum      -1   2184.8    7.68   15.24      0   2214.1    7.58   15.04      0
  0:     33554432       8388608     float     sum      -1   2899.1   11.57   22.97      0   2880.8   11.65   23.11      0
  0:     67108864      16777216     float     sum      -1   4904.2   13.68   27.15      0   5002.6   13.41   26.62      0
  0:    134217728      33554432     float     sum      -1   9086.7   14.77   29.31      0   9127.3   14.71   29.18      0
  0:    268435456      67108864     float     sum      -1    10207   26.30   52.18      0    10169   26.40   52.38      0
  0:    536870912     134217728     float     sum      -1    13690   39.22   77.82      0    13939   38.52   76.43      0
  0:   1073741824     268435456     float     sum      -1    27372   39.23   77.84      0    27660   38.82   77.03      0
  0:   2147483648     536870912     float     sum      -1    56175   38.23   75.86      0    56953   37.71   74.82      0
  0:   4294967296    1073741824     float     sum      -1   117906   36.43   72.28      0   118519   36.24   71.91      0
  0:            8             2     float     sum      -1    59.13    0.00    0.00      0    55.94    0.00    0.00      0
  0:           16             4     float     sum      -1    55.07    0.00    0.00      0    55.46    0.00    0.00      0
  0:           32             8     float     sum      -1    55.09    0.00    0.00      0    55.48    0.00    0.00      0
  0:           64            16     float     sum      -1    62.13    0.00    0.00      0    62.41    0.00    0.00      0
  0:          128            32     float     sum      -1    128.1    0.00    0.00      0    125.6    0.00    0.00      0
  0:          256            64     float     sum      -1    127.7    0.00    0.00      0    127.3    0.00    0.00      0
  0:          512           128     float     sum      -1    130.4    0.00    0.01      0    127.0    0.00    0.01      0
  0:         1024           256     float     sum      -1    131.5    0.01    0.02      0    129.8    0.01    0.02      0
  0:         2048           512     float     sum      -1    136.5    0.02    0.03      0    135.0    0.02    0.03      0
  0:         4096          1024     float     sum      -1    147.5    0.03    0.06      0    145.0    0.03    0.06      0
  0:         8192          2048     float     sum      -1    148.7    0.06    0.11      0    146.3    0.06    0.11      0
  0:        16384          4096     float     sum      -1    150.4    0.11    0.22      0    148.5    0.11    0.22      0
  0:        32768          8192     float     sum      -1    158.8    0.21    0.41      0    156.9    0.21    0.41      0
  0:        65536         16384     float     sum      -1    167.3    0.39    0.78      0    164.2    0.40    0.79      0
  0:       131072         32768     float     sum      -1    188.6    0.69    1.38      0    185.5    0.71    1.40      0
  0:       262144         65536     float     sum      -1    233.8    1.12    2.22      0    232.4    1.13    2.24      0
  0:       524288        131072     float     sum      -1    336.7    1.56    3.09      0    335.8    1.56    3.10      0
  0:      1048576        262144     float     sum      -1    391.1    2.68    5.32      0    394.1    2.66    5.28      0
  0:      2097152        524288     float     sum      -1    494.2    4.24    8.42      0    501.2    4.18    8.30      0
  0:      4194304       1048576     float     sum      -1    785.7    5.34   10.59      0    795.9    5.27   10.46      0
  0:      8388608       2097152     float     sum      -1   1331.7    6.30   12.50      0   1354.6    6.19   12.29      0
  0:     16777216       4194304     float     sum      -1   2198.2    7.63   15.14      0   2237.5    7.50   14.88      0
  0:     33554432       8388608     float     sum      -1   2897.1   11.58   22.98      0   2906.2   11.55   22.91      0
  0:     67108864      16777216     float     sum      -1   4970.4   13.50   26.79      0   4955.7   13.54   26.87      0
  0:    134217728      33554432     float     sum      -1   9116.6   14.72   29.21      0   9227.2   14.55   28.86      0
  0:    268435456      67108864     float     sum      -1    10215   26.28   52.15      0    10165   26.41   52.40      0
  0:    536870912     134217728     float     sum      -1    13751   39.04   77.47      0    13948   38.49   76.38      0
  0:   1073741824     268435456     float     sum      -1    27247   39.41   78.20      0    27634   38.86   77.10      0
  0:   2147483648     536870912     float     sum      -1    56250   38.18   75.76      0    56876   37.76   74.92      0
  0:   4294967296    1073741824     float     sum      -1   117699   36.49   72.41      0   118765   36.16   71.76      0
  0:            8             2     float     sum      -1    57.23    0.00    0.00      0    56.20    0.00    0.00      0
  0:           16             4     float     sum      -1    56.56    0.00    0.00      0    55.44    0.00    0.00      0
  0:           32             8     float     sum      -1    55.33    0.00    0.00      0    55.16    0.00    0.00      0
  0:           64            16     float     sum      -1    62.76    0.00    0.00      0    64.60    0.00    0.00      0
  0:          128            32     float     sum      -1    128.0    0.00    0.00      0    125.4    0.00    0.00      0
  0:          256            64     float     sum      -1    127.8    0.00    0.00      0    127.1    0.00    0.00      0
  0:          512           128     float     sum      -1    129.3    0.00    0.01      0    129.0    0.00    0.01      0
  0:         1024           256     float     sum      -1    130.5    0.01    0.02      0    129.8    0.01    0.02      0
  0:         2048           512     float     sum      -1    135.5    0.02    0.03      0    134.9    0.02    0.03      0
  0:         4096          1024     float     sum      -1    147.0    0.03    0.06      0    146.0    0.03    0.06      0
  0:         8192          2048     float     sum      -1    148.4    0.06    0.11      0    146.5    0.06    0.11      0
  0:        16384          4096     float     sum      -1    150.4    0.11    0.22      0    148.9    0.11    0.22      0
  0:        32768          8192     float     sum      -1    159.2    0.21    0.41      0    156.8    0.21    0.41      0
  0:        65536         16384     float     sum      -1    167.2    0.39    0.78      0    164.6    0.40    0.79      0
  0:       131072         32768     float     sum      -1    187.2    0.70    1.39      0    185.4    0.71    1.40      0
  0:       262144         65536     float     sum      -1    231.2    1.13    2.25      0    235.0    1.12    2.21      0
  0:       524288        131072     float     sum      -1    337.4    1.55    3.08      0    335.9    1.56    3.10      0
  0:      1048576        262144     float     sum      -1    392.4    2.67    5.30      0    393.2    2.67    5.29      0
  0:      2097152        524288     float     sum      -1    496.6    4.22    8.38      0    502.4    4.17    8.28      0
  0:      4194304       1048576     float     sum      -1    785.7    5.34   10.59      0    791.7    5.30   10.51      0
  0:      8388608       2097152     float     sum      -1   1331.5    6.30   12.50      0   1352.3    6.20   12.31      0
  0:     16777216       4194304     float     sum      -1   2211.1    7.59   15.06      0   2214.9    7.57   15.03      0
  0:     33554432       8388608     float     sum      -1   2896.1   11.59   22.99      0   2902.3   11.56   22.94      0
  0:     67108864      16777216     float     sum      -1   4901.8   13.69   27.17      0   5053.8   13.28   26.35      0
  0:    134217728      33554432     float     sum      -1   9166.5   14.64   29.06      0   8929.7   15.03   29.83      0
  0:    268435456      67108864     float     sum      -1    10220   26.27   52.12      0    10161   26.42   52.43      0
  0:    536870912     134217728     float     sum      -1    13712   39.15   77.69      0    13942   38.51   76.41      0
  0:   1073741824     268435456     float     sum      -1    27310   39.32   78.02      0    27616   38.88   77.15      0
  0:   2147483648     536870912     float     sum      -1    56105   38.28   75.95      0    56837   37.78   74.98      0
  0:   4294967296    1073741824     float     sum      -1   118015   36.39   72.22      0   119211   36.03   71.49      0
  0:            8             2     float     sum      -1    56.63    0.00    0.00      0    55.38    0.00    0.00      0
  0:           16             4     float     sum      -1    54.48    0.00    0.00      0    55.23    0.00    0.00      0
  0:           32             8     float     sum      -1    55.47    0.00    0.00      0    55.23    0.00    0.00      0
  0:           64            16     float     sum      -1    61.24    0.00    0.00      0    62.05    0.00    0.00      0
  0:          128            32     float     sum      -1    126.3    0.00    0.00      0    126.0    0.00    0.00      0
  0:          256            64     float     sum      -1    128.9    0.00    0.00      0    127.1    0.00    0.00      0
  0:          512           128     float     sum      -1    131.0    0.00    0.01      0    128.6    0.00    0.01      0
  0:         1024           256     float     sum      -1    131.5    0.01    0.02      0    129.6    0.01    0.02      0
  0:         2048           512     float     sum      -1    134.5    0.02    0.03      0    135.2    0.02    0.03      0
  0:         4096          1024     float     sum      -1    147.2    0.03    0.06      0    145.8    0.03    0.06      0
  0:         8192          2048     float     sum      -1    147.8    0.06    0.11      0    147.3    0.06    0.11      0
  0:        16384          4096     float     sum      -1    151.3    0.11    0.21      0    148.5    0.11    0.22      0
  0:        32768          8192     float     sum      -1    158.8    0.21    0.41      0    157.2    0.21    0.41      0
  0:        65536         16384     float     sum      -1    167.0    0.39    0.78      0    164.0    0.40    0.79      0
  0:       131072         32768     float     sum      -1    187.2    0.70    1.39      0    183.9    0.71    1.41      0
  0:       262144         65536     float     sum      -1    234.8    1.12    2.22      0    229.8    1.14    2.26      0
  0:       524288        131072     float     sum      -1    338.2    1.55    3.08      0    335.8    1.56    3.10      0
  0:      1048576        262144     float     sum      -1    391.7    2.68    5.31      0    394.4    2.66    5.28      0
  0:      2097152        524288     float     sum      -1    497.4    4.22    8.37      0    502.5    4.17    8.28      0
  0:      4194304       1048576     float     sum      -1    783.9    5.35   10.62      0    795.2    5.27   10.47      0
  0:      8388608       2097152     float     sum      -1   1333.6    6.29   12.48      0   1356.0    6.19   12.28      0
  0:     16777216       4194304     float     sum      -1   2194.5    7.65   15.17      0   2234.2    7.51   14.90      0
  0:     33554432       8388608     float     sum      -1   2893.4   11.60   23.01      0   2863.9   11.72   23.25      0
  0:     67108864      16777216     float     sum      -1   4900.6   13.69   27.17      0   4960.5   13.53   26.85      0
  0:    134217728      33554432     float     sum      -1   9027.5   14.87   29.50      0   9185.6   14.61   29.00      0
  0:    268435456      67108864     float     sum      -1    10201   26.31   52.22      0    10158   26.43   52.44      0
  0:    536870912     134217728     float     sum      -1    13720   39.13   77.65      0    13969   38.43   76.26      0
  0:   1073741824     268435456     float     sum      -1    27360   39.25   77.88      0    27680   38.79   76.98      0
  0:   2147483648     536870912     float     sum      -1    56384   38.09   75.58      0    56795   37.81   75.03      0
  0:   4294967296    1073741824     float     sum      -1   209005   20.55   40.78      0   209885   20.46   40.61      0
  0:            8             2     float     sum      -1    73.23    0.00    0.00      0    55.26    0.00    0.00      0
  0:           16             4     float     sum      -1    55.10    0.00    0.00      0    55.80    0.00    0.00      0
  0:           32             8     float     sum      -1    55.66    0.00    0.00      0    54.89    0.00    0.00      0
  0:           64            16     float     sum      -1    62.51    0.00    0.00      0    62.69    0.00    0.00      0
  0:          128            32     float     sum      -1    127.4    0.00    0.00      0    125.5    0.00    0.00      0
  0:          256            64     float     sum      -1    128.1    0.00    0.00      0    127.7    0.00    0.00      0
  0:          512           128     float     sum      -1    132.1    0.00    0.01      0    127.4    0.00    0.01      0
  0:         1024           256     float     sum      -1    130.2    0.01    0.02      0    133.0    0.01    0.02      0
  0:         2048           512     float     sum      -1    134.2    0.02    0.03      0    134.8    0.02    0.03      0
  0:         4096          1024     float     sum      -1    147.2    0.03    0.06      0    144.1    0.03    0.06      0
  0:         8192          2048     float     sum      -1    148.9    0.05    0.11      0    147.0    0.06    0.11      0
  0:        16384          4096     float     sum      -1    182.8    0.09    0.18      0    185.3    0.09    0.18      0
  0:        32768          8192     float     sum      -1    218.3    0.15    0.30      0    219.8    0.15    0.30      0
  0:        65536         16384     float     sum      -1    281.2    0.23    0.46      0    263.7    0.25    0.49      0
  0:       131072         32768     float     sum      -1    286.6    0.46    0.91      0    299.5    0.44    0.87      0
  0:       262144         65536     float     sum      -1    473.2    0.55    1.10      0    488.3    0.54    1.07      0
  0:       524288        131072     float     sum      -1    811.1    0.65    1.28      0    801.6    0.65    1.30      0
  0:      1048576        262144     float     sum      -1    931.7    1.13    2.23      0    939.2    1.12    2.22      0
  0:      2097152        524288     float     sum      -1   1146.1    1.83    3.63      0   1170.2    1.79    3.56      0
  0:      4194304       1048576     float     sum      -1   1616.5    2.59    5.15      0   1606.5    2.61    5.18      0
  0:      8388608       2097152     float     sum      -1   2548.1    3.29    6.53      0   2577.2    3.25    6.46      0
  0:     16777216       4194304     float     sum      -1   4090.3    4.10    8.14      0   4097.1    4.09    8.13      0
  0:     33554432       8388608     float     sum      -1   5029.8    6.67   13.24      0   5030.0    6.67   13.24      0
  0:     67108864      16777216     float     sum      -1   8717.5    7.70   15.28      0   8648.2    7.76   15.40      0
  0:    134217728      33554432     float     sum      -1    15947    8.42   16.70      0    15727    8.53   16.94      0
  0:    268435456      67108864     float     sum      -1    84961    3.16    6.27      0    83273    3.22    6.40      0
  0:    536870912     134217728     float     sum      -1    75319    7.13   14.14      0    83480    6.43   12.76      0
  0:   1073741824     268435456     float     sum      -1    85700   12.53   24.86      0    85233   12.60   25.00      0
  0:   2147483648     536870912     float     sum      -1   121958   17.61   34.94      0    56875   37.76   74.93      0
  0:   4294967296    1073741824     float     sum      -1   117835   36.45   72.33      0   118791   36.16   71.75      0
  0:            8             2     float     sum      -1    57.47    0.00    0.00      0    55.27    0.00    0.00      0
  0:           16             4     float     sum      -1    54.38    0.00    0.00      0    55.79    0.00    0.00      0
  0:           32             8     float     sum      -1    56.90    0.00    0.00      0    54.57    0.00    0.00      0
  0:           64            16     float     sum      -1    61.75    0.00    0.00      0    65.97    0.00    0.00      0
  0:          128            32     float     sum      -1    126.8    0.00    0.00      0    161.5    0.00    0.00      0
  0:          256            64     float     sum      -1    128.7    0.00    0.00      0    129.4    0.00    0.00      0
  0:          512           128     float     sum      -1    130.5    0.00    0.01      0    127.8    0.00    0.01      0
  0:         1024           256     float     sum      -1    131.5    0.01    0.02      0    130.6    0.01    0.02      0
  0:         2048           512     float     sum      -1    136.5    0.02    0.03      0    135.1    0.02    0.03      0
  0:         4096          1024     float     sum      -1    147.6    0.03    0.06      0    145.9    0.03    0.06      0
  0:         8192          2048     float     sum      -1    149.1    0.05    0.11      0    147.4    0.06    0.11      0
  0:        16384          4096     float     sum      -1    150.7    0.11    0.22      0    148.6    0.11    0.22      0
  0:        32768          8192     float     sum      -1    158.7    0.21    0.41      0    156.4    0.21    0.42      0
  0:        65536         16384     float     sum      -1    167.3    0.39    0.78      0    164.3    0.40    0.79      0
  0:       131072         32768     float     sum      -1    187.8    0.70    1.38      0    184.5    0.71    1.41      0
  0:       262144         65536     float     sum      -1    231.6    1.13    2.25      0    230.9    1.14    2.25      0
  0:       524288        131072     float     sum      -1    338.2    1.55    3.08      0    336.6    1.56    3.09      0
  0:      1048576        262144     float     sum      -1    391.1    2.68    5.32      0    393.5    2.66    5.29      0
  0:      2097152        524288     float     sum      -1    497.3    4.22    8.37      0    500.4    4.19    8.32      0
  0:      4194304       1048576     float     sum      -1    778.7    5.39   10.69      0    794.8    5.28   10.47      0
  0:      8388608       2097152     float     sum      -1   1329.7    6.31   12.52      0   1352.0    6.20   12.31      0
  0:     16777216       4194304     float     sum      -1   2208.9    7.60   15.07      0   2247.3    7.47   14.81      0
  0:     33554432       8388608     float     sum      -1   2915.9   11.51   22.83      0   2874.6   11.67   23.16      0
  0:     67108864      16777216     float     sum      -1   4936.4   13.59   26.98      0   4936.6   13.59   26.98      0
  0:    134217728      33554432     float     sum      -1   9076.6   14.79   29.34      0   9261.8   14.49   28.76      0
  0:    268435456      67108864     float     sum      -1    10205   26.30   52.20      0    10178   26.37   52.34      0
  0:    536870912     134217728     float     sum      -1    13681   39.24   77.87      0    13922   38.56   76.52      0
  0:   1073741824     268435456     float     sum      -1    27283   39.36   78.10      0    79498   13.51   26.80      0
  0:   2147483648     536870912     float     sum      -1   109913   19.54   38.77      0    56789   37.81   75.04      0
  0:   4294967296    1073741824     float     sum      -1   118066   36.38   72.19      0   119500   35.94   71.32      0
  0:            8             2     float     sum      -1    57.05    0.00    0.00      0    56.02    0.00    0.00      0
  0:           16             4     float     sum      -1    55.60    0.00    0.00      0    55.17    0.00    0.00      0
  0:           32             8     float     sum      -1    54.30    0.00    0.00      0    54.47    0.00    0.00      0
  0:           64            16     float     sum      -1    62.59    0.00    0.00      0    61.05    0.00    0.00      0
  0:          128            32     float     sum      -1    127.1    0.00    0.00      0    127.1    0.00    0.00      0
  0:          256            64     float     sum      -1    127.6    0.00    0.00      0    127.4    0.00    0.00      0
  0:          512           128     float     sum      -1    130.2    0.00    0.01      0    129.0    0.00    0.01      0
  0:         1024           256     float     sum      -1    130.2    0.01    0.02      0    129.5    0.01    0.02      0
  0:         2048           512     float     sum      -1    135.7    0.02    0.03      0    136.5    0.02    0.03      0
  0:         4096          1024     float     sum      -1    147.5    0.03    0.06      0    145.2    0.03    0.06      0
  0:         8192          2048     float     sum      -1    148.9    0.06    0.11      0    146.3    0.06    0.11      0
  0:        16384          4096     float     sum      -1    151.0    0.11    0.22      0    148.2    0.11    0.22      0
  0:        32768          8192     float     sum      -1    158.6    0.21    0.41      0    156.1    0.21    0.42      0
  0:        65536         16384     float     sum      -1    167.9    0.39    0.77      0    165.2    0.40    0.79      0
  0:       131072         32768     float     sum      -1    187.6    0.70    1.39      0    183.1    0.72    1.42      0
  0:       262144         65536     float     sum      -1    231.6    1.13    2.25      0    231.1    1.13    2.25      0
  0:       524288        131072     float     sum      -1    336.8    1.56    3.09      0    335.7    1.56    3.10      0
  0:      1048576        262144     float     sum      -1    389.4    2.69    5.34      0    395.1    2.65    5.27      0
  0:      2097152        524288     float     sum      -1    496.1    4.23    8.39      0    503.0    4.17    8.27      0
  0:      4194304       1048576     float     sum      -1    783.8    5.35   10.62      0    793.3    5.29   10.49      0
  0:      8388608       2097152     float     sum      -1   1330.5    6.30   12.51      0   1354.9    6.19   12.29      0
  0:     16777216       4194304     float     sum      -1   2190.5    7.66   15.20      0   2222.7    7.55   14.98      0
  0:     33554432       8388608     float     sum      -1   2911.7   11.52   22.87      0   2894.8   11.59   23.00      0
  0:     67108864      16777216     float     sum      -1   4843.7   13.85   27.49      0   4966.0   13.51   26.82      0
  0:    134217728      33554432     float     sum      -1   9150.1   14.67   29.11      0   9155.5   14.66   29.09      0
  0:    268435456      67108864     float     sum      -1    10209   26.29   52.17      0    10182   26.36   52.31      0
  0:    536870912     134217728     float     sum      -1    13724   39.12   77.62      0    13928   38.55   76.49      0
  0:   1073741824     268435456     float     sum      -1    27393   39.20   77.78      0    27573   38.94   77.27      0
  0:   2147483648     536870912     float     sum      -1    56112   38.27   75.95      0    56918   37.73   74.87      0
  0:   4294967296    1073741824     float     sum      -1   117628   36.51   72.46      0   120292   35.70   70.85      0
  0: # Out of bounds values : 0 OK
  0: # Avg bus bandwidth    : 14.2326 
  0: #
  0: 
