  0: # nThread 1 nGpus 1 minBytes 8 maxBytes 4294967296 step: 2(factor) warmup iters: 8 iters: 24 agg iters: 1 validation: 1 graph: 0
  0: #
  0: # Using devices
  0: #  Rank  0 Group  0 Pid 208726 on  nid006484 device  0 [0009:01:00] NVIDIA GH200 120GB
  0: #  Rank  1 Group  0 Pid 208727 on  nid006484 device  0 [0019:01:00] NVIDIA GH200 120GB
  0: #  Rank  2 Group  0 Pid 208728 on  nid006484 device  0 [0029:01:00] NVIDIA GH200 120GB
  0: #  Rank  3 Group  0 Pid 208729 on  nid006484 device  0 [0039:01:00] NVIDIA GH200 120GB
  0: #  Rank  4 Group  0 Pid 112380 on  nid006503 device  0 [0009:01:00] NVIDIA GH200 120GB
  0: #  Rank  5 Group  0 Pid 112381 on  nid006503 device  0 [0019:01:00] NVIDIA GH200 120GB
  0: #  Rank  6 Group  0 Pid 112382 on  nid006503 device  0 [0029:01:00] NVIDIA GH200 120GB
  0: #  Rank  7 Group  0 Pid 112383 on  nid006503 device  0 [0039:01:00] NVIDIA GH200 120GB
  0: #  Rank  8 Group  0 Pid 283727 on  nid006508 device  0 [0009:01:00] NVIDIA GH200 120GB
  0: #  Rank  9 Group  0 Pid 283728 on  nid006508 device  0 [0019:01:00] NVIDIA GH200 120GB
  0: #  Rank 10 Group  0 Pid 283729 on  nid006508 device  0 [0029:01:00] NVIDIA GH200 120GB
  0: #  Rank 11 Group  0 Pid 283730 on  nid006508 device  0 [0039:01:00] NVIDIA GH200 120GB
  0: #  Rank 12 Group  0 Pid  13341 on  nid006516 device  0 [0009:01:00] NVIDIA GH200 120GB
  0: #  Rank 13 Group  0 Pid  13342 on  nid006516 device  0 [0019:01:00] NVIDIA GH200 120GB
  0: #  Rank 14 Group  0 Pid  13343 on  nid006516 device  0 [0029:01:00] NVIDIA GH200 120GB
  0: #  Rank 15 Group  0 Pid  13344 on  nid006516 device  0 [0039:01:00] NVIDIA GH200 120GB
  0: #  Rank 16 Group  0 Pid 255594 on  nid006526 device  0 [0009:01:00] NVIDIA GH200 120GB
  0: #  Rank 17 Group  0 Pid 255595 on  nid006526 device  0 [0019:01:00] NVIDIA GH200 120GB
  0: #  Rank 18 Group  0 Pid 255596 on  nid006526 device  0 [0029:01:00] NVIDIA GH200 120GB
  0: #  Rank 19 Group  0 Pid 255597 on  nid006526 device  0 [0039:01:00] NVIDIA GH200 120GB
  0: #  Rank 20 Group  0 Pid 233656 on  nid006528 device  0 [0009:01:00] NVIDIA GH200 120GB
  0: #  Rank 21 Group  0 Pid 233657 on  nid006528 device  0 [0019:01:00] NVIDIA GH200 120GB
  0: #  Rank 22 Group  0 Pid 233658 on  nid006528 device  0 [0029:01:00] NVIDIA GH200 120GB
  0: #  Rank 23 Group  0 Pid 233659 on  nid006528 device  0 [0039:01:00] NVIDIA GH200 120GB
  0: #  Rank 24 Group  0 Pid 236121 on  nid006529 device  0 [0009:01:00] NVIDIA GH200 120GB
  0: #  Rank 25 Group  0 Pid 236122 on  nid006529 device  0 [0019:01:00] NVIDIA GH200 120GB
  0: #  Rank 26 Group  0 Pid 236123 on  nid006529 device  0 [0029:01:00] NVIDIA GH200 120GB
  0: #  Rank 27 Group  0 Pid 236124 on  nid006529 device  0 [0039:01:00] NVIDIA GH200 120GB
  0: #  Rank 28 Group  0 Pid 169993 on  nid006531 device  0 [0009:01:00] NVIDIA GH200 120GB
  0: #  Rank 29 Group  0 Pid 169994 on  nid006531 device  0 [0019:01:00] NVIDIA GH200 120GB
  0: #  Rank 30 Group  0 Pid 169995 on  nid006531 device  0 [0029:01:00] NVIDIA GH200 120GB
  0: #  Rank 31 Group  0 Pid 169996 on  nid006531 device  0 [0039:01:00] NVIDIA GH200 120GB
  0: #  Rank 32 Group  0 Pid 206306 on  nid006532 device  0 [0009:01:00] NVIDIA GH200 120GB
  0: #  Rank 33 Group  0 Pid 206307 on  nid006532 device  0 [0019:01:00] NVIDIA GH200 120GB
  0: #  Rank 34 Group  0 Pid 206308 on  nid006532 device  0 [0029:01:00] NVIDIA GH200 120GB
  0: #  Rank 35 Group  0 Pid 206309 on  nid006532 device  0 [0039:01:00] NVIDIA GH200 120GB
  0: #  Rank 36 Group  0 Pid 151229 on  nid006533 device  0 [0009:01:00] NVIDIA GH200 120GB
  0: #  Rank 37 Group  0 Pid 151230 on  nid006533 device  0 [0019:01:00] NVIDIA GH200 120GB
  0: #  Rank 38 Group  0 Pid 151231 on  nid006533 device  0 [0029:01:00] NVIDIA GH200 120GB
  0: #  Rank 39 Group  0 Pid 151232 on  nid006533 device  0 [0039:01:00] NVIDIA GH200 120GB
  0: #  Rank 40 Group  0 Pid  70241 on  nid006534 device  0 [0009:01:00] NVIDIA GH200 120GB
  0: #  Rank 41 Group  0 Pid  70242 on  nid006534 device  0 [0019:01:00] NVIDIA GH200 120GB
  0: #  Rank 42 Group  0 Pid  70243 on  nid006534 device  0 [0029:01:00] NVIDIA GH200 120GB
  0: #  Rank 43 Group  0 Pid  70244 on  nid006534 device  0 [0039:01:00] NVIDIA GH200 120GB
  0: #  Rank 44 Group  0 Pid  53210 on  nid006536 device  0 [0009:01:00] NVIDIA GH200 120GB
  0: #  Rank 45 Group  0 Pid  53211 on  nid006536 device  0 [0019:01:00] NVIDIA GH200 120GB
  0: #  Rank 46 Group  0 Pid  53212 on  nid006536 device  0 [0029:01:00] NVIDIA GH200 120GB
  0: #  Rank 47 Group  0 Pid  53213 on  nid006536 device  0 [0039:01:00] NVIDIA GH200 120GB
  0: #  Rank 48 Group  0 Pid  94995 on  nid006537 device  0 [0009:01:00] NVIDIA GH200 120GB
  0: #  Rank 49 Group  0 Pid  94996 on  nid006537 device  0 [0019:01:00] NVIDIA GH200 120GB
  0: #  Rank 50 Group  0 Pid  94997 on  nid006537 device  0 [0029:01:00] NVIDIA GH200 120GB
  0: #  Rank 51 Group  0 Pid  94998 on  nid006537 device  0 [0039:01:00] NVIDIA GH200 120GB
  0: #  Rank 52 Group  0 Pid  71333 on  nid006538 device  0 [0009:01:00] NVIDIA GH200 120GB
  0: #  Rank 53 Group  0 Pid  71334 on  nid006538 device  0 [0019:01:00] NVIDIA GH200 120GB
  0: #  Rank 54 Group  0 Pid  71335 on  nid006538 device  0 [0029:01:00] NVIDIA GH200 120GB
  0: #  Rank 55 Group  0 Pid  71336 on  nid006538 device  0 [0039:01:00] NVIDIA GH200 120GB
  0: #  Rank 56 Group  0 Pid  39476 on  nid006540 device  0 [0009:01:00] NVIDIA GH200 120GB
  0: #  Rank 57 Group  0 Pid  39477 on  nid006540 device  0 [0019:01:00] NVIDIA GH200 120GB
  0: #  Rank 58 Group  0 Pid  39478 on  nid006540 device  0 [0029:01:00] NVIDIA GH200 120GB
  0: #  Rank 59 Group  0 Pid  39479 on  nid006540 device  0 [0039:01:00] NVIDIA GH200 120GB
  0: #  Rank 60 Group  0 Pid  80484 on  nid006541 device  0 [0009:01:00] NVIDIA GH200 120GB
  0: #  Rank 61 Group  0 Pid  80485 on  nid006541 device  0 [0019:01:00] NVIDIA GH200 120GB
  0: #  Rank 62 Group  0 Pid  80486 on  nid006541 device  0 [0029:01:00] NVIDIA GH200 120GB
  0: #  Rank 63 Group  0 Pid  80487 on  nid006541 device  0 [0039:01:00] NVIDIA GH200 120GB
  0: #  Rank 64 Group  0 Pid  77594 on  nid006542 device  0 [0009:01:00] NVIDIA GH200 120GB
  0: #  Rank 65 Group  0 Pid  77595 on  nid006542 device  0 [0019:01:00] NVIDIA GH200 120GB
  0: #  Rank 66 Group  0 Pid  77596 on  nid006542 device  0 [0029:01:00] NVIDIA GH200 120GB
  0: #  Rank 67 Group  0 Pid  77597 on  nid006542 device  0 [0039:01:00] NVIDIA GH200 120GB
  0: #  Rank 68 Group  0 Pid  50923 on  nid006543 device  0 [0009:01:00] NVIDIA GH200 120GB
  0: #  Rank 69 Group  0 Pid  50924 on  nid006543 device  0 [0019:01:00] NVIDIA GH200 120GB
  0: #  Rank 70 Group  0 Pid  50925 on  nid006543 device  0 [0029:01:00] NVIDIA GH200 120GB
  0: #  Rank 71 Group  0 Pid  50926 on  nid006543 device  0 [0039:01:00] NVIDIA GH200 120GB
  0: #  Rank 72 Group  0 Pid  80821 on  nid006545 device  0 [0009:01:00] NVIDIA GH200 120GB
  0: #  Rank 73 Group  0 Pid  80822 on  nid006545 device  0 [0019:01:00] NVIDIA GH200 120GB
  0: #  Rank 74 Group  0 Pid  80823 on  nid006545 device  0 [0029:01:00] NVIDIA GH200 120GB
  0: #  Rank 75 Group  0 Pid  80824 on  nid006545 device  0 [0039:01:00] NVIDIA GH200 120GB
  0: #  Rank 76 Group  0 Pid  12832 on  nid006546 device  0 [0009:01:00] NVIDIA GH200 120GB
  0: #  Rank 77 Group  0 Pid  12833 on  nid006546 device  0 [0019:01:00] NVIDIA GH200 120GB
  0: #  Rank 78 Group  0 Pid  12834 on  nid006546 device  0 [0029:01:00] NVIDIA GH200 120GB
  0: #  Rank 79 Group  0 Pid  12835 on  nid006546 device  0 [0039:01:00] NVIDIA GH200 120GB
  0: #  Rank 80 Group  0 Pid 294773 on  nid006547 device  0 [0009:01:00] NVIDIA GH200 120GB
  0: #  Rank 81 Group  0 Pid 294774 on  nid006547 device  0 [0019:01:00] NVIDIA GH200 120GB
  0: #  Rank 82 Group  0 Pid 294775 on  nid006547 device  0 [0029:01:00] NVIDIA GH200 120GB
  0: #  Rank 83 Group  0 Pid 294776 on  nid006547 device  0 [0039:01:00] NVIDIA GH200 120GB
  0: #  Rank 84 Group  0 Pid  21058 on  nid006548 device  0 [0009:01:00] NVIDIA GH200 120GB
  0: #  Rank 85 Group  0 Pid  21059 on  nid006548 device  0 [0019:01:00] NVIDIA GH200 120GB
  0: #  Rank 86 Group  0 Pid  21060 on  nid006548 device  0 [0029:01:00] NVIDIA GH200 120GB
  0: #  Rank 87 Group  0 Pid  21061 on  nid006548 device  0 [0039:01:00] NVIDIA GH200 120GB
  0: #  Rank 88 Group  0 Pid  59704 on  nid006549 device  0 [0009:01:00] NVIDIA GH200 120GB
  0: #  Rank 89 Group  0 Pid  59705 on  nid006549 device  0 [0019:01:00] NVIDIA GH200 120GB
  0: #  Rank 90 Group  0 Pid  59706 on  nid006549 device  0 [0029:01:00] NVIDIA GH200 120GB
  0: #  Rank 91 Group  0 Pid  59707 on  nid006549 device  0 [0039:01:00] NVIDIA GH200 120GB
  0: #  Rank 92 Group  0 Pid  10783 on  nid006550 device  0 [0009:01:00] NVIDIA GH200 120GB
  0: #  Rank 93 Group  0 Pid  10784 on  nid006550 device  0 [0019:01:00] NVIDIA GH200 120GB
  0: #  Rank 94 Group  0 Pid  10785 on  nid006550 device  0 [0029:01:00] NVIDIA GH200 120GB
  0: #  Rank 95 Group  0 Pid  10786 on  nid006550 device  0 [0039:01:00] NVIDIA GH200 120GB
  0: #  Rank 96 Group  0 Pid   2013 on  nid006551 device  0 [0009:01:00] NVIDIA GH200 120GB
  0: #  Rank 97 Group  0 Pid   2014 on  nid006551 device  0 [0019:01:00] NVIDIA GH200 120GB
  0: #  Rank 98 Group  0 Pid   2015 on  nid006551 device  0 [0029:01:00] NVIDIA GH200 120GB
  0: #  Rank 99 Group  0 Pid   2016 on  nid006551 device  0 [0039:01:00] NVIDIA GH200 120GB
  0: #  Rank 100 Group  0 Pid  24620 on  nid006552 device  0 [0009:01:00] NVIDIA GH200 120GB
  0: #  Rank 101 Group  0 Pid  24621 on  nid006552 device  0 [0019:01:00] NVIDIA GH200 120GB
  0: #  Rank 102 Group  0 Pid  24622 on  nid006552 device  0 [0029:01:00] NVIDIA GH200 120GB
  0: #  Rank 103 Group  0 Pid  24623 on  nid006552 device  0 [0039:01:00] NVIDIA GH200 120GB
  0: #  Rank 104 Group  0 Pid  25494 on  nid006554 device  0 [0009:01:00] NVIDIA GH200 120GB
  0: #  Rank 105 Group  0 Pid  25495 on  nid006554 device  0 [0019:01:00] NVIDIA GH200 120GB
  0: #  Rank 106 Group  0 Pid  25496 on  nid006554 device  0 [0029:01:00] NVIDIA GH200 120GB
  0: #  Rank 107 Group  0 Pid  25497 on  nid006554 device  0 [0039:01:00] NVIDIA GH200 120GB
  0: #  Rank 108 Group  0 Pid  15162 on  nid006555 device  0 [0009:01:00] NVIDIA GH200 120GB
  0: #  Rank 109 Group  0 Pid  15163 on  nid006555 device  0 [0019:01:00] NVIDIA GH200 120GB
  0: #  Rank 110 Group  0 Pid  15164 on  nid006555 device  0 [0029:01:00] NVIDIA GH200 120GB
  0: #  Rank 111 Group  0 Pid  15165 on  nid006555 device  0 [0039:01:00] NVIDIA GH200 120GB
  0: #  Rank 112 Group  0 Pid  56352 on  nid006556 device  0 [0009:01:00] NVIDIA GH200 120GB
  0: #  Rank 113 Group  0 Pid  56353 on  nid006556 device  0 [0019:01:00] NVIDIA GH200 120GB
  0: #  Rank 114 Group  0 Pid  56354 on  nid006556 device  0 [0029:01:00] NVIDIA GH200 120GB
  0: #  Rank 115 Group  0 Pid  56355 on  nid006556 device  0 [0039:01:00] NVIDIA GH200 120GB
  0: #  Rank 116 Group  0 Pid  44309 on  nid006557 device  0 [0009:01:00] NVIDIA GH200 120GB
  0: #  Rank 117 Group  0 Pid  44310 on  nid006557 device  0 [0019:01:00] NVIDIA GH200 120GB
  0: #  Rank 118 Group  0 Pid  44311 on  nid006557 device  0 [0029:01:00] NVIDIA GH200 120GB
  0: #  Rank 119 Group  0 Pid  44312 on  nid006557 device  0 [0039:01:00] NVIDIA GH200 120GB
  0: #  Rank 120 Group  0 Pid 195136 on  nid006558 device  0 [0009:01:00] NVIDIA GH200 120GB
  0: #  Rank 121 Group  0 Pid 195137 on  nid006558 device  0 [0019:01:00] NVIDIA GH200 120GB
  0: #  Rank 122 Group  0 Pid 195138 on  nid006558 device  0 [0029:01:00] NVIDIA GH200 120GB
  0: #  Rank 123 Group  0 Pid 195139 on  nid006558 device  0 [0039:01:00] NVIDIA GH200 120GB
  0: #  Rank 124 Group  0 Pid 156043 on  nid006560 device  0 [0009:01:00] NVIDIA GH200 120GB
  0: #  Rank 125 Group  0 Pid 156044 on  nid006560 device  0 [0019:01:00] NVIDIA GH200 120GB
  0: #  Rank 126 Group  0 Pid 156045 on  nid006560 device  0 [0029:01:00] NVIDIA GH200 120GB
  0: #  Rank 127 Group  0 Pid 156046 on  nid006560 device  0 [0039:01:00] NVIDIA GH200 120GB
  0: #  Rank 128 Group  0 Pid 128314 on  nid006563 device  0 [0009:01:00] NVIDIA GH200 120GB
  0: #  Rank 129 Group  0 Pid 128315 on  nid006563 device  0 [0019:01:00] NVIDIA GH200 120GB
  0: #  Rank 130 Group  0 Pid 128316 on  nid006563 device  0 [0029:01:00] NVIDIA GH200 120GB
  0: #  Rank 131 Group  0 Pid 128317 on  nid006563 device  0 [0039:01:00] NVIDIA GH200 120GB
  0: #  Rank 132 Group  0 Pid  92307 on  nid006564 device  0 [0009:01:00] NVIDIA GH200 120GB
  0: #  Rank 133 Group  0 Pid  92308 on  nid006564 device  0 [0019:01:00] NVIDIA GH200 120GB
  0: #  Rank 134 Group  0 Pid  92309 on  nid006564 device  0 [0029:01:00] NVIDIA GH200 120GB
  0: #  Rank 135 Group  0 Pid  92310 on  nid006564 device  0 [0039:01:00] NVIDIA GH200 120GB
  0: #  Rank 136 Group  0 Pid 272961 on  nid006847 device  0 [0009:01:00] NVIDIA GH200 120GB
  0: #  Rank 137 Group  0 Pid 272962 on  nid006847 device  0 [0019:01:00] NVIDIA GH200 120GB
  0: #  Rank 138 Group  0 Pid 272963 on  nid006847 device  0 [0029:01:00] NVIDIA GH200 120GB
  0: #  Rank 139 Group  0 Pid 272964 on  nid006847 device  0 [0039:01:00] NVIDIA GH200 120GB
  0: #  Rank 140 Group  0 Pid 149628 on  nid006907 device  0 [0009:01:00] NVIDIA GH200 120GB
  0: #  Rank 141 Group  0 Pid 149629 on  nid006907 device  0 [0019:01:00] NVIDIA GH200 120GB
  0: #  Rank 142 Group  0 Pid 149630 on  nid006907 device  0 [0029:01:00] NVIDIA GH200 120GB
  0: #  Rank 143 Group  0 Pid 149631 on  nid006907 device  0 [0039:01:00] NVIDIA GH200 120GB
  0: #  Rank 144 Group  0 Pid 122039 on  nid006908 device  0 [0009:01:00] NVIDIA GH200 120GB
  0: #  Rank 145 Group  0 Pid 122040 on  nid006908 device  0 [0019:01:00] NVIDIA GH200 120GB
  0: #  Rank 146 Group  0 Pid 122041 on  nid006908 device  0 [0029:01:00] NVIDIA GH200 120GB
  0: #  Rank 147 Group  0 Pid 122042 on  nid006908 device  0 [0039:01:00] NVIDIA GH200 120GB
  0: #  Rank 148 Group  0 Pid 151466 on  nid006909 device  0 [0009:01:00] NVIDIA GH200 120GB
  0: #  Rank 149 Group  0 Pid 151467 on  nid006909 device  0 [0019:01:00] NVIDIA GH200 120GB
  0: #  Rank 150 Group  0 Pid 151468 on  nid006909 device  0 [0029:01:00] NVIDIA GH200 120GB
  0: #  Rank 151 Group  0 Pid 151469 on  nid006909 device  0 [0039:01:00] NVIDIA GH200 120GB
  0: #  Rank 152 Group  0 Pid 147273 on  nid006911 device  0 [0009:01:00] NVIDIA GH200 120GB
  0: #  Rank 153 Group  0 Pid 147274 on  nid006911 device  0 [0019:01:00] NVIDIA GH200 120GB
  0: #  Rank 154 Group  0 Pid 147275 on  nid006911 device  0 [0029:01:00] NVIDIA GH200 120GB
  0: #  Rank 155 Group  0 Pid 147276 on  nid006911 device  0 [0039:01:00] NVIDIA GH200 120GB
  0: #  Rank 156 Group  0 Pid  74074 on  nid006941 device  0 [0009:01:00] NVIDIA GH200 120GB
  0: #  Rank 157 Group  0 Pid  74075 on  nid006941 device  0 [0019:01:00] NVIDIA GH200 120GB
  0: #  Rank 158 Group  0 Pid  74076 on  nid006941 device  0 [0029:01:00] NVIDIA GH200 120GB
  0: #  Rank 159 Group  0 Pid  74077 on  nid006941 device  0 [0039:01:00] NVIDIA GH200 120GB
  0: #  Rank 160 Group  0 Pid 244640 on  nid006945 device  0 [0009:01:00] NVIDIA GH200 120GB
  0: #  Rank 161 Group  0 Pid 244641 on  nid006945 device  0 [0019:01:00] NVIDIA GH200 120GB
  0: #  Rank 162 Group  0 Pid 244642 on  nid006945 device  0 [0029:01:00] NVIDIA GH200 120GB
  0: #  Rank 163 Group  0 Pid 244643 on  nid006945 device  0 [0039:01:00] NVIDIA GH200 120GB
  0: #  Rank 164 Group  0 Pid 253608 on  nid006976 device  0 [0009:01:00] NVIDIA GH200 120GB
  0: #  Rank 165 Group  0 Pid 253609 on  nid006976 device  0 [0019:01:00] NVIDIA GH200 120GB
  0: #  Rank 166 Group  0 Pid 253610 on  nid006976 device  0 [0029:01:00] NVIDIA GH200 120GB
  0: #  Rank 167 Group  0 Pid 253611 on  nid006976 device  0 [0039:01:00] NVIDIA GH200 120GB
  0: #  Rank 168 Group  0 Pid 132079 on  nid006979 device  0 [0009:01:00] NVIDIA GH200 120GB
  0: #  Rank 169 Group  0 Pid 132080 on  nid006979 device  0 [0019:01:00] NVIDIA GH200 120GB
  0: #  Rank 170 Group  0 Pid 132081 on  nid006979 device  0 [0029:01:00] NVIDIA GH200 120GB
  0: #  Rank 171 Group  0 Pid 132082 on  nid006979 device  0 [0039:01:00] NVIDIA GH200 120GB
  0: #  Rank 172 Group  0 Pid 165140 on  nid006987 device  0 [0009:01:00] NVIDIA GH200 120GB
  0: #  Rank 173 Group  0 Pid 165141 on  nid006987 device  0 [0019:01:00] NVIDIA GH200 120GB
  0: #  Rank 174 Group  0 Pid 165142 on  nid006987 device  0 [0029:01:00] NVIDIA GH200 120GB
  0: #  Rank 175 Group  0 Pid 165143 on  nid006987 device  0 [0039:01:00] NVIDIA GH200 120GB
  0: #  Rank 176 Group  0 Pid 158952 on  nid006988 device  0 [0009:01:00] NVIDIA GH200 120GB
  0: #  Rank 177 Group  0 Pid 158953 on  nid006988 device  0 [0019:01:00] NVIDIA GH200 120GB
  0: #  Rank 178 Group  0 Pid 158954 on  nid006988 device  0 [0029:01:00] NVIDIA GH200 120GB
  0: #  Rank 179 Group  0 Pid 158955 on  nid006988 device  0 [0039:01:00] NVIDIA GH200 120GB
  0: #  Rank 180 Group  0 Pid  88571 on  nid006990 device  0 [0009:01:00] NVIDIA GH200 120GB
  0: #  Rank 181 Group  0 Pid  88572 on  nid006990 device  0 [0019:01:00] NVIDIA GH200 120GB
  0: #  Rank 182 Group  0 Pid  88573 on  nid006990 device  0 [0029:01:00] NVIDIA GH200 120GB
  0: #  Rank 183 Group  0 Pid  88574 on  nid006990 device  0 [0039:01:00] NVIDIA GH200 120GB
  0: #  Rank 184 Group  0 Pid 193702 on  nid006993 device  0 [0009:01:00] NVIDIA GH200 120GB
  0: #  Rank 185 Group  0 Pid 193703 on  nid006993 device  0 [0019:01:00] NVIDIA GH200 120GB
  0: #  Rank 186 Group  0 Pid 193704 on  nid006993 device  0 [0029:01:00] NVIDIA GH200 120GB
  0: #  Rank 187 Group  0 Pid 193705 on  nid006993 device  0 [0039:01:00] NVIDIA GH200 120GB
  0: #  Rank 188 Group  0 Pid 118699 on  nid007012 device  0 [0009:01:00] NVIDIA GH200 120GB
  0: #  Rank 189 Group  0 Pid 118700 on  nid007012 device  0 [0019:01:00] NVIDIA GH200 120GB
  0: #  Rank 190 Group  0 Pid 118701 on  nid007012 device  0 [0029:01:00] NVIDIA GH200 120GB
  0: #  Rank 191 Group  0 Pid 118702 on  nid007012 device  0 [0039:01:00] NVIDIA GH200 120GB
  0: #  Rank 192 Group  0 Pid 177681 on  nid007013 device  0 [0009:01:00] NVIDIA GH200 120GB
  0: #  Rank 193 Group  0 Pid 177682 on  nid007013 device  0 [0019:01:00] NVIDIA GH200 120GB
  0: #  Rank 194 Group  0 Pid 177683 on  nid007013 device  0 [0029:01:00] NVIDIA GH200 120GB
  0: #  Rank 195 Group  0 Pid 177684 on  nid007013 device  0 [0039:01:00] NVIDIA GH200 120GB
  0: #  Rank 196 Group  0 Pid 207672 on  nid007020 device  0 [0009:01:00] NVIDIA GH200 120GB
  0: #  Rank 197 Group  0 Pid 207673 on  nid007020 device  0 [0019:01:00] NVIDIA GH200 120GB
  0: #  Rank 198 Group  0 Pid 207674 on  nid007020 device  0 [0029:01:00] NVIDIA GH200 120GB
  0: #  Rank 199 Group  0 Pid 207675 on  nid007020 device  0 [0039:01:00] NVIDIA GH200 120GB
  0: #  Rank 200 Group  0 Pid 132638 on  nid007022 device  0 [0009:01:00] NVIDIA GH200 120GB
  0: #  Rank 201 Group  0 Pid 132639 on  nid007022 device  0 [0019:01:00] NVIDIA GH200 120GB
  0: #  Rank 202 Group  0 Pid 132640 on  nid007022 device  0 [0029:01:00] NVIDIA GH200 120GB
  0: #  Rank 203 Group  0 Pid 132641 on  nid007022 device  0 [0039:01:00] NVIDIA GH200 120GB
  0: #  Rank 204 Group  0 Pid 274433 on  nid007025 device  0 [0009:01:00] NVIDIA GH200 120GB
  0: #  Rank 205 Group  0 Pid 274434 on  nid007025 device  0 [0019:01:00] NVIDIA GH200 120GB
  0: #  Rank 206 Group  0 Pid 274435 on  nid007025 device  0 [0029:01:00] NVIDIA GH200 120GB
  0: #  Rank 207 Group  0 Pid 274436 on  nid007025 device  0 [0039:01:00] NVIDIA GH200 120GB
  0: #  Rank 208 Group  0 Pid 205324 on  nid007026 device  0 [0009:01:00] NVIDIA GH200 120GB
  0: #  Rank 209 Group  0 Pid 205325 on  nid007026 device  0 [0019:01:00] NVIDIA GH200 120GB
  0: #  Rank 210 Group  0 Pid 205326 on  nid007026 device  0 [0029:01:00] NVIDIA GH200 120GB
  0: #  Rank 211 Group  0 Pid 205327 on  nid007026 device  0 [0039:01:00] NVIDIA GH200 120GB
  0: #  Rank 212 Group  0 Pid 254482 on  nid007027 device  0 [0009:01:00] NVIDIA GH200 120GB
  0: #  Rank 213 Group  0 Pid 254483 on  nid007027 device  0 [0019:01:00] NVIDIA GH200 120GB
  0: #  Rank 214 Group  0 Pid 254484 on  nid007027 device  0 [0029:01:00] NVIDIA GH200 120GB
  0: #  Rank 215 Group  0 Pid 254485 on  nid007027 device  0 [0039:01:00] NVIDIA GH200 120GB
  0: #  Rank 216 Group  0 Pid 118301 on  nid007029 device  0 [0009:01:00] NVIDIA GH200 120GB
  0: #  Rank 217 Group  0 Pid 118302 on  nid007029 device  0 [0019:01:00] NVIDIA GH200 120GB
  0: #  Rank 218 Group  0 Pid 118303 on  nid007029 device  0 [0029:01:00] NVIDIA GH200 120GB
  0: #  Rank 219 Group  0 Pid 118304 on  nid007029 device  0 [0039:01:00] NVIDIA GH200 120GB
  0: #  Rank 220 Group  0 Pid  75751 on  nid007030 device  0 [0009:01:00] NVIDIA GH200 120GB
  0: #  Rank 221 Group  0 Pid  75752 on  nid007030 device  0 [0019:01:00] NVIDIA GH200 120GB
  0: #  Rank 222 Group  0 Pid  75753 on  nid007030 device  0 [0029:01:00] NVIDIA GH200 120GB
  0: #  Rank 223 Group  0 Pid  75754 on  nid007030 device  0 [0039:01:00] NVIDIA GH200 120GB
  0: #  Rank 224 Group  0 Pid 152725 on  nid007032 device  0 [0009:01:00] NVIDIA GH200 120GB
  0: #  Rank 225 Group  0 Pid 152726 on  nid007032 device  0 [0019:01:00] NVIDIA GH200 120GB
  0: #  Rank 226 Group  0 Pid 152727 on  nid007032 device  0 [0029:01:00] NVIDIA GH200 120GB
  0: #  Rank 227 Group  0 Pid 152728 on  nid007032 device  0 [0039:01:00] NVIDIA GH200 120GB
  0: #  Rank 228 Group  0 Pid 245512 on  nid007081 device  0 [0009:01:00] NVIDIA GH200 120GB
  0: #  Rank 229 Group  0 Pid 245513 on  nid007081 device  0 [0019:01:00] NVIDIA GH200 120GB
  0: #  Rank 230 Group  0 Pid 245514 on  nid007081 device  0 [0029:01:00] NVIDIA GH200 120GB
  0: #  Rank 231 Group  0 Pid 245515 on  nid007081 device  0 [0039:01:00] NVIDIA GH200 120GB
  0: #  Rank 232 Group  0 Pid 179634 on  nid007083 device  0 [0009:01:00] NVIDIA GH200 120GB
  0: #  Rank 233 Group  0 Pid 179635 on  nid007083 device  0 [0019:01:00] NVIDIA GH200 120GB
  0: #  Rank 234 Group  0 Pid 179636 on  nid007083 device  0 [0029:01:00] NVIDIA GH200 120GB
  0: #  Rank 235 Group  0 Pid 179637 on  nid007083 device  0 [0039:01:00] NVIDIA GH200 120GB
  0: #  Rank 236 Group  0 Pid  76556 on  nid007099 device  0 [0009:01:00] NVIDIA GH200 120GB
  0: #  Rank 237 Group  0 Pid  76557 on  nid007099 device  0 [0019:01:00] NVIDIA GH200 120GB
  0: #  Rank 238 Group  0 Pid  76558 on  nid007099 device  0 [0029:01:00] NVIDIA GH200 120GB
  0: #  Rank 239 Group  0 Pid  76559 on  nid007099 device  0 [0039:01:00] NVIDIA GH200 120GB
  0: #  Rank 240 Group  0 Pid  74942 on  nid007100 device  0 [0009:01:00] NVIDIA GH200 120GB
  0: #  Rank 241 Group  0 Pid  74943 on  nid007100 device  0 [0019:01:00] NVIDIA GH200 120GB
  0: #  Rank 242 Group  0 Pid  74944 on  nid007100 device  0 [0029:01:00] NVIDIA GH200 120GB
  0: #  Rank 243 Group  0 Pid  74945 on  nid007100 device  0 [0039:01:00] NVIDIA GH200 120GB
  0: #  Rank 244 Group  0 Pid  79362 on  nid007108 device  0 [0009:01:00] NVIDIA GH200 120GB
  0: #  Rank 245 Group  0 Pid  79363 on  nid007108 device  0 [0019:01:00] NVIDIA GH200 120GB
  0: #  Rank 246 Group  0 Pid  79364 on  nid007108 device  0 [0029:01:00] NVIDIA GH200 120GB
  0: #  Rank 247 Group  0 Pid  79365 on  nid007108 device  0 [0039:01:00] NVIDIA GH200 120GB
  0: #  Rank 248 Group  0 Pid 237027 on  nid007111 device  0 [0009:01:00] NVIDIA GH200 120GB
  0: #  Rank 249 Group  0 Pid 237028 on  nid007111 device  0 [0019:01:00] NVIDIA GH200 120GB
  0: #  Rank 250 Group  0 Pid 237029 on  nid007111 device  0 [0029:01:00] NVIDIA GH200 120GB
  0: #  Rank 251 Group  0 Pid 237030 on  nid007111 device  0 [0039:01:00] NVIDIA GH200 120GB
  0: #  Rank 252 Group  0 Pid 115735 on  nid007126 device  0 [0009:01:00] NVIDIA GH200 120GB
  0: #  Rank 253 Group  0 Pid 115736 on  nid007126 device  0 [0019:01:00] NVIDIA GH200 120GB
  0: #  Rank 254 Group  0 Pid 115737 on  nid007126 device  0 [0029:01:00] NVIDIA GH200 120GB
  0: #  Rank 255 Group  0 Pid 115738 on  nid007126 device  0 [0039:01:00] NVIDIA GH200 120GB
  0: #
  0: #                                                              out-of-place                       in-place          
  0: #       size         count      type   redop    root     time   algbw   busbw #wrong     time   algbw   busbw #wrong
  0: #        (B)    (elements)                               (us)  (GB/s)  (GB/s)            (us)  (GB/s)  (GB/s)       
  0:            8             2     float     sum      -1    85.80    0.00    0.00      0    61.39    0.00    0.00      0
  0:           16             4     float     sum      -1    60.08    0.00    0.00      0    59.04    0.00    0.00      0
  0:           32             8     float     sum      -1    60.43    0.00    0.00      0    59.83    0.00    0.00      0
  0:           64            16     float     sum      -1    66.44    0.00    0.00      0    66.87    0.00    0.00      0
  0:          128            32     float     sum      -1    136.3    0.00    0.00      0    137.7    0.00    0.00      0
  0:          256            64     float     sum      -1    144.5    0.00    0.00      0    136.8    0.00    0.00      0
  0:          512           128     float     sum      -1    141.4    0.00    0.01      0    138.0    0.00    0.01      0
  0:         1024           256     float     sum      -1    140.1    0.01    0.01      0    141.9    0.01    0.01      0
  0:         2048           512     float     sum      -1    148.7    0.01    0.03      0    147.5    0.01    0.03      0
  0:         4096          1024     float     sum      -1    162.1    0.03    0.05      0    163.8    0.03    0.05      0
  0:         8192          2048     float     sum      -1    164.8    0.05    0.10      0    163.0    0.05    0.10      0
  0:        16384          4096     float     sum      -1    187.8    0.09    0.17      0    186.1    0.09    0.18      0
  0:        32768          8192     float     sum      -1    218.9    0.15    0.30      0    211.0    0.16    0.31      0
  0:        65536         16384     float     sum      -1    219.8    0.30    0.59      0    223.8    0.29    0.58      0
  0:       131072         32768     float     sum      -1    327.7    0.40    0.80      0    320.0    0.41    0.82      0
  0:       262144         65536     float     sum      -1    407.0    0.64    1.28      0    401.1    0.65    1.30      0
  0:       524288        131072     float     sum      -1    555.5    0.94    1.88      0    631.7    0.83    1.65      0
  0:      1048576        262144     float     sum      -1    968.9    1.08    2.16      0    989.4    1.06    2.11      0
  0:      2097152        524288     float     sum      -1   1202.5    1.74    3.47      0   1203.7    1.74    3.47      0
  0:      4194304       1048576     float     sum      -1   1814.1    2.31    4.61      0   1815.4    2.31    4.60      0
  0:      8388608       2097152     float     sum      -1   2964.4    2.83    5.64      0   2962.3    2.83    5.64      0
  0:     16777216       4194304     float     sum      -1   4609.7    3.64    7.25      0   4602.3    3.65    7.26      0
  0:     33554432       8388608     float     sum      -1   5499.7    6.10   12.15      0   5602.3    5.99   11.93      0
  0:     67108864      16777216     float     sum      -1   9318.3    7.20   14.35      0   9024.4    7.44   14.81      0
  0:    134217728      33554432     float     sum      -1    16890    7.95   15.83      0    16733    8.02   15.98      0
  0:    268435456      67108864     float     sum      -1    26360   10.18   20.29      0    26185   10.25   20.42      0
  0:    536870912     134217728     float     sum      -1   151892    3.53    7.04      0   147954    3.63    7.23      0
  0:   1073741824     268435456     float     sum      -1   137683    7.80   15.54      0   133800    8.02   15.99      0
  0:   2147483648     536870912     float     sum      -1   157373   13.65   27.19      0   156793   13.70   27.29      0
  0:   4294967296    1073741824     float     sum      -1   178048   24.12   48.06      0   114326   37.57   74.84      0
  0:            8             2     float     sum      -1    62.84    0.00    0.00      0    60.69    0.00    0.00      0
  0:           16             4     float     sum      -1    59.49    0.00    0.00      0    59.62    0.00    0.00      0
  0:           32             8     float     sum      -1    59.16    0.00    0.00      0    58.77    0.00    0.00      0
  0:           64            16     float     sum      -1    66.74    0.00    0.00      0    67.75    0.00    0.00      0
  0:          128            32     float     sum      -1    136.3    0.00    0.00      0    135.4    0.00    0.00      0
  0:          256            64     float     sum      -1    138.0    0.00    0.00      0    136.1    0.00    0.00      0
  0:          512           128     float     sum      -1    139.4    0.00    0.01      0    137.7    0.00    0.01      0
  0:         1024           256     float     sum      -1    140.7    0.01    0.01      0    139.9    0.01    0.01      0
  0:         2048           512     float     sum      -1    148.5    0.01    0.03      0    148.1    0.01    0.03      0
  0:         4096          1024     float     sum      -1    163.6    0.03    0.05      0    160.1    0.03    0.05      0
  0:         8192          2048     float     sum      -1    165.8    0.05    0.10      0    162.6    0.05    0.10      0
  0:        16384          4096     float     sum      -1    168.4    0.10    0.19      0    164.0    0.10    0.20      0
  0:        32768          8192     float     sum      -1    176.7    0.19    0.37      0    173.9    0.19    0.38      0
  0:        65536         16384     float     sum      -1    188.5    0.35    0.69      0    185.0    0.35    0.71      0
  0:       131072         32768     float     sum      -1    211.6    0.62    1.23      0    208.8    0.63    1.25      0
  0:       262144         65536     float     sum      -1    267.0    0.98    1.96      0    266.8    0.98    1.96      0
  0:       524288        131072     float     sum      -1    380.5    1.38    2.75      0    395.2    1.33    2.64      0
  0:      1048576        262144     float     sum      -1    453.8    2.31    4.60      0    448.8    2.34    4.65      0
  0:      2097152        524288     float     sum      -1    589.2    3.56    7.09      0    590.2    3.55    7.08      0
  0:      4194304       1048576     float     sum      -1    947.9    4.42    8.82      0    937.1    4.48    8.92      0
  0:      8388608       2097152     float     sum      -1   1601.0    5.24   10.44      0   1603.7    5.23   10.42      0
  0:     16777216       4194304     float     sum      -1   2601.1    6.45   12.85      0   2589.4    6.48   12.91      0
  0:     33554432       8388608     float     sum      -1   3332.6   10.07   20.06      0   3325.8   10.09   20.10      0
  0:     67108864      16777216     float     sum      -1   5604.8   11.97   23.85      0   5668.2   11.84   23.59      0
  0:    134217728      33554432     float     sum      -1    10426   12.87   25.65      0    10153   13.22   26.34      0
  0:    268435456      67108864     float     sum      -1    15118   17.76   35.37      0    15219   17.64   35.14      0
  0:    536870912     134217728     float     sum      -1    20504   26.18   52.16      0   153224    3.50    6.98      0
  0:   1073741824     268435456     float     sum      -1    27619   38.88   77.45      0    27657   38.82   77.34      0
  0:   2147483648     536870912     float     sum      -1    55181   38.92   77.53      0    54974   39.06   77.82      0
  0:   4294967296    1073741824     float     sum      -1   116163   36.97   73.66      0   113173   37.95   75.60      0
  0:            8             2     float     sum      -1    62.02    0.00    0.00      0    60.60    0.00    0.00      0
  0:           16             4     float     sum      -1    59.31    0.00    0.00      0    59.78    0.00    0.00      0
  0:           32             8     float     sum      -1    60.48    0.00    0.00      0    59.79    0.00    0.00      0
  0:           64            16     float     sum      -1    68.09    0.00    0.00      0    66.92    0.00    0.00      0
  0:          128            32     float     sum      -1    135.7    0.00    0.00      0    135.6    0.00    0.00      0
  0:          256            64     float     sum      -1    137.5    0.00    0.00      0    135.7    0.00    0.00      0
  0:          512           128     float     sum      -1    141.2    0.00    0.01      0    138.0    0.00    0.01      0
  0:         1024           256     float     sum      -1    143.8    0.01    0.01      0    139.5    0.01    0.01      0
  0:         2048           512     float     sum      -1    148.8    0.01    0.03      0    146.8    0.01    0.03      0
  0:         4096          1024     float     sum      -1    173.1    0.02    0.05      0    160.5    0.03    0.05      0
  0:         8192          2048     float     sum      -1    165.0    0.05    0.10      0    161.9    0.05    0.10      0
  0:        16384          4096     float     sum      -1    167.2    0.10    0.20      0    163.8    0.10    0.20      0
  0:        32768          8192     float     sum      -1    176.7    0.19    0.37      0    174.4    0.19    0.37      0
  0:        65536         16384     float     sum      -1    187.9    0.35    0.69      0    183.6    0.36    0.71      0
  0:       131072         32768     float     sum      -1    213.1    0.62    1.23      0    209.5    0.63    1.25      0
  0:       262144         65536     float     sum      -1    271.9    0.96    1.92      0    265.7    0.99    1.97      0
  0:       524288        131072     float     sum      -1    379.0    1.38    2.76      0    379.1    1.38    2.76      0
  0:      1048576        262144     float     sum      -1    453.4    2.31    4.61      0    448.9    2.34    4.65      0
  0:      2097152        524288     float     sum      -1    589.1    3.56    7.09      0    594.3    3.53    7.03      0
  0:      4194304       1048576     float     sum      -1    939.7    4.46    8.89      0    940.0    4.46    8.89      0
  0:      8388608       2097152     float     sum      -1   1605.1    5.23   10.41      0   1609.9    5.21   10.38      0
  0:     16777216       4194304     float     sum      -1   2619.4    6.41   12.76      0   2601.4    6.45   12.85      0
  0:     33554432       8388608     float     sum      -1   3338.5   10.05   20.02      0   3322.4   10.10   20.12      0
  0:     67108864      16777216     float     sum      -1   5625.4   11.93   23.77      0   5585.4   12.01   23.94      0
  0:    134217728      33554432     float     sum      -1    10161   13.21   26.31      0    10403   12.90   25.70      0
  0:    268435456      67108864     float     sum      -1    15155   17.71   35.29      0    15343   17.50   34.85      0
  0:    536870912     134217728     float     sum      -1    20523   26.16   52.11      0    20467   26.23   52.26      0
  0:   1073741824     268435456     float     sum      -1    27620   38.88   77.45      0    27652   38.83   77.36      0
  0:   2147483648     536870912     float     sum      -1    55035   39.02   77.74      0    55057   39.00   77.71      0
  0:   4294967296    1073741824     float     sum      -1   113169   37.95   75.61      0   112947   38.03   75.76      0
  0:            8             2     float     sum      -1    62.10    0.00    0.00      0    60.44    0.00    0.00      0
  0:           16             4     float     sum      -1    59.38    0.00    0.00      0    58.32    0.00    0.00      0
  0:           32             8     float     sum      -1    60.57    0.00    0.00      0    58.88    0.00    0.00      0
  0:           64            16     float     sum      -1    67.34    0.00    0.00      0    68.44    0.00    0.00      0
  0:          128            32     float     sum      -1    136.1    0.00    0.00      0    135.1    0.00    0.00      0
  0:          256            64     float     sum      -1    137.3    0.00    0.00      0    136.4    0.00    0.00      0
  0:          512           128     float     sum      -1    140.6    0.00    0.01      0    137.9    0.00    0.01      0
  0:         1024           256     float     sum      -1    140.9    0.01    0.01      0    139.9    0.01    0.01      0
  0:         2048           512     float     sum      -1    151.5    0.01    0.03      0    147.6    0.01    0.03      0
  0:         4096          1024     float     sum      -1    161.4    0.03    0.05      0    159.8    0.03    0.05      0
  0:         8192          2048     float     sum      -1    166.0    0.05    0.10      0    162.4    0.05    0.10      0
  0:        16384          4096     float     sum      -1    167.0    0.10    0.20      0    164.9    0.10    0.20      0
  0:        32768          8192     float     sum      -1    177.1    0.19    0.37      0    174.6    0.19    0.37      0
  0:        65536         16384     float     sum      -1    210.6    0.31    0.62      0    209.6    0.31    0.62      0
  0:       131072         32768     float     sum      -1    212.4    0.62    1.23      0    208.1    0.63    1.25      0
  0:       262144         65536     float     sum      -1    274.1    0.96    1.91      0    266.6    0.98    1.96      0
  0:       524288        131072     float     sum      -1    380.1    1.38    2.75      0    378.6    1.38    2.76      0
  0:      1048576        262144     float     sum      -1    452.8    2.32    4.61      0    450.0    2.33    4.64      0
  0:      2097152        524288     float     sum      -1    589.1    3.56    7.09      0    590.2    3.55    7.08      0
  0:      4194304       1048576     float     sum      -1    935.5    4.48    8.93      0    933.2    4.49    8.95      0
  0:      8388608       2097152     float     sum      -1   1606.0    5.22   10.41      0   1600.4    5.24   10.44      0
  0:     16777216       4194304     float     sum      -1   2595.8    6.46   12.88      0   2586.1    6.49   12.92      0
  0:     33554432       8388608     float     sum      -1   3330.5   10.07   20.07      0   3318.9   10.11   20.14      0
  0:     67108864      16777216     float     sum      -1   5650.2   11.88   23.66      0   5695.3   11.78   23.47      0
  0:    134217728      33554432     float     sum      -1    10092   13.30   26.49      0    10349   12.97   25.84      0
  0:    268435456      67108864     float     sum      -1    15142   17.73   35.32      0    15248   17.61   35.07      0
  0:    536870912     134217728     float     sum      -1    20590   26.07   51.94      0    20435   26.27   52.34      0
  0:   1073741824     268435456     float     sum      -1    27635   38.85   77.41      0    27639   38.85   77.39      0
  0:   2147483648     536870912     float     sum      -1    54984   39.06   77.81      0    55015   39.03   77.76      0
  0:   4294967296    1073741824     float     sum      -1   113212   37.94   75.58      0   113149   37.96   75.62      0
  0:            8             2     float     sum      -1    61.52    0.00    0.00      0    59.40    0.00    0.00      0
  0:           16             4     float     sum      -1    60.14    0.00    0.00      0    60.69    0.00    0.00      0
  0:           32             8     float     sum      -1    59.58    0.00    0.00      0    59.42    0.00    0.00      0
  0:           64            16     float     sum      -1    67.01    0.00    0.00      0    67.19    0.00    0.00      0
  0:          128            32     float     sum      -1    136.7    0.00    0.00      0    135.8    0.00    0.00      0
  0:          256            64     float     sum      -1    137.6    0.00    0.00      0    136.7    0.00    0.00      0
  0:          512           128     float     sum      -1    140.2    0.00    0.01      0    138.9    0.00    0.01      0
  0:         1024           256     float     sum      -1    140.3    0.01    0.01      0    139.3    0.01    0.01      0
  0:         2048           512     float     sum      -1    148.8    0.01    0.03      0    147.3    0.01    0.03      0
  0:         4096          1024     float     sum      -1    163.1    0.03    0.05      0    159.3    0.03    0.05      0
  0:         8192          2048     float     sum      -1    165.6    0.05    0.10      0    162.8    0.05    0.10      0
  0:        16384          4096     float     sum      -1    167.0    0.10    0.20      0    163.3    0.10    0.20      0
  0:        32768          8192     float     sum      -1    176.0    0.19    0.37      0    174.2    0.19    0.37      0
  0:        65536         16384     float     sum      -1    187.2    0.35    0.70      0    184.4    0.36    0.71      0
  0:       131072         32768     float     sum      -1    212.1    0.62    1.23      0    208.2    0.63    1.25      0
  0:       262144         65536     float     sum      -1    268.0    0.98    1.95      0    263.5    0.99    1.98      0
  0:       524288        131072     float     sum      -1    380.4    1.38    2.75      0    378.0    1.39    2.76      0
  0:      1048576        262144     float     sum      -1    452.0    2.32    4.62      0    449.2    2.33    4.65      0
  0:      2097152        524288     float     sum      -1    591.0    3.55    7.07      0    587.8    3.57    7.11      0
  0:      4194304       1048576     float     sum      -1    940.2    4.46    8.89      0    938.8    4.47    8.90      0
  0:      8388608       2097152     float     sum      -1   1606.8    5.22   10.40      0   1606.6    5.22   10.40      0
  0:     16777216       4194304     float     sum      -1   2596.0    6.46   12.88      0   2585.8    6.49   12.93      0
  0:     33554432       8388608     float     sum      -1   3288.3   10.20   20.33      0   3352.0   10.01   19.94      0
  0:     67108864      16777216     float     sum      -1   5641.3   11.90   23.70      0   5674.6   11.83   23.56      0
  0:    134217728      33554432     float     sum      -1    10132   13.25   26.39      0    10196   13.16   26.23      0
  0:    268435456      67108864     float     sum      -1    15180   17.68   35.23      0    15191   17.67   35.20      0
  0:    536870912     134217728     float     sum      -1    20493   26.20   52.19      0    20452   26.25   52.29      0
  0:   1073741824     268435456     float     sum      -1    27643   38.84   77.38      0    27718   38.74   77.17      0
  0:   2147483648     536870912     float     sum      -1    54996   39.05   77.79      0    55874   38.43   76.57      0
  0:   4294967296    1073741824     float     sum      -1   113291   37.91   75.53      0   114038   37.66   75.03      0
  0:            8             2     float     sum      -1    64.39    0.00    0.00      0    61.57    0.00    0.00      0
  0:           16             4     float     sum      -1   9191.9    0.00    0.00      0    60.18    0.00    0.00      0
  0:           32             8     float     sum      -1    58.91    0.00    0.00      0    59.41    0.00    0.00      0
  0:           64            16     float     sum      -1    67.30    0.00    0.00      0    67.32    0.00    0.00      0
  0:          128            32     float     sum      -1    135.9    0.00    0.00      0    134.6    0.00    0.00      0
  0:          256            64     float     sum      -1    145.9    0.00    0.00      0    136.4    0.00    0.00      0
  0:          512           128     float     sum      -1    140.3    0.00    0.01      0    137.8    0.00    0.01      0
  0:         1024           256     float     sum      -1    141.1    0.01    0.01      0    139.1    0.01    0.01      0
  0:         2048           512     float     sum      -1    149.1    0.01    0.03      0    147.6    0.01    0.03      0
  0:         4096          1024     float     sum      -1    162.3    0.03    0.05      0    161.2    0.03    0.05      0
  0:         8192          2048     float     sum      -1    165.5    0.05    0.10      0    163.3    0.05    0.10      0
  0:        16384          4096     float     sum      -1    167.9    0.10    0.19      0    163.7    0.10    0.20      0
  0:        32768          8192     float     sum      -1    176.9    0.19    0.37      0    175.5    0.19    0.37      0
  0:        65536         16384     float     sum      -1    187.4    0.35    0.70      0    183.9    0.36    0.71      0
  0:       131072         32768     float     sum      -1    213.8    0.61    1.22      0    208.8    0.63    1.25      0
  0:       262144         65536     float     sum      -1    267.5    0.98    1.95      0    264.7    0.99    1.97      0
  0:       524288        131072     float     sum      -1    383.6    1.37    2.72      0    378.2    1.39    2.76      0
  0:      1048576        262144     float     sum      -1    451.5    2.32    4.63      0    449.7    2.33    4.65      0
  0:      2097152        524288     float     sum      -1    589.7    3.56    7.08      0    589.5    3.56    7.09      0
  0:      4194304       1048576     float     sum      -1    936.2    4.48    8.93      0    934.5    4.49    8.94      0
  0:      8388608       2097152     float     sum      -1   1608.5    5.22   10.39      0   1605.2    5.23   10.41      0
  0:     16777216       4194304     float     sum      -1   2604.2    6.44   12.83      0   2596.0    6.46   12.88      0
  0:     33554432       8388608     float     sum      -1   3318.8   10.11   20.14      0   3372.2    9.95   19.82      0
  0:     67108864      16777216     float     sum      -1   5686.2   11.80   23.51      0   5520.9   12.16   24.22      0
  0:    134217728      33554432     float     sum      -1    10351   12.97   25.83      0    28704    4.68    9.32      0
  0:    268435456      67108864     float     sum      -1    46106    5.82   11.60      0    45875    5.85   11.66      0
  0:    536870912     134217728     float     sum      -1   245407    2.19    4.36      0   241401    2.22    4.43      0
  0:   1073741824     268435456     float     sum      -1   244579    4.39    8.75      0   242800    4.42    8.81      0
  0:   2147483648     536870912     float     sum      -1   282354    7.61   15.15      0   286918    7.48   14.91      0
  0:   4294967296    1073741824     float     sum      -1   387495   11.08   22.08      0   367639   11.68   23.27      0
  0:            8             2     float     sum      -1    99.13    0.00    0.00      0    58.71    0.00    0.00      0
  0:           16             4     float     sum      -1    59.89    0.00    0.00      0    59.31    0.00    0.00      0
  0:           32             8     float     sum      -1    58.86    0.00    0.00      0    59.53    0.00    0.00      0
  0:           64            16     float     sum      -1    68.51    0.00    0.00      0    66.46    0.00    0.00      0
  0:          128            32     float     sum      -1    136.5    0.00    0.00      0    135.6    0.00    0.00      0
  0:          256            64     float     sum      -1    142.5    0.00    0.00      0    136.5    0.00    0.00      0
  0:          512           128     float     sum      -1    140.8    0.00    0.01      0    138.4    0.00    0.01      0
  0:         1024           256     float     sum      -1    141.1    0.01    0.01      0    139.3    0.01    0.01      0
  0:         2048           512     float     sum      -1    149.1    0.01    0.03      0    148.2    0.01    0.03      0
  0:         4096          1024     float     sum      -1    162.7    0.03    0.05      0    161.2    0.03    0.05      0
  0:         8192          2048     float     sum      -1    166.5    0.05    0.10      0    162.8    0.05    0.10      0
  0:        16384          4096     float     sum      -1    171.2    0.10    0.19      0    168.6    0.10    0.19      0
  0:        32768          8192     float     sum      -1    186.4    0.18    0.35      0    187.8    0.17    0.35      0
  0:        65536         16384     float     sum      -1    237.2    0.28    0.55      0    224.0    0.29    0.58      0
  0:       131072         32768     float     sum      -1    342.9    0.38    0.76      0    352.9    0.37    0.74      0
  0:       262144         65536     float     sum      -1    437.6    0.60    1.19      0    462.4    0.57    1.13      0
  0:       524288        131072     float     sum      -1    825.2    0.64    1.27      0    836.0    0.63    1.25      0
  0:      1048576        262144     float     sum      -1   1089.0    0.96    1.92      0    38982    0.03    0.05      0
  0:      2097152        524288     float     sum      -1    589.3    3.56    7.09      0    588.4    3.56    7.10      0
  0:      4194304       1048576     float     sum      -1    939.6    4.46    8.89      0    941.0    4.46    8.88      0
  0:      8388608       2097152     float     sum      -1   1611.2    5.21   10.37      0   1607.5    5.22   10.40      0
  0:     16777216       4194304     float     sum      -1   2597.6    6.46   12.87      0   2591.5    6.47   12.90      0
  0:     33554432       8388608     float     sum      -1   3329.1   10.08   20.08      0   3331.5   10.07   20.07      0
  0:     67108864      16777216     float     sum      -1   9694.2    6.92   13.79      0   9585.1    7.00   13.95      0
  0:    134217728      33554432     float     sum      -1    17018    7.89   15.71      0    16648    8.06   16.06      0
  0:    268435456      67108864     float     sum      -1    26121   10.28   20.47      0    26517   10.12   20.17      0
  0:    536870912     134217728     float     sum      -1   166335    3.23    6.43      0   167426    3.21    6.39      0
  0:   1073741824     268435456     float     sum      -1   150425    7.14   14.22      0   150287    7.14   14.23      0
  0:   2147483648     536870912     float     sum      -1   155398   13.82   27.53      0   103813   20.69   41.21      0
  0:   4294967296    1073741824     float     sum      -1   113981   37.68   75.07      0   114532   37.50   74.71      0
  0:            8             2     float     sum      -1    63.24    0.00    0.00      0    60.71    0.00    0.00      0
  0:           16             4     float     sum      -1    59.87    0.00    0.00      0    57.91    0.00    0.00      0
  0:           32             8     float     sum      -1    59.05    0.00    0.00      0    59.41    0.00    0.00      0
  0:           64            16     float     sum      -1    67.16    0.00    0.00      0    67.74    0.00    0.00      0
  0:          128            32     float     sum      -1    136.2    0.00    0.00      0    135.0    0.00    0.00      0
  0:          256            64     float     sum      -1    138.8    0.00    0.00      0    136.3    0.00    0.00      0
  0:          512           128     float     sum      -1    139.3    0.00    0.01      0    137.9    0.00    0.01      0
  0:         1024           256     float     sum      -1    140.9    0.01    0.01      0    139.2    0.01    0.01      0
  0:         2048           512     float     sum      -1    148.1    0.01    0.03      0    147.7    0.01    0.03      0
  0:         4096          1024     float     sum      -1    162.2    0.03    0.05      0    161.0    0.03    0.05      0
  0:         8192          2048     float     sum      -1    166.0    0.05    0.10      0    162.2    0.05    0.10      0
  0:        16384          4096     float     sum      -1    167.6    0.10    0.19      0    164.4    0.10    0.20      0
  0:        32768          8192     float     sum      -1    175.9    0.19    0.37      0    174.5    0.19    0.37      0
  0:        65536         16384     float     sum      -1    188.3    0.35    0.69      0    184.9    0.35    0.71      0
  0:       131072         32768     float     sum      -1    212.5    0.62    1.23      0    208.9    0.63    1.25      0
  0:       262144         65536     float     sum      -1    269.3    0.97    1.94      0    272.5    0.96    1.92      0
  0:       524288        131072     float     sum      -1    380.0    1.38    2.75      0    378.3    1.39    2.76      0
  0:      1048576        262144     float     sum      -1    452.3    2.32    4.62      0    449.6    2.33    4.65      0
  0:      2097152        524288     float     sum      -1    590.2    3.55    7.08      0    590.8    3.55    7.07      0
  0:      4194304       1048576     float     sum      -1    939.4    4.46    8.89      0    933.5    4.49    8.95      0
  0:      8388608       2097152     float     sum      -1   1608.2    5.22   10.39      0   1606.4    5.22   10.40      0
  0:     16777216       4194304     float     sum      -1   2630.8    6.38   12.70      0   2601.5    6.45   12.85      0
  0:     33554432       8388608     float     sum      -1   3327.6   10.08   20.09      0   3335.9   10.06   20.04      0
  0:     67108864      16777216     float     sum      -1   5672.4   11.83   23.57      0   5653.7   11.87   23.65      0
  0:    134217728      33554432     float     sum      -1    10258   13.08   26.07      0    10266   13.07   26.05      0
  0:    268435456      67108864     float     sum      -1    15348   17.49   34.84      0    15254   17.60   35.06      0
  0:    536870912     134217728     float     sum      -1    20471   26.23   52.25      0    20420   26.29   52.38      0
  0:   1073741824     268435456     float     sum      -1    27666   38.81   77.32      0    27666   38.81   77.32      0
  0:   2147483648     536870912     float     sum      -1    55000   39.05   77.79      0    55895   38.42   76.54      0
  0:   4294967296    1073741824     float     sum      -1   113138   37.96   75.63      0   114866   37.39   74.49      0
  0:            8             2     float     sum      -1    63.11    0.00    0.00      0    60.22    0.00    0.00      0
  0:           16             4     float     sum      -1    58.79    0.00    0.00      0    59.32    0.00    0.00      0
  0:           32             8     float     sum      -1    59.06    0.00    0.00      0    59.24    0.00    0.00      0
  0:           64            16     float     sum      -1    67.25    0.00    0.00      0    67.00    0.00    0.00      0
  0:          128            32     float     sum      -1    138.2    0.00    0.00      0    135.2    0.00    0.00      0
  0:          256            64     float     sum      -1    136.8    0.00    0.00      0    136.0    0.00    0.00      0
  0:          512           128     float     sum      -1    139.0    0.00    0.01      0    137.3    0.00    0.01      0
  0:         1024           256     float     sum      -1    140.9    0.01    0.01      0    139.3    0.01    0.01      0
  0:         2048           512     float     sum      -1    148.7    0.01    0.03      0    148.0    0.01    0.03      0
  0:         4096          1024     float     sum      -1    162.8    0.03    0.05      0    159.3    0.03    0.05      0
  0:         8192          2048     float     sum      -1    165.9    0.05    0.10      0    163.2    0.05    0.10      0
  0:        16384          4096     float     sum      -1    167.1    0.10    0.20      0    163.2    0.10    0.20      0
  0:        32768          8192     float     sum      -1    176.4    0.19    0.37      0    174.4    0.19    0.37      0
  0:        65536         16384     float     sum      -1    188.2    0.35    0.69      0    184.1    0.36    0.71      0
  0:       131072         32768     float     sum      -1    212.7    0.62    1.23      0    209.1    0.63    1.25      0
  0:       262144         65536     float     sum      -1    266.1    0.99    1.96      0    266.3    0.98    1.96      0
  0:       524288        131072     float     sum      -1    381.0    1.38    2.74      0    378.4    1.39    2.76      0
  0:      1048576        262144     float     sum      -1    452.6    2.32    4.62      0    451.0    2.32    4.63      0
  0:      2097152        524288     float     sum      -1    589.4    3.56    7.09      0    589.9    3.55    7.08      0
  0:      4194304       1048576     float     sum      -1    936.0    4.48    8.93      0    938.9    4.47    8.90      0
  0:      8388608       2097152     float     sum      -1   1607.1    5.22   10.40      0   1608.6    5.21   10.39      0
  0:     16777216       4194304     float     sum      -1   2598.6    6.46   12.86      0   2589.6    6.48   12.91      0
  0:     33554432       8388608     float     sum      -1   3330.9   10.07   20.07      0   3334.2   10.06   20.05      0
  0:     67108864      16777216     float     sum      -1   5620.1   11.94   23.79      0   5633.6   11.91   23.73      0
  0:    134217728      33554432     float     sum      -1    10317   13.01   25.92      0    10092   13.30   26.50      0
  0:    268435456      67108864     float     sum      -1    15213   17.65   35.15      0    15247   17.61   35.07      0
  0:    536870912     134217728     float     sum      -1    20481   26.21   52.22      0    20401   26.32   52.43      0
  0:   1073741824     268435456     float     sum      -1    27750   38.69   77.08      0    27679   38.79   77.28      0
  0:   2147483648     536870912     float     sum      -1    55019   39.03   77.76      0    54951   39.08   77.85      0
  0:   4294967296    1073741824     float     sum      -1   113280   37.91   75.53      0   113299   37.91   75.52      0
  0:            8             2     float     sum      -1    63.85    0.00    0.00      0    60.38    0.00    0.00      0
  0:           16             4     float     sum      -1    61.07    0.00    0.00      0    60.43    0.00    0.00      0
  0:           32             8     float     sum      -1    60.00    0.00    0.00      0    61.19    0.00    0.00      0
  0:           64            16     float     sum      -1    67.30    0.00    0.00      0    67.41    0.00    0.00      0
  0:          128            32     float     sum      -1    136.0    0.00    0.00      0    135.1    0.00    0.00      0
  0:          256            64     float     sum      -1    137.4    0.00    0.00      0    143.8    0.00    0.00      0
  0:          512           128     float     sum      -1    140.2    0.00    0.01      0    137.3    0.00    0.01      0
  0:         1024           256     float     sum      -1    140.3    0.01    0.01      0    138.5    0.01    0.01      0
  0:         2048           512     float     sum      -1    148.7    0.01    0.03      0    147.3    0.01    0.03      0
  0:         4096          1024     float     sum      -1    163.0    0.03    0.05      0    160.7    0.03    0.05      0
  0:         8192          2048     float     sum      -1    165.7    0.05    0.10      0    162.5    0.05    0.10      0
  0:        16384          4096     float     sum      -1    167.5    0.10    0.19      0    164.4    0.10    0.20      0
  0:        32768          8192     float     sum      -1    176.1    0.19    0.37      0    173.5    0.19    0.38      0
  0:        65536         16384     float     sum      -1    191.0    0.34    0.68      0    184.6    0.35    0.71      0
  0:       131072         32768     float     sum      -1    211.6    0.62    1.23      0    208.0    0.63    1.26      0
  0:       262144         65536     float     sum      -1    266.8    0.98    1.96      0    265.1    0.99    1.97      0
  0:       524288        131072     float     sum      -1    379.2    1.38    2.75      0    378.5    1.39    2.76      0
  0:      1048576        262144     float     sum      -1    452.3    2.32    4.62      0    448.8    2.34    4.65      0
  0:      2097152        524288     float     sum      -1    610.3    3.44    6.85      0    589.8    3.56    7.08      0
  0:      4194304       1048576     float     sum      -1    938.7    4.47    8.90      0    938.4    4.47    8.90      0
  0:      8388608       2097152     float     sum      -1   1603.2    5.23   10.42      0   1601.5    5.24   10.43      0
  0:     16777216       4194304     float     sum      -1   2585.8    6.49   12.93      0   2591.6    6.47   12.90      0
  0:     33554432       8388608     float     sum      -1   3329.4   10.08   20.08      0   3354.6   10.00   19.93      0
  0:     67108864      16777216     float     sum      -1   5741.2   11.69   23.29      0   5621.3   11.94   23.78      0
  0:    134217728      33554432     float     sum      -1    10321   13.00   25.91      0    10295   13.04   25.97      0
  0:    268435456      67108864     float     sum      -1    15264   17.59   35.03      0    15218   17.64   35.14      0
  0:    536870912     134217728     float     sum      -1    20532   26.15   52.09      0    20465   26.23   52.26      0
  0:   1073741824     268435456     float     sum      -1    27811   38.61   76.92      0    27613   38.89   77.47      0
  0:   2147483648     536870912     float     sum      -1    55041   39.02   77.73      0    55014   39.04   77.77      0
  0:   4294967296    1073741824     float     sum      -1   114770   37.42   74.55      0   115256   37.26   74.24      0
  0: # Out of bounds values : 0 OK
  0: # Avg bus bandwidth    : 12.2327 
  0: #
  0: 
