 0: # nThread 1 nGpus 1 minBytes 8 maxBytes 4294967296 step: 2(factor) warmup iters: 8 iters: 24 agg iters: 1 validation: 1 graph: 0
 0: #
 0: # Using devices
 0: #  Rank  0 Group  0 Pid 207592 on  nid006484 device  0 [0009:01:00] NVIDIA GH200 120GB
 0: #  Rank  1 Group  0 Pid 207593 on  nid006484 device  0 [0019:01:00] NVIDIA GH200 120GB
 0: #  Rank  2 Group  0 Pid 207594 on  nid006484 device  0 [0029:01:00] NVIDIA GH200 120GB
 0: #  Rank  3 Group  0 Pid 207595 on  nid006484 device  0 [0039:01:00] NVIDIA GH200 120GB
 0: #  Rank  4 Group  0 Pid 111358 on  nid006503 device  0 [0009:01:00] NVIDIA GH200 120GB
 0: #  Rank  5 Group  0 Pid 111359 on  nid006503 device  0 [0019:01:00] NVIDIA GH200 120GB
 0: #  Rank  6 Group  0 Pid 111360 on  nid006503 device  0 [0029:01:00] NVIDIA GH200 120GB
 0: #  Rank  7 Group  0 Pid 111361 on  nid006503 device  0 [0039:01:00] NVIDIA GH200 120GB
 0: #  Rank  8 Group  0 Pid 282729 on  nid006508 device  0 [0009:01:00] NVIDIA GH200 120GB
 0: #  Rank  9 Group  0 Pid 282730 on  nid006508 device  0 [0019:01:00] NVIDIA GH200 120GB
 0: #  Rank 10 Group  0 Pid 282731 on  nid006508 device  0 [0029:01:00] NVIDIA GH200 120GB
 0: #  Rank 11 Group  0 Pid 282732 on  nid006508 device  0 [0039:01:00] NVIDIA GH200 120GB
 0: #  Rank 12 Group  0 Pid  12373 on  nid006516 device  0 [0009:01:00] NVIDIA GH200 120GB
 0: #  Rank 13 Group  0 Pid  12374 on  nid006516 device  0 [0019:01:00] NVIDIA GH200 120GB
 0: #  Rank 14 Group  0 Pid  12375 on  nid006516 device  0 [0029:01:00] NVIDIA GH200 120GB
 0: #  Rank 15 Group  0 Pid  12376 on  nid006516 device  0 [0039:01:00] NVIDIA GH200 120GB
 0: #  Rank 16 Group  0 Pid 254602 on  nid006526 device  0 [0009:01:00] NVIDIA GH200 120GB
 0: #  Rank 17 Group  0 Pid 254603 on  nid006526 device  0 [0019:01:00] NVIDIA GH200 120GB
 0: #  Rank 18 Group  0 Pid 254604 on  nid006526 device  0 [0029:01:00] NVIDIA GH200 120GB
 0: #  Rank 19 Group  0 Pid 254605 on  nid006526 device  0 [0039:01:00] NVIDIA GH200 120GB
 0: #  Rank 20 Group  0 Pid 232616 on  nid006528 device  0 [0009:01:00] NVIDIA GH200 120GB
 0: #  Rank 21 Group  0 Pid 232617 on  nid006528 device  0 [0019:01:00] NVIDIA GH200 120GB
 0: #  Rank 22 Group  0 Pid 232618 on  nid006528 device  0 [0029:01:00] NVIDIA GH200 120GB
 0: #  Rank 23 Group  0 Pid 232619 on  nid006528 device  0 [0039:01:00] NVIDIA GH200 120GB
 0: #  Rank 24 Group  0 Pid 235103 on  nid006529 device  0 [0009:01:00] NVIDIA GH200 120GB
 0: #  Rank 25 Group  0 Pid 235104 on  nid006529 device  0 [0019:01:00] NVIDIA GH200 120GB
 0: #  Rank 26 Group  0 Pid 235105 on  nid006529 device  0 [0029:01:00] NVIDIA GH200 120GB
 0: #  Rank 27 Group  0 Pid 235106 on  nid006529 device  0 [0039:01:00] NVIDIA GH200 120GB
 0: #  Rank 28 Group  0 Pid 168983 on  nid006531 device  0 [0009:01:00] NVIDIA GH200 120GB
 0: #  Rank 29 Group  0 Pid 168984 on  nid006531 device  0 [0019:01:00] NVIDIA GH200 120GB
 0: #  Rank 30 Group  0 Pid 168985 on  nid006531 device  0 [0029:01:00] NVIDIA GH200 120GB
 0: #  Rank 31 Group  0 Pid 168986 on  nid006531 device  0 [0039:01:00] NVIDIA GH200 120GB
 0: #  Rank 32 Group  0 Pid 205335 on  nid006532 device  0 [0009:01:00] NVIDIA GH200 120GB
 0: #  Rank 33 Group  0 Pid 205336 on  nid006532 device  0 [0019:01:00] NVIDIA GH200 120GB
 0: #  Rank 34 Group  0 Pid 205337 on  nid006532 device  0 [0029:01:00] NVIDIA GH200 120GB
 0: #  Rank 35 Group  0 Pid 205338 on  nid006532 device  0 [0039:01:00] NVIDIA GH200 120GB
 0: #  Rank 36 Group  0 Pid 150219 on  nid006533 device  0 [0009:01:00] NVIDIA GH200 120GB
 0: #  Rank 37 Group  0 Pid 150220 on  nid006533 device  0 [0019:01:00] NVIDIA GH200 120GB
 0: #  Rank 38 Group  0 Pid 150221 on  nid006533 device  0 [0029:01:00] NVIDIA GH200 120GB
 0: #  Rank 39 Group  0 Pid 150222 on  nid006533 device  0 [0039:01:00] NVIDIA GH200 120GB
 0: #  Rank 40 Group  0 Pid  69231 on  nid006534 device  0 [0009:01:00] NVIDIA GH200 120GB
 0: #  Rank 41 Group  0 Pid  69232 on  nid006534 device  0 [0019:01:00] NVIDIA GH200 120GB
 0: #  Rank 42 Group  0 Pid  69233 on  nid006534 device  0 [0029:01:00] NVIDIA GH200 120GB
 0: #  Rank 43 Group  0 Pid  69234 on  nid006534 device  0 [0039:01:00] NVIDIA GH200 120GB
 0: #  Rank 44 Group  0 Pid  52210 on  nid006536 device  0 [0009:01:00] NVIDIA GH200 120GB
 0: #  Rank 45 Group  0 Pid  52211 on  nid006536 device  0 [0019:01:00] NVIDIA GH200 120GB
 0: #  Rank 46 Group  0 Pid  52212 on  nid006536 device  0 [0029:01:00] NVIDIA GH200 120GB
 0: #  Rank 47 Group  0 Pid  52213 on  nid006536 device  0 [0039:01:00] NVIDIA GH200 120GB
 0: #  Rank 48 Group  0 Pid  93965 on  nid006537 device  0 [0009:01:00] NVIDIA GH200 120GB
 0: #  Rank 49 Group  0 Pid  93966 on  nid006537 device  0 [0019:01:00] NVIDIA GH200 120GB
 0: #  Rank 50 Group  0 Pid  93967 on  nid006537 device  0 [0029:01:00] NVIDIA GH200 120GB
 0: #  Rank 51 Group  0 Pid  93968 on  nid006537 device  0 [0039:01:00] NVIDIA GH200 120GB
 0: #  Rank 52 Group  0 Pid  70368 on  nid006538 device  0 [0009:01:00] NVIDIA GH200 120GB
 0: #  Rank 53 Group  0 Pid  70369 on  nid006538 device  0 [0019:01:00] NVIDIA GH200 120GB
 0: #  Rank 54 Group  0 Pid  70370 on  nid006538 device  0 [0029:01:00] NVIDIA GH200 120GB
 0: #  Rank 55 Group  0 Pid  70371 on  nid006538 device  0 [0039:01:00] NVIDIA GH200 120GB
 0: #  Rank 56 Group  0 Pid  38457 on  nid006540 device  0 [0009:01:00] NVIDIA GH200 120GB
 0: #  Rank 57 Group  0 Pid  38458 on  nid006540 device  0 [0019:01:00] NVIDIA GH200 120GB
 0: #  Rank 58 Group  0 Pid  38459 on  nid006540 device  0 [0029:01:00] NVIDIA GH200 120GB
 0: #  Rank 59 Group  0 Pid  38460 on  nid006540 device  0 [0039:01:00] NVIDIA GH200 120GB
 0: #  Rank 60 Group  0 Pid  79420 on  nid006541 device  0 [0009:01:00] NVIDIA GH200 120GB
 0: #  Rank 61 Group  0 Pid  79421 on  nid006541 device  0 [0019:01:00] NVIDIA GH200 120GB
 0: #  Rank 62 Group  0 Pid  79422 on  nid006541 device  0 [0029:01:00] NVIDIA GH200 120GB
 0: #  Rank 63 Group  0 Pid  79423 on  nid006541 device  0 [0039:01:00] NVIDIA GH200 120GB
 0: #
 0: #                                                              out-of-place                       in-place          
 0: #       size         count      type   redop    root     time   algbw   busbw #wrong     time   algbw   busbw #wrong
 0: #        (B)    (elements)                               (us)  (GB/s)  (GB/s)            (us)  (GB/s)  (GB/s)       
 0:            8             2     float     sum      -1    39.23    0.00    0.00      0    37.71    0.00    0.00      0
 0:           16             4     float     sum      -1    37.26    0.00    0.00      0    75.50    0.00    0.00      0
 0:           32             8     float     sum      -1    37.18    0.00    0.00      0    37.46    0.00    0.00      0
 0:           64            16     float     sum      -1    42.76    0.00    0.00      0    43.11    0.00    0.00      0
 0:          128            32     float     sum      -1    80.86    0.00    0.00      0    79.94    0.00    0.00      0
 0:          256            64     float     sum      -1    83.96    0.00    0.01      0    81.16    0.00    0.01      0
 0:          512           128     float     sum      -1    82.26    0.01    0.01      0    82.27    0.01    0.01      0
 0:         1024           256     float     sum      -1    83.35    0.01    0.02      0    159.5    0.01    0.01      0
 0:         2048           512     float     sum      -1    88.58    0.02    0.05      0    87.82    0.02    0.05      0
 0:         4096          1024     float     sum      -1    98.77    0.04    0.08      0    97.04    0.04    0.08      0
 0:         8192          2048     float     sum      -1    100.1    0.08    0.16      0    98.09    0.08    0.16      0
 0:        16384          4096     float     sum      -1    101.2    0.16    0.32      0    99.92    0.16    0.32      0
 0:        32768          8192     float     sum      -1    108.8    0.30    0.59      0    107.6    0.30    0.60      0
 0:        65536         16384     float     sum      -1    119.3    0.55    1.08      0    115.6    0.57    1.12      0
 0:       131072         32768     float     sum      -1    133.3    0.98    1.94      0    131.6    1.00    1.96      0
 0:       262144         65536     float     sum      -1    173.9    1.51    2.97      0    173.8    1.51    2.97      0
 0:       524288        131072     float     sum      -1    248.6    2.11    4.15      0    246.2    2.13    4.19      0
 0:      1048576        262144     float     sum      -1    297.6    3.52    6.94      0    296.4    3.54    6.97      0
 0:      2097152        524288     float     sum      -1    399.4    5.25   10.34      0    397.7    5.27   10.38      0
 0:      4194304       1048576     float     sum      -1    636.3    6.59   12.98      0    636.1    6.59   12.98      0
 0:      8388608       2097152     float     sum      -1   1089.8    7.70   15.15      0   1092.3    7.68   15.12      0
 0:     16777216       4194304     float     sum      -1   1813.8    9.25   18.21      0   1824.0    9.20   18.11      0
 0:     33554432       8388608     float     sum      -1   2425.2   13.84   27.24      0   2433.8   13.79   27.14      0
 0:     67108864      16777216     float     sum      -1   4799.0   13.98   27.53      0   4755.8   14.11   27.78      0
 0:    134217728      33554432     float     sum      -1   5021.1   26.73   52.63      0   5018.9   26.74   52.65      0
 0:    268435456      67108864     float     sum      -1   7000.5   38.35   75.49      0   6994.8   38.38   75.55      0
 0:    536870912     134217728     float     sum      -1    13858   38.74   76.27      0    13841   38.79   76.36      0
 0:   1073741824     268435456     float     sum      -1    28460   37.73   74.28      0    28470   37.71   74.25      0
 0:   2147483648     536870912     float     sum      -1    59458   36.12   71.11      0    59687   35.98   70.83      0
