 0: # nThread 1 nGpus 1 minBytes 8 maxBytes 4294967296 step: 2(factor) warmup iters: 8 iters: 24 agg iters: 1 validation: 1 graph: 0
 0: #
 0: # Using devices
 0: #  Rank  0 Group  0 Pid 182004 on  nid006979 device  0 [0009:01:00] NVIDIA GH200 120GB
 0: #  Rank  1 Group  0 Pid 182005 on  nid006979 device  0 [0019:01:00] NVIDIA GH200 120GB
 0: #  Rank  2 Group  0 Pid 182006 on  nid006979 device  0 [0029:01:00] NVIDIA GH200 120GB
 0: #  Rank  3 Group  0 Pid 182007 on  nid006979 device  0 [0039:01:00] NVIDIA GH200 120GB
 0: #  Rank  4 Group  0 Pid 218965 on  nid006987 device  0 [0009:01:00] NVIDIA GH200 120GB
 0: #  Rank  5 Group  0 Pid 218966 on  nid006987 device  0 [0019:01:00] NVIDIA GH200 120GB
 0: #  Rank  6 Group  0 Pid 218967 on  nid006987 device  0 [0029:01:00] NVIDIA GH200 120GB
 0: #  Rank  7 Group  0 Pid 218968 on  nid006987 device  0 [0039:01:00] NVIDIA GH200 120GB
 0: #  Rank  8 Group  0 Pid 211295 on  nid006988 device  0 [0009:01:00] NVIDIA GH200 120GB
 0: #  Rank  9 Group  0 Pid 211296 on  nid006988 device  0 [0019:01:00] NVIDIA GH200 120GB
 0: #  Rank 10 Group  0 Pid 211297 on  nid006988 device  0 [0029:01:00] NVIDIA GH200 120GB
 0: #  Rank 11 Group  0 Pid 211300 on  nid006988 device  0 [0039:01:00] NVIDIA GH200 120GB
 0: #  Rank 12 Group  0 Pid 252699 on  nid006989 device  0 [0009:01:00] NVIDIA GH200 120GB
 0: #  Rank 13 Group  0 Pid 252700 on  nid006989 device  0 [0019:01:00] NVIDIA GH200 120GB
 0: #  Rank 14 Group  0 Pid 252701 on  nid006989 device  0 [0029:01:00] NVIDIA GH200 120GB
 0: #  Rank 15 Group  0 Pid 252702 on  nid006989 device  0 [0039:01:00] NVIDIA GH200 120GB
 0: #  Rank 16 Group  0 Pid 137433 on  nid006990 device  0 [0009:01:00] NVIDIA GH200 120GB
 0: #  Rank 17 Group  0 Pid 137434 on  nid006990 device  0 [0019:01:00] NVIDIA GH200 120GB
 0: #  Rank 18 Group  0 Pid 137435 on  nid006990 device  0 [0029:01:00] NVIDIA GH200 120GB
 0: #  Rank 19 Group  0 Pid 137436 on  nid006990 device  0 [0039:01:00] NVIDIA GH200 120GB
 0: #  Rank 20 Group  0 Pid 246137 on  nid006993 device  0 [0009:01:00] NVIDIA GH200 120GB
 0: #  Rank 21 Group  0 Pid 246138 on  nid006993 device  0 [0019:01:00] NVIDIA GH200 120GB
 0: #  Rank 22 Group  0 Pid 246139 on  nid006993 device  0 [0029:01:00] NVIDIA GH200 120GB
 0: #  Rank 23 Group  0 Pid 246140 on  nid006993 device  0 [0039:01:00] NVIDIA GH200 120GB
 0: #  Rank 24 Group  0 Pid 135915 on  nid006994 device  0 [0009:01:00] NVIDIA GH200 120GB
 0: #  Rank 25 Group  0 Pid 135916 on  nid006994 device  0 [0019:01:00] NVIDIA GH200 120GB
 0: #  Rank 26 Group  0 Pid 135917 on  nid006994 device  0 [0029:01:00] NVIDIA GH200 120GB
 0: #  Rank 27 Group  0 Pid 135918 on  nid006994 device  0 [0039:01:00] NVIDIA GH200 120GB
 0: #  Rank 28 Group  0 Pid 271860 on  nid007002 device  0 [0009:01:00] NVIDIA GH200 120GB
 0: #  Rank 29 Group  0 Pid 271861 on  nid007002 device  0 [0019:01:00] NVIDIA GH200 120GB
 0: #  Rank 30 Group  0 Pid 271862 on  nid007002 device  0 [0029:01:00] NVIDIA GH200 120GB
 0: #  Rank 31 Group  0 Pid 271863 on  nid007002 device  0 [0039:01:00] NVIDIA GH200 120GB
 0: #
 0: #                                                              out-of-place                       in-place          
 0: #       size         count      type   redop    root     time   algbw   busbw #wrong     time   algbw   busbw #wrong
 0: #        (B)    (elements)                               (us)  (GB/s)  (GB/s)            (us)  (GB/s)  (GB/s)       
 0:            8             2     float     sum      -1    30.13    0.00    0.00      0    29.24    0.00    0.00      0
 0:           16             4     float     sum      -1    29.55    0.00    0.00      0    28.91    0.00    0.00      0
 0:           32             8     float     sum      -1    29.11    0.00    0.00      0    28.98    0.00    0.00      0
 0:           64            16     float     sum      -1    32.97    0.00    0.00      0    32.78    0.00    0.00      0
 0:          128            32     float     sum      -1    60.62    0.00    0.00      0    59.61    0.00    0.00      0
 0:          256            64     float     sum      -1    62.50    0.00    0.01      0    60.09    0.00    0.01      0
 0:          512           128     float     sum      -1    62.24    0.01    0.02      0    61.32    0.01    0.02      0
 0:         1024           256     float     sum      -1    63.10    0.02    0.03      0    62.42    0.02    0.03      0
 0:         2048           512     float     sum      -1    66.75    0.03    0.06      0    66.00    0.03    0.06      0
 0:         4096          1024     float     sum      -1    73.74    0.06    0.11      0    73.40    0.06    0.11      0
 0:         8192          2048     float     sum      -1    75.18    0.11    0.21      0    75.28    0.11    0.21      0
 0:        16384          4096     float     sum      -1    77.70    0.21    0.41      0    75.41    0.22    0.42      0
 0:        32768          8192     float     sum      -1    84.06    0.39    0.76      0    81.67    0.40    0.78      0
 0:        65536         16384     float     sum      -1    612.4    0.11    0.21      0    88.28    0.74    1.44      0
 0:       131072         32768     float     sum      -1    100.8    1.30    2.52      0    99.26    1.32    2.56      0
 0:       262144         65536     float     sum      -1    242.9    1.08    2.09      0    239.4    1.10    2.12      0
 0:       524288        131072     float     sum      -1    254.7    2.06    3.99      0    253.2    2.07    4.01      0
 0:      1048576        262144     float     sum      -1    226.6    4.63    8.97      0    229.7    4.56    8.84      0
 0:      2097152        524288     float     sum      -1    305.6    6.86   13.30      0    308.8    6.79   13.16      0
 0:      4194304       1048576     float     sum      -1    477.8    8.78   17.01      0    491.4    8.54   16.54      0
 0:      8388608       2097152     float     sum      -1    811.1   10.34   20.04      0    835.7   10.04   19.45      0
 0:     16777216       4194304     float     sum      -1   1999.7    8.39   16.26      0   1962.0    8.55   16.57      0
 0:     33554432       8388608     float     sum      -1   2345.1   14.31   27.72      0   2341.6   14.33   27.76      0
 0:     67108864      16777216     float     sum      -1   2473.1   27.14   52.58      0   2473.2   27.13   52.57      0
 0:    134217728      33554432     float     sum      -1   3489.9   38.46   74.52      0   3522.7   38.10   73.82      0
 0:    268435456      67108864     float     sum      -1   6865.8   39.10   75.75      0   6898.9   38.91   75.39      0
 0:    536870912     134217728     float     sum      -1    14266   37.63   72.91      0    14212   37.78   73.19      0
 0:   1073741824     268435456     float     sum      -1    30019   35.77   69.30      0    29625   36.25   70.22      0
 0:   2147483648     536870912     float     sum      -1    61425   34.96   67.74      0    61362   35.00   67.81      0
 0:   4294967296    1073741824     float     sum      -1   123067   34.90   67.62      0   121364   35.39   68.57      0
 0:            8             2     float     sum      -1    30.28    0.00    0.00      0    29.39    0.00    0.00      0
 0:           16             4     float     sum      -1    29.20    0.00    0.00      0    29.58    0.00    0.00      0
 0:           32             8     float     sum      -1    29.37    0.00    0.00      0    29.30    0.00    0.00      0
 0:           64            16     float     sum      -1    33.18    0.00    0.00      0    33.29    0.00    0.00      0
 0:          128            32     float     sum      -1    60.60    0.00    0.00      0    60.09    0.00    0.00      0
 0:          256            64     float     sum      -1    61.59    0.00    0.01      0    60.32    0.00    0.01      0
 0:          512           128     float     sum      -1    62.81    0.01    0.02      0    61.65    0.01    0.02      0
 0:         1024           256     float     sum      -1    63.51    0.02    0.03      0    62.55    0.02    0.03      0
 0:         2048           512     float     sum      -1    67.47    0.03    0.06      0    66.42    0.03    0.06      0
 0:         4096          1024     float     sum      -1    74.84    0.05    0.11      0    73.26    0.06    0.11      0
 0:         8192          2048     float     sum      -1    75.84    0.11    0.21      0    74.61    0.11    0.21      0
 0:        16384          4096     float     sum      -1    76.27    0.21    0.42      0    75.20    0.22    0.42      0
 0:        32768          8192     float     sum      -1    82.71    0.40    0.77      0    81.90    0.40    0.78      0
 0:        65536         16384     float     sum      -1    90.97    0.72    1.40      0    88.35    0.74    1.44      0
 0:       131072         32768     float     sum      -1    102.2    1.28    2.49      0    99.97    1.31    2.54      0
 0:       262144         65536     float     sum      -1    242.6    1.08    2.09      0    240.1    1.09    2.12      0
 0:       524288        131072     float     sum      -1    254.2    2.06    4.00      0    251.3    2.09    4.04      0
 0:      1048576        262144     float     sum      -1    228.6    4.59    8.89      0    231.1    4.54    8.79      0
 0:      2097152        524288     float     sum      -1    303.3    6.91   13.40      0    308.9    6.79   13.15      0
 0:      4194304       1048576     float     sum      -1    481.0    8.72   16.90      0    488.0    8.60   16.65      0
 0:      8388608       2097152     float     sum      -1    818.9   10.24   19.85      0    825.7   10.16   19.68      0
 0:     16777216       4194304     float     sum      -1   2003.3    8.37   16.23      0   1970.1    8.52   16.50      0
 0:     33554432       8388608     float     sum      -1   2347.0   14.30   27.70      0   2343.0   14.32   27.75      0
 0:     67108864      16777216     float     sum      -1   2476.6   27.10   52.50      0   2476.6   27.10   52.50      0
 0:    134217728      33554432     float     sum      -1   3480.7   38.56   74.71      0   3508.3   38.26   74.12      0
 0:    268435456      67108864     float     sum      -1   6863.0   39.11   75.78      0   6948.3   38.63   74.85      0
 0:    536870912     134217728     float     sum      -1    14645   36.66   71.03      0    14071   38.15   73.93      0
 0:   1073741824     268435456     float     sum      -1    29556   36.33   70.39      0    29511   36.38   70.49      0
 0:   2147483648     536870912     float     sum      -1    60020   35.78   69.32      0    61251   35.06   67.93      0
 0:   4294967296    1073741824     float     sum      -1   122106   35.17   68.15      0   120862   35.54   68.85      0
 0:            8             2     float     sum      -1    29.62    0.00    0.00      0    29.64    0.00    0.00      0
 0:           16             4     float     sum      -1    29.43    0.00    0.00      0    28.58    0.00    0.00      0
 0:           32             8     float     sum      -1    29.03    0.00    0.00      0    29.26    0.00    0.00      0
 0:           64            16     float     sum      -1    32.94    0.00    0.00      0    33.52    0.00    0.00      0
 0:          128            32     float     sum      -1    60.64    0.00    0.00      0    59.63    0.00    0.00      0
 0:          256            64     float     sum      -1    61.23    0.00    0.01      0    60.54    0.00    0.01      0
 0:          512           128     float     sum      -1    61.93    0.01    0.02      0    61.48    0.01    0.02      0
 0:         1024           256     float     sum      -1    63.32    0.02    0.03      0    63.22    0.02    0.03      0
 0:         2048           512     float     sum      -1    67.58    0.03    0.06      0    66.74    0.03    0.06      0
 0:         4096          1024     float     sum      -1    73.99    0.06    0.11      0    73.21    0.06    0.11      0
 0:         8192          2048     float     sum      -1    76.82    0.11    0.21      0    74.57    0.11    0.21      0
 0:        16384          4096     float     sum      -1    76.88    0.21    0.41      0    77.00    0.21    0.41      0
 0:        32768          8192     float     sum      -1    83.42    0.39    0.76      0    81.72    0.40    0.78      0
 0:        65536         16384     float     sum      -1    89.78    0.73    1.41      0    88.17    0.74    1.44      0
 0:       131072         32768     float     sum      -1    101.2    1.29    2.51      0    98.72    1.33    2.57      0
 0:       262144         65536     float     sum      -1    242.5    1.08    2.09      0    239.4    1.10    2.12      0
 0:       524288        131072     float     sum      -1    253.9    2.07    4.00      0    252.8    2.07    4.02      0
 0:      1048576        262144     float     sum      -1    227.1    4.62    8.95      0    230.3    4.55    8.82      0
 0:      2097152        524288     float     sum      -1    302.8    6.92   13.42      0    308.9    6.79   13.15      0
 0:      4194304       1048576     float     sum      -1    484.3    8.66   16.78      0    490.8    8.55   16.56      0
 0:      8388608       2097152     float     sum      -1    817.3   10.26   19.89      0    833.3   10.07   19.50      0
 0:     16777216       4194304     float     sum      -1   2001.9    8.38   16.24      0   1971.1    8.51   16.49      0
 0:     33554432       8388608     float     sum      -1   2353.8   14.26   27.62      0   2349.9   14.28   27.67      0
 0:     67108864      16777216     float     sum      -1   2480.5   27.05   52.42      0   2479.0   27.07   52.45      0
 0:    134217728      33554432     float     sum      -1   3462.9   38.76   75.10      0   3528.5   38.04   73.70      0
 0:    268435456      67108864     float     sum      -1   6880.4   39.01   75.59      0   6926.5   38.76   75.09      0
 0:    536870912     134217728     float     sum      -1    14291   37.57   72.78      0    14148   37.95   73.52      0
 0:   1073741824     268435456     float     sum      -1    29801   36.03   69.81      0    30005   35.79   69.34      0
 0:   2147483648     536870912     float     sum      -1    61934   34.67   67.18      0    62022   34.62   67.08      0
 0:   4294967296    1073741824     float     sum      -1   124161   34.59   67.02      0   123203   34.86   67.54      0
 0:            8             2     float     sum      -1    30.22    0.00    0.00      0    29.09    0.00    0.00      0
 0:           16             4     float     sum      -1    29.00    0.00    0.00      0    28.87    0.00    0.00      0
 0:           32             8     float     sum      -1    29.33    0.00    0.00      0    29.12    0.00    0.00      0
 0:           64            16     float     sum      -1    33.20    0.00    0.00      0    32.95    0.00    0.00      0
 0:          128            32     float     sum      -1    60.48    0.00    0.00      0    59.87    0.00    0.00      0
 0:          256            64     float     sum      -1    61.11    0.00    0.01      0    60.41    0.00    0.01      0
 0:          512           128     float     sum      -1    62.19    0.01    0.02      0    61.43    0.01    0.02      0
 0:         1024           256     float     sum      -1    63.40    0.02    0.03      0    62.58    0.02    0.03      0
 0:         2048           512     float     sum      -1    67.20    0.03    0.06      0    66.04    0.03    0.06      0
 0:         4096          1024     float     sum      -1    74.24    0.06    0.11      0    72.74    0.06    0.11      0
 0:         8192          2048     float     sum      -1    75.23    0.11    0.21      0    74.61    0.11    0.21      0
 0:        16384          4096     float     sum      -1    76.88    0.21    0.41      0    75.13    0.22    0.42      0
 0:        32768          8192     float     sum      -1    82.94    0.40    0.77      0    81.82    0.40    0.78      0
 0:        65536         16384     float     sum      -1    89.84    0.73    1.41      0    88.21    0.74    1.44      0
 0:       131072         32768     float     sum      -1    102.3    1.28    2.48      0    98.93    1.32    2.57      0
 0:       262144         65536     float     sum      -1    243.1    1.08    2.09      0    239.3    1.10    2.12      0
 0:       524288        131072     float     sum      -1    253.0    2.07    4.02      0    252.2    2.08    4.03      0
 0:      1048576        262144     float     sum      -1    227.2    4.61    8.94      0    229.3    4.57    8.86      0
 0:      2097152        524288     float     sum      -1    307.1    6.83   13.23      0    309.0    6.79   13.15      0
 0:      4194304       1048576     float     sum      -1    481.4    8.71   16.88      0    490.1    8.56   16.58      0
 0:      8388608       2097152     float     sum      -1    810.3   10.35   20.06      0    836.0   10.03   19.44      0
 0:     16777216       4194304     float     sum      -1   2001.3    8.38   16.24      0   1967.0    8.53   16.53      0
 0:     33554432       8388608     float     sum      -1   2348.7   14.29   27.68      0   2346.9   14.30   27.70      0
 0:     67108864      16777216     float     sum      -1   2475.1   27.11   52.53      0   2477.5   27.09   52.48      0
 0:    134217728      33554432     float     sum      -1   3503.2   38.31   74.23      0   3522.4   38.10   73.83      0
 0:    268435456      67108864     float     sum      -1   6857.9   39.14   75.84      0   6878.5   39.03   75.61      0
 0:    536870912     134217728     float     sum      -1    14095   38.09   73.80      0    14233   37.72   73.08      0
 0:   1073741824     268435456     float     sum      -1    29541   36.35   70.42      0    30217   35.53   68.85      0
 0:   2147483648     536870912     float     sum      -1    60918   35.25   68.30      0    61178   35.10   68.01      0
 0:   4294967296    1073741824     float     sum      -1   119904   35.82   69.40      0   125079   34.34   66.53      0
 0:            8             2     float     sum      -1    30.52    0.00    0.00      0    29.58    0.00    0.00      0
 0:           16             4     float     sum      -1    29.25    0.00    0.00      0    29.18    0.00    0.00      0
 0:           32             8     float     sum      -1    29.15    0.00    0.00      0    29.56    0.00    0.00      0
 0:           64            16     float     sum      -1    33.50    0.00    0.00      0    33.30    0.00    0.00      0
 0:          128            32     float     sum      -1    60.38    0.00    0.00      0    59.89    0.00    0.00      0
 0:          256            64     float     sum      -1    61.65    0.00    0.01      0    60.33    0.00    0.01      0
 0:          512           128     float     sum      -1    62.02    0.01    0.02      0    61.27    0.01    0.02      0
 0:         1024           256     float     sum      -1    63.17    0.02    0.03      0    62.32    0.02    0.03      0
 0:         2048           512     float     sum      -1    67.09    0.03    0.06      0    66.16    0.03    0.06      0
 0:         4096          1024     float     sum      -1    74.60    0.05    0.11      0    72.59    0.06    0.11      0
 0:         8192          2048     float     sum      -1    75.51    0.11    0.21      0    74.12    0.11    0.21      0
 0:        16384          4096     float     sum      -1    76.63    0.21    0.41      0    75.15    0.22    0.42      0
 0:        32768          8192     float     sum      -1    82.71    0.40    0.77      0    81.74    0.40    0.78      0
 0:        65536         16384     float     sum      -1    89.90    0.73    1.41      0    88.06    0.74    1.44      0
 0:       131072         32768     float     sum      -1    102.6    1.28    2.48      0    99.82    1.31    2.54      0
 0:       262144         65536     float     sum      -1    241.6    1.09    2.10      0    239.4    1.10    2.12      0
 0:       524288        131072     float     sum      -1    253.9    2.07    4.00      0    251.7    2.08    4.04      0
 0:      1048576        262144     float     sum      -1    226.8    4.62    8.96      0    229.3    4.57    8.86      0
 0:      2097152        524288     float     sum      -1    307.5    6.82   13.21      0    309.0    6.79   13.15      0
 0:      4194304       1048576     float     sum      -1    481.8    8.71   16.87      0    492.9    8.51   16.49      0
 0:      8388608       2097152     float     sum      -1    818.8   10.24   19.85      0    833.4   10.07   19.50      0
 0:     16777216       4194304     float     sum      -1   2000.1    8.39   16.25      0   1970.8    8.51   16.49      0
 0:     33554432       8388608     float     sum      -1   2348.2   14.29   27.69      0   2344.5   14.31   27.73      0
 0:     67108864      16777216     float     sum      -1   2484.0   27.02   52.34      0   2485.3   27.00   52.32      0
 0:    134217728      33554432     float     sum      -1   3494.3   38.41   74.42      0   3539.1   37.92   73.48      0
 0:    268435456      67108864     float     sum      -1   6844.3   39.22   75.99      0   7024.0   38.22   74.05      0
 0:    536870912     134217728     float     sum      -1    13933   38.53   74.65      0    14297   37.55   72.75      0
 0:   1073741824     268435456     float     sum      -1    29558   36.33   70.38      0    29778   36.06   69.86      0
 0:   2147483648     536870912     float     sum      -1    61828   34.73   67.30      0    62464   34.38   66.61      0
 0:   4294967296    1073741824     float     sum      -1   122613   35.03   67.87      0   120440   35.66   69.09      0
 0:            8             2     float     sum      -1    29.91    0.00    0.00      0    29.50    0.00    0.00      0
 0:           16             4     float     sum      -1    28.92    0.00    0.00      0    28.58    0.00    0.00      0
 0:           32             8     float     sum      -1    29.64    0.00    0.00      0    29.24    0.00    0.00      0
 0:           64            16     float     sum      -1    33.19    0.00    0.00      0    33.50    0.00    0.00      0
 0:          128            32     float     sum      -1    59.27    0.00    0.00      0    58.84    0.00    0.00      0
 0:          256            64     float     sum      -1    60.10    0.00    0.01      0    60.06    0.00    0.01      0
 0:          512           128     float     sum      -1    62.09    0.01    0.02      0    61.25    0.01    0.02      0
 0:         1024           256     float     sum      -1    63.04    0.02    0.03      0    62.33    0.02    0.03      0
 0:         2048           512     float     sum      -1    67.87    0.03    0.06      0    65.78    0.03    0.06      0
 0:         4096          1024     float     sum      -1    73.75    0.06    0.11      0    72.59    0.06    0.11      0
 0:         8192          2048     float     sum      -1    75.44    0.11    0.21      0    74.09    0.11    0.21      0
 0:        16384          4096     float     sum      -1    76.50    0.21    0.41      0    75.03    0.22    0.42      0
 0:        32768          8192     float     sum      -1    82.81    0.40    0.77      0    81.58    0.40    0.78      0
 0:        65536         16384     float     sum      -1    89.80    0.73    1.41      0    88.43    0.74    1.44      0
 0:       131072         32768     float     sum      -1    101.7    1.29    2.50      0    98.50    1.33    2.58      0
 0:       262144         65536     float     sum      -1    243.9    1.07    2.08      0    238.6    1.10    2.13      0
 0:       524288        131072     float     sum      -1    253.1    2.07    4.01      0    252.9    2.07    4.02      0
 0:      1048576        262144     float     sum      -1    228.5    4.59    8.89      0    230.0    4.56    8.83      0
 0:      2097152        524288     float     sum      -1    307.2    6.83   13.23      0    309.2    6.78   13.14      0
 0:      4194304       1048576     float     sum      -1    485.8    8.63   16.73      0    491.8    8.53   16.52      0
 0:      8388608       2097152     float     sum      -1    819.5   10.24   19.83      0    833.6   10.06   19.50      0
 0:     16777216       4194304     float     sum      -1   2001.8    8.38   16.24      0   1967.2    8.53   16.52      0
 0:     33554432       8388608     float     sum      -1   2350.6   14.28   27.66      0   2344.3   14.31   27.73      0
 0:     67108864      16777216     float     sum      -1   2478.5   27.08   52.46      0   2476.0   27.10   52.51      0
 0:    134217728      33554432     float     sum      -1   3461.4   38.78   75.13      0   3505.7   38.29   74.18      0
 0:    268435456      67108864     float     sum      -1   6822.2   39.35   76.24      0   6913.0   38.83   75.23      0
 0:    536870912     134217728     float     sum      -1    14442   37.17   72.03      0    14289   37.57   72.80      0
 0:   1073741824     268435456     float     sum      -1    31162   34.46   66.76      0    30496   35.21   68.22      0
 0:   2147483648     536870912     float     sum      -1    60841   35.30   68.39      0    62421   34.40   66.66      0
 0:   4294967296    1073741824     float     sum      -1   121470   35.36   68.51      0   121180   35.44   68.67      0
 0:            8             2     float     sum      -1    30.65    0.00    0.00      0    29.30    0.00    0.00      0
 0:           16             4     float     sum      -1    29.09    0.00    0.00      0    29.14    0.00    0.00      0
 0:           32             8     float     sum      -1    29.39    0.00    0.00      0    29.53    0.00    0.00      0
 0:           64            16     float     sum      -1    33.30    0.00    0.00      0    33.04    0.00    0.00      0
 0:          128            32     float     sum      -1    59.89    0.00    0.00      0    60.10    0.00    0.00      0
 0:          256            64     float     sum      -1    62.47    0.00    0.01      0    61.53    0.00    0.01      0
 0:          512           128     float     sum      -1    61.78    0.01    0.02      0    61.48    0.01    0.02      0
 0:         1024           256     float     sum      -1    63.59    0.02    0.03      0    62.65    0.02    0.03      0
 0:         2048           512     float     sum      -1    67.25    0.03    0.06      0    66.85    0.03    0.06      0
 0:         4096          1024     float     sum      -1    74.43    0.06    0.11      0    73.45    0.06    0.11      0
 0:         8192          2048     float     sum      -1    75.51    0.11    0.21      0    74.10    0.11    0.21      0
 0:        16384          4096     float     sum      -1    77.24    0.21    0.41      0    75.00    0.22    0.42      0
 0:        32768          8192     float     sum      -1    82.41    0.40    0.77      0    81.09    0.40    0.78      0
 0:        65536         16384     float     sum      -1    89.68    0.73    1.42      0    87.50    0.75    1.45      0
 0:       131072         32768     float     sum      -1    101.4    1.29    2.51      0    99.18    1.32    2.56      0
 0:       262144         65536     float     sum      -1    242.8    1.08    2.09      0    239.9    1.09    2.12      0
 0:       524288        131072     float     sum      -1    254.6    2.06    3.99      0    251.0    2.09    4.05      0
 0:      1048576        262144     float     sum      -1    227.2    4.61    8.94      0    229.3    4.57    8.86      0
 0:      2097152        524288     float     sum      -1    307.0    6.83   13.24      0    309.3    6.78   13.14      0
 0:      4194304       1048576     float     sum      -1    483.8    8.67   16.80      0    490.3    8.56   16.58      0
 0:      8388608       2097152     float     sum      -1    817.4   10.26   19.88      0    834.7   10.05   19.47      0
 0:     16777216       4194304     float     sum      -1   2000.8    8.39   16.25      0   1969.1    8.52   16.51      0
 0:     33554432       8388608     float     sum      -1   2348.9   14.29   27.68      0   2343.3   14.32   27.74      0
 0:     67108864      16777216     float     sum      -1   2476.7   27.10   52.50      0   2477.7   27.09   52.48      0
 0:    134217728      33554432     float     sum      -1   3486.1   38.50   74.60      0   3519.6   38.13   73.89      0
 0:    268435456      67108864     float     sum      -1   6873.2   39.06   75.67      0   6914.3   38.82   75.22      0
 0:    536870912     134217728     float     sum      -1    14206   37.79   73.22      0    14259   37.65   72.95      0
 0:   1073741824     268435456     float     sum      -1    30189   35.57   68.91      0    30150   35.61   69.00      0
 0:   2147483648     536870912     float     sum      -1    60387   35.56   68.90      0    60496   35.50   68.78      0
 0:   4294967296    1073741824     float     sum      -1   124735   34.43   66.71      0   123118   34.89   67.59      0
 0:            8             2     float     sum      -1    30.67    0.00    0.00      0    29.04    0.00    0.00      0
 0:           16             4     float     sum      -1    29.09    0.00    0.00      0    28.85    0.00    0.00      0
 0:           32             8     float     sum      -1    29.15    0.00    0.00      0    28.91    0.00    0.00      0
 0:           64            16     float     sum      -1    33.02    0.00    0.00      0    32.90    0.00    0.00      0
 0:          128            32     float     sum      -1    60.48    0.00    0.00      0    59.51    0.00    0.00      0
 0:          256            64     float     sum      -1    60.99    0.00    0.01      0    60.34    0.00    0.01      0
 0:          512           128     float     sum      -1    61.61    0.01    0.02      0    61.13    0.01    0.02      0
 0:         1024           256     float     sum      -1    63.28    0.02    0.03      0    62.21    0.02    0.03      0
 0:         2048           512     float     sum      -1    67.33    0.03    0.06      0    66.85    0.03    0.06      0
 0:         4096          1024     float     sum      -1    74.49    0.05    0.11      0    73.53    0.06    0.11      0
 0:         8192          2048     float     sum      -1    75.45    0.11    0.21      0    73.82    0.11    0.22      0
 0:        16384          4096     float     sum      -1    76.38    0.21    0.42      0    74.74    0.22    0.42      0
 0:        32768          8192     float     sum      -1    82.72    0.40    0.77      0    81.67    0.40    0.78      0
 0:        65536         16384     float     sum      -1    89.71    0.73    1.42      0    87.50    0.75    1.45      0
 0:       131072         32768     float     sum      -1    101.1    1.30    2.51      0    100.1    1.31    2.54      0
 0:       262144         65536     float     sum      -1    243.2    1.08    2.09      0    239.0    1.10    2.13      0
 0:       524288        131072     float     sum      -1    253.8    2.07    4.00      0    252.2    2.08    4.03      0
 0:      1048576        262144     float     sum      -1    226.6    4.63    8.97      0    228.9    4.58    8.88      0
 0:      2097152        524288     float     sum      -1    307.8    6.81   13.20      0    308.6    6.80   13.17      0
 0:      4194304       1048576     float     sum      -1    486.9    8.61   16.69      0    486.2    8.63   16.71      0
 0:      8388608       2097152     float     sum      -1    807.7   10.39   20.12      0    828.0   10.13   19.63      0
 0:     16777216       4194304     float     sum      -1   1998.6    8.39   16.26      0   1969.6    8.52   16.50      0
 0:     33554432       8388608     float     sum      -1   2350.3   14.28   27.66      0   2345.2   14.31   27.72      0
 0:     67108864      16777216     float     sum      -1   2480.7   27.05   52.41      0   2479.8   27.06   52.43      0
 0:    134217728      33554432     float     sum      -1   3482.9   38.54   74.66      0   3542.0   37.89   73.42      0
 0:    268435456      67108864     float     sum      -1   6891.5   38.95   75.47      0   6921.8   38.78   75.14      0
 0:    536870912     134217728     float     sum      -1    14050   38.21   74.04      0    14324   37.48   72.62      0
 0:   1073741824     268435456     float     sum      -1    29670   36.19   70.12      0    30181   35.58   68.93      0
 0:   2147483648     536870912     float     sum      -1    60104   35.73   69.23      0    60439   35.53   68.84      0
 0:   4294967296    1073741824     float     sum      -1   123196   34.86   67.55      0   123607   34.75   67.32      0
 0:            8             2     float     sum      -1    30.93    0.00    0.00      0    29.72    0.00    0.00      0
 0:           16             4     float     sum      -1    29.17    0.00    0.00      0    29.06    0.00    0.00      0
 0:           32             8     float     sum      -1    29.36    0.00    0.00      0    29.28    0.00    0.00      0
 0:           64            16     float     sum      -1    33.08    0.00    0.00      0    33.38    0.00    0.00      0
 0:          128            32     float     sum      -1    61.11    0.00    0.00      0    59.94    0.00    0.00      0
 0:          256            64     float     sum      -1    61.69    0.00    0.01      0    60.47    0.00    0.01      0
 0:          512           128     float     sum      -1    62.60    0.01    0.02      0    62.20    0.01    0.02      0
 0:         1024           256     float     sum      -1    63.84    0.02    0.03      0    62.63    0.02    0.03      0
 0:         2048           512     float     sum      -1    67.27    0.03    0.06      0    66.58    0.03    0.06      0
 0:         4096          1024     float     sum      -1    74.89    0.05    0.11      0    73.47    0.06    0.11      0
 0:         8192          2048     float     sum      -1    75.72    0.11    0.21      0    76.30    0.11    0.21      0
 0:        16384          4096     float     sum      -1    77.48    0.21    0.41      0    75.45    0.22    0.42      0
 0:        32768          8192     float     sum      -1    82.87    0.40    0.77      0    80.99    0.40    0.78      0
 0:        65536         16384     float     sum      -1    89.83    0.73    1.41      0    87.94    0.75    1.44      0
 0:       131072         32768     float     sum      -1    101.0    1.30    2.51      0    99.81    1.31    2.54      0
 0:       262144         65536     float     sum      -1    241.7    1.08    2.10      0    240.2    1.09    2.11      0
 0:       524288        131072     float     sum      -1    252.7    2.07    4.02      0    251.4    2.09    4.04      0
 0:      1048576        262144     float     sum      -1    228.4    4.59    8.89      0    230.0    4.56    8.83      0
 0:      2097152        524288     float     sum      -1    303.6    6.91   13.38      0    308.8    6.79   13.16      0
 0:      4194304       1048576     float     sum      -1    477.6    8.78   17.02      0    489.8    8.56   16.59      0
 0:      8388608       2097152     float     sum      -1    812.1   10.33   20.01      0    834.7   10.05   19.47      0
 0:     16777216       4194304     float     sum      -1   2002.1    8.38   16.24      0   1969.7    8.52   16.50      0
 0:     33554432       8388608     float     sum      -1   2349.8   14.28   27.67      0   2345.4   14.31   27.72      0
 0:     67108864      16777216     float     sum      -1   2477.9   27.08   52.47      0   2477.9   27.08   52.47      0
 0:    134217728      33554432     float     sum      -1   3499.9   38.35   74.30      0   3548.8   37.82   73.28      0
 0:    268435456      67108864     float     sum      -1   6851.2   39.18   75.91      0   6899.8   38.90   75.38      0
 0:    536870912     134217728     float     sum      -1    14340   37.44   72.54      0    14456   37.14   71.96      0
 0:   1073741824     268435456     float     sum      -1    29606   36.27   70.27      0    29441   36.47   70.66      0
 0:   2147483648     536870912     float     sum      -1    62914   34.13   66.13      0    61476   34.93   67.68      0
 0:   4294967296    1073741824     float     sum      -1   122947   34.93   67.68      0   121607   35.32   68.43      0
 0:            8             2     float     sum      -1    30.45    0.00    0.00      0    29.80    0.00    0.00      0
 0:           16             4     float     sum      -1    29.85    0.00    0.00      0    29.16    0.00    0.00      0
 0:           32             8     float     sum      -1    29.71    0.00    0.00      0    28.97    0.00    0.00      0
 0:           64            16     float     sum      -1    33.13    0.00    0.00      0    32.91    0.00    0.00      0
 0:          128            32     float     sum      -1    61.67    0.00    0.00      0    59.87    0.00    0.00      0
 0:          256            64     float     sum      -1    61.06    0.00    0.01      0    60.74    0.00    0.01      0
 0:          512           128     float     sum      -1    62.55    0.01    0.02      0    61.11    0.01    0.02      0
 0:         1024           256     float     sum      -1    63.43    0.02    0.03      0    62.43    0.02    0.03      0
 0:         2048           512     float     sum      -1    66.92    0.03    0.06      0    66.59    0.03    0.06      0
 0:         4096          1024     float     sum      -1    74.26    0.06    0.11      0    72.93    0.06    0.11      0
 0:         8192          2048     float     sum      -1    76.09    0.11    0.21      0    74.23    0.11    0.21      0
 0:        16384          4096     float     sum      -1    77.23    0.21    0.41      0    75.28    0.22    0.42      0
 0:        32768          8192     float     sum      -1    82.48    0.40    0.77      0    82.99    0.39    0.76      0
 0:        65536         16384     float     sum      -1    90.20    0.73    1.41      0    87.90    0.75    1.44      0
 0:       131072         32768     float     sum      -1    101.6    1.29    2.50      0    98.88    1.33    2.57      0
 0:       262144         65536     float     sum      -1    241.5    1.09    2.10      0    239.3    1.10    2.12      0
 0:       524288        131072     float     sum      -1    253.7    2.07    4.00      0    250.8    2.09    4.05      0
 0:      1048576        262144     float     sum      -1    226.0    4.64    8.99      0    229.8    4.56    8.84      0
 0:      2097152        524288     float     sum      -1    304.2    6.89   13.36      0    309.0    6.79   13.15      0
 0:      4194304       1048576     float     sum      -1    484.7    8.65   16.77      0    487.0    8.61   16.69      0
 0:      8388608       2097152     float     sum      -1    807.9   10.38   20.12      0    827.8   10.13   19.63      0
 0:     16777216       4194304     float     sum      -1   2000.4    8.39   16.25      0   1966.6    8.53   16.53      0
 0:     33554432       8388608     float     sum      -1   2344.5   14.31   27.73      0   2341.7   14.33   27.76      0
 0:     67108864      16777216     float     sum      -1   2481.5   27.04   52.40      0   2475.7   27.11   52.52      0
 0:    134217728      33554432     float     sum      -1   3500.4   38.34   74.29      0   3533.2   37.99   73.60      0
 0:    268435456      67108864     float     sum      -1   6880.7   39.01   75.59      0   6914.5   38.82   75.22      0
 0:    536870912     134217728     float     sum      -1    14416   37.24   72.15      0    14270   37.62   72.89      0
 0:   1073741824     268435456     float     sum      -1    30031   35.75   69.27      0    29887   35.93   69.61      0
 0:   2147483648     536870912     float     sum      -1    61666   34.82   67.47      0    62100   34.58   67.00      0
 0:   4294967296    1073741824     float     sum      -1   121924   35.23   68.25      0   121052   35.48   68.74      0
 0: # Out of bounds values : 0 OK
 0: # Avg bus bandwidth    : 19.8234 
 0: #
 0: 
