0: # nThread 1 nGpus 1 minBytes 8 maxBytes 4294967296 step: 2(factor) warmup iters: 8 iters: 24 agg iters: 1 validation: 1 graph: 0
0: #
0: # Using devices
0: #  Rank  0 Group  0 Pid  86910 on  nid006955 device  0 [0009:01:00] NVIDIA GH200 120GB
0: #  Rank  1 Group  0 Pid  86911 on  nid006955 device  0 [0019:01:00] NVIDIA GH200 120GB
0: #  Rank  2 Group  0 Pid  86916 on  nid006955 device  0 [0029:01:00] NVIDIA GH200 120GB
0: #  Rank  3 Group  0 Pid  86917 on  nid006955 device  0 [0039:01:00] NVIDIA GH200 120GB
0: #
0: #                                                              out-of-place                       in-place          
0: #       size         count      type   redop    root     time   algbw   busbw #wrong     time   algbw   busbw #wrong
0: #        (B)    (elements)                               (us)  (GB/s)  (GB/s)            (us)  (GB/s)  (GB/s)       
0:            8             2     float     sum      -1     9.16    0.00    0.00      0     8.35    0.00    0.00      0
0:           16             4     float     sum      -1     8.43    0.00    0.00      0     8.36    0.00    0.00      0
0:           32             8     float     sum      -1     8.77    0.00    0.01      0     8.77    0.00    0.01      0
0:           64            16     float     sum      -1     9.33    0.01    0.01      0     9.24    0.01    0.01      0
0:          128            32     float     sum      -1     9.40    0.01    0.02      0     9.32    0.01    0.02      0
0:          256            64     float     sum      -1     9.78    0.03    0.04      0     9.29    0.03    0.04      0
0:          512           128     float     sum      -1     9.74    0.05    0.08      0     9.29    0.06    0.08      0
0:         1024           256     float     sum      -1     9.79    0.10    0.16      0     9.31    0.11    0.16      0
0:         2048           512     float     sum      -1     9.86    0.21    0.31      0     9.46    0.22    0.32      0
0:         4096          1024     float     sum      -1     9.97    0.41    0.62      0     9.51    0.43    0.65      0
0:         8192          2048     float     sum      -1    10.25    0.80    1.20      0     9.90    0.83    1.24      0
0:        16384          4096     float     sum      -1    11.04    1.48    2.23      0    10.59    1.55    2.32      0
0:        32768          8192     float     sum      -1    11.26    2.91    4.37      0    10.94    2.99    4.49      0
0:        65536         16384     float     sum      -1    11.54    5.68    8.52      0    11.02    5.95    8.92      0
0:       131072         32768     float     sum      -1    11.82   11.09   16.63      0    11.37   11.52   17.28      0
0:       262144         65536     float     sum      -1    11.96   21.91   32.87      0    11.52   22.75   34.13      0
0:       524288        131072     float     sum      -1    15.05   34.83   52.25      0    14.27   36.74   55.11      0
0:      1048576        262144     float     sum      -1    19.08   54.95   82.43      0    18.75   55.93   83.90      0
0:      2097152        524288     float     sum      -1    30.06   69.77  104.65      0    30.06   69.77  104.65      0
0:      4194304       1048576     float     sum      -1    42.64   98.36  147.55      0    42.35   99.04  148.55      0
0:      8388608       2097152     float     sum      -1    61.88  135.56  203.35      0    60.86  137.82  206.74      0
0:     16777216       4194304     float     sum      -1    107.9  155.49  233.23      0    101.1  165.94  248.92      0
0:     33554432       8388608     float     sum      -1    187.4  179.06  268.59      0    181.7  184.65  276.97      0
0:     67108864      16777216     float     sum      -1    353.2  190.00  285.00      0    345.5  194.22  291.33      0
0:    134217728      33554432     float     sum      -1    669.5  200.49  300.73      0    656.0  204.60  306.90      0
0:    268435456      67108864     float     sum      -1   1337.9  200.64  300.96      0   1287.6  208.48  312.72      0
0:    536870912     134217728     float     sum      -1   2686.2  199.86  299.80      0   2536.8  211.64  317.45      0
0:   1073741824     268435456     float     sum      -1   5285.1  203.16  304.74      0   5062.1  212.12  318.17      0
0:   2147483648     536870912     float     sum      -1    10556  203.44  305.16      0    10058  213.51  320.27      0
0:   4294967296    1073741824     float     sum      -1    20997  204.55  306.82      0    20155  213.10  319.65      0
0:            8             2     float     sum      -1     8.38    0.00    0.00      0     8.37    0.00    0.00      0
0:           16             4     float     sum      -1     8.38    0.00    0.00      0     8.35    0.00    0.00      0
0:           32             8     float     sum      -1     8.75    0.00    0.01      0     8.78    0.00    0.01      0
0:           64            16     float     sum      -1     9.33    0.01    0.01      0     9.23    0.01    0.01      0
0:          128            32     float     sum      -1     9.42    0.01    0.02      0     9.30    0.01    0.02      0
0:          256            64     float     sum      -1     9.78    0.03    0.04      0     9.32    0.03    0.04      0
0:          512           128     float     sum      -1     9.75    0.05    0.08      0     9.45    0.05    0.08      0
0:         1024           256     float     sum      -1     9.81    0.10    0.16      0     9.38    0.11    0.16      0
0:         2048           512     float     sum      -1     9.83    0.21    0.31      0     9.48    0.22    0.32      0
0:         4096          1024     float     sum      -1    10.01    0.41    0.61      0     9.52    0.43    0.65      0
0:         8192          2048     float     sum      -1    10.30    0.80    1.19      0     9.85    0.83    1.25      0
0:        16384          4096     float     sum      -1    11.06    1.48    2.22      0    10.61    1.54    2.32      0
0:        32768          8192     float     sum      -1    11.21    2.92    4.39      0    10.88    3.01    4.52      0
0:        65536         16384     float     sum      -1    11.52    5.69    8.53      0    11.02    5.94    8.92      0
0:       131072         32768     float     sum      -1    11.76   11.15   16.72      0    11.34   11.56   17.34      0
0:       262144         65536     float     sum      -1    12.06   21.73   32.60      0    11.53   22.74   34.10      0
0:       524288        131072     float     sum      -1    15.09   34.74   52.11      0    14.04   37.35   56.02      0
0:      1048576        262144     float     sum      -1    18.79   55.80   83.70      0    18.66   56.19   84.29      0
0:      2097152        524288     float     sum      -1    30.14   69.57  104.36      0    30.15   69.57  104.35      0
0:      4194304       1048576     float     sum      -1    42.67   98.28  147.43      0    42.15   99.51  149.26      0
0:      8388608       2097152     float     sum      -1    61.95  135.41  203.12      0    60.86  137.85  206.77      0
0:     16777216       4194304     float     sum      -1    105.8  158.53  237.79      0    100.9  166.33  249.50      0
0:     33554432       8388608     float     sum      -1    187.2  179.26  268.89      0    182.8  183.53  275.30      0
0:     67108864      16777216     float     sum      -1    351.7  190.81  286.21      0    347.5  193.12  289.68      0
0:    134217728      33554432     float     sum      -1    674.3  199.06  298.59      0    655.4  204.79  307.19      0
0:    268435456      67108864     float     sum      -1   1320.9  203.22  304.83      0   1293.0  207.60  311.41      0
0:    536870912     134217728     float     sum      -1   2639.6  203.39  305.09      0   2511.2  213.79  320.69      0
0:   1073741824     268435456     float     sum      -1   5344.3  200.92  301.37      0   5042.6  212.93  319.40      0
0:   2147483648     536870912     float     sum      -1    10576  203.06  304.59      0    10094  212.74  319.11      0
0:   4294967296    1073741824     float     sum      -1    21058  203.96  305.94      0    20159  213.05  319.58      0
0:            8             2     float     sum      -1     8.33    0.00    0.00      0     8.27    0.00    0.00      0
0:           16             4     float     sum      -1     8.39    0.00    0.00      0     8.35    0.00    0.00      0
0:           32             8     float     sum      -1     8.77    0.00    0.01      0     8.80    0.00    0.01      0
0:           64            16     float     sum      -1     9.38    0.01    0.01      0     9.19    0.01    0.01      0
0:          128            32     float     sum      -1     9.38    0.01    0.02      0     9.28    0.01    0.02      0
0:          256            64     float     sum      -1     9.82    0.03    0.04      0     9.34    0.03    0.04      0
0:          512           128     float     sum      -1     9.77    0.05    0.08      0     9.38    0.05    0.08      0
0:         1024           256     float     sum      -1     9.82    0.10    0.16      0     9.28    0.11    0.17      0
0:         2048           512     float     sum      -1     9.73    0.21    0.32      0     9.38    0.22    0.33      0
0:         4096          1024     float     sum      -1     9.97    0.41    0.62      0     9.60    0.43    0.64      0
0:         8192          2048     float     sum      -1    10.37    0.79    1.19      0    10.28    0.80    1.20      0
0:        16384          4096     float     sum      -1    11.01    1.49    2.23      0    10.61    1.54    2.32      0
0:        32768          8192     float     sum      -1    11.19    2.93    4.39      0    10.79    3.04    4.55      0
0:        65536         16384     float     sum      -1    11.48    5.71    8.56      0    11.01    5.95    8.92      0
0:       131072         32768     float     sum      -1    11.76   11.14   16.72      0    11.34   11.55   17.33      0
0:       262144         65536     float     sum      -1    12.03   21.79   32.69      0    11.58   22.64   33.96      0
0:       524288        131072     float     sum      -1    15.08   34.76   52.14      0    14.09   37.21   55.82      0
0:      1048576        262144     float     sum      -1    18.85   55.63   83.45      0    18.72   56.00   84.00      0
0:      2097152        524288     float     sum      -1    30.19   69.48  104.21      0    30.10   69.66  104.50      0
0:      4194304       1048576     float     sum      -1    42.87   97.85  146.77      0    42.23   99.32  148.98      0
0:      8388608       2097152     float     sum      -1    61.78  135.78  203.67      0    60.98  137.56  206.34      0
0:     16777216       4194304     float     sum      -1    106.0  158.26  237.40      0    100.7  166.54  249.81      0
0:     33554432       8388608     float     sum      -1    188.3  178.21  267.31      0    183.9  182.48  273.71      0
0:     67108864      16777216     float     sum      -1    359.5  186.65  279.98      0    343.1  195.60  293.40      0
0:    134217728      33554432     float     sum      -1    676.9  198.30  297.45      0    650.7  206.27  309.40      0
0:    268435456      67108864     float     sum      -1   1319.2  203.49  305.23      0   1271.6  211.11  316.66      0
0:    536870912     134217728     float     sum      -1   2668.0  201.23  301.84      0   2511.3  213.78  320.68      0
0:   1073741824     268435456     float     sum      -1   5301.5  202.54  303.81      0   5070.9  211.75  317.62      0
0:   2147483648     536870912     float     sum      -1    10548  203.59  305.39      0    10106  212.50  318.75      0
0:   4294967296    1073741824     float     sum      -1    21173  202.85  304.28      0    20147  213.18  319.77      0
0:            8             2     float     sum      -1     8.36    0.00    0.00      0     8.39    0.00    0.00      0
0:           16             4     float     sum      -1     8.39    0.00    0.00      0     8.41    0.00    0.00      0
0:           32             8     float     sum      -1     8.73    0.00    0.01      0     8.74    0.00    0.01      0
0:           64            16     float     sum      -1     9.35    0.01    0.01      0     9.26    0.01    0.01      0
0:          128            32     float     sum      -1     9.43    0.01    0.02      0     9.24    0.01    0.02      0
0:          256            64     float     sum      -1     9.74    0.03    0.04      0     9.29    0.03    0.04      0
0:          512           128     float     sum      -1     9.78    0.05    0.08      0     9.50    0.05    0.08      0
0:         1024           256     float     sum      -1     9.88    0.10    0.16      0     9.34    0.11    0.16      0
0:         2048           512     float     sum      -1     9.80    0.21    0.31      0     9.55    0.21    0.32      0
0:         4096          1024     float     sum      -1     9.96    0.41    0.62      0     9.50    0.43    0.65      0
0:         8192          2048     float     sum      -1    10.23    0.80    1.20      0     9.90    0.83    1.24      0
0:        16384          4096     float     sum      -1    11.00    1.49    2.23      0    10.57    1.55    2.33      0
0:        32768          8192     float     sum      -1    11.21    2.92    4.38      0    10.84    3.02    4.53      0
0:        65536         16384     float     sum      -1    11.50    5.70    8.55      0    11.11    5.90    8.85      0
0:       131072         32768     float     sum      -1    11.78   11.13   16.70      0    11.36   11.54   17.30      0
0:       262144         65536     float     sum      -1    12.00   21.85   32.78      0    11.50   22.80   34.20      0
0:       524288        131072     float     sum      -1    15.03   34.87   52.31      0    14.75   35.53   53.30      0
0:      1048576        262144     float     sum      -1    18.80   55.79   83.69      0    18.70   56.08   84.12      0
0:      2097152        524288     float     sum      -1    30.09   69.69  104.54      0    30.03   69.84  104.76      0
0:      4194304       1048576     float     sum      -1    42.82   97.95  146.93      0    42.31   99.14  148.71      0
0:      8388608       2097152     float     sum      -1    61.45  136.51  204.77      0    60.78  138.00  207.01      0
0:     16777216       4194304     float     sum      -1    106.3  157.77  236.66      0    101.4  165.48  248.22      0
0:     33554432       8388608     float     sum      -1    184.9  181.45  272.18      0    182.9  183.43  275.15      0
0:     67108864      16777216     float     sum      -1    356.8  188.07  282.11      0    340.7  196.97  295.46      0
0:    134217728      33554432     float     sum      -1    695.3  193.04  289.57      0    651.9  205.88  308.82      0
0:    268435456      67108864     float     sum      -1   1333.0  201.38  302.07      0   1273.8  210.73  316.10      0
0:    536870912     134217728     float     sum      -1   2680.4  200.30  300.45      0   2525.6  212.57  318.85      0
0:   1073741824     268435456     float     sum      -1   5325.9  201.61  302.41      0   5044.1  212.87  319.31      0
0:   2147483648     536870912     float     sum      -1    10506  204.40  306.60      0    10074  213.18  319.77      0
0:   4294967296    1073741824     float     sum      -1    21036  204.18  306.26      0    20104  213.64  320.45      0
0:            8             2     float     sum      -1     8.37    0.00    0.00      0     8.34    0.00    0.00      0
0:           16             4     float     sum      -1     8.32    0.00    0.00      0     8.35    0.00    0.00      0
0:           32             8     float     sum      -1     8.77    0.00    0.01      0     8.78    0.00    0.01      0
0:           64            16     float     sum      -1     9.30    0.01    0.01      0     9.24    0.01    0.01      0
0:          128            32     float     sum      -1     9.37    0.01    0.02      0     9.33    0.01    0.02      0
0:          256            64     float     sum      -1     9.75    0.03    0.04      0     9.31    0.03    0.04      0
0:          512           128     float     sum      -1     9.75    0.05    0.08      0     9.37    0.05    0.08      0
0:         1024           256     float     sum      -1     9.80    0.10    0.16      0     9.36    0.11    0.16      0
0:         2048           512     float     sum      -1     9.83    0.21    0.31      0     9.45    0.22    0.33      0
0:         4096          1024     float     sum      -1    10.04    0.41    0.61      0     9.50    0.43    0.65      0
0:         8192          2048     float     sum      -1    10.27    0.80    1.20      0     9.91    0.83    1.24      0
0:        16384          4096     float     sum      -1    11.11    1.48    2.21      0    10.61    1.54    2.32      0
0:        32768          8192     float     sum      -1    11.26    2.91    4.37      0    10.81    3.03    4.55      0
0:        65536         16384     float     sum      -1    11.50    5.70    8.55      0    11.02    5.95    8.92      0
0:       131072         32768     float     sum      -1    11.77   11.14   16.70      0    11.30   11.60   17.40      0
0:       262144         65536     float     sum      -1    12.03   21.80   32.70      0    11.54   22.72   34.08      0
0:       524288        131072     float     sum      -1    15.07   34.79   52.19      0    14.12   37.12   55.69      0
0:      1048576        262144     float     sum      -1    18.87   55.56   83.34      0    18.81   55.74   83.62      0
0:      2097152        524288     float     sum      -1    30.55   68.65  102.97      0    30.21   69.41  104.12      0
0:      4194304       1048576     float     sum      -1    42.77   98.07  147.11      0    42.31   99.13  148.69      0
0:      8388608       2097152     float     sum      -1    61.52  136.35  204.52      0    60.90  137.75  206.62      0
0:     16777216       4194304     float     sum      -1    107.3  156.30  234.46      0    101.3  165.69  248.54      0
0:     33554432       8388608     float     sum      -1    190.3  176.34  264.51      0    184.1  182.24  273.37      0
0:     67108864      16777216     float     sum      -1    348.8  192.39  288.58      0    340.9  196.89  295.33      0
0:    134217728      33554432     float     sum      -1    695.6  192.94  289.41      0    663.5  202.28  303.42      0
0:    268435456      67108864     float     sum      -1   1326.2  202.41  303.61      0   1278.9  209.90  314.85      0
0:    536870912     134217728     float     sum      -1   2633.8  203.84  305.75      0   2555.9  210.05  315.07      0
0:   1073741824     268435456     float     sum      -1   5223.2  205.57  308.36      0   5028.5  213.53  320.30      0
0:   2147483648     536870912     float     sum      -1    10609  202.43  303.64      0    10049  213.70  320.55      0
0:   4294967296    1073741824     float     sum      -1    21049  204.04  306.06      0    20134  213.32  319.98      0
0:            8             2     float     sum      -1     8.36    0.00    0.00      0     8.37    0.00    0.00      0
0:           16             4     float     sum      -1     8.41    0.00    0.00      0     8.37    0.00    0.00      0
0:           32             8     float     sum      -1     8.76    0.00    0.01      0     8.83    0.00    0.01      0
0:           64            16     float     sum      -1     9.35    0.01    0.01      0     9.28    0.01    0.01      0
0:          128            32     float     sum      -1     9.48    0.01    0.02      0     9.30    0.01    0.02      0
0:          256            64     float     sum      -1     9.75    0.03    0.04      0     9.30    0.03    0.04      0
0:          512           128     float     sum      -1     9.75    0.05    0.08      0     9.42    0.05    0.08      0
0:         1024           256     float     sum      -1     9.78    0.10    0.16      0     9.41    0.11    0.16      0
0:         2048           512     float     sum      -1     9.86    0.21    0.31      0     9.40    0.22    0.33      0
0:         4096          1024     float     sum      -1    10.01    0.41    0.61      0     9.58    0.43    0.64      0
0:         8192          2048     float     sum      -1    10.24    0.80    1.20      0     9.87    0.83    1.24      0
0:        16384          4096     float     sum      -1    11.02    1.49    2.23      0    10.53    1.56    2.33      0
0:        32768          8192     float     sum      -1    11.23    2.92    4.38      0    10.91    3.00    4.50      0
0:        65536         16384     float     sum      -1    11.54    5.68    8.52      0    11.08    5.91    8.87      0
0:       131072         32768     float     sum      -1    11.71   11.20   16.79      0    11.37   11.52   17.29      0
0:       262144         65536     float     sum      -1    12.00   21.84   32.76      0    11.47   22.86   34.29      0
0:       524288        131072     float     sum      -1    15.35   34.15   51.23      0    14.15   37.05   55.57      0
0:      1048576        262144     float     sum      -1    18.91   55.46   83.19      0    18.76   55.89   83.84      0
0:      2097152        524288     float     sum      -1    30.14   69.58  104.37      0    30.10   69.66  104.49      0
0:      4194304       1048576     float     sum      -1    42.75   98.11  147.17      0    42.23   99.33  149.00      0
0:      8388608       2097152     float     sum      -1    61.61  136.16  204.25      0    60.99  137.53  206.30      0
0:     16777216       4194304     float     sum      -1    107.3  156.36  234.54      0    100.8  166.43  249.64      0
0:     33554432       8388608     float     sum      -1    186.0  180.36  270.55      0    184.3  182.03  273.04      0
0:     67108864      16777216     float     sum      -1    348.9  192.34  288.51      0    344.6  194.76  292.14      0
0:    134217728      33554432     float     sum      -1    681.2  197.03  295.54      0    662.8  202.50  303.75      0
0:    268435456      67108864     float     sum      -1   1333.8  201.26  301.89      0   1293.1  207.60  311.39      0
0:    536870912     134217728     float     sum      -1   2687.3  199.78  299.67      0   2510.1  213.88  320.82      0
0:   1073741824     268435456     float     sum      -1   5324.5  201.66  302.49      0   5029.7  213.48  320.22      0
0:   2147483648     536870912     float     sum      -1    10547  203.60  305.40      0    10112  212.38  318.56      0
0:   4294967296    1073741824     float     sum      -1    21057  203.97  305.95      0    20113  213.54  320.31      0
0:            8             2     float     sum      -1     8.80    0.00    0.00      0     8.94    0.00    0.00      0
0:           16             4     float     sum      -1     8.41    0.00    0.00      0     8.36    0.00    0.00      0
0:           32             8     float     sum      -1     8.77    0.00    0.01      0     8.74    0.00    0.01      0
0:           64            16     float     sum      -1     9.39    0.01    0.01      0     9.25    0.01    0.01      0
0:          128            32     float     sum      -1     9.35    0.01    0.02      0     9.32    0.01    0.02      0
0:          256            64     float     sum      -1     9.72    0.03    0.04      0     9.30    0.03    0.04      0
0:          512           128     float     sum      -1     9.82    0.05    0.08      0     9.40    0.05    0.08      0
0:         1024           256     float     sum      -1     9.76    0.10    0.16      0     9.33    0.11    0.16      0
0:         2048           512     float     sum      -1     9.74    0.21    0.32      0     9.39    0.22    0.33      0
0:         4096          1024     float     sum      -1    10.01    0.41    0.61      0     9.51    0.43    0.65      0
0:         8192          2048     float     sum      -1    10.34    0.79    1.19      0     9.91    0.83    1.24      0
0:        16384          4096     float     sum      -1    11.05    1.48    2.22      0    10.57    1.55    2.32      0
0:        32768          8192     float     sum      -1    11.25    2.91    4.37      0    10.85    3.02    4.53      0
0:        65536         16384     float     sum      -1    11.51    5.69    8.54      0    11.05    5.93    8.90      0
0:       131072         32768     float     sum      -1    11.78   11.13   16.69      0    11.35   11.55   17.33      0
0:       262144         65536     float     sum      -1    11.94   21.95   32.92      0    11.54   22.71   34.07      0
0:       524288        131072     float     sum      -1    15.07   34.79   52.18      0    14.07   37.27   55.91      0
0:      1048576        262144     float     sum      -1    18.85   55.62   83.43      0    18.78   55.85   83.77      0
0:      2097152        524288     float     sum      -1    30.19   69.47  104.20      0    30.07   69.75  104.63      0
0:      4194304       1048576     float     sum      -1    42.82   97.95  146.93      0    42.27   99.24  148.85      0
0:      8388608       2097152     float     sum      -1    62.00  135.31  202.96      0    61.06  137.39  206.08      0
0:     16777216       4194304     float     sum      -1    105.9  158.48  237.73      0    101.4  165.48  248.23      0
0:     33554432       8388608     float     sum      -1    185.3  181.12  271.68      0    182.5  183.85  275.77      0
0:     67108864      16777216     float     sum      -1    360.6  186.08  279.12      0    343.2  195.53  293.30      0
0:    134217728      33554432     float     sum      -1    694.4  193.29  289.94      0    655.1  204.88  307.33      0
0:    268435456      67108864     float     sum      -1   1328.5  202.06  303.09      0   1270.1  211.35  317.03      0
0:    536870912     134217728     float     sum      -1   2677.3  200.53  300.79      0   2520.4  213.01  319.51      0
0:   1073741824     268435456     float     sum      -1   5340.0  201.07  301.61      0   5033.3  213.33  319.99      0
0:   2147483648     536870912     float     sum      -1    10580  202.97  304.46      0    10105  212.52  318.77      0
0:   4294967296    1073741824     float     sum      -1    21197  202.62  303.94      0    20094  213.75  320.62      0
0:            8             2     float     sum      -1     8.35    0.00    0.00      0     8.44    0.00    0.00      0
0:           16             4     float     sum      -1     8.33    0.00    0.00      0     8.39    0.00    0.00      0
0:           32             8     float     sum      -1     8.79    0.00    0.01      0     8.77    0.00    0.01      0
0:           64            16     float     sum      -1     9.41    0.01    0.01      0     9.25    0.01    0.01      0
0:          128            32     float     sum      -1     9.40    0.01    0.02      0     9.35    0.01    0.02      0
0:          256            64     float     sum      -1     9.76    0.03    0.04      0     9.29    0.03    0.04      0
0:          512           128     float     sum      -1     9.71    0.05    0.08      0     9.37    0.05    0.08      0
0:         1024           256     float     sum      -1     9.78    0.10    0.16      0     9.33    0.11    0.16      0
0:         2048           512     float     sum      -1     9.86    0.21    0.31      0     9.51    0.22    0.32      0
0:         4096          1024     float     sum      -1     9.95    0.41    0.62      0     9.55    0.43    0.64      0
0:         8192          2048     float     sum      -1    10.21    0.80    1.20      0     9.88    0.83    1.24      0
0:        16384          4096     float     sum      -1    10.98    1.49    2.24      0    10.60    1.55    2.32      0
0:        32768          8192     float     sum      -1    11.24    2.91    4.37      0    10.89    3.01    4.51      0
0:        65536         16384     float     sum      -1    11.50    5.70    8.55      0    11.10    5.90    8.86      0
0:       131072         32768     float     sum      -1    11.69   11.21   16.81      0    11.35   11.55   17.33      0
0:       262144         65536     float     sum      -1    11.97   21.91   32.86      0    11.49   22.82   34.23      0
0:       524288        131072     float     sum      -1    15.06   34.82   52.22      0    14.07   37.26   55.89      0
0:      1048576        262144     float     sum      -1    18.77   55.87   83.80      0    18.68   56.14   84.21      0
0:      2097152        524288     float     sum      -1    30.04   69.80  104.71      0    30.04   69.81  104.72      0
0:      4194304       1048576     float     sum      -1    42.79   98.01  147.02      0    42.34   99.07  148.60      0
0:      8388608       2097152     float     sum      -1    61.78  135.78  203.67      0    60.79  137.99  206.99      0
0:     16777216       4194304     float     sum      -1    106.4  157.74  236.62      0    101.1  165.95  248.93      0
0:     33554432       8388608     float     sum      -1    188.0  178.48  267.73      0    182.1  184.25  276.37      0
0:     67108864      16777216     float     sum      -1    344.5  194.78  292.17      0    342.7  195.83  293.74      0
0:    134217728      33554432     float     sum      -1    668.2  200.85  301.28      0    651.1  206.14  309.22      0
0:    268435456      67108864     float     sum      -1   1361.2  197.21  295.81      0   1267.2  211.83  317.74      0
0:    536870912     134217728     float     sum      -1   2653.2  202.35  303.52      0   2535.5  211.74  317.62      0
0:   1073741824     268435456     float     sum      -1   5220.6  205.67  308.51      0   5028.7  213.52  320.29      0
0:   2147483648     536870912     float     sum      -1    10584  202.90  304.35      0   9996.2  214.83  322.24      0
0:   4294967296    1073741824     float     sum      -1    21110  203.46  305.18      0    20066  214.04  321.07      0
0:            8             2     float     sum      -1     8.37    0.00    0.00      0     8.38    0.00    0.00      0
0:           16             4     float     sum      -1     8.46    0.00    0.00      0     8.34    0.00    0.00      0
0:           32             8     float     sum      -1     8.77    0.00    0.01      0     8.82    0.00    0.01      0
0:           64            16     float     sum      -1     9.43    0.01    0.01      0     9.26    0.01    0.01      0
0:          128            32     float     sum      -1     9.42    0.01    0.02      0     9.28    0.01    0.02      0
0:          256            64     float     sum      -1     9.82    0.03    0.04      0     9.31    0.03    0.04      0
0:          512           128     float     sum      -1     9.79    0.05    0.08      0     9.34    0.05    0.08      0
0:         1024           256     float     sum      -1     9.86    0.10    0.16      0     9.38    0.11    0.16      0
0:         2048           512     float     sum      -1     9.81    0.21    0.31      0     9.45    0.22    0.33      0
0:         4096          1024     float     sum      -1     9.98    0.41    0.62      0     9.50    0.43    0.65      0
0:         8192          2048     float     sum      -1    10.27    0.80    1.20      0     9.87    0.83    1.24      0
0:        16384          4096     float     sum      -1    11.02    1.49    2.23      0    10.59    1.55    2.32      0
0:        32768          8192     float     sum      -1    11.30    2.90    4.35      0    10.82    3.03    4.54      0
0:        65536         16384     float     sum      -1    11.47    5.71    8.57      0    11.01    5.95    8.93      0
0:       131072         32768     float     sum      -1    12.03   10.90   16.34      0    11.51   11.39   17.09      0
0:       262144         65536     float     sum      -1    11.97   21.90   32.85      0    11.52   22.76   34.13      0
0:       524288        131072     float     sum      -1    15.05   34.84   52.26      0    14.13   37.12   55.67      0
0:      1048576        262144     float     sum      -1    18.84   55.66   83.49      0    18.72   56.03   84.04      0
0:      2097152        524288     float     sum      -1    30.17   69.51  104.26      0    30.10   69.68  104.52      0
0:      4194304       1048576     float     sum      -1    42.81   97.98  146.97      0    42.19   99.41  149.12      0
0:      8388608       2097152     float     sum      -1    62.00  135.30  202.95      0    60.92  137.69  206.54      0
0:     16777216       4194304     float     sum      -1    107.3  156.35  234.53      0    101.2  165.75  248.63      0
0:     33554432       8388608     float     sum      -1    187.8  178.71  268.06      0    183.0  183.32  274.99      0
0:     67108864      16777216     float     sum      -1    351.7  190.82  286.23      0    347.8  192.93  289.39      0
0:    134217728      33554432     float     sum      -1    668.6  200.75  301.12      0    653.2  205.47  308.20      0
0:    268435456      67108864     float     sum      -1   1357.9  197.68  296.52      0   1263.9  212.38  318.57      0
0:    536870912     134217728     float     sum      -1   2702.0  198.69  298.04      0   2532.6  211.99  317.98      0
0:   1073741824     268435456     float     sum      -1   5304.8  202.41  303.61      0   5058.1  212.28  318.42      0
0:   2147483648     536870912     float     sum      -1    10550  203.55  305.33      0    10094  212.74  319.11      0
0:   4294967296    1073741824     float     sum      -1    21174  202.84  304.26      0    20080  213.89  320.84      0
0:            8             2     float     sum      -1     8.37    0.00    0.00      0     8.42    0.00    0.00      0
0:           16             4     float     sum      -1     8.40    0.00    0.00      0     8.33    0.00    0.00      0
0:           32             8     float     sum      -1     8.85    0.00    0.01      0     8.80    0.00    0.01      0
0:           64            16     float     sum      -1     9.36    0.01    0.01      0     9.23    0.01    0.01      0
0:          128            32     float     sum      -1     9.43    0.01    0.02      0     9.37    0.01    0.02      0
0:          256            64     float     sum      -1     9.77    0.03    0.04      0     9.27    0.03    0.04      0
0:          512           128     float     sum      -1     9.76    0.05    0.08      0     9.36    0.05    0.08      0
0:         1024           256     float     sum      -1     9.80    0.10    0.16      0     9.35    0.11    0.16      0
0:         2048           512     float     sum      -1     9.83    0.21    0.31      0     9.49    0.22    0.32      0
0:         4096          1024     float     sum      -1     9.99    0.41    0.62      0     9.62    0.43    0.64      0
0:         8192          2048     float     sum      -1    10.27    0.80    1.20      0     9.95    0.82    1.24      0
0:        16384          4096     float     sum      -1    10.99    1.49    2.24      0    10.59    1.55    2.32      0
0:        32768          8192     float     sum      -1    11.23    2.92    4.38      0    10.83    3.02    4.54      0
0:        65536         16384     float     sum      -1    11.46    5.72    8.58      0    11.02    5.95    8.92      0
0:       131072         32768     float     sum      -1    11.81   11.10   16.65      0    11.31   11.59   17.38      0
0:       262144         65536     float     sum      -1    12.01   21.83   32.74      0    11.51   22.78   34.17      0
0:       524288        131072     float     sum      -1    15.08   34.77   52.15      0    14.06   37.29   55.94      0
0:      1048576        262144     float     sum      -1    18.85   55.63   83.44      0    18.69   56.10   84.15      0
0:      2097152        524288     float     sum      -1    30.13   69.59  104.39      0    30.05   69.80  104.70      0
0:      4194304       1048576     float     sum      -1    42.80   98.00  147.01      0    42.33   99.07  148.61      0
0:      8388608       2097152     float     sum      -1    61.45  136.51  204.77      0    61.05  137.39  206.09      0
0:     16777216       4194304     float     sum      -1    107.3  156.37  234.56      0    101.0  166.11  249.17      0
0:     33554432       8388608     float     sum      -1    186.9  179.58  269.37      0    183.3  183.02  274.53      0
0:     67108864      16777216     float     sum      -1    357.2  187.86  281.79      0    343.4  195.42  293.13      0
0:    134217728      33554432     float     sum      -1    675.4  198.71  298.07      0    650.3  206.40  309.61      0
0:    268435456      67108864     float     sum      -1   1347.4  199.22  298.83      0   1279.5  209.80  314.70      0
0:    536870912     134217728     float     sum      -1   2678.1  200.47  300.70      0   2545.0  210.95  316.42      0
0:   1073741824     268435456     float     sum      -1   5287.9  203.06  304.58      0   5040.6  213.02  319.53      0
0:   2147483648     536870912     float     sum      -1    10600  202.59  303.88      0    10050  213.68  320.52      0
0:   4294967296    1073741824     float     sum      -1    20988  204.64  306.96      0    20145  213.20  319.80      0
0: # Out of bounds values : 0 OK
0: # Avg bus bandwidth    : 110.782 
0: #
0: 
