 0: # nThread 1 nGpus 1 minBytes 8 maxBytes 4294967296 step: 2(factor) warmup iters: 8 iters: 24 agg iters: 1 validation: 1 graph: 0
 0: #
 0: # Using devices
 0: #  Rank  0 Group  0 Pid 170839 on  nid007018 device  0 [0009:01:00] NVIDIA GH200 120GB
 0: #  Rank  1 Group  0 Pid 170840 on  nid007018 device  0 [0019:01:00] NVIDIA GH200 120GB
 0: #  Rank  2 Group  0 Pid 170841 on  nid007018 device  0 [0029:01:00] NVIDIA GH200 120GB
 0: #  Rank  3 Group  0 Pid 170842 on  nid007018 device  0 [0039:01:00] NVIDIA GH200 120GB
 0: #  Rank  4 Group  0 Pid 131679 on  nid007025 device  0 [0009:01:00] NVIDIA GH200 120GB
 0: #  Rank  5 Group  0 Pid 131680 on  nid007025 device  0 [0019:01:00] NVIDIA GH200 120GB
 0: #  Rank  6 Group  0 Pid 131681 on  nid007025 device  0 [0029:01:00] NVIDIA GH200 120GB
 0: #  Rank  7 Group  0 Pid 131682 on  nid007025 device  0 [0039:01:00] NVIDIA GH200 120GB
 0: #  Rank  8 Group  0 Pid  36261 on  nid007027 device  0 [0009:01:00] NVIDIA GH200 120GB
 0: #  Rank  9 Group  0 Pid  36262 on  nid007027 device  0 [0019:01:00] NVIDIA GH200 120GB
 0: #  Rank 10 Group  0 Pid  36263 on  nid007027 device  0 [0029:01:00] NVIDIA GH200 120GB
 0: #  Rank 11 Group  0 Pid  36264 on  nid007027 device  0 [0039:01:00] NVIDIA GH200 120GB
 0: #  Rank 12 Group  0 Pid 215730 on  nid007029 device  0 [0009:01:00] NVIDIA GH200 120GB
 0: #  Rank 13 Group  0 Pid 215731 on  nid007029 device  0 [0019:01:00] NVIDIA GH200 120GB
 0: #  Rank 14 Group  0 Pid 215732 on  nid007029 device  0 [0029:01:00] NVIDIA GH200 120GB
 0: #  Rank 15 Group  0 Pid 215733 on  nid007029 device  0 [0039:01:00] NVIDIA GH200 120GB
 0: #  Rank 16 Group  0 Pid 179563 on  nid007030 device  0 [0009:01:00] NVIDIA GH200 120GB
 0: #  Rank 17 Group  0 Pid 179564 on  nid007030 device  0 [0019:01:00] NVIDIA GH200 120GB
 0: #  Rank 18 Group  0 Pid 179565 on  nid007030 device  0 [0029:01:00] NVIDIA GH200 120GB
 0: #  Rank 19 Group  0 Pid 179566 on  nid007030 device  0 [0039:01:00] NVIDIA GH200 120GB
 0: #  Rank 20 Group  0 Pid 265555 on  nid007038 device  0 [0009:01:00] NVIDIA GH200 120GB
 0: #  Rank 21 Group  0 Pid 265556 on  nid007038 device  0 [0019:01:00] NVIDIA GH200 120GB
 0: #  Rank 22 Group  0 Pid 265557 on  nid007038 device  0 [0029:01:00] NVIDIA GH200 120GB
 0: #  Rank 23 Group  0 Pid 265558 on  nid007038 device  0 [0039:01:00] NVIDIA GH200 120GB
 0: #  Rank 24 Group  0 Pid 105297 on  nid007057 device  0 [0009:01:00] NVIDIA GH200 120GB
 0: #  Rank 25 Group  0 Pid 105298 on  nid007057 device  0 [0019:01:00] NVIDIA GH200 120GB
 0: #  Rank 26 Group  0 Pid 105299 on  nid007057 device  0 [0029:01:00] NVIDIA GH200 120GB
 0: #  Rank 27 Group  0 Pid 105300 on  nid007057 device  0 [0039:01:00] NVIDIA GH200 120GB
 0: #  Rank 28 Group  0 Pid  59656 on  nid007058 device  0 [0009:01:00] NVIDIA GH200 120GB
 0: #  Rank 29 Group  0 Pid  59657 on  nid007058 device  0 [0019:01:00] NVIDIA GH200 120GB
 0: #  Rank 30 Group  0 Pid  59658 on  nid007058 device  0 [0029:01:00] NVIDIA GH200 120GB
 0: #  Rank 31 Group  0 Pid  59659 on  nid007058 device  0 [0039:01:00] NVIDIA GH200 120GB
 0: #
 0: #                                                              out-of-place                       in-place          
 0: #       size         count      type   redop    root     time   algbw   busbw #wrong     time   algbw   busbw #wrong
 0: #        (B)    (elements)                               (us)  (GB/s)  (GB/s)            (us)  (GB/s)  (GB/s)       
 0:            8             2     float     sum      -1    562.0    0.00    0.00      0    496.7    0.00    0.00      0
 0:           16             4     float     sum      -1    581.7    0.00    0.00      0    405.5    0.00    0.00      0
 0:           32             8     float     sum      -1    413.9    0.00    0.00      0    393.2    0.00    0.00      0
 0:           64            16     float     sum      -1    403.5    0.00    0.00      0    405.3    0.00    0.00      0
 0:          128            32     float     sum      -1    335.6    0.00    0.00      0    327.8    0.00    0.00      0
 0:          256            64     float     sum      -1    329.4    0.00    0.00      0    336.7    0.00    0.00      0
 0:          512           128     float     sum      -1    337.9    0.00    0.00      0    335.9    0.00    0.00      0
 0:         1024           256     float     sum      -1    334.2    0.00    0.01      0    330.2    0.00    0.01      0
 0:         2048           512     float     sum      -1    343.4    0.01    0.01      0    335.4    0.01    0.01      0
 0:         4096          1024     float     sum      -1    378.1    0.01    0.02      0    558.7    0.01    0.01      0
 0:         8192          2048     float     sum      -1    761.3    0.01    0.02      0    751.0    0.01    0.02      0
 0:        16384          4096     float     sum      -1   1961.6    0.01    0.02      0   2221.8    0.01    0.01      0
 0:        32768          8192     float     sum      -1   2804.0    0.01    0.02      0   2760.6    0.01    0.02      0
 0:        65536         16384     float     sum      -1   3056.4    0.02    0.04      0   2960.4    0.02    0.04      0
 0:       131072         32768     float     sum      -1   2982.2    0.04    0.09      0   2967.4    0.04    0.09      0
 0:       262144         65536     float     sum      -1   3147.4    0.08    0.16      0   3019.6    0.09    0.17      0
 0:       524288        131072     float     sum      -1    703.2    0.75    1.44      0    682.0    0.77    1.49      0
 0:      1048576        262144     float     sum      -1    64835    0.02    0.03      0    25416    0.04    0.08      0
 0:      2097152        524288     float     sum      -1    25744    0.08    0.16      0    24403    0.09    0.17      0
 0:      4194304       1048576     float     sum      -1    25084    0.17    0.32      0    25095    0.17    0.32      0
