0: # nThread 1 nGpus 1 minBytes 8 maxBytes 4294967296 step: 2(factor) warmup iters: 8 iters: 24 agg iters: 1 validation: 1 graph: 0
0: #
0: # Using devices
0: #  Rank  0 Group  0 Pid 249125 on  nid007032 device  0 [0009:01:00] NVIDIA GH200 120GB
0: #  Rank  1 Group  0 Pid 249126 on  nid007032 device  0 [0019:01:00] NVIDIA GH200 120GB
0: #  Rank  2 Group  0 Pid 249129 on  nid007032 device  0 [0029:01:00] NVIDIA GH200 120GB
0: #  Rank  3 Group  0 Pid 249130 on  nid007032 device  0 [0039:01:00] NVIDIA GH200 120GB
0: #  Rank  4 Group  0 Pid  71104 on  nid007120 device  0 [0009:01:00] NVIDIA GH200 120GB
0: #  Rank  5 Group  0 Pid  71105 on  nid007120 device  0 [0019:01:00] NVIDIA GH200 120GB
0: #  Rank  6 Group  0 Pid  71106 on  nid007120 device  0 [0029:01:00] NVIDIA GH200 120GB
0: #  Rank  7 Group  0 Pid  71107 on  nid007120 device  0 [0039:01:00] NVIDIA GH200 120GB
0: #
0: #                                                              out-of-place                       in-place          
0: #       size         count      type   redop    root     time   algbw   busbw #wrong     time   algbw   busbw #wrong
0: #        (B)    (elements)                               (us)  (GB/s)  (GB/s)            (us)  (GB/s)  (GB/s)       
0:            8             2     float     sum      -1    15.68    0.00    0.00      0    15.49    0.00    0.00      0
0:           16             4     float     sum      -1    15.52    0.00    0.00      0    15.64    0.00    0.00      0
0:           32             8     float     sum      -1    15.52    0.00    0.00      0    15.73    0.00    0.00      0
0:           64            16     float     sum      -1    17.12    0.00    0.01      0    17.36    0.00    0.01      0
0:          128            32     float     sum      -1    25.68    0.00    0.01      0    25.79    0.00    0.01      0
0:          256            64     float     sum      -1    26.32    0.01    0.02      0    29.23    0.01    0.02      0
0:          512           128     float     sum      -1    26.76    0.02    0.03      0    26.90    0.02    0.03      0
0:         1024           256     float     sum      -1    27.55    0.04    0.07      0    27.23    0.04    0.07      0
0:         2048           512     float     sum      -1    28.66    0.07    0.13      0    28.27    0.07    0.13      0
0:         4096          1024     float     sum      -1    30.79    0.13    0.23      0    30.45    0.13    0.24      0
0:         8192          2048     float     sum      -1    31.33    0.26    0.46      0    31.15    0.26    0.46      0
0:        16384          4096     float     sum      -1    32.44    0.51    0.88      0    31.89    0.51    0.90      0
0:        32768          8192     float     sum      -1    36.51    0.90    1.57      0    32.53    1.01    1.76      0
0:        65536         16384     float     sum      -1    59.40    1.10    1.93      0    59.47    1.10    1.93      0
0:       131072         32768     float     sum      -1    286.4    0.46    0.80      0    285.5    0.46    0.80      0
0:       262144         65536     float     sum      -1    379.9    0.69    1.21      0    346.7    0.76    1.32      0
0:       524288        131072     float     sum      -1    468.9    1.12    1.96      0    451.2    1.16    2.03      0
0:      1048576        262144     float     sum      -1    586.6    1.79    3.13      0    559.3    1.87    3.28      0
0:      2097152        524288     float     sum      -1    182.5   11.49   20.11      0    195.7   10.71   18.75      0
0:      4194304       1048576     float     sum      -1    290.6   14.43   25.26      0    306.4   13.69   23.95      0
0:      8388608       2097152     float     sum      -1    354.5   23.66   41.41      0    371.6   22.58   39.51      0
0:     16777216       4194304     float     sum      -1    471.0   35.62   62.34      0    495.9   33.83   59.21      0
0:     33554432       8388608     float     sum      -1  1501699    0.02    0.04      0   1125.9   29.80   52.15      0
0:     67108864      16777216     float     sum      -1   1187.4   56.52   98.90      0   1208.9   55.51   97.14      0
0:    134217728      33554432     float     sum      -1   1960.0   68.48  119.84      0   1989.5   67.46  118.06      0
0:    268435456      67108864     float     sum      -1   3474.6   77.26  135.20      0   3511.3   76.45  133.79      0
0:    536870912     134217728     float     sum      -1   6514.2   82.42  144.23      0   6536.4   82.14  143.74      0
0:   1073741824     268435456     float     sum      -1    12600   85.22  149.13      0    12640   84.95  148.66      0
0:   2147483648     536870912     float     sum      -1    24785   86.64  151.63      0    24856   86.40  151.19      0
0:   4294967296    1073741824     float     sum      -1    49174   87.34  152.85      0    49265   87.18  152.57      0
0:            8             2     float     sum      -1    15.95    0.00    0.00      0    15.43    0.00    0.00      0
0:           16             4     float     sum      -1    15.56    0.00    0.00      0    15.02    0.00    0.00      0
0:           32             8     float     sum      -1    15.27    0.00    0.00      0    15.25    0.00    0.00      0
0:           64            16     float     sum      -1    16.72    0.00    0.01      0    16.50    0.00    0.01      0
0:          128            32     float     sum      -1    25.78    0.00    0.01      0    25.37    0.01    0.01      0
0:          256            64     float     sum      -1    25.93    0.01    0.02      0    25.68    0.01    0.02      0
0:          512           128     float     sum      -1    26.49    0.02    0.03      0    26.24    0.02    0.03      0
0:         1024           256     float     sum      -1    27.17    0.04    0.07      0    26.90    0.04    0.07      0
0:         2048           512     float     sum      -1    28.15    0.07    0.13      0    27.77    0.07    0.13      0
0:         4096          1024     float     sum      -1    30.35    0.13    0.24      0    30.13    0.14    0.24      0
0:         8192          2048     float     sum      -1    31.11    0.26    0.46      0    30.71    0.27    0.47      0
0:        16384          4096     float     sum      -1    31.68    0.52    0.91      0    31.03    0.53    0.92      0
0:        32768          8192     float     sum      -1    32.70    1.00    1.75      0    32.33    1.01    1.77      0
0:        65536         16384     float     sum      -1    59.12    1.11    1.94      0    59.12    1.11    1.94      0
0:       131072         32768     float     sum      -1    60.21    2.18    3.81      0    59.60    2.20    3.85      0
0:       262144         65536     float     sum      -1    84.02    3.12    5.46      0    82.99    3.16    5.53      0
0:       524288        131072     float     sum      -1    93.42    5.61    9.82      0    92.37    5.68    9.93      0
0:      1048576        262144     float     sum      -1    110.7    9.47   16.57      0    110.5    9.49   16.60      0
0:      2097152        524288     float     sum      -1    173.4   12.09   21.16      0    186.8   11.23   19.65      0
0:      4194304       1048576     float     sum      -1    272.3   15.40   26.95      0    300.2   13.97   24.45      0
0:      8388608       2097152     float     sum      -1    323.1   25.97   45.44      0    351.2   23.89   41.80      0
0:     16777216       4194304     float     sum      -1    433.0   38.74   67.80      0    460.5   36.44   63.76      0
0:     33554432       8388608     float     sum      -1  1540948    0.02    0.04      0   1164.6   28.81   50.42      0
0:     67108864      16777216     float     sum      -1   1179.2   56.91   99.59      0   1220.6   54.98   96.22      0
0:    134217728      33554432     float     sum      -1   1960.9   68.45  119.78      0   1990.1   67.44  118.03      0
0:    268435456      67108864     float     sum      -1   3461.4   77.55  135.72      0   3509.5   76.49  133.85      0
0:    536870912     134217728     float     sum      -1   6501.3   82.58  144.51      0   6543.0   82.05  143.59      0
0:   1073741824     268435456     float     sum      -1    12602   85.20  149.11      0    12640   84.95  148.66      0
0:   2147483648     536870912     float     sum      -1    24801   86.59  151.53      0    24867   86.36  151.13      0
0:   4294967296    1073741824     float     sum      -1    49115   87.45  153.03      0    49289   87.14  152.49      0
0:            8             2     float     sum      -1    15.71    0.00    0.00      0    15.16    0.00    0.00      0
0:           16             4     float     sum      -1    15.18    0.00    0.00      0    14.99    0.00    0.00      0
0:           32             8     float     sum      -1    15.17    0.00    0.00      0    15.21    0.00    0.00      0
0:           64            16     float     sum      -1    16.63    0.00    0.01      0    16.43    0.00    0.01      0
0:          128            32     float     sum      -1    25.46    0.01    0.01      0    25.38    0.01    0.01      0
0:          256            64     float     sum      -1    26.39    0.01    0.02      0    25.63    0.01    0.02      0
0:          512           128     float     sum      -1    26.43    0.02    0.03      0    26.45    0.02    0.03      0
0:         1024           256     float     sum      -1    27.25    0.04    0.07      0    26.65    0.04    0.07      0
0:         2048           512     float     sum      -1    28.12    0.07    0.13      0    27.88    0.07    0.13      0
0:         4096          1024     float     sum      -1    30.55    0.13    0.23      0    30.19    0.14    0.24      0
0:         8192          2048     float     sum      -1    31.32    0.26    0.46      0    30.97    0.26    0.46      0
0:        16384          4096     float     sum      -1    32.03    0.51    0.90      0    31.04    0.53    0.92      0
0:        32768          8192     float     sum      -1    32.73    1.00    1.75      0    32.57    1.01    1.76      0
0:        65536         16384     float     sum      -1    59.02    1.11    1.94      0    58.81    1.11    1.95      0
0:       131072         32768     float     sum      -1    60.10    2.18    3.82      0    59.50    2.20    3.85      0
0:       262144         65536     float     sum      -1    84.23    3.11    5.45      0    83.20    3.15    5.51      0
0:       524288        131072     float     sum      -1    92.91    5.64    9.88      0    92.31    5.68    9.94      0
0:      1048576        262144     float     sum      -1    110.7    9.47   16.58      0    110.4    9.50   16.62      0
0:      2097152        524288     float     sum      -1    173.0   12.12   21.22      0    186.5   11.24   19.68      0
0:      4194304       1048576     float     sum      -1    269.8   15.55   27.21      0    296.8   14.13   24.73      0
0:      8388608       2097152     float     sum      -1    325.0   25.81   45.17      0    351.6   23.86   41.75      0
0:     16777216       4194304     float     sum      -1    433.7   38.68   67.70      0    459.7   36.50   63.87      0
0:     33554432       8388608     float     sum      -1  1536023    0.02    0.04      0   1147.8   29.23   51.16      0
0:     67108864      16777216     float     sum      -1   1185.9   56.59   99.03      0   1213.4   55.31   96.79      0
0:    134217728      33554432     float     sum      -1   1948.5   68.88  120.54      0   2004.0   66.98  117.21      0
0:    268435456      67108864     float     sum      -1   3468.6   77.39  135.43      0   3496.9   76.76  134.34      0
0:    536870912     134217728     float     sum      -1   6504.0   82.54  144.45      0   6550.9   81.95  143.42      0
0:   1073741824     268435456     float     sum      -1    12621   85.07  148.88      0    12639   84.96  148.67      0
0:   2147483648     536870912     float     sum      -1    24769   86.70  151.72      0    24867   86.36  151.13      0
0:   4294967296    1073741824     float     sum      -1    49140   87.40  152.96      0    49266   87.18  152.56      0
0:            8             2     float     sum      -1    15.85    0.00    0.00      0    15.32    0.00    0.00      0
0:           16             4     float     sum      -1    15.17    0.00    0.00      0    15.00    0.00    0.00      0
0:           32             8     float     sum      -1    15.20    0.00    0.00      0    15.11    0.00    0.00      0
0:           64            16     float     sum      -1    16.67    0.00    0.01      0    16.48    0.00    0.01      0
0:          128            32     float     sum      -1    25.67    0.00    0.01      0    25.29    0.01    0.01      0
0:          256            64     float     sum      -1    26.02    0.01    0.02      0    25.61    0.01    0.02      0
0:          512           128     float     sum      -1    26.29    0.02    0.03      0    26.27    0.02    0.03      0
0:         1024           256     float     sum      -1    27.37    0.04    0.07      0    26.84    0.04    0.07      0
0:         2048           512     float     sum      -1    28.22    0.07    0.13      0    27.80    0.07    0.13      0
0:         4096          1024     float     sum      -1    30.52    0.13    0.23      0    30.28    0.14    0.24      0
0:         8192          2048     float     sum      -1    31.23    0.26    0.46      0    30.67    0.27    0.47      0
0:        16384          4096     float     sum      -1    31.88    0.51    0.90      0    31.06    0.53    0.92      0
0:        32768          8192     float     sum      -1    32.87    1.00    1.74      0    32.29    1.01    1.78      0
0:        65536         16384     float     sum      -1    58.83    1.11    1.95      0    58.52    1.12    1.96      0
0:       131072         32768     float     sum      -1    59.67    2.20    3.84      0    59.64    2.20    3.85      0
0:       262144         65536     float     sum      -1    84.16    3.11    5.45      0    83.20    3.15    5.51      0
0:       524288        131072     float     sum      -1    92.77    5.65    9.89      0    92.42    5.67    9.93      0
0:      1048576        262144     float     sum      -1    110.7    9.47   16.57      0    110.8    9.46   16.56      0
0:      2097152        524288     float     sum      -1    173.5   12.09   21.15      0    183.4   11.44   20.01      0
0:      4194304       1048576     float     sum      -1    273.0   15.36   26.89      0    301.2   13.92   24.37      0
0:      8388608       2097152     float     sum      -1    324.0   25.89   45.30      0    351.4   23.87   41.78      0
0:     16777216       4194304     float     sum      -1    437.5   38.35   67.11      0    460.8   36.41   63.72      0
0:     33554432       8388608     float     sum      -1  1569378    0.02    0.04      0   1144.4   29.32   51.31      0
0:     67108864      16777216     float     sum      -1   1184.0   56.68   99.19      0   1201.0   55.88   97.78      0
0:    134217728      33554432     float     sum      -1   1955.8   68.63  120.10      0   1980.8   67.76  118.58      0
0:    268435456      67108864     float     sum      -1   3487.9   76.96  134.68      0   3512.6   76.42  133.74      0
0:    536870912     134217728     float     sum      -1   6508.7   82.48  144.35      0   6547.8   81.99  143.49      0
0:   1073741824     268435456     float     sum      -1    12601   85.21  149.12      0    12644   84.92  148.61      0
0:   2147483648     536870912     float     sum      -1    24805   86.58  151.51      0    24821   86.52  151.41      0
0:   4294967296    1073741824     float     sum      -1    49133   87.42  152.98      0    49448   86.86  152.00      0
0:            8             2     float     sum      -1    15.85    0.00    0.00      0    15.19    0.00    0.00      0
0:           16             4     float     sum      -1    15.28    0.00    0.00      0    15.27    0.00    0.00      0
0:           32             8     float     sum      -1    15.36    0.00    0.00      0    15.26    0.00    0.00      0
0:           64            16     float     sum      -1    16.68    0.00    0.01      0    16.48    0.00    0.01      0
0:          128            32     float     sum      -1    25.69    0.00    0.01      0    25.31    0.01    0.01      0
0:          256            64     float     sum      -1    25.95    0.01    0.02      0    25.81    0.01    0.02      0
0:          512           128     float     sum      -1    26.31    0.02    0.03      0    26.27    0.02    0.03      0
0:         1024           256     float     sum      -1    26.99    0.04    0.07      0    26.97    0.04    0.07      0
0:         2048           512     float     sum      -1    28.12    0.07    0.13      0    28.04    0.07    0.13      0
0:         4096          1024     float     sum      -1    30.44    0.13    0.24      0    29.89    0.14    0.24      0
0:         8192          2048     float     sum      -1    31.09    0.26    0.46      0    30.24    0.27    0.47      0
0:        16384          4096     float     sum      -1    32.35    0.51    0.89      0    31.11    0.53    0.92      0
0:        32768          8192     float     sum      -1    32.71    1.00    1.75      0    32.41    1.01    1.77      0
0:        65536         16384     float     sum      -1    59.22    1.11    1.94      0    58.55    1.12    1.96      0
0:       131072         32768     float     sum      -1    59.77    2.19    3.84      0    60.14    2.18    3.81      0
0:       262144         65536     float     sum      -1    84.29    3.11    5.44      0    84.58    3.10    5.42      0
0:       524288        131072     float     sum      -1    92.76    5.65    9.89      0    92.70    5.66    9.90      0
0:      1048576        262144     float     sum      -1    110.9    9.46   16.55      0    110.3    9.51   16.64      0
0:      2097152        524288     float     sum      -1    173.2   12.11   21.19      0    186.2   11.26   19.71      0
0:      4194304       1048576     float     sum      -1    273.6   15.33   26.83      0    300.7   13.95   24.41      0
0:      8388608       2097152     float     sum      -1    323.8   25.90   45.33      0    350.3   23.94   41.90      0
0:     16777216       4194304     float     sum      -1    433.3   38.72   67.77      0    461.5   36.35   63.62      0
0:     33554432       8388608     float     sum      -1  1535119    0.02    0.04      0   1118.4   30.00   52.50      0
0:     67108864      16777216     float     sum      -1   1202.3   55.82   97.68      0   1203.1   55.78   97.62      0
0:    134217728      33554432     float     sum      -1   1961.4   68.43  119.75      0   1984.6   67.63  118.35      0
0:    268435456      67108864     float     sum      -1   3477.8   77.18  135.07      0   3516.4   76.34  133.59      0
0:    536870912     134217728     float     sum      -1   6522.3   82.31  144.05      0   6559.3   81.85  143.24      0
0:   1073741824     268435456     float     sum      -1    12604   85.19  149.09      0    12655   84.85  148.48      0
0:   2147483648     536870912     float     sum      -1    24761   86.73  151.77      0    24851   86.41  151.22      0
0:   4294967296    1073741824     float     sum      -1    49185   87.32  152.82      0    49277   87.16  152.53      0
0:            8             2     float     sum      -1    15.95    0.00    0.00      0    15.22    0.00    0.00      0
0:           16             4     float     sum      -1    15.33    0.00    0.00      0    14.96    0.00    0.00      0
0:           32             8     float     sum      -1    15.21    0.00    0.00      0    15.18    0.00    0.00      0
0:           64            16     float     sum      -1    16.86    0.00    0.01      0    16.51    0.00    0.01      0
0:          128            32     float     sum      -1    25.59    0.01    0.01      0    25.39    0.01    0.01      0
0:          256            64     float     sum      -1    26.29    0.01    0.02      0    25.56    0.01    0.02      0
0:          512           128     float     sum      -1    26.47    0.02    0.03      0    26.11    0.02    0.03      0
0:         1024           256     float     sum      -1    27.07    0.04    0.07      0    26.91    0.04    0.07      0
0:         2048           512     float     sum      -1    28.10    0.07    0.13      0    27.70    0.07    0.13      0
0:         4096          1024     float     sum      -1    30.45    0.13    0.24      0    29.89    0.14    0.24      0
0:         8192          2048     float     sum      -1    31.07    0.26    0.46      0    30.61    0.27    0.47      0
0:        16384          4096     float     sum      -1    31.89    0.51    0.90      0    31.34    0.52    0.91      0
0:        32768          8192     float     sum      -1    32.69    1.00    1.75      0    32.19    1.02    1.78      0
0:        65536         16384     float     sum      -1    59.07    1.11    1.94      0    58.60    1.12    1.96      0
0:       131072         32768     float     sum      -1    60.23    2.18    3.81      0    59.98    2.19    3.82      0
0:       262144         65536     float     sum      -1    83.58    3.14    5.49      0    83.05    3.16    5.52      0
0:       524288        131072     float     sum      -1    93.96    5.58    9.76      0    92.47    5.67    9.92      0
0:      1048576        262144     float     sum      -1    111.5    9.40   16.45      0    110.3    9.51   16.64      0
0:      2097152        524288     float     sum      -1    173.1   12.11   21.20      0    187.4   11.19   19.59      0
0:      4194304       1048576     float     sum      -1    272.3   15.40   26.95      0    300.7   13.95   24.41      0
0:      8388608       2097152     float     sum      -1    324.3   25.87   45.27      0    353.6   23.72   41.52      0
0:     16777216       4194304     float     sum      -1    433.1   38.74   67.79      0    461.2   36.38   63.66      0
0:     33554432       8388608     float     sum      -1  1535056    0.02    0.04      0   1138.7   29.47   51.57      0
0:     67108864      16777216     float     sum      -1   1183.4   56.71   99.24      0   1200.3   55.91   97.84      0
0:    134217728      33554432     float     sum      -1   1960.9   68.45  119.78      0   1996.4   67.23  117.65      0
0:    268435456      67108864     float     sum      -1   3483.2   77.07  134.87      0   3488.6   76.95  134.66      0
0:    536870912     134217728     float     sum      -1   6531.7   82.20  143.84      0   6544.8   82.03  143.55      0
0:   1073741824     268435456     float     sum      -1    12594   85.26  149.20      0    12661   84.81  148.41      0
0:   2147483648     536870912     float     sum      -1    24782   86.65  151.65      0    24851   86.41  151.23      0
0:   4294967296    1073741824     float     sum      -1    49001   87.65  153.39      0    49271   87.17  152.55      0
0:            8             2     float     sum      -1    15.92    0.00    0.00      0    15.51    0.00    0.00      0
0:           16             4     float     sum      -1    15.36    0.00    0.00      0    15.41    0.00    0.00      0
0:           32             8     float     sum      -1    15.05    0.00    0.00      0    15.07    0.00    0.00      0
0:           64            16     float     sum      -1    16.99    0.00    0.01      0    16.47    0.00    0.01      0
0:          128            32     float     sum      -1    25.61    0.00    0.01      0    25.51    0.01    0.01      0
0:          256            64     float     sum      -1    26.10    0.01    0.02      0    25.52    0.01    0.02      0
0:          512           128     float     sum      -1    26.31    0.02    0.03      0    26.04    0.02    0.03      0
0:         1024           256     float     sum      -1    27.16    0.04    0.07      0    27.18    0.04    0.07      0
0:         2048           512     float     sum      -1    28.26    0.07    0.13      0    27.84    0.07    0.13      0
0:         4096          1024     float     sum      -1    30.34    0.14    0.24      0    29.83    0.14    0.24      0
0:         8192          2048     float     sum      -1    30.99    0.26    0.46      0    30.40    0.27    0.47      0
0:        16384          4096     float     sum      -1    31.96    0.51    0.90      0    30.99    0.53    0.93      0
0:        32768          8192     float     sum      -1    33.17    0.99    1.73      0    31.97    1.03    1.79      0
0:        65536         16384     float     sum      -1    58.89    1.11    1.95      0    58.80    1.11    1.95      0
0:       131072         32768     float     sum      -1    59.86    2.19    3.83      0    59.47    2.20    3.86      0
0:       262144         65536     float     sum      -1    84.01    3.12    5.46      0    82.91    3.16    5.53      0
0:       524288        131072     float     sum      -1    93.13    5.63    9.85      0    92.69    5.66    9.90      0
0:      1048576        262144     float     sum      -1    111.6    9.40   16.45      0    110.4    9.50   16.62      0
0:      2097152        524288     float     sum      -1    173.1   12.12   21.20      0    186.1   11.27   19.72      0
0:      4194304       1048576     float     sum      -1    272.3   15.40   26.95      0    300.9   13.94   24.39      0
0:      8388608       2097152     float     sum      -1    324.0   25.89   45.30      0    351.6   23.86   41.76      0
0:     16777216       4194304     float     sum      -1    433.1   38.74   67.79      0    460.8   36.41   63.72      0
0:     33554432       8388608     float     sum      -1  1516654    0.02    0.04      0   1122.5   29.89   52.31      0
0:     67108864      16777216     float     sum      -1   1184.0   56.68   99.19      0   1205.0   55.69   97.46      0
0:    134217728      33554432     float     sum      -1   1971.9   68.07  119.12      0   1993.9   67.31  117.80      0
0:    268435456      67108864     float     sum      -1   3479.2   77.15  135.02      0   3513.4   76.40  133.71      0
0:    536870912     134217728     float     sum      -1   6525.9   82.27  143.97      0   6535.9   82.14  143.75      0
0:   1073741824     268435456     float     sum      -1    12589   85.29  149.27      0    12665   84.78  148.37      0
0:   2147483648     536870912     float     sum      -1    24792   86.62  151.59      0    24854   86.40  151.21      0
0:   4294967296    1073741824     float     sum      -1    49192   87.31  152.79      0    49254   87.20  152.60      0
0:            8             2     float     sum      -1    15.77    0.00    0.00      0    15.40    0.00    0.00      0
0:           16             4     float     sum      -1    15.21    0.00    0.00      0    15.07    0.00    0.00      0
0:           32             8     float     sum      -1    15.19    0.00    0.00      0    15.26    0.00    0.00      0
0:           64            16     float     sum      -1    17.00    0.00    0.01      0    16.77    0.00    0.01      0
0:          128            32     float     sum      -1    25.64    0.00    0.01      0    25.45    0.01    0.01      0
0:          256            64     float     sum      -1    25.82    0.01    0.02      0    25.91    0.01    0.02      0
0:          512           128     float     sum      -1    26.30    0.02    0.03      0    26.26    0.02    0.03      0
0:         1024           256     float     sum      -1    27.03    0.04    0.07      0    26.70    0.04    0.07      0
0:         2048           512     float     sum      -1    27.99    0.07    0.13      0    27.88    0.07    0.13      0
0:         4096          1024     float     sum      -1    30.39    0.13    0.24      0    30.11    0.14    0.24      0
0:         8192          2048     float     sum      -1    31.33    0.26    0.46      0    30.81    0.27    0.47      0
0:        16384          4096     float     sum      -1    32.00    0.51    0.90      0    31.00    0.53    0.93      0
0:        32768          8192     float     sum      -1    32.72    1.00    1.75      0    32.12    1.02    1.79      0
0:        65536         16384     float     sum      -1    58.92    1.11    1.95      0    58.62    1.12    1.96      0
0:       131072         32768     float     sum      -1    59.84    2.19    3.83      0    59.29    2.21    3.87      0
0:       262144         65536     float     sum      -1    84.00    3.12    5.46      0    82.71    3.17    5.55      0
0:       524288        131072     float     sum      -1    92.91    5.64    9.88      0    93.66    5.60    9.80      0
0:      1048576        262144     float     sum      -1    111.3    9.42   16.49      0    110.4    9.50   16.63      0
0:      2097152        524288     float     sum      -1    173.2   12.11   21.19      0    187.0   11.21   19.62      0
0:      4194304       1048576     float     sum      -1    272.9   15.37   26.89      0    299.9   13.98   24.47      0
0:      8388608       2097152     float     sum      -1    323.4   25.94   45.39      0    353.0   23.77   41.59      0
0:     16777216       4194304     float     sum      -1    449.8   37.30   65.27      0    461.6   36.34   63.60      0
0:     33554432       8388608     float     sum      -1  1512299    0.02    0.04      0   1139.6   29.44   51.53      0
0:     67108864      16777216     float     sum      -1   1198.4   56.00   97.99      0   1218.5   55.08   96.38      0
0:    134217728      33554432     float     sum      -1   1964.4   68.33  119.57      0   1981.4   67.74  118.54      0
0:    268435456      67108864     float     sum      -1   3472.4   77.31  135.28      0   3499.4   76.71  134.24      0
0:    536870912     134217728     float     sum      -1   6516.8   82.38  144.17      0   6535.3   82.15  143.76      0
0:   1073741824     268435456     float     sum      -1    12603   85.20  149.09      0    12639   84.96  148.67      0
0:   2147483648     536870912     float     sum      -1    24789   86.63  151.60      0    24863   86.37  151.15      0
0:   4294967296    1073741824     float     sum      -1    49150   87.38  152.92      0    49288   87.14  152.50      0
0:            8             2     float     sum      -1    16.06    0.00    0.00      0    15.27    0.00    0.00      0
0:           16             4     float     sum      -1    15.18    0.00    0.00      0    15.00    0.00    0.00      0
0:           32             8     float     sum      -1    15.21    0.00    0.00      0    15.33    0.00    0.00      0
0:           64            16     float     sum      -1    16.79    0.00    0.01      0    16.64    0.00    0.01      0
0:          128            32     float     sum      -1    25.78    0.00    0.01      0    25.36    0.01    0.01      0
0:          256            64     float     sum      -1    25.90    0.01    0.02      0    25.59    0.01    0.02      0
0:          512           128     float     sum      -1    26.42    0.02    0.03      0    26.25    0.02    0.03      0
0:         1024           256     float     sum      -1    27.02    0.04    0.07      0    26.65    0.04    0.07      0
0:         2048           512     float     sum      -1    28.07    0.07    0.13      0    27.82    0.07    0.13      0
0:         4096          1024     float     sum      -1    30.33    0.14    0.24      0    29.90    0.14    0.24      0
0:         8192          2048     float     sum      -1    31.10    0.26    0.46      0    30.42    0.27    0.47      0
0:        16384          4096     float     sum      -1    31.93    0.51    0.90      0    31.28    0.52    0.92      0
0:        32768          8192     float     sum      -1    32.70    1.00    1.75      0    32.19    1.02    1.78      0
0:        65536         16384     float     sum      -1    59.37    1.10    1.93      0    59.59    1.10    1.92      0
0:       131072         32768     float     sum      -1    60.13    2.18    3.81      0    59.76    2.19    3.84      0
0:       262144         65536     float     sum      -1    84.28    3.11    5.44      0    83.06    3.16    5.52      0
0:       524288        131072     float     sum      -1    93.52    5.61    9.81      0    92.70    5.66    9.90      0
0:      1048576        262144     float     sum      -1    111.0    9.45   16.54      0    111.2    9.43   16.50      0
0:      2097152        524288     float     sum      -1    172.6   12.15   21.26      0    186.9   11.22   19.63      0
0:      4194304       1048576     float     sum      -1    272.9   15.37   26.89      0    301.1   13.93   24.38      0
0:      8388608       2097152     float     sum      -1    323.2   25.95   45.42      0    352.3   23.81   41.67      0
0:     16777216       4194304     float     sum      -1    433.0   38.75   67.81      0    479.8   34.97   61.20      0
0:     33554432       8388608     float     sum      -1  1530068    0.02    0.04      0   1139.5   29.45   51.53      0
0:     67108864      16777216     float     sum      -1   1183.0   56.73   99.27      0   1202.9   55.79   97.63      0
0:    134217728      33554432     float     sum      -1   1966.2   68.26  119.46      0   1982.3   67.71  118.49      0
0:    268435456      67108864     float     sum      -1   3476.7   77.21  135.12      0   3497.7   76.75  134.31      0
0:    536870912     134217728     float     sum      -1   6494.1   82.67  144.67      0   6546.6   82.01  143.51      0
0:   1073741824     268435456     float     sum      -1    12593   85.27  149.22      0    12636   84.97  148.70      0
0:   2147483648     536870912     float     sum      -1    24760   86.73  151.78      0    24851   86.42  151.23      0
0:   4294967296    1073741824     float     sum      -1    49306   87.11  152.44      0    49287   87.14  152.50      0
0:            8             2     float     sum      -1    15.76    0.00    0.00      0    15.34    0.00    0.00      0
0:           16             4     float     sum      -1    15.45    0.00    0.00      0    15.03    0.00    0.00      0
0:           32             8     float     sum      -1    15.33    0.00    0.00      0    15.19    0.00    0.00      0
0:           64            16     float     sum      -1    16.85    0.00    0.01      0    16.49    0.00    0.01      0
0:          128            32     float     sum      -1    25.65    0.00    0.01      0    25.41    0.01    0.01      0
0:          256            64     float     sum      -1    26.08    0.01    0.02      0    25.67    0.01    0.02      0
0:          512           128     float     sum      -1    26.28    0.02    0.03      0    26.13    0.02    0.03      0
0:         1024           256     float     sum      -1    27.14    0.04    0.07      0    26.90    0.04    0.07      0
0:         2048           512     float     sum      -1    28.05    0.07    0.13      0    27.84    0.07    0.13      0
0:         4096          1024     float     sum      -1    30.62    0.13    0.23      0    30.37    0.13    0.24      0
0:         8192          2048     float     sum      -1    31.09    0.26    0.46      0    30.41    0.27    0.47      0
0:        16384          4096     float     sum      -1    31.77    0.52    0.90      0    31.04    0.53    0.92      0
0:        32768          8192     float     sum      -1    33.01    0.99    1.74      0    32.15    1.02    1.78      0
0:        65536         16384     float     sum      -1    59.04    1.11    1.94      0    58.54    1.12    1.96      0
0:       131072         32768     float     sum      -1    59.77    2.19    3.84      0    59.47    2.20    3.86      0
0:       262144         65536     float     sum      -1    84.23    3.11    5.45      0    83.08    3.16    5.52      0
0:       524288        131072     float     sum      -1    93.68    5.60    9.79      0    92.46    5.67    9.92      0
0:      1048576        262144     float     sum      -1    110.9    9.46   16.55      0    110.3    9.50   16.63      0
0:      2097152        524288     float     sum      -1    172.4   12.17   21.29      0    186.9   11.22   19.63      0
0:      4194304       1048576     float     sum      -1    272.5   15.39   26.93      0    300.8   13.94   24.40      0
0:      8388608       2097152     float     sum      -1    323.2   25.96   45.42      0    349.4   24.01   42.01      0
0:     16777216       4194304     float     sum      -1    432.3   38.81   67.92      0    460.2   36.46   63.80      0
0:     33554432       8388608     float     sum      -1  1493886    0.02    0.04      0   1129.3   29.71   52.00      0
0:     67108864      16777216     float     sum      -1   1179.6   56.89   99.56      0   1206.1   55.64   97.37      0
0:    134217728      33554432     float     sum      -1   1964.4   68.33  119.57      0   1992.5   67.36  117.88      0
0:    268435456      67108864     float     sum      -1   3479.6   77.14  135.00      0   3489.1   76.94  134.64      0
0:    536870912     134217728     float     sum      -1   6508.5   82.49  144.35      0   6534.3   82.16  143.78      0
0:   1073741824     268435456     float     sum      -1    12591   85.28  149.24      0    12645   84.92  148.61      0
0:   2147483648     536870912     float     sum      -1    24786   86.64  151.62      0    24873   86.34  151.09      0
0:   4294967296    1073741824     float     sum      -1    49175   87.34  152.85      0    49260   87.19  152.58      0
0: # Out of bounds values : 0 OK
0: # Avg bus bandwidth    : 38.8993 
0: #
0: 
