 0: # nThread 1 nGpus 1 minBytes 8 maxBytes 4294967296 step: 2(factor) warmup iters: 8 iters: 24 agg iters: 1 validation: 1 graph: 0
 0: #
 0: # Using devices
 0: #  Rank  0 Group  0 Pid 286149 on  nid006916 device  0 [0009:01:00] NVIDIA GH200 120GB
 0: #  Rank  1 Group  0 Pid 286150 on  nid006916 device  0 [0019:01:00] NVIDIA GH200 120GB
 0: #  Rank  2 Group  0 Pid 286151 on  nid006916 device  0 [0029:01:00] NVIDIA GH200 120GB
 0: #  Rank  3 Group  0 Pid 286152 on  nid006916 device  0 [0039:01:00] NVIDIA GH200 120GB
 0: #  Rank  4 Group  0 Pid 282129 on  nid006917 device  0 [0009:01:00] NVIDIA GH200 120GB
 0: #  Rank  5 Group  0 Pid 282130 on  nid006917 device  0 [0019:01:00] NVIDIA GH200 120GB
 0: #  Rank  6 Group  0 Pid 282131 on  nid006917 device  0 [0029:01:00] NVIDIA GH200 120GB
 0: #  Rank  7 Group  0 Pid 282132 on  nid006917 device  0 [0039:01:00] NVIDIA GH200 120GB
 0: #  Rank  8 Group  0 Pid 140900 on  nid006919 device  0 [0009:01:00] NVIDIA GH200 120GB
 0: #  Rank  9 Group  0 Pid 140901 on  nid006919 device  0 [0019:01:00] NVIDIA GH200 120GB
 0: #  Rank 10 Group  0 Pid 140902 on  nid006919 device  0 [0029:01:00] NVIDIA GH200 120GB
 0: #  Rank 11 Group  0 Pid 140903 on  nid006919 device  0 [0039:01:00] NVIDIA GH200 120GB
 0: #  Rank 12 Group  0 Pid 247455 on  nid006921 device  0 [0009:01:00] NVIDIA GH200 120GB
 0: #  Rank 13 Group  0 Pid 247456 on  nid006921 device  0 [0019:01:00] NVIDIA GH200 120GB
 0: #  Rank 14 Group  0 Pid 247457 on  nid006921 device  0 [0029:01:00] NVIDIA GH200 120GB
 0: #  Rank 15 Group  0 Pid 247458 on  nid006921 device  0 [0039:01:00] NVIDIA GH200 120GB
 0: #
 0: #                                                              out-of-place                       in-place          
 0: #       size         count      type   redop    root     time   algbw   busbw #wrong     time   algbw   busbw #wrong
 0: #        (B)    (elements)                               (us)  (GB/s)  (GB/s)            (us)  (GB/s)  (GB/s)       
 0:            8             2     float     sum      -1    241.2    0.00    0.00      0    245.9    0.00    0.00      0
 0:           16             4     float     sum      -1    242.3    0.00    0.00      0    243.5    0.00    0.00      0
 0:           32             8     float     sum      -1    244.9    0.00    0.00      0    241.7    0.00    0.00      0
 0:           64            16     float     sum      -1    241.4    0.00    0.00      0    245.3    0.00    0.00      0
 0:          128            32     float     sum      -1    216.7    0.00    0.00      0    214.9    0.00    0.00      0
 0:          256            64     float     sum      -1    226.4    0.00    0.00      0    217.1    0.00    0.00      0
 0:          512           128     float     sum      -1    217.8    0.00    0.00      0    220.5    0.00    0.00      0
 0:         1024           256     float     sum      -1    217.4    0.00    0.01      0    213.5    0.00    0.01      0
 0:         2048           512     float     sum      -1    225.1    0.01    0.02      0    220.1    0.01    0.02      0
 0:         4096          1024     float     sum      -1    229.0    0.02    0.03      0    230.1    0.02    0.03      0
 0:         8192          2048     float     sum      -1    612.0    0.01    0.03      0    606.9    0.01    0.03      0
 0:        16384          4096     float     sum      -1   1750.6    0.01    0.02      0   1716.2    0.01    0.02      0
 0:        32768          8192     float     sum      -1   2770.0    0.01    0.02      0   2714.3    0.01    0.02      0
 0:        65536         16384     float     sum      -1   2843.5    0.02    0.04      0   2824.9    0.02    0.04      0
 0:       131072         32768     float     sum      -1    112.6    1.16    2.18      0    111.1    1.18    2.21      0
 0:       262144         65536     float     sum      -1    113.0    2.32    4.35      0    112.0    2.34    4.39      0
 0:       524288        131072     float     sum      -1    171.4    3.06    5.73      0    171.8    3.05    5.72      0
 0:      1048576        262144     float     sum      -1    227.2    4.61    8.65      0    188.5    5.56   10.43      0
 0:      2097152        524288     float     sum      -1    13655    0.15    0.29      0    13791    0.15    0.29      0
 0:      4194304       1048576     float     sum      -1    13357    0.31    0.59      0    13140    0.32    0.60      0
 0:      8388608       2097152     float     sum      -1    26180    0.32    0.60      0    29203    0.29    0.54      0
 0:     16777216       4194304     float     sum      -1  3345394    0.01    0.01      0    567.6   29.56   55.42      0
