 0: # nThread 1 nGpus 1 minBytes 8 maxBytes 4294967296 step: 2(factor) warmup iters: 8 iters: 24 agg iters: 1 validation: 1 graph: 0
 0: #
 0: # Using devices
 0: #  Rank  0 Group  0 Pid 220506 on  nid006987 device  0 [0009:01:00] NVIDIA GH200 120GB
 0: #  Rank  1 Group  0 Pid 220507 on  nid006987 device  0 [0019:01:00] NVIDIA GH200 120GB
 0: #  Rank  2 Group  0 Pid 220508 on  nid006987 device  0 [0029:01:00] NVIDIA GH200 120GB
 0: #  Rank  3 Group  0 Pid 220509 on  nid006987 device  0 [0039:01:00] NVIDIA GH200 120GB
 0: #  Rank  4 Group  0 Pid 213032 on  nid006988 device  0 [0009:01:00] NVIDIA GH200 120GB
 0: #  Rank  5 Group  0 Pid 213033 on  nid006988 device  0 [0019:01:00] NVIDIA GH200 120GB
 0: #  Rank  6 Group  0 Pid 213034 on  nid006988 device  0 [0029:01:00] NVIDIA GH200 120GB
 0: #  Rank  7 Group  0 Pid 213035 on  nid006988 device  0 [0039:01:00] NVIDIA GH200 120GB
 0: #  Rank  8 Group  0 Pid 254125 on  nid006989 device  0 [0009:01:00] NVIDIA GH200 120GB
 0: #  Rank  9 Group  0 Pid 254126 on  nid006989 device  0 [0019:01:00] NVIDIA GH200 120GB
 0: #  Rank 10 Group  0 Pid 254127 on  nid006989 device  0 [0029:01:00] NVIDIA GH200 120GB
 0: #  Rank 11 Group  0 Pid 254128 on  nid006989 device  0 [0039:01:00] NVIDIA GH200 120GB
 0: #  Rank 12 Group  0 Pid 138824 on  nid006990 device  0 [0009:01:00] NVIDIA GH200 120GB
 0: #  Rank 13 Group  0 Pid 138825 on  nid006990 device  0 [0019:01:00] NVIDIA GH200 120GB
 0: #  Rank 14 Group  0 Pid 138826 on  nid006990 device  0 [0029:01:00] NVIDIA GH200 120GB
 0: #  Rank 15 Group  0 Pid 138827 on  nid006990 device  0 [0039:01:00] NVIDIA GH200 120GB
 0: #  Rank 16 Group  0 Pid 247574 on  nid006993 device  0 [0009:01:00] NVIDIA GH200 120GB
 0: #  Rank 17 Group  0 Pid 247575 on  nid006993 device  0 [0019:01:00] NVIDIA GH200 120GB
 0: #  Rank 18 Group  0 Pid 247576 on  nid006993 device  0 [0029:01:00] NVIDIA GH200 120GB
 0: #  Rank 19 Group  0 Pid 247577 on  nid006993 device  0 [0039:01:00] NVIDIA GH200 120GB
 0: #  Rank 20 Group  0 Pid 137586 on  nid006994 device  0 [0009:01:00] NVIDIA GH200 120GB
 0: #  Rank 21 Group  0 Pid 137587 on  nid006994 device  0 [0019:01:00] NVIDIA GH200 120GB
 0: #  Rank 22 Group  0 Pid 137588 on  nid006994 device  0 [0029:01:00] NVIDIA GH200 120GB
 0: #  Rank 23 Group  0 Pid 137589 on  nid006994 device  0 [0039:01:00] NVIDIA GH200 120GB
 0: #  Rank 24 Group  0 Pid 273276 on  nid007002 device  0 [0009:01:00] NVIDIA GH200 120GB
 0: #  Rank 25 Group  0 Pid 273277 on  nid007002 device  0 [0019:01:00] NVIDIA GH200 120GB
 0: #  Rank 26 Group  0 Pid 273278 on  nid007002 device  0 [0029:01:00] NVIDIA GH200 120GB
 0: #  Rank 27 Group  0 Pid 273279 on  nid007002 device  0 [0039:01:00] NVIDIA GH200 120GB
 0: #  Rank 28 Group  0 Pid  23670 on  nid007004 device  0 [0009:01:00] NVIDIA GH200 120GB
 0: #  Rank 29 Group  0 Pid  23671 on  nid007004 device  0 [0019:01:00] NVIDIA GH200 120GB
 0: #  Rank 30 Group  0 Pid  23672 on  nid007004 device  0 [0029:01:00] NVIDIA GH200 120GB
 0: #  Rank 31 Group  0 Pid  23673 on  nid007004 device  0 [0039:01:00] NVIDIA GH200 120GB
 0: #
 0: #                                                              out-of-place                       in-place          
 0: #       size         count      type   redop    root     time   algbw   busbw #wrong     time   algbw   busbw #wrong
 0: #        (B)    (elements)                               (us)  (GB/s)  (GB/s)            (us)  (GB/s)  (GB/s)       
 0:            8             2     float     sum      -1    624.3    0.00    0.00      0    598.9    0.00    0.00      0
 0:           16             4     float     sum      -1    848.6    0.00    0.00      0    524.5    0.00    0.00      0
 0:           32             8     float     sum      -1    516.9    0.00    0.00      0    489.5    0.00    0.00      0
 0:           64            16     float     sum      -1    485.9    0.00    0.00      0    495.1    0.00    0.00      0
 0:          128            32     float     sum      -1    405.1    0.00    0.00      0    410.5    0.00    0.00      0
 0:          256            64     float     sum      -1    388.7    0.00    0.00      0    393.3    0.00    0.00      0
 0:          512           128     float     sum      -1    393.4    0.00    0.00      0    397.8    0.00    0.00      0
 0:         1024           256     float     sum      -1    394.5    0.00    0.01      0    404.9    0.00    0.00      0
 0:         2048           512     float     sum      -1    406.3    0.01    0.01      0    672.7    0.00    0.01      0
 0:         4096          1024     float     sum      -1    461.1    0.01    0.02      0    434.2    0.01    0.02      0
 0:         8192          2048     float     sum      -1    804.6    0.01    0.02      0    815.2    0.01    0.02      0
 0:        16384          4096     float     sum      -1   2132.9    0.01    0.01      0   2135.7    0.01    0.01      0
 0:        32768          8192     float     sum      -1   4289.2    0.01    0.01      0   2790.0    0.01    0.02      0
 0:        65536         16384     float     sum      -1   3069.1    0.02    0.04      0   2934.1    0.02    0.04      0
 0:       131072         32768     float     sum      -1   3196.4    0.04    0.08      0   3106.6    0.04    0.08      0
 0:       262144         65536     float     sum      -1   3098.6    0.08    0.16      0   3148.5    0.08    0.16      0
 0:       524288        131072     float     sum      -1    675.7    0.78    1.50      0    684.9    0.77    1.48      0
 0:      1048576        262144     float     sum      -1    31307    0.03    0.06      0    31204    0.03    0.07      0
 0:      2097152        524288     float     sum      -1    31692    0.07    0.13      0    31198    0.07    0.13      0
 0:      4194304       1048576     float     sum      -1    31037    0.14    0.26      0    29490    0.14    0.28      0
 0:      8388608       2097152     float     sum      -1    48552    0.17    0.33      0    46913    0.18    0.35      0
 0:     16777216       4194304     float     sum      -1   122265    0.14    0.27      0   113596    0.15    0.29      0
