 0: # nThread 1 nGpus 1 minBytes 8 maxBytes 4294967296 step: 2(factor) warmup iters: 8 iters: 24 agg iters: 1 validation: 1 graph: 0
 0: #
 0: # Using devices
 0: #  Rank  0 Group  0 Pid 201805 on  nid006911 device  0 [0009:01:00] NVIDIA GH200 120GB
 0: #  Rank  1 Group  0 Pid 201806 on  nid006911 device  0 [0019:01:00] NVIDIA GH200 120GB
 0: #  Rank  2 Group  0 Pid 201807 on  nid006911 device  0 [0029:01:00] NVIDIA GH200 120GB
 0: #  Rank  3 Group  0 Pid 201808 on  nid006911 device  0 [0039:01:00] NVIDIA GH200 120GB
 0: #  Rank  4 Group  0 Pid 283133 on  nid006913 device  0 [0009:01:00] NVIDIA GH200 120GB
 0: #  Rank  5 Group  0 Pid 283134 on  nid006913 device  0 [0019:01:00] NVIDIA GH200 120GB
 0: #  Rank  6 Group  0 Pid 283135 on  nid006913 device  0 [0029:01:00] NVIDIA GH200 120GB
 0: #  Rank  7 Group  0 Pid 283136 on  nid006913 device  0 [0039:01:00] NVIDIA GH200 120GB
 0: #  Rank  8 Group  0 Pid 262002 on  nid006914 device  0 [0009:01:00] NVIDIA GH200 120GB
 0: #  Rank  9 Group  0 Pid 262003 on  nid006914 device  0 [0019:01:00] NVIDIA GH200 120GB
 0: #  Rank 10 Group  0 Pid 262004 on  nid006914 device  0 [0029:01:00] NVIDIA GH200 120GB
 0: #  Rank 11 Group  0 Pid 262005 on  nid006914 device  0 [0039:01:00] NVIDIA GH200 120GB
 0: #  Rank 12 Group  0 Pid 281897 on  nid006916 device  0 [0009:01:00] NVIDIA GH200 120GB
 0: #  Rank 13 Group  0 Pid 281898 on  nid006916 device  0 [0019:01:00] NVIDIA GH200 120GB
 0: #  Rank 14 Group  0 Pid 281899 on  nid006916 device  0 [0029:01:00] NVIDIA GH200 120GB
 0: #  Rank 15 Group  0 Pid 281900 on  nid006916 device  0 [0039:01:00] NVIDIA GH200 120GB
 0: #  Rank 16 Group  0 Pid 277816 on  nid006917 device  0 [0009:01:00] NVIDIA GH200 120GB
 0: #  Rank 17 Group  0 Pid 277817 on  nid006917 device  0 [0019:01:00] NVIDIA GH200 120GB
 0: #  Rank 18 Group  0 Pid 277818 on  nid006917 device  0 [0029:01:00] NVIDIA GH200 120GB
 0: #  Rank 19 Group  0 Pid 277819 on  nid006917 device  0 [0039:01:00] NVIDIA GH200 120GB
 0: #  Rank 20 Group  0 Pid 136663 on  nid006919 device  0 [0009:01:00] NVIDIA GH200 120GB
 0: #  Rank 21 Group  0 Pid 136664 on  nid006919 device  0 [0019:01:00] NVIDIA GH200 120GB
 0: #  Rank 22 Group  0 Pid 136665 on  nid006919 device  0 [0029:01:00] NVIDIA GH200 120GB
 0: #  Rank 23 Group  0 Pid 136666 on  nid006919 device  0 [0039:01:00] NVIDIA GH200 120GB
 0: #  Rank 24 Group  0 Pid 243109 on  nid006921 device  0 [0009:01:00] NVIDIA GH200 120GB
 0: #  Rank 25 Group  0 Pid 243110 on  nid006921 device  0 [0019:01:00] NVIDIA GH200 120GB
 0: #  Rank 26 Group  0 Pid 243111 on  nid006921 device  0 [0029:01:00] NVIDIA GH200 120GB
 0: #  Rank 27 Group  0 Pid 243112 on  nid006921 device  0 [0039:01:00] NVIDIA GH200 120GB
 0: #  Rank 28 Group  0 Pid  57499 on  nid006924 device  0 [0009:01:00] NVIDIA GH200 120GB
 0: #  Rank 29 Group  0 Pid  57500 on  nid006924 device  0 [0019:01:00] NVIDIA GH200 120GB
 0: #  Rank 30 Group  0 Pid  57501 on  nid006924 device  0 [0029:01:00] NVIDIA GH200 120GB
 0: #  Rank 31 Group  0 Pid  57502 on  nid006924 device  0 [0039:01:00] NVIDIA GH200 120GB
 0: #
 0: #                                                              out-of-place                       in-place          
 0: #       size         count      type   redop    root     time   algbw   busbw #wrong     time   algbw   busbw #wrong
 0: #        (B)    (elements)                               (us)  (GB/s)  (GB/s)            (us)  (GB/s)  (GB/s)       
 0:            8             2     float     sum      -1    577.0    0.00    0.00      0    796.7    0.00    0.00      0
 0:           16             4     float     sum      -1    523.5    0.00    0.00      0    504.3    0.00    0.00      0
 0:           32             8     float     sum      -1    664.5    0.00    0.00      0    640.9    0.00    0.00      0
 0:           64            16     float     sum      -1    491.2    0.00    0.00      0    484.0    0.00    0.00      0
 0:          128            32     float     sum      -1    492.1    0.00    0.00      0    457.7    0.00    0.00      0
 0:          256            64     float     sum      -1    453.5    0.00    0.00      0    449.5    0.00    0.00      0
 0:          512           128     float     sum      -1    452.1    0.00    0.00      0    445.1    0.00    0.00      0
 0:         1024           256     float     sum      -1    451.2    0.00    0.00      0    445.1    0.00    0.00      0
 0:         2048           512     float     sum      -1    458.2    0.00    0.01      0    451.4    0.00    0.01      0
 0:         4096          1024     float     sum      -1    405.3    0.01    0.02      0    395.6    0.01    0.02      0
 0:         8192          2048     float     sum      -1    754.6    0.01    0.02      0    768.5    0.01    0.02      0
 0:        16384          4096     float     sum      -1   2104.7    0.01    0.02      0   2114.4    0.01    0.02      0
 0:        32768          8192     float     sum      -1   2870.3    0.01    0.02      0   2832.1    0.01    0.02      0
 0:        65536         16384     float     sum      -1   2872.9    0.02    0.04      0   2922.8    0.02    0.04      0
 0:       131072         32768     float     sum      -1   3137.5    0.04    0.08      0   3391.0    0.04    0.07      0
 0:       262144         65536     float     sum      -1   3508.4    0.07    0.14      0   3050.9    0.09    0.17      0
 0:       524288        131072     float     sum      -1    709.4    0.74    1.43      0    704.7    0.74    1.44      0
 0:      1048576        262144     float     sum      -1    30131    0.03    0.07      0    28413    0.04    0.07      0
 0:      2097152        524288     float     sum      -1    28775    0.07    0.14      0    28853    0.07    0.14      0
 0:      4194304       1048576     float     sum      -1    28198    0.15    0.29      0    27598    0.15    0.29      0
 0:      8388608       2097152     float     sum      -1    50960    0.16    0.32      0    50350    0.17    0.32      0
 0:     16777216       4194304     float     sum      -1    97638    0.17    0.33      0    98158    0.17    0.33      0
