 0: # nThread 1 nGpus 1 minBytes 8 maxBytes 4294967296 step: 2(factor) warmup iters: 8 iters: 24 agg iters: 1 validation: 1 graph: 0
 0: #
 0: # Using devices
 0: #  Rank  0 Group  0 Pid 206562 on  nid007020 device  0 [0009:01:00] NVIDIA GH200 120GB
 0: #  Rank  1 Group  0 Pid 206563 on  nid007020 device  0 [0019:01:00] NVIDIA GH200 120GB
 0: #  Rank  2 Group  0 Pid 206564 on  nid007020 device  0 [0029:01:00] NVIDIA GH200 120GB
 0: #  Rank  3 Group  0 Pid 206565 on  nid007020 device  0 [0039:01:00] NVIDIA GH200 120GB
 0: #  Rank  4 Group  0 Pid 131631 on  nid007022 device  0 [0009:01:00] NVIDIA GH200 120GB
 0: #  Rank  5 Group  0 Pid 131632 on  nid007022 device  0 [0019:01:00] NVIDIA GH200 120GB
 0: #  Rank  6 Group  0 Pid 131633 on  nid007022 device  0 [0029:01:00] NVIDIA GH200 120GB
 0: #  Rank  7 Group  0 Pid 131634 on  nid007022 device  0 [0039:01:00] NVIDIA GH200 120GB
 0: #  Rank  8 Group  0 Pid 273434 on  nid007025 device  0 [0009:01:00] NVIDIA GH200 120GB
 0: #  Rank  9 Group  0 Pid 273435 on  nid007025 device  0 [0019:01:00] NVIDIA GH200 120GB
 0: #  Rank 10 Group  0 Pid 273436 on  nid007025 device  0 [0029:01:00] NVIDIA GH200 120GB
 0: #  Rank 11 Group  0 Pid 273437 on  nid007025 device  0 [0039:01:00] NVIDIA GH200 120GB
 0: #  Rank 12 Group  0 Pid 204339 on  nid007026 device  0 [0009:01:00] NVIDIA GH200 120GB
 0: #  Rank 13 Group  0 Pid 204340 on  nid007026 device  0 [0019:01:00] NVIDIA GH200 120GB
 0: #  Rank 14 Group  0 Pid 204341 on  nid007026 device  0 [0029:01:00] NVIDIA GH200 120GB
 0: #  Rank 15 Group  0 Pid 204342 on  nid007026 device  0 [0039:01:00] NVIDIA GH200 120GB
 0: #  Rank 16 Group  0 Pid 253434 on  nid007027 device  0 [0009:01:00] NVIDIA GH200 120GB
 0: #  Rank 17 Group  0 Pid 253435 on  nid007027 device  0 [0019:01:00] NVIDIA GH200 120GB
 0: #  Rank 18 Group  0 Pid 253436 on  nid007027 device  0 [0029:01:00] NVIDIA GH200 120GB
 0: #  Rank 19 Group  0 Pid 253437 on  nid007027 device  0 [0039:01:00] NVIDIA GH200 120GB
 0: #  Rank 20 Group  0 Pid  78390 on  nid007108 device  0 [0009:01:00] NVIDIA GH200 120GB
 0: #  Rank 21 Group  0 Pid  78391 on  nid007108 device  0 [0019:01:00] NVIDIA GH200 120GB
 0: #  Rank 22 Group  0 Pid  78392 on  nid007108 device  0 [0029:01:00] NVIDIA GH200 120GB
 0: #  Rank 23 Group  0 Pid  78394 on  nid007108 device  0 [0039:01:00] NVIDIA GH200 120GB
 0: #  Rank 24 Group  0 Pid 236050 on  nid007111 device  0 [0009:01:00] NVIDIA GH200 120GB
 0: #  Rank 25 Group  0 Pid 236051 on  nid007111 device  0 [0019:01:00] NVIDIA GH200 120GB
 0: #  Rank 26 Group  0 Pid 236052 on  nid007111 device  0 [0029:01:00] NVIDIA GH200 120GB
 0: #  Rank 27 Group  0 Pid 236053 on  nid007111 device  0 [0039:01:00] NVIDIA GH200 120GB
 0: #  Rank 28 Group  0 Pid 114738 on  nid007126 device  0 [0009:01:00] NVIDIA GH200 120GB
 0: #  Rank 29 Group  0 Pid 114739 on  nid007126 device  0 [0019:01:00] NVIDIA GH200 120GB
 0: #  Rank 30 Group  0 Pid 114740 on  nid007126 device  0 [0029:01:00] NVIDIA GH200 120GB
 0: #  Rank 31 Group  0 Pid 114741 on  nid007126 device  0 [0039:01:00] NVIDIA GH200 120GB
 0: #
 0: #                                                              out-of-place                       in-place          
 0: #       size         count      type   redop    root     time   algbw   busbw #wrong     time   algbw   busbw #wrong
 0: #        (B)    (elements)                               (us)  (GB/s)  (GB/s)            (us)  (GB/s)  (GB/s)       
 0:            8             2     float     sum      -1    31.41    0.00    0.00      0    29.97    0.00    0.00      0
 0:           16             4     float     sum      -1    30.27    0.00    0.00      0    29.68    0.00    0.00      0
 0:           32             8     float     sum      -1    29.76    0.00    0.00      0    30.56    0.00    0.00      0
 0:           64            16     float     sum      -1    34.17    0.00    0.00      0    33.80    0.00    0.00      0
 0:          128            32     float     sum      -1    61.61    0.00    0.00      0    61.46    0.00    0.00      0
 0:          256            64     float     sum      -1    68.69    0.00    0.01      0    62.64    0.00    0.01      0
 0:          512           128     float     sum      -1    64.41    0.01    0.02      0    63.77    0.01    0.02      0
 0:         1024           256     float     sum      -1    66.00    0.02    0.03      0    64.27    0.02    0.03      0
 0:         2048           512     float     sum      -1    68.38    0.03    0.06      0    67.42    0.03    0.06      0
 0:         4096          1024     float     sum      -1    75.55    0.05    0.11      0    74.86    0.05    0.11      0
 0:         8192          2048     float     sum      -1    81.85    0.10    0.19      0    79.66    0.10    0.20      0
 0:        16384          4096     float     sum      -1    90.51    0.18    0.35      0    87.05    0.19    0.36      0
 0:        32768          8192     float     sum      -1    98.69    0.33    0.64      0    101.2    0.32    0.63      0
 0:        65536         16384     float     sum      -1    120.9    0.54    1.05      0    123.8    0.53    1.03      0
 0:       131072         32768     float     sum      -1    181.9    0.72    1.40      0    179.8    0.73    1.41      0
 0:       262144         65536     float     sum      -1    543.0    0.48    0.94      0    556.0    0.47    0.91      0
 0:       524288        131072     float     sum      -1    859.3    0.61    1.18      0    858.7    0.61    1.18      0
 0:      1048576        262144     float     sum      -1    574.3    1.83    3.54      0    555.8    1.89    3.66      0
 0:      2097152        524288     float     sum      -1    745.5    2.81    5.45      0    713.2    2.94    5.70      0
 0:      4194304       1048576     float     sum      -1   1024.0    4.10    7.94      0   1025.2    4.09    7.93      0
 0:      8388608       2097152     float     sum      -1   1635.5    5.13    9.94      0   1635.2    5.13    9.94      0
 0:     16777216       4194304     float     sum      -1    12940    1.30    2.51      0    12909    1.30    2.52      0
 0:     33554432       8388608     float     sum      -1    23640    1.42    2.75      0    23386    1.43    2.78      0
 0:     67108864      16777216     float     sum      -1    29893    2.25    4.35      0    30521    2.20    4.26      0
 0:    134217728      33554432     float     sum      -1    28536    4.70    9.11      0    29599    4.53    8.79      0
 0:    268435456      67108864     float     sum      -1    36097    7.44   14.41      0    34494    7.78   15.08      0
 0:    536870912     134217728     float     sum      -1    46538   11.54   22.35      0    44316   12.11   23.47      0
