0: # nThread 1 nGpus 1 minBytes 8 maxBytes 4294967296 step: 2(factor) warmup iters: 8 iters: 24 agg iters: 1 validation: 1 graph: 0
0: #
0: # Using devices
0: #  Rank  0 Group  0 Pid  90687 on  nid006955 device  0 [0009:01:00] NVIDIA GH200 120GB
0: #  Rank  1 Group  0 Pid  90688 on  nid006955 device  0 [0019:01:00] NVIDIA GH200 120GB
0: #  Rank  2 Group  0 Pid  90689 on  nid006955 device  0 [0029:01:00] NVIDIA GH200 120GB
0: #  Rank  3 Group  0 Pid  90690 on  nid006955 device  0 [0039:01:00] NVIDIA GH200 120GB
0: #  Rank  4 Group  0 Pid 188042 on  nid006979 device  0 [0009:01:00] NVIDIA GH200 120GB
0: #  Rank  5 Group  0 Pid 188043 on  nid006979 device  0 [0019:01:00] NVIDIA GH200 120GB
0: #  Rank  6 Group  0 Pid 188044 on  nid006979 device  0 [0029:01:00] NVIDIA GH200 120GB
0: #  Rank  7 Group  0 Pid 188045 on  nid006979 device  0 [0039:01:00] NVIDIA GH200 120GB
0: #
0: #                                                              out-of-place                       in-place          
0: #       size         count      type   redop    root     time   algbw   busbw #wrong     time   algbw   busbw #wrong
0: #        (B)    (elements)                               (us)  (GB/s)  (GB/s)            (us)  (GB/s)  (GB/s)       
0:            8             2     float     sum      -1    19.42    0.00    0.00      0    17.76    0.00    0.00      0
0:           16             4     float     sum      -1    17.90    0.00    0.00      0    17.92    0.00    0.00      0
0:           32             8     float     sum      -1    17.73    0.00    0.00      0    17.63    0.00    0.00      0
0:           64            16     float     sum      -1    19.51    0.00    0.01      0    19.21    0.00    0.01      0
0:          128            32     float     sum      -1    19.66    0.01    0.01      0    19.48    0.01    0.01      0
0:          256            64     float     sum      -1    20.09    0.01    0.02      0    19.92    0.01    0.02      0
0:          512           128     float     sum      -1    20.25    0.03    0.04      0    20.40    0.03    0.04      0
0:         1024           256     float     sum      -1    22.59    0.05    0.08      0    21.95    0.05    0.08      0
0:         2048           512     float     sum      -1    23.94    0.09    0.15      0    24.10    0.08    0.15      0
0:         4096          1024     float     sum      -1    34.07    0.12    0.21      0    33.70    0.12    0.21      0
0:         8192          2048     float     sum      -1    34.98    0.23    0.41      0    34.50    0.24    0.42      0
0:        16384          4096     float     sum      -1    36.04    0.45    0.80      0    34.76    0.47    0.82      0
0:        32768          8192     float     sum      -1    37.56    0.87    1.53      0    37.40    0.88    1.53      0
0:        65536         16384     float     sum      -1    73.21    0.90    1.57      0    72.70    0.90    1.58      0
0:       131072         32768     float     sum      -1    80.10    1.64    2.86      0    83.11    1.58    2.76      0
0:       262144         65536     float     sum      -1    138.5    1.89    3.31      0    119.9    2.19    3.83      0
0:       524288        131072     float     sum      -1    218.8    2.40    4.19      0    223.8    2.34    4.10      0
0:      1048576        262144     float     sum      -1    331.0    3.17    5.54      0    330.0    3.18    5.56      0
0:      2097152        524288     float     sum      -1    136.7   15.34   26.85      0    140.0   14.98   26.22      0
0:      4194304       1048576     float     sum      -1    194.6   21.56   37.72      0    206.9   20.27   35.47      0
0:      8388608       2097152     float     sum      -1    313.1   26.79   46.89      0    337.7   24.84   43.47      0
0:     16777216       4194304     float     sum      -1    521.6   32.16   56.29      0    560.6   29.93   52.37      0
0:     33554432       8388608     float     sum      -1    858.5   39.09   68.40      0    884.8   37.92   66.37      0
0:     67108864      16777216     float     sum      -1   1411.8   47.54   83.19      0   1502.9   44.65   78.14      0
0:    134217728      33554432     float     sum      -1   2250.6   59.64  104.36      0   2322.2   57.80  101.15      0
0:    268435456      67108864     float     sum      -1   3782.0   70.98  124.21      0   3804.7   70.55  123.47      0
0:    536870912     134217728     float     sum      -1   6739.9   79.66  139.40      0   6772.5   79.27  138.73      0
0:   1073741824     268435456     float     sum      -1    12583   85.33  149.33      0    12557   85.51  149.64      0
0:   2147483648     536870912     float     sum      -1    24224   88.65  155.14      0    24288   88.42  154.73      0
0:   4294967296    1073741824     float     sum      -1    47504   90.41  158.22      0    47538   90.35  158.11      0
0:            8             2     float     sum      -1    18.57    0.00    0.00      0    17.95    0.00    0.00      0
0:           16             4     float     sum      -1    17.87    0.00    0.00      0    17.68    0.00    0.00      0
0:           32             8     float     sum      -1    18.01    0.00    0.00      0    17.87    0.00    0.00      0
0:           64            16     float     sum      -1    19.52    0.00    0.01      0    19.40    0.00    0.01      0
0:          128            32     float     sum      -1    20.12    0.01    0.01      0    19.54    0.01    0.01      0
0:          256            64     float     sum      -1    20.15    0.01    0.02      0    19.79    0.01    0.02      0
0:          512           128     float     sum      -1    20.35    0.03    0.04      0    20.45    0.03    0.04      0
0:         1024           256     float     sum      -1    22.92    0.04    0.08      0    22.79    0.04    0.08      0
0:         2048           512     float     sum      -1    23.82    0.09    0.15      0    23.58    0.09    0.15      0
0:         4096          1024     float     sum      -1    34.33    0.12    0.21      0    34.67    0.12    0.21      0
0:         8192          2048     float     sum      -1    35.12    0.23    0.41      0    35.06    0.23    0.41      0
0:        16384          4096     float     sum      -1    36.24    0.45    0.79      0    35.31    0.46    0.81      0
0:        32768          8192     float     sum      -1    38.92    0.84    1.47      0    37.16    0.88    1.54      0
0:        65536         16384     float     sum      -1    73.63    0.89    1.56      0    73.59    0.89    1.56      0
0:       131072         32768     float     sum      -1    82.58    1.59    2.78      0    78.86    1.66    2.91      0
0:       262144         65536     float     sum      -1    126.3    2.08    3.63      0    119.9    2.19    3.82      0
0:       524288        131072     float     sum      -1    219.3    2.39    4.18      0    219.9    2.38    4.17      0
0:      1048576        262144     float     sum      -1    331.3    3.16    5.54      0    327.7    3.20    5.60      0
0:      2097152        524288     float     sum      -1    137.0   15.31   26.79      0    141.0   14.88   26.04      0
0:      4194304       1048576     float     sum      -1    198.3   21.15   37.02      0    213.5   19.65   34.39      0
0:      8388608       2097152     float     sum      -1    322.5   26.01   45.52      0    334.7   25.06   43.86      0
0:     16777216       4194304     float     sum      -1    520.1   32.26   56.45      0    549.2   30.55   53.46      0
0:     33554432       8388608     float     sum      -1    869.8   38.58   67.51      0    878.1   38.21   66.87      0
0:     67108864      16777216     float     sum      -1   1484.7   45.20   79.10      0   1444.1   46.47   81.33      0
0:    134217728      33554432     float     sum      -1   2273.2   59.04  103.32      0   2368.8   56.66   99.16      0
0:    268435456      67108864     float     sum      -1   3791.7   70.80  123.89      0   3809.8   70.46  123.30      0
0:    536870912     134217728     float     sum      -1   6696.6   80.17  140.30      0   6743.1   79.62  139.33      0
0:   1073741824     268435456     float     sum      -1    12507   85.85  150.24      0    12544   85.60  149.79      0
0:   2147483648     536870912     float     sum      -1    24236   88.61  155.07      0    24228   88.64  155.11      0
0:   4294967296    1073741824     float     sum      -1    47436   90.54  158.45      0    47546   90.33  158.08      0
0:            8             2     float     sum      -1    18.68    0.00    0.00      0    17.77    0.00    0.00      0
0:           16             4     float     sum      -1    18.14    0.00    0.00      0    17.67    0.00    0.00      0
0:           32             8     float     sum      -1    17.99    0.00    0.00      0    17.93    0.00    0.00      0
0:           64            16     float     sum      -1    19.52    0.00    0.01      0    19.14    0.00    0.01      0
0:          128            32     float     sum      -1    19.72    0.01    0.01      0    19.55    0.01    0.01      0
0:          256            64     float     sum      -1    20.42    0.01    0.02      0    19.78    0.01    0.02      0
0:          512           128     float     sum      -1    20.51    0.02    0.04      0    20.37    0.03    0.04      0
0:         1024           256     float     sum      -1    22.64    0.05    0.08      0    22.60    0.05    0.08      0
0:         2048           512     float     sum      -1    23.81    0.09    0.15      0    23.45    0.09    0.15      0
0:         4096          1024     float     sum      -1    34.63    0.12    0.21      0    34.67    0.12    0.21      0
0:         8192          2048     float     sum      -1    34.77    0.24    0.41      0    34.49    0.24    0.42      0
0:        16384          4096     float     sum      -1    36.41    0.45    0.79      0    35.15    0.47    0.82      0
0:        32768          8192     float     sum      -1    38.32    0.86    1.50      0    37.18    0.88    1.54      0
0:        65536         16384     float     sum      -1    76.04    0.86    1.51      0    74.10    0.88    1.55      0
0:       131072         32768     float     sum      -1    82.02    1.60    2.80      0    84.82    1.55    2.70      0
0:       262144         65536     float     sum      -1    120.7    2.17    3.80      0    119.8    2.19    3.83      0
0:       524288        131072     float     sum      -1    219.3    2.39    4.18      0    219.6    2.39    4.18      0
0:      1048576        262144     float     sum      -1    329.9    3.18    5.56      0    328.9    3.19    5.58      0
0:      2097152        524288     float     sum      -1    135.7   15.45   27.04      0    139.3   15.06   26.35      0
0:      4194304       1048576     float     sum      -1    195.3   21.48   37.58      0    202.5   20.71   36.25      0
0:      8388608       2097152     float     sum      -1    319.0   26.30   46.03      0    325.5   25.77   45.10      0
0:     16777216       4194304     float     sum      -1    540.2   31.06   54.35      0    544.5   30.81   53.92      0
0:     33554432       8388608     float     sum      -1    876.9   38.26   66.96      0    870.7   38.54   67.44      0
0:     67108864      16777216     float     sum      -1   1414.3   47.45   83.04      0   1440.1   46.60   81.55      0
0:    134217728      33554432     float     sum      -1   2270.7   59.11  103.44      0   2312.4   58.04  101.58      0
0:    268435456      67108864     float     sum      -1   3746.9   71.64  125.37      0   3820.4   70.26  122.96      0
0:    536870912     134217728     float     sum      -1   6710.2   80.01  140.01      0   6744.2   79.60  139.31      0
0:   1073741824     268435456     float     sum      -1    12506   85.86  150.25      0    12588   85.30  149.27      0
0:   2147483648     536870912     float     sum      -1    24193   88.77  155.34      0    24193   88.77  155.34      0
0:   4294967296    1073741824     float     sum      -1    47549   90.33  158.07      0    47594   90.24  157.92      0
0:            8             2     float     sum      -1    18.50    0.00    0.00      0    18.14    0.00    0.00      0
0:           16             4     float     sum      -1    18.05    0.00    0.00      0    17.73    0.00    0.00      0
0:           32             8     float     sum      -1    17.76    0.00    0.00      0    17.70    0.00    0.00      0
0:           64            16     float     sum      -1    19.47    0.00    0.01      0    19.16    0.00    0.01      0
0:          128            32     float     sum      -1    19.90    0.01    0.01      0    19.42    0.01    0.01      0
0:          256            64     float     sum      -1    20.24    0.01    0.02      0    19.64    0.01    0.02      0
0:          512           128     float     sum      -1    20.66    0.02    0.04      0    20.30    0.03    0.04      0
0:         1024           256     float     sum      -1    22.53    0.05    0.08      0    22.13    0.05    0.08      0
0:         2048           512     float     sum      -1    23.77    0.09    0.15      0    23.44    0.09    0.15      0
0:         4096          1024     float     sum      -1    34.34    0.12    0.21      0    33.66    0.12    0.21      0
0:         8192          2048     float     sum      -1    34.79    0.24    0.41      0    34.44    0.24    0.42      0
0:        16384          4096     float     sum      -1    35.87    0.46    0.80      0    34.83    0.47    0.82      0
0:        32768          8192     float     sum      -1    37.69    0.87    1.52      0    37.20    0.88    1.54      0
0:        65536         16384     float     sum      -1    73.55    0.89    1.56      0    72.61    0.90    1.58      0
0:       131072         32768     float     sum      -1    80.21    1.63    2.86      0    80.09    1.64    2.86      0
0:       262144         65536     float     sum      -1    119.4    2.20    3.84      0    123.0    2.13    3.73      0
0:       524288        131072     float     sum      -1    219.4    2.39    4.18      0    217.8    2.41    4.21      0
0:      1048576        262144     float     sum      -1    329.9    3.18    5.56      0    329.5    3.18    5.57      0
0:      2097152        524288     float     sum      -1    137.3   15.28   26.74      0    139.7   15.01   26.27      0
0:      4194304       1048576     float     sum      -1    200.6   20.91   36.59      0    211.8   19.80   34.65      0
0:      8388608       2097152     float     sum      -1    312.4   26.85   47.00      0    328.4   25.55   44.71      0
0:     16777216       4194304     float     sum      -1    529.6   31.68   55.44      0    557.0   30.12   52.71      0
0:     33554432       8388608     float     sum      -1    838.2   40.03   70.05      0    859.5   39.04   68.32      0
0:     67108864      16777216     float     sum      -1   1399.5   47.95   83.91      0   1453.6   46.17   80.79      0
0:    134217728      33554432     float     sum      -1   2266.1   59.23  103.65      0   2401.9   55.88   97.79      0
0:    268435456      67108864     float     sum      -1   3812.9   70.40  123.20      0   3802.8   70.59  123.53      0
0:    536870912     134217728     float     sum      -1   6677.7   80.40  140.70      0   6767.4   79.33  138.83      0
0:   1073741824     268435456     float     sum      -1    12556   85.52  149.66      0    12581   85.35  149.36      0
0:   2147483648     536870912     float     sum      -1    24201   88.74  155.29      0    24210   88.70  155.23      0
0:   4294967296    1073741824     float     sum      -1    47499   90.42  158.24      0    47497   90.43  158.24      0
0:            8             2     float     sum      -1    18.42    0.00    0.00      0    17.82    0.00    0.00      0
0:           16             4     float     sum      -1    17.94    0.00    0.00      0    18.01    0.00    0.00      0
0:           32             8     float     sum      -1    17.83    0.00    0.00      0    17.71    0.00    0.00      0
0:           64            16     float     sum      -1    19.42    0.00    0.01      0    19.33    0.00    0.01      0
0:          128            32     float     sum      -1    19.77    0.01    0.01      0    19.45    0.01    0.01      0
0:          256            64     float     sum      -1    20.21    0.01    0.02      0    19.83    0.01    0.02      0
0:          512           128     float     sum      -1    20.55    0.02    0.04      0    20.09    0.03    0.04      0
0:         1024           256     float     sum      -1    22.93    0.04    0.08      0    22.13    0.05    0.08      0
0:         2048           512     float     sum      -1    23.68    0.09    0.15      0    23.53    0.09    0.15      0
0:         4096          1024     float     sum      -1    34.26    0.12    0.21      0    33.93    0.12    0.21      0
0:         8192          2048     float     sum      -1    35.03    0.23    0.41      0    34.16    0.24    0.42      0
0:        16384          4096     float     sum      -1    35.59    0.46    0.81      0    34.92    0.47    0.82      0
0:        32768          8192     float     sum      -1    37.62    0.87    1.52      0    37.04    0.88    1.55      0
0:        65536         16384     float     sum      -1    73.20    0.90    1.57      0    73.12    0.90    1.57      0
0:       131072         32768     float     sum      -1    80.90    1.62    2.84      0    79.88    1.64    2.87      0
0:       262144         65536     float     sum      -1    119.6    2.19    3.84      0    119.4    2.20    3.84      0
0:       524288        131072     float     sum      -1    220.7    2.38    4.16      0    217.9    2.41    4.21      0
0:      1048576        262144     float     sum      -1    330.4    3.17    5.55      0    327.0    3.21    5.61      0
0:      2097152        524288     float     sum      -1    137.4   15.26   26.71      0    140.6   14.91   26.10      0
0:      4194304       1048576     float     sum      -1    199.9   20.98   36.72      0    207.8   20.19   35.33      0
0:      8388608       2097152     float     sum      -1    317.6   26.41   46.23      0    333.6   25.14   44.00      0
0:     16777216       4194304     float     sum      -1    517.8   32.40   56.70      0    552.3   30.38   53.16      0
0:     33554432       8388608     float     sum      -1    862.9   38.89   68.05      0    860.4   39.00   68.25      0
0:     67108864      16777216     float     sum      -1   1459.2   45.99   80.48      0   1471.4   45.61   79.82      0
0:    134217728      33554432     float     sum      -1   2255.0   59.52  104.16      0   2352.8   57.05   99.83      0
0:    268435456      67108864     float     sum      -1   3738.7   71.80  125.65      0   3815.5   70.35  123.12      0
0:    536870912     134217728     float     sum      -1   6684.4   80.32  140.55      0   6750.1   79.54  139.19      0
0:   1073741824     268435456     float     sum      -1    12547   85.58  149.76      0    12594   85.26  149.20      0
0:   2147483648     536870912     float     sum      -1    24110   89.07  155.87      0    24222   88.66  155.15      0
0:   4294967296    1073741824     float     sum      -1    47529   90.36  158.14      0    47451   90.51  158.40      0
0:            8             2     float     sum      -1    18.59    0.00    0.00      0    17.78    0.00    0.00      0
0:           16             4     float     sum      -1    17.85    0.00    0.00      0    17.79    0.00    0.00      0
0:           32             8     float     sum      -1    17.90    0.00    0.00      0    17.79    0.00    0.00      0
0:           64            16     float     sum      -1    19.42    0.00    0.01      0    19.46    0.00    0.01      0
0:          128            32     float     sum      -1    19.89    0.01    0.01      0    19.37    0.01    0.01      0
0:          256            64     float     sum      -1    20.04    0.01    0.02      0    19.69    0.01    0.02      0
0:          512           128     float     sum      -1    20.57    0.02    0.04      0    20.50    0.02    0.04      0
0:         1024           256     float     sum      -1    22.62    0.05    0.08      0    22.03    0.05    0.08      0
0:         2048           512     float     sum      -1    23.47    0.09    0.15      0    23.50    0.09    0.15      0
0:         4096          1024     float     sum      -1    34.38    0.12    0.21      0    33.58    0.12    0.21      0
0:         8192          2048     float     sum      -1    34.88    0.23    0.41      0    34.20    0.24    0.42      0
0:        16384          4096     float     sum      -1    35.66    0.46    0.80      0    34.97    0.47    0.82      0
0:        32768          8192     float     sum      -1    37.71    0.87    1.52      0    37.11    0.88    1.55      0
0:        65536         16384     float     sum      -1    74.61    0.88    1.54      0    73.12    0.90    1.57      0
0:       131072         32768     float     sum      -1    81.11    1.62    2.83      0    79.42    1.65    2.89      0
0:       262144         65536     float     sum      -1    118.7    2.21    3.87      0    119.7    2.19    3.83      0
0:       524288        131072     float     sum      -1    220.8    2.37    4.15      0    219.1    2.39    4.19      0
0:      1048576        262144     float     sum      -1    331.8    3.16    5.53      0    330.9    3.17    5.55      0
0:      2097152        524288     float     sum      -1    136.6   15.35   26.86      0    139.2   15.06   26.36      0
0:      4194304       1048576     float     sum      -1    200.0   20.97   36.70      0    206.8   20.28   35.50      0
0:      8388608       2097152     float     sum      -1    314.8   26.64   46.63      0    338.5   24.78   43.37      0
0:     16777216       4194304     float     sum      -1    515.6   32.54   56.95      0    542.8   30.91   54.09      0
0:     33554432       8388608     float     sum      -1    874.9   38.35   67.12      0    872.2   38.47   67.32      0
0:     67108864      16777216     float     sum      -1   1410.9   47.56   83.24      0   1478.4   45.39   79.44      0
0:    134217728      33554432     float     sum      -1   2254.3   59.54  104.19      0   2437.3   55.07   96.37      0
0:    268435456      67108864     float     sum      -1   3797.0   70.70  123.72      0   3826.2   70.16  122.77      0
0:    536870912     134217728     float     sum      -1   6724.2   79.84  139.72      0   6746.6   79.58  139.26      0
0:   1073741824     268435456     float     sum      -1    12550   85.56  149.73      0    12609   85.15  149.02      0
0:   2147483648     536870912     float     sum      -1    24159   88.89  155.56      0    24268   88.49  154.86      0
0:   4294967296    1073741824     float     sum      -1    47514   90.39  158.19      0    47536   90.35  158.11      0
0:            8             2     float     sum      -1    18.50    0.00    0.00      0    18.03    0.00    0.00      0
0:           16             4     float     sum      -1    18.05    0.00    0.00      0    17.67    0.00    0.00      0
0:           32             8     float     sum      -1    18.05    0.00    0.00      0    17.77    0.00    0.00      0
0:           64            16     float     sum      -1    19.68    0.00    0.01      0    19.57    0.00    0.01      0
0:          128            32     float     sum      -1    19.84    0.01    0.01      0    19.54    0.01    0.01      0
0:          256            64     float     sum      -1    20.07    0.01    0.02      0    19.84    0.01    0.02      0
0:          512           128     float     sum      -1    20.48    0.02    0.04      0    20.41    0.03    0.04      0
0:         1024           256     float     sum      -1    22.90    0.04    0.08      0    21.97    0.05    0.08      0
0:         2048           512     float     sum      -1    24.04    0.09    0.15      0    23.58    0.09    0.15      0
0:         4096          1024     float     sum      -1    35.01    0.12    0.20      0    34.28    0.12    0.21      0
0:         8192          2048     float     sum      -1    34.83    0.24    0.41      0    34.52    0.24    0.42      0
0:        16384          4096     float     sum      -1    36.32    0.45    0.79      0    35.57    0.46    0.81      0
0:        32768          8192     float     sum      -1    38.12    0.86    1.50      0    38.12    0.86    1.50      0
0:        65536         16384     float     sum      -1    74.11    0.88    1.55      0    72.75    0.90    1.58      0
0:       131072         32768     float     sum      -1    80.80    1.62    2.84      0    84.04    1.56    2.73      0
0:       262144         65536     float     sum      -1    118.9    2.20    3.86      0    118.6    2.21    3.87      0
0:       524288        131072     float     sum      -1    220.8    2.37    4.16      0    219.6    2.39    4.18      0
0:      1048576        262144     float     sum      -1    329.2    3.19    5.57      0    370.9    2.83    4.95      0
0:      2097152        524288     float     sum      -1    138.4   15.16   26.52      0    140.6   14.91   26.10      0
0:      4194304       1048576     float     sum      -1    202.0   20.77   36.34      0    204.3   20.53   35.93      0
0:      8388608       2097152     float     sum      -1    329.9   25.43   44.50      0    336.5   24.93   43.62      0
0:     16777216       4194304     float     sum      -1    513.6   32.67   57.16      0    555.3   30.21   52.87      0
0:     33554432       8388608     float     sum      -1    871.4   38.51   67.39      0    858.3   39.09   68.41      0
0:     67108864      16777216     float     sum      -1   1400.6   47.91   83.85      0   1456.3   46.08   80.64      0
0:    134217728      33554432     float     sum      -1   2267.4   59.19  103.59      0   2384.8   56.28   98.49      0
0:    268435456      67108864     float     sum      -1   3779.3   71.03  124.30      0   3782.6   70.97  124.19      0
0:    536870912     134217728     float     sum      -1   6710.1   80.01  140.02      0   6753.5   79.50  139.12      0
0:   1073741824     268435456     float     sum      -1    12567   85.44  149.52      0    12585   85.32  149.31      0
0:   2147483648     536870912     float     sum      -1    24211   88.70  155.22      0    24250   88.56  154.97      0
0:   4294967296    1073741824     float     sum      -1    47557   90.31  158.05      0    47555   90.32  158.05      0
0:            8             2     float     sum      -1    18.41    0.00    0.00      0    17.93    0.00    0.00      0
0:           16             4     float     sum      -1    17.93    0.00    0.00      0    17.75    0.00    0.00      0
0:           32             8     float     sum      -1    17.82    0.00    0.00      0    17.66    0.00    0.00      0
0:           64            16     float     sum      -1    19.46    0.00    0.01      0    19.25    0.00    0.01      0
0:          128            32     float     sum      -1    19.80    0.01    0.01      0    19.40    0.01    0.01      0
0:          256            64     float     sum      -1    20.17    0.01    0.02      0    19.94    0.01    0.02      0
0:          512           128     float     sum      -1    20.56    0.02    0.04      0    20.57    0.02    0.04      0
0:         1024           256     float     sum      -1    22.65    0.05    0.08      0    22.20    0.05    0.08      0
0:         2048           512     float     sum      -1    23.67    0.09    0.15      0    23.35    0.09    0.15      0
0:         4096          1024     float     sum      -1    34.31    0.12    0.21      0    33.76    0.12    0.21      0
0:         8192          2048     float     sum      -1    35.03    0.23    0.41      0    34.49    0.24    0.42      0
0:        16384          4096     float     sum      -1    35.53    0.46    0.81      0    34.58    0.47    0.83      0
0:        32768          8192     float     sum      -1    37.46    0.87    1.53      0    37.09    0.88    1.55      0
0:        65536         16384     float     sum      -1    73.26    0.89    1.57      0    72.80    0.90    1.58      0
0:       131072         32768     float     sum      -1    81.70    1.60    2.81      0    80.50    1.63    2.85      0
0:       262144         65536     float     sum      -1    118.9    2.21    3.86      0    118.8    2.21    3.86      0
0:       524288        131072     float     sum      -1    220.2    2.38    4.17      0    242.0    2.17    3.79      0
0:      1048576        262144     float     sum      -1    329.5    3.18    5.57      0    328.2    3.19    5.59      0
0:      2097152        524288     float     sum      -1    138.8   15.10   26.43      0    139.0   15.09   26.40      0
0:      4194304       1048576     float     sum      -1    195.1   21.50   37.62      0    209.0   20.06   35.11      0
0:      8388608       2097152     float     sum      -1    309.9   27.07   47.37      0    330.5   25.38   44.41      0
0:     16777216       4194304     float     sum      -1    520.7   32.22   56.38      0    546.5   30.70   53.72      0
0:     33554432       8388608     float     sum      -1    871.0   38.52   67.42      0    851.5   39.41   68.96      0
0:     67108864      16777216     float     sum      -1   1420.9   47.23   82.65      0   1498.3   44.79   78.38      0
0:    134217728      33554432     float     sum      -1   2310.6   58.09  101.65      0   2366.0   56.73   99.27      0
0:    268435456      67108864     float     sum      -1   3762.4   71.35  124.86      0   3794.9   70.74  123.79      0
0:    536870912     134217728     float     sum      -1   6723.1   79.85  139.75      0   6730.9   79.76  139.58      0
0:   1073741824     268435456     float     sum      -1    12532   85.68  149.94      0    12592   85.27  149.22      0
0:   2147483648     536870912     float     sum      -1    24217   88.68  155.18      0    24254   88.54  154.95      0
0:   4294967296    1073741824     float     sum      -1    47564   90.30  158.02      0    47525   90.37  158.15      0
0:            8             2     float     sum      -1    18.94    0.00    0.00      0    18.21    0.00    0.00      0
0:           16             4     float     sum      -1    18.27    0.00    0.00      0    18.05    0.00    0.00      0
0:           32             8     float     sum      -1    18.02    0.00    0.00      0    17.92    0.00    0.00      0
0:           64            16     float     sum      -1    19.81    0.00    0.01      0    19.22    0.00    0.01      0
0:          128            32     float     sum      -1    19.81    0.01    0.01      0    19.34    0.01    0.01      0
0:          256            64     float     sum      -1    20.03    0.01    0.02      0    19.68    0.01    0.02      0
0:          512           128     float     sum      -1    20.65    0.02    0.04      0    20.23    0.03    0.04      0
0:         1024           256     float     sum      -1    22.51    0.05    0.08      0    22.18    0.05    0.08      0
0:         2048           512     float     sum      -1    23.84    0.09    0.15      0    23.39    0.09    0.15      0
0:         4096          1024     float     sum      -1    34.22    0.12    0.21      0    33.51    0.12    0.21      0
0:         8192          2048     float     sum      -1    34.98    0.23    0.41      0    34.47    0.24    0.42      0
0:        16384          4096     float     sum      -1    35.64    0.46    0.80      0    34.86    0.47    0.82      0
0:        32768          8192     float     sum      -1    37.97    0.86    1.51      0    37.55    0.87    1.53      0
0:        65536         16384     float     sum      -1    73.46    0.89    1.56      0    76.88    0.85    1.49      0
0:       131072         32768     float     sum      -1    80.68    1.62    2.84      0    80.51    1.63    2.85      0
0:       262144         65536     float     sum      -1    120.7    2.17    3.80      0    118.1    2.22    3.88      0
0:       524288        131072     float     sum      -1    220.2    2.38    4.17      0    218.3    2.40    4.20      0
0:      1048576        262144     float     sum      -1    331.7    3.16    5.53      0    328.9    3.19    5.58      0
0:      2097152        524288     float     sum      -1    137.3   15.28   26.73      0    138.5   15.15   26.51      0
0:      4194304       1048576     float     sum      -1    204.5   20.51   35.89      0    205.4   20.42   35.73      0
0:      8388608       2097152     float     sum      -1    324.4   25.86   45.26      0    329.3   25.48   44.58      0
0:     16777216       4194304     float     sum      -1    524.2   32.01   56.01      0    561.8   29.86   52.26      0
0:     33554432       8388608     float     sum      -1    871.1   38.52   67.41      0    859.0   39.06   68.36      0
0:     67108864      16777216     float     sum      -1   1424.2   47.12   82.46      0   1482.6   45.27   79.21      0
0:    134217728      33554432     float     sum      -1   2264.2   59.28  103.74      0   2349.1   57.14   99.99      0
0:    268435456      67108864     float     sum      -1   3794.6   70.74  123.80      0   3806.1   70.53  123.42      0
0:    536870912     134217728     float     sum      -1   6720.4   79.89  139.80      0   6760.2   79.42  138.98      0
0:   1073741824     268435456     float     sum      -1    12557   85.51  149.64      0    12535   85.66  149.91      0
0:   2147483648     536870912     float     sum      -1    24246   88.57  155.00      0    24243   88.58  155.02      0
0:   4294967296    1073741824     float     sum      -1    47511   90.40  158.20      0    47531   90.36  158.13      0
0:            8             2     float     sum      -1    18.42    0.00    0.00      0    18.11    0.00    0.00      0
0:           16             4     float     sum      -1    17.89    0.00    0.00      0    17.76    0.00    0.00      0
0:           32             8     float     sum      -1    17.81    0.00    0.00      0    17.79    0.00    0.00      0
0:           64            16     float     sum      -1    19.39    0.00    0.01      0    19.34    0.00    0.01      0
0:          128            32     float     sum      -1    19.84    0.01    0.01      0    19.34    0.01    0.01      0
0:          256            64     float     sum      -1    20.26    0.01    0.02      0    19.59    0.01    0.02      0
0:          512           128     float     sum      -1    20.44    0.03    0.04      0    20.25    0.03    0.04      0
0:         1024           256     float     sum      -1    22.66    0.05    0.08      0    22.42    0.05    0.08      0
0:         2048           512     float     sum      -1    23.53    0.09    0.15      0    23.63    0.09    0.15      0
0:         4096          1024     float     sum      -1    33.92    0.12    0.21      0    33.93    0.12    0.21      0
0:         8192          2048     float     sum      -1    34.83    0.24    0.41      0    34.17    0.24    0.42      0
0:        16384          4096     float     sum      -1    35.47    0.46    0.81      0    34.47    0.48    0.83      0
0:        32768          8192     float     sum      -1    37.67    0.87    1.52      0    37.10    0.88    1.55      0
0:        65536         16384     float     sum      -1    74.84    0.88    1.53      0    77.22    0.85    1.49      0
0:       131072         32768     float     sum      -1    80.69    1.62    2.84      0    82.39    1.59    2.78      0
0:       262144         65536     float     sum      -1    119.2    2.20    3.85      0    122.3    2.14    3.75      0
0:       524288        131072     float     sum      -1    219.1    2.39    4.19      0    218.1    2.40    4.21      0
0:      1048576        262144     float     sum      -1    329.3    3.18    5.57      0    328.8    3.19    5.58      0
0:      2097152        524288     float     sum      -1    139.7   15.02   26.28      0    139.9   14.99   26.24      0
0:      4194304       1048576     float     sum      -1    201.0   20.86   36.51      0    207.8   20.18   35.32      0
0:      8388608       2097152     float     sum      -1    313.2   26.79   46.87      0    345.2   24.30   42.53      0
0:     16777216       4194304     float     sum      -1    517.0   32.45   56.79      0    550.9   30.45   53.29      0
0:     33554432       8388608     float     sum      -1    867.7   38.67   67.68      0    898.6   37.34   65.34      0
0:     67108864      16777216     float     sum      -1   1385.1   48.45   84.79      0   1470.7   45.63   79.85      0
0:    134217728      33554432     float     sum      -1   2282.8   58.79  102.89      0   2335.2   57.48  100.58      0
0:    268435456      67108864     float     sum      -1   3756.7   71.46  125.05      0   3778.3   71.05  124.33      0
0:    536870912     134217728     float     sum      -1   6723.2   79.85  139.74      0   6792.7   79.04  138.31      0
0:   1073741824     268435456     float     sum      -1    12525   85.73  150.03      0    12603   85.20  149.09      0
0:   2147483648     536870912     float     sum      -1    24201   88.73  155.29      0    24248   88.56  154.98      0
0:   4294967296    1073741824     float     sum      -1    47503   90.41  158.23      0    47566   90.30  158.02      0
0: # Out of bounds values : 0 OK
0: # Avg bus bandwidth    : 38.6794 
0: #
0: 
