 0: # nThread 1 nGpus 1 minBytes 8 maxBytes 4294967296 step: 2(factor) warmup iters: 8 iters: 24 agg iters: 1 validation: 1 graph: 0
 0: #
 0: # Using devices
 0: #  Rank  0 Group  0 Pid 221352 on  nid006835 device  0 [0009:01:00] NVIDIA GH200 120GB
 0: #  Rank  1 Group  0 Pid 221353 on  nid006835 device  0 [0019:01:00] NVIDIA GH200 120GB
 0: #  Rank  2 Group  0 Pid 221354 on  nid006835 device  0 [0029:01:00] NVIDIA GH200 120GB
 0: #  Rank  3 Group  0 Pid 221355 on  nid006835 device  0 [0039:01:00] NVIDIA GH200 120GB
 0: #  Rank  4 Group  0 Pid 210688 on  nid006911 device  0 [0009:01:00] NVIDIA GH200 120GB
 0: #  Rank  5 Group  0 Pid 210689 on  nid006911 device  0 [0019:01:00] NVIDIA GH200 120GB
 0: #  Rank  6 Group  0 Pid 210690 on  nid006911 device  0 [0029:01:00] NVIDIA GH200 120GB
 0: #  Rank  7 Group  0 Pid 210691 on  nid006911 device  0 [0039:01:00] NVIDIA GH200 120GB
 0: #  Rank  8 Group  0 Pid 291538 on  nid006913 device  0 [0009:01:00] NVIDIA GH200 120GB
 0: #  Rank  9 Group  0 Pid 291539 on  nid006913 device  0 [0019:01:00] NVIDIA GH200 120GB
 0: #  Rank 10 Group  0 Pid 291540 on  nid006913 device  0 [0029:01:00] NVIDIA GH200 120GB
 0: #  Rank 11 Group  0 Pid 291541 on  nid006913 device  0 [0039:01:00] NVIDIA GH200 120GB
 0: #  Rank 12 Group  0 Pid 270724 on  nid006914 device  0 [0009:01:00] NVIDIA GH200 120GB
 0: #  Rank 13 Group  0 Pid 270725 on  nid006914 device  0 [0019:01:00] NVIDIA GH200 120GB
 0: #  Rank 14 Group  0 Pid 270726 on  nid006914 device  0 [0029:01:00] NVIDIA GH200 120GB
 0: #  Rank 15 Group  0 Pid 270727 on  nid006914 device  0 [0039:01:00] NVIDIA GH200 120GB
 0: #  Rank 16 Group  0 Pid 290467 on  nid006916 device  0 [0009:01:00] NVIDIA GH200 120GB
 0: #  Rank 17 Group  0 Pid 290468 on  nid006916 device  0 [0019:01:00] NVIDIA GH200 120GB
 0: #  Rank 18 Group  0 Pid 290469 on  nid006916 device  0 [0029:01:00] NVIDIA GH200 120GB
 0: #  Rank 19 Group  0 Pid 290470 on  nid006916 device  0 [0039:01:00] NVIDIA GH200 120GB
 0: #  Rank 20 Group  0 Pid 286551 on  nid006917 device  0 [0009:01:00] NVIDIA GH200 120GB
 0: #  Rank 21 Group  0 Pid 286552 on  nid006917 device  0 [0019:01:00] NVIDIA GH200 120GB
 0: #  Rank 22 Group  0 Pid 286553 on  nid006917 device  0 [0029:01:00] NVIDIA GH200 120GB
 0: #  Rank 23 Group  0 Pid 286554 on  nid006917 device  0 [0039:01:00] NVIDIA GH200 120GB
 0: #  Rank 24 Group  0 Pid 145227 on  nid006919 device  0 [0009:01:00] NVIDIA GH200 120GB
 0: #  Rank 25 Group  0 Pid 145228 on  nid006919 device  0 [0019:01:00] NVIDIA GH200 120GB
 0: #  Rank 26 Group  0 Pid 145229 on  nid006919 device  0 [0029:01:00] NVIDIA GH200 120GB
 0: #  Rank 27 Group  0 Pid 145230 on  nid006919 device  0 [0039:01:00] NVIDIA GH200 120GB
 0: #  Rank 28 Group  0 Pid 251929 on  nid006921 device  0 [0009:01:00] NVIDIA GH200 120GB
 0: #  Rank 29 Group  0 Pid 251930 on  nid006921 device  0 [0019:01:00] NVIDIA GH200 120GB
 0: #  Rank 30 Group  0 Pid 251931 on  nid006921 device  0 [0029:01:00] NVIDIA GH200 120GB
 0: #  Rank 31 Group  0 Pid 251932 on  nid006921 device  0 [0039:01:00] NVIDIA GH200 120GB
 0: #  Rank 32 Group  0 Pid 240731 on  nid006949 device  0 [0009:01:00] NVIDIA GH200 120GB
 0: #  Rank 33 Group  0 Pid 240732 on  nid006949 device  0 [0019:01:00] NVIDIA GH200 120GB
 0: #  Rank 34 Group  0 Pid 240733 on  nid006949 device  0 [0029:01:00] NVIDIA GH200 120GB
 0: #  Rank 35 Group  0 Pid 240734 on  nid006949 device  0 [0039:01:00] NVIDIA GH200 120GB
 0: #  Rank 36 Group  0 Pid  94872 on  nid006955 device  0 [0009:01:00] NVIDIA GH200 120GB
 0: #  Rank 37 Group  0 Pid  94873 on  nid006955 device  0 [0019:01:00] NVIDIA GH200 120GB
 0: #  Rank 38 Group  0 Pid  94874 on  nid006955 device  0 [0029:01:00] NVIDIA GH200 120GB
 0: #  Rank 39 Group  0 Pid  94875 on  nid006955 device  0 [0039:01:00] NVIDIA GH200 120GB
 0: #  Rank 40 Group  0 Pid 135102 on  nid007025 device  0 [0009:01:00] NVIDIA GH200 120GB
 0: #  Rank 41 Group  0 Pid 135103 on  nid007025 device  0 [0019:01:00] NVIDIA GH200 120GB
 0: #  Rank 42 Group  0 Pid 135104 on  nid007025 device  0 [0029:01:00] NVIDIA GH200 120GB
 0: #  Rank 43 Group  0 Pid 135105 on  nid007025 device  0 [0039:01:00] NVIDIA GH200 120GB
 0: #  Rank 44 Group  0 Pid  39749 on  nid007027 device  0 [0009:01:00] NVIDIA GH200 120GB
 0: #  Rank 45 Group  0 Pid  39750 on  nid007027 device  0 [0019:01:00] NVIDIA GH200 120GB
 0: #  Rank 46 Group  0 Pid  39751 on  nid007027 device  0 [0029:01:00] NVIDIA GH200 120GB
 0: #  Rank 47 Group  0 Pid  39752 on  nid007027 device  0 [0039:01:00] NVIDIA GH200 120GB
 0: #  Rank 48 Group  0 Pid 219198 on  nid007029 device  0 [0009:01:00] NVIDIA GH200 120GB
 0: #  Rank 49 Group  0 Pid 219199 on  nid007029 device  0 [0019:01:00] NVIDIA GH200 120GB
 0: #  Rank 50 Group  0 Pid 219200 on  nid007029 device  0 [0029:01:00] NVIDIA GH200 120GB
 0: #  Rank 51 Group  0 Pid 219201 on  nid007029 device  0 [0039:01:00] NVIDIA GH200 120GB
 0: #  Rank 52 Group  0 Pid 182988 on  nid007030 device  0 [0009:01:00] NVIDIA GH200 120GB
 0: #  Rank 53 Group  0 Pid 182989 on  nid007030 device  0 [0019:01:00] NVIDIA GH200 120GB
 0: #  Rank 54 Group  0 Pid 182990 on  nid007030 device  0 [0029:01:00] NVIDIA GH200 120GB
 0: #  Rank 55 Group  0 Pid 182991 on  nid007030 device  0 [0039:01:00] NVIDIA GH200 120GB
 0: #  Rank 56 Group  0 Pid 268949 on  nid007038 device  0 [0009:01:00] NVIDIA GH200 120GB
 0: #  Rank 57 Group  0 Pid 268950 on  nid007038 device  0 [0019:01:00] NVIDIA GH200 120GB
 0: #  Rank 58 Group  0 Pid 268951 on  nid007038 device  0 [0029:01:00] NVIDIA GH200 120GB
 0: #  Rank 59 Group  0 Pid 268952 on  nid007038 device  0 [0039:01:00] NVIDIA GH200 120GB
 0: #  Rank 60 Group  0 Pid 108740 on  nid007057 device  0 [0009:01:00] NVIDIA GH200 120GB
 0: #  Rank 61 Group  0 Pid 108741 on  nid007057 device  0 [0019:01:00] NVIDIA GH200 120GB
 0: #  Rank 62 Group  0 Pid 108742 on  nid007057 device  0 [0029:01:00] NVIDIA GH200 120GB
 0: #  Rank 63 Group  0 Pid 108743 on  nid007057 device  0 [0039:01:00] NVIDIA GH200 120GB
 0: #
 0: #                                                              out-of-place                       in-place          
 0: #       size         count      type   redop    root     time   algbw   busbw #wrong     time   algbw   busbw #wrong
 0: #        (B)    (elements)                               (us)  (GB/s)  (GB/s)            (us)  (GB/s)  (GB/s)       
 0:            8             2     float     sum      -1   1178.4    0.00    0.00      0    798.8    0.00    0.00      0
 0:           16             4     float     sum      -1    955.8    0.00    0.00      0    717.5    0.00    0.00      0
 0:           32             8     float     sum      -1    700.0    0.00    0.00      0    752.5    0.00    0.00      0
 0:           64            16     float     sum      -1    698.8    0.00    0.00      0    935.4    0.00    0.00      0
 0:          128            32     float     sum      -1    662.0    0.00    0.00      0    663.1    0.00    0.00      0
 0:          256            64     float     sum      -1    939.0    0.00    0.00      0    658.6    0.00    0.00      0
 0:          512           128     float     sum      -1    719.0    0.00    0.00      0    756.1    0.00    0.00      0
 0:         1024           256     float     sum      -1    651.4    0.00    0.00      0    658.3    0.00    0.00      0
 0:         2048           512     float     sum      -1    702.1    0.00    0.01      0    667.7    0.00    0.01      0
 0:         4096          1024     float     sum      -1    750.0    0.01    0.01      0    722.1    0.01    0.01      0
 0:         8192          2048     float     sum      -1   1154.0    0.01    0.01      0   1160.4    0.01    0.01      0
 0:        16384          4096     float     sum      -1   2782.8    0.01    0.01      0   2769.8    0.01    0.01      0
 0:        32768          8192     float     sum      -1   3163.2    0.01    0.02      0   3725.5    0.01    0.02      0
 0:        65536         16384     float     sum      -1   3423.5    0.02    0.04      0   3707.7    0.02    0.03      0
 0:       131072         32768     float     sum      -1   4424.5    0.03    0.06      0   3789.8    0.03    0.07      0
 0:       262144         65536     float     sum      -1   4808.4    0.05    0.11      0   3673.7    0.07    0.14      0
 0:       524288        131072     float     sum      -1    33965    0.02    0.03      0    35389    0.01    0.03      0
 0:      1048576        262144     float     sum      -1    34009    0.03    0.06      0    34054    0.03    0.06      0
 0:      2097152        524288     float     sum      -1    32366    0.06    0.13      0    31428    0.07    0.13      0
 0:      4194304       1048576     float     sum      -1    31243    0.13    0.26      0    31199    0.13    0.26      0
 0:      8388608       2097152     float     sum      -1    49545    0.17    0.33      0    50321    0.17    0.33      0
 0:     16777216       4194304     float     sum      -1    98320    0.17    0.34      0    95929    0.17    0.34      0
 0:     33554432       8388608     float     sum      -1   194705    0.17    0.34      0   185385    0.18    0.36      0
