 0: # nThread 1 nGpus 1 minBytes 8 maxBytes 4294967296 step: 2(factor) warmup iters: 8 iters: 24 agg iters: 1 validation: 1 graph: 0
 0: #
 0: # Using devices
 0: #  Rank  0 Group  0 Pid 171214 on  nid006542 device  0 [0009:01:00] NVIDIA GH200 120GB
 0: #  Rank  1 Group  0 Pid 171215 on  nid006542 device  0 [0019:01:00] NVIDIA GH200 120GB
 0: #  Rank  2 Group  0 Pid 171216 on  nid006542 device  0 [0029:01:00] NVIDIA GH200 120GB
 0: #  Rank  3 Group  0 Pid 171217 on  nid006542 device  0 [0039:01:00] NVIDIA GH200 120GB
 0: #  Rank  4 Group  0 Pid 107376 on  nid006546 device  0 [0009:01:00] NVIDIA GH200 120GB
 0: #  Rank  5 Group  0 Pid 107377 on  nid006546 device  0 [0019:01:00] NVIDIA GH200 120GB
 0: #  Rank  6 Group  0 Pid 107378 on  nid006546 device  0 [0029:01:00] NVIDIA GH200 120GB
 0: #  Rank  7 Group  0 Pid 107379 on  nid006546 device  0 [0039:01:00] NVIDIA GH200 120GB
 0: #  Rank  8 Group  0 Pid 107178 on  nid006550 device  0 [0009:01:00] NVIDIA GH200 120GB
 0: #  Rank  9 Group  0 Pid 107179 on  nid006550 device  0 [0019:01:00] NVIDIA GH200 120GB
 0: #  Rank 10 Group  0 Pid 107180 on  nid006550 device  0 [0029:01:00] NVIDIA GH200 120GB
 0: #  Rank 11 Group  0 Pid 107181 on  nid006550 device  0 [0039:01:00] NVIDIA GH200 120GB
 0: #  Rank 12 Group  0 Pid  98470 on  nid006551 device  0 [0009:01:00] NVIDIA GH200 120GB
 0: #  Rank 13 Group  0 Pid  98471 on  nid006551 device  0 [0019:01:00] NVIDIA GH200 120GB
 0: #  Rank 14 Group  0 Pid  98472 on  nid006551 device  0 [0029:01:00] NVIDIA GH200 120GB
 0: #  Rank 15 Group  0 Pid  98473 on  nid006551 device  0 [0039:01:00] NVIDIA GH200 120GB
 0: #  Rank 16 Group  0 Pid 119970 on  nid006552 device  0 [0009:01:00] NVIDIA GH200 120GB
 0: #  Rank 17 Group  0 Pid 119971 on  nid006552 device  0 [0019:01:00] NVIDIA GH200 120GB
 0: #  Rank 18 Group  0 Pid 119972 on  nid006552 device  0 [0029:01:00] NVIDIA GH200 120GB
 0: #  Rank 19 Group  0 Pid 119973 on  nid006552 device  0 [0039:01:00] NVIDIA GH200 120GB
 0: #  Rank 20 Group  0 Pid 104280 on  nid006553 device  0 [0009:01:00] NVIDIA GH200 120GB
 0: #  Rank 21 Group  0 Pid 104281 on  nid006553 device  0 [0019:01:00] NVIDIA GH200 120GB
 0: #  Rank 22 Group  0 Pid 104282 on  nid006553 device  0 [0029:01:00] NVIDIA GH200 120GB
 0: #  Rank 23 Group  0 Pid 104283 on  nid006553 device  0 [0039:01:00] NVIDIA GH200 120GB
 0: #  Rank 24 Group  0 Pid 151665 on  nid006556 device  0 [0009:01:00] NVIDIA GH200 120GB
 0: #  Rank 25 Group  0 Pid 151666 on  nid006556 device  0 [0019:01:00] NVIDIA GH200 120GB
 0: #  Rank 26 Group  0 Pid 151667 on  nid006556 device  0 [0029:01:00] NVIDIA GH200 120GB
 0: #  Rank 27 Group  0 Pid 151668 on  nid006556 device  0 [0039:01:00] NVIDIA GH200 120GB
 0: #  Rank 28 Group  0 Pid 138890 on  nid006557 device  0 [0009:01:00] NVIDIA GH200 120GB
 0: #  Rank 29 Group  0 Pid 138891 on  nid006557 device  0 [0019:01:00] NVIDIA GH200 120GB
 0: #  Rank 30 Group  0 Pid 138892 on  nid006557 device  0 [0029:01:00] NVIDIA GH200 120GB
 0: #  Rank 31 Group  0 Pid 138893 on  nid006557 device  0 [0039:01:00] NVIDIA GH200 120GB
 0: #  Rank 32 Group  0 Pid 294309 on  nid006558 device  0 [0009:01:00] NVIDIA GH200 120GB
 0: #  Rank 33 Group  0 Pid 294310 on  nid006558 device  0 [0019:01:00] NVIDIA GH200 120GB
 0: #  Rank 34 Group  0 Pid 294311 on  nid006558 device  0 [0029:01:00] NVIDIA GH200 120GB
 0: #  Rank 35 Group  0 Pid 294312 on  nid006558 device  0 [0039:01:00] NVIDIA GH200 120GB
 0: #  Rank 36 Group  0 Pid 252857 on  nid006560 device  0 [0009:01:00] NVIDIA GH200 120GB
 0: #  Rank 37 Group  0 Pid 252858 on  nid006560 device  0 [0019:01:00] NVIDIA GH200 120GB
 0: #  Rank 38 Group  0 Pid 252859 on  nid006560 device  0 [0029:01:00] NVIDIA GH200 120GB
 0: #  Rank 39 Group  0 Pid 252860 on  nid006560 device  0 [0039:01:00] NVIDIA GH200 120GB
 0: #  Rank 40 Group  0 Pid 209596 on  nid006561 device  0 [0009:01:00] NVIDIA GH200 120GB
 0: #  Rank 41 Group  0 Pid 209597 on  nid006561 device  0 [0019:01:00] NVIDIA GH200 120GB
 0: #  Rank 42 Group  0 Pid 209598 on  nid006561 device  0 [0029:01:00] NVIDIA GH200 120GB
 0: #  Rank 43 Group  0 Pid 209599 on  nid006561 device  0 [0039:01:00] NVIDIA GH200 120GB
 0: #  Rank 44 Group  0 Pid 136112 on  nid006564 device  0 [0009:01:00] NVIDIA GH200 120GB
 0: #  Rank 45 Group  0 Pid 136113 on  nid006564 device  0 [0019:01:00] NVIDIA GH200 120GB
 0: #  Rank 46 Group  0 Pid 136114 on  nid006564 device  0 [0029:01:00] NVIDIA GH200 120GB
 0: #  Rank 47 Group  0 Pid 136115 on  nid006564 device  0 [0039:01:00] NVIDIA GH200 120GB
 0: #  Rank 48 Group  0 Pid 140626 on  nid006567 device  0 [0009:01:00] NVIDIA GH200 120GB
 0: #  Rank 49 Group  0 Pid 140627 on  nid006567 device  0 [0019:01:00] NVIDIA GH200 120GB
 0: #  Rank 50 Group  0 Pid 140628 on  nid006567 device  0 [0029:01:00] NVIDIA GH200 120GB
 0: #  Rank 51 Group  0 Pid 140629 on  nid006567 device  0 [0039:01:00] NVIDIA GH200 120GB
 0: #  Rank 52 Group  0 Pid 164102 on  nid007018 device  0 [0009:01:00] NVIDIA GH200 120GB
 0: #  Rank 53 Group  0 Pid 164103 on  nid007018 device  0 [0019:01:00] NVIDIA GH200 120GB
 0: #  Rank 54 Group  0 Pid 164104 on  nid007018 device  0 [0029:01:00] NVIDIA GH200 120GB
 0: #  Rank 55 Group  0 Pid 164105 on  nid007018 device  0 [0039:01:00] NVIDIA GH200 120GB
 0: #  Rank 56 Group  0 Pid 125279 on  nid007025 device  0 [0009:01:00] NVIDIA GH200 120GB
 0: #  Rank 57 Group  0 Pid 125280 on  nid007025 device  0 [0019:01:00] NVIDIA GH200 120GB
 0: #  Rank 58 Group  0 Pid 125281 on  nid007025 device  0 [0029:01:00] NVIDIA GH200 120GB
 0: #  Rank 59 Group  0 Pid 125282 on  nid007025 device  0 [0039:01:00] NVIDIA GH200 120GB
 0: #  Rank 60 Group  0 Pid 172934 on  nid007030 device  0 [0009:01:00] NVIDIA GH200 120GB
 0: #  Rank 61 Group  0 Pid 172935 on  nid007030 device  0 [0019:01:00] NVIDIA GH200 120GB
 0: #  Rank 62 Group  0 Pid 172936 on  nid007030 device  0 [0029:01:00] NVIDIA GH200 120GB
 0: #  Rank 63 Group  0 Pid 172937 on  nid007030 device  0 [0039:01:00] NVIDIA GH200 120GB
 0: #
 0: #                                                              out-of-place                       in-place          
 0: #       size         count      type   redop    root     time   algbw   busbw #wrong     time   algbw   busbw #wrong
 0: #        (B)    (elements)                               (us)  (GB/s)  (GB/s)            (us)  (GB/s)  (GB/s)       
 0:            8             2     float     sum      -1    41.64    0.00    0.00      0    39.38    0.00    0.00      0
 0:           16             4     float     sum      -1    38.98    0.00    0.00      0    38.91    0.00    0.00      0
 0:           32             8     float     sum      -1    39.57    0.00    0.00      0    39.48    0.00    0.00      0
 0:           64            16     float     sum      -1    45.09    0.00    0.00      0    44.62    0.00    0.00      0
 0:          128            32     float     sum      -1    46.76    0.00    0.01      0    45.78    0.00    0.01      0
 0:          256            64     float     sum      -1    51.72    0.00    0.01      0    46.24    0.01    0.01      0
 0:          512           128     float     sum      -1    52.95    0.01    0.02      0    48.60    0.01    0.02      0
 0:         1024           256     float     sum      -1    50.62    0.02    0.04      0    50.55    0.02    0.04      0
 0:         2048           512     float     sum      -1    55.10    0.04    0.07      0    53.17    0.04    0.08      0
 0:         4096          1024     float     sum      -1    109.7    0.04    0.07      0    108.5    0.04    0.07      0
 0:         8192          2048     float     sum      -1    111.0    0.07    0.15      0    111.0    0.07    0.15      0
 0:        16384          4096     float     sum      -1    126.5    0.13    0.26      0    139.8    0.12    0.23      0
 0:        32768          8192     float     sum      -1    152.4    0.22    0.42      0    150.1    0.22    0.43      0
 0:        65536         16384     float     sum      -1    194.5    0.34    0.66      0    178.2    0.37    0.72      0
 0:       131072         32768     float     sum      -1    336.6    0.39    0.77      0    343.3    0.38    0.75      0
 0:       262144         65536     float     sum      -1    426.5    0.61    1.21      0    390.5    0.67    1.32      0
 0:       524288        131072     float     sum      -1    665.6    0.79    1.55      0    614.3    0.85    1.68      0
 0:      1048576        262144     float     sum      -1   3001.5    0.35    0.69      0    12545    0.08    0.16      0
 0:      2097152        524288     float     sum      -1   7002.7    0.30    0.59      0   8456.5    0.25    0.49      0
 0:      4194304       1048576     float     sum      -1   5494.3    0.76    1.50      0   6421.8    0.65    1.29      0
 0:      8388608       2097152     float     sum      -1   6313.8    1.33    2.62      0   7125.2    1.18    2.32      0
 0:     16777216       4194304     float     sum      -1   7492.5    2.24    4.41      0   7946.6    2.11    4.16      0
 0:     33554432       8388608     float     sum      -1   5007.6    6.70   13.19      0   6833.6    4.91    9.67      0
 0:     67108864      16777216     float     sum      -1    51186    1.31    2.58      0    50245    1.34    2.63      0
 0:    134217728      33554432     float     sum      -1    73097    1.84    3.61      0    66913    2.01    3.95      0
 0:    268435456      67108864     float     sum      -1    68420    3.92    7.72      0    70029    3.83    7.55      0
 0:    536870912     134217728     float     sum      -1    74418    7.21   14.20      0    72199    7.44   14.64      0
 0:   1073741824     268435456     float     sum      -1    93822   11.44   22.53      0    96089   11.17   22.00      0
 0:   2147483648     536870912     float     sum      -1   109844   19.55   38.49      0   109946   19.53   38.45      0
 0:   4294967296    1073741824     float     sum      -1   240817   17.84   35.11      0   260494   16.49   32.46      0
 0:            8             2     float     sum      -1    51.83    0.00    0.00      0    41.28    0.00    0.00      0
 0:           16             4     float     sum      -1    39.94    0.00    0.00      0    39.97    0.00    0.00      0
 0:           32             8     float     sum      -1    39.59    0.00    0.00      0    40.00    0.00    0.00      0
 0:           64            16     float     sum      -1    43.87    0.00    0.00      0    42.78    0.00    0.00      0
 0:          128            32     float     sum      -1    45.79    0.00    0.01      0    45.20    0.00    0.01      0
 0:          256            64     float     sum      -1    49.97    0.01    0.01      0    46.04    0.01    0.01      0
 0:          512           128     float     sum      -1    50.95    0.01    0.02      0    48.83    0.01    0.02      0
 0:         1024           256     float     sum      -1    50.86    0.02    0.04      0    49.12    0.02    0.04      0
 0:         2048           512     float     sum      -1    54.00    0.04    0.07      0    52.80    0.04    0.08      0
 0:         4096          1024     float     sum      -1    109.6    0.04    0.07      0    107.4    0.04    0.08      0
 0:         8192          2048     float     sum      -1    112.2    0.07    0.14      0    110.6    0.07    0.15      0
 0:        16384          4096     float     sum      -1    125.0    0.13    0.26      0    121.8    0.13    0.26      0
 0:        32768          8192     float     sum      -1    140.1    0.23    0.46      0    124.0    0.26    0.52      0
 0:        65536         16384     float     sum      -1    183.3    0.36    0.70      0    179.6    0.36    0.72      0
 0:       131072         32768     float     sum      -1    297.3    0.44    0.87      0    304.7    0.43    0.85      0
 0:       262144         65536     float     sum      -1    474.5    0.55    1.09      0    418.4    0.63    1.23      0
 0:       524288        131072     float     sum      -1    671.6    0.78    1.54      0    642.0    0.82    1.61      0
 0:      1048576        262144     float     sum      -1    40826    0.03    0.05      0   125550    0.01    0.02      0
 0:      2097152        524288     float     sum      -1    411.2    5.10   10.04      0    417.0    5.03    9.90      0
 0:      4194304       1048576     float     sum      -1    638.6    6.57   12.93      0    649.6    6.46   12.71      0
 0:      8388608       2097152     float     sum      -1   1079.9    7.77   15.29      0   1110.1    7.56   14.88      0
 0:     16777216       4194304     float     sum      -1   1793.3    9.36   18.42      0   1819.9    9.22   18.15      0
 0:     33554432       8388608     float     sum      -1   2410.6   13.92   27.40      0   2415.5   13.89   27.35      0
 0:     67108864      16777216     float     sum      -1   5916.8   11.34   22.33      0   5846.2   11.48   22.60      0
 0:    134217728      33554432     float     sum      -1   6106.8   21.98   43.27      0   6107.5   21.98   43.27      0
 0:    268435456      67108864     float     sum      -1   6736.2   39.85   78.45      0   6742.3   39.81   78.38      0
 0:    536870912     134217728     float     sum      -1    13356   40.20   79.14      0    13420   40.00   78.76      0
 0:   1073741824     268435456     float     sum      -1    27126   39.58   77.93      0    27435   39.14   77.05      0
 0:   2147483648     536870912     float     sum      -1    57647   37.25   73.34      0    58385   36.78   72.41      0
 0:   4294967296    1073741824     float     sum      -1   119020   36.09   71.04      0   120588   35.62   70.12      0
 0:            8             2     float     sum      -1    42.28    0.00    0.00      0    39.95    0.00    0.00      0
 0:           16             4     float     sum      -1    39.05    0.00    0.00      0    38.95    0.00    0.00      0
 0:           32             8     float     sum      -1    39.72    0.00    0.00      0    39.25    0.00    0.00      0
 0:           64            16     float     sum      -1    44.93    0.00    0.00      0    44.28    0.00    0.00      0
 0:          128            32     float     sum      -1    46.41    0.00    0.01      0    46.00    0.00    0.01      0
 0:          256            64     float     sum      -1    47.67    0.01    0.01      0    46.73    0.01    0.01      0
 0:          512           128     float     sum      -1    49.34    0.01    0.02      0    47.93    0.01    0.02      0
 0:         1024           256     float     sum      -1    51.15    0.02    0.04      0    49.57    0.02    0.04      0
 0:         2048           512     float     sum      -1    53.10    0.04    0.08      0    51.97    0.04    0.08      0
 0:         4096          1024     float     sum      -1    108.2    0.04    0.07      0    107.1    0.04    0.08      0
 0:         8192          2048     float     sum      -1    108.8    0.08    0.15      0    107.4    0.08    0.15      0
 0:        16384          4096     float     sum      -1    110.6    0.15    0.29      0    108.9    0.15    0.30      0
 0:        32768          8192     float     sum      -1    118.7    0.28    0.54      0    116.8    0.28    0.55      0
 0:        65536         16384     float     sum      -1    129.4    0.51    1.00      0    128.6    0.51    1.00      0
 0:       131072         32768     float     sum      -1    155.3    0.84    1.66      0    152.1    0.86    1.70      0
 0:       262144         65536     float     sum      -1    191.4    1.37    2.70      0    192.1    1.36    2.69      0
 0:       524288        131072     float     sum      -1    269.8    1.94    3.83      0    267.0    1.96    3.87      0
 0:      1048576        262144     float     sum      -1    321.5    3.26    6.42      0    325.3    3.22    6.35      0
 0:      2097152        524288     float     sum      -1    412.1    5.09   10.02      0    415.7    5.05    9.93      0
 0:      4194304       1048576     float     sum      -1    640.0    6.55   12.90      0    653.1    6.42   12.64      0
 0:      8388608       2097152     float     sum      -1   1078.2    7.78   15.32      0   1107.9    7.57   14.91      0
 0:     16777216       4194304     float     sum      -1   1794.9    9.35   18.40      0   1826.4    9.19   18.08      0
 0:     33554432       8388608     float     sum      -1   2462.2   13.63   26.83      0   2447.6   13.71   26.99      0
 0:     67108864      16777216     float     sum      -1   5913.2   11.35   22.34      0   5862.8   11.45   22.54      0
 0:    134217728      33554432     float     sum      -1   6131.2   21.89   43.10      0   6130.2   21.89   43.10      0
 0:    268435456      67108864     float     sum      -1   6737.6   39.84   78.44      0   6764.6   39.68   78.12      0
 0:    536870912     134217728     float     sum      -1    13324   40.29   79.33      0    13396   40.08   78.90      0
 0:   1073741824     268435456     float     sum      -1    27114   39.60   77.96      0    27431   39.14   77.06      0
 0:   2147483648     536870912     float     sum      -1    57997   37.03   72.90      0    58567   36.67   72.19      0
 0:   4294967296    1073741824     float     sum      -1   119586   35.92   70.71      0   119945   35.81   70.50      0
 0:            8             2     float     sum      -1    42.17    0.00    0.00      0    39.69    0.00    0.00      0
 0:           16             4     float     sum      -1    40.26    0.00    0.00      0    39.13    0.00    0.00      0
 0:           32             8     float     sum      -1    40.00    0.00    0.00      0    40.55    0.00    0.00      0
 0:           64            16     float     sum      -1    45.08    0.00    0.00      0    46.19    0.00    0.00      0
 0:          128            32     float     sum      -1    46.82    0.00    0.01      0    45.93    0.00    0.01      0
 0:          256            64     float     sum      -1    48.11    0.01    0.01      0    46.25    0.01    0.01      0
 0:          512           128     float     sum      -1    48.49    0.01    0.02      0    47.79    0.01    0.02      0
 0:         1024           256     float     sum      -1    50.51    0.02    0.04      0    50.06    0.02    0.04      0
 0:         2048           512     float     sum      -1    53.70    0.04    0.08      0    52.06    0.04    0.08      0
 0:         4096          1024     float     sum      -1    108.3    0.04    0.07      0    107.6    0.04    0.07      0
 0:         8192          2048     float     sum      -1    109.5    0.07    0.15      0    108.3    0.08    0.15      0
 0:        16384          4096     float     sum      -1    111.0    0.15    0.29      0    110.1    0.15    0.29      0
 0:        32768          8192     float     sum      -1    118.6    0.28    0.54      0    117.9    0.28    0.55      0
 0:        65536         16384     float     sum      -1    129.6    0.51    1.00      0    129.0    0.51    1.00      0
 0:       131072         32768     float     sum      -1    154.9    0.85    1.67      0    153.1    0.86    1.69      0
 0:       262144         65536     float     sum      -1    193.3    1.36    2.67      0    190.6    1.38    2.71      0
 0:       524288        131072     float     sum      -1    269.3    1.95    3.83      0    268.1    1.96    3.85      0
 0:      1048576        262144     float     sum      -1    323.1    3.25    6.39      0    326.5    3.21    6.32      0
 0:      2097152        524288     float     sum      -1    412.2    5.09   10.02      0    416.5    5.04    9.91      0
 0:      4194304       1048576     float     sum      -1    639.2    6.56   12.92      0    645.3    6.50   12.80      0
 0:      8388608       2097152     float     sum      -1   1079.3    7.77   15.30      0   1112.8    7.54   14.84      0
 0:     16777216       4194304     float     sum      -1   1799.0    9.33   18.36      0   1838.6    9.12   17.96      0
 0:     33554432       8388608     float     sum      -1   2432.3   13.80   27.16      0   2439.3   13.76   27.08      0
 0:     67108864      16777216     float     sum      -1   5904.0   11.37   22.38      0   5852.6   11.47   22.57      0
 0:    134217728      33554432     float     sum      -1   6127.7   21.90   43.12      0   6114.3   21.95   43.22      0
 0:    268435456      67108864     float     sum      -1   6736.0   39.85   78.46      0   6752.4   39.75   78.27      0
 0:    536870912     134217728     float     sum      -1    13353   40.21   79.16      0    13435   39.96   78.67      0
 0:   1073741824     268435456     float     sum      -1    27234   39.43   77.62      0    27353   39.26   77.28      0
 0:   2147483648     536870912     float     sum      -1    58156   36.93   72.70      0    58102   36.96   72.77      0
 0:   4294967296    1073741824     float     sum      -1   119142   36.05   70.97      0   119282   36.01   70.89      0
 0:            8             2     float     sum      -1    41.83    0.00    0.00      0    40.08    0.00    0.00      0
 0:           16             4     float     sum      -1    39.84    0.00    0.00      0    39.24    0.00    0.00      0
 0:           32             8     float     sum      -1    39.71    0.00    0.00      0    39.78    0.00    0.00      0
 0:           64            16     float     sum      -1    44.85    0.00    0.00      0    45.46    0.00    0.00      0
 0:          128            32     float     sum      -1    47.42    0.00    0.01      0    45.51    0.00    0.01      0
 0:          256            64     float     sum      -1    47.99    0.01    0.01      0    45.99    0.01    0.01      0
 0:          512           128     float     sum      -1    48.36    0.01    0.02      0    47.74    0.01    0.02      0
 0:         1024           256     float     sum      -1    50.11    0.02    0.04      0    49.05    0.02    0.04      0
 0:         2048           512     float     sum      -1    53.17    0.04    0.08      0    51.65    0.04    0.08      0
 0:         4096          1024     float     sum      -1    108.2    0.04    0.07      0    107.4    0.04    0.08      0
 0:         8192          2048     float     sum      -1    109.4    0.07    0.15      0    107.2    0.08    0.15      0
 0:        16384          4096     float     sum      -1    110.5    0.15    0.29      0    109.1    0.15    0.30      0
 0:        32768          8192     float     sum      -1    119.2    0.27    0.54      0    117.6    0.28    0.55      0
 0:        65536         16384     float     sum      -1    129.0    0.51    1.00      0    127.2    0.52    1.01      0
 0:       131072         32768     float     sum      -1    155.1    0.84    1.66      0    152.2    0.86    1.70      0
 0:       262144         65536     float     sum      -1    194.2    1.35    2.66      0    190.9    1.37    2.70      0
 0:       524288        131072     float     sum      -1    270.2    1.94    3.82      0    267.1    1.96    3.86      0
 0:      1048576        262144     float     sum      -1    320.2    3.27    6.45      0    325.2    3.22    6.35      0
 0:      2097152        524288     float     sum      -1    411.1    5.10   10.04      0    415.9    5.04    9.93      0
 0:      4194304       1048576     float     sum      -1    642.0    6.53   12.86      0    650.9    6.44   12.69      0
 0:      8388608       2097152     float     sum      -1   1083.4    7.74   15.24      0   1109.4    7.56   14.89      0
 0:     16777216       4194304     float     sum      -1   1795.4    9.34   18.40      0   1830.6    9.17   18.04      0
 0:     33554432       8388608     float     sum      -1   2441.2   13.75   27.06      0   2418.4   13.87   27.32      0
 0:     67108864      16777216     float     sum      -1   5919.8   11.34   22.32      0   5862.3   11.45   22.54      0
 0:    134217728      33554432     float     sum      -1   6127.8   21.90   43.12      0   6124.1   21.92   43.15      0
 0:    268435456      67108864     float     sum      -1   6742.1   39.82   78.39      0   6739.7   39.83   78.41      0
 0:    536870912     134217728     float     sum      -1    13359   40.19   79.12      0    13443   39.94   78.62      0
 0:   1073741824     268435456     float     sum      -1    27273   39.37   77.51      0    27503   39.04   76.86      0
 0:   2147483648     536870912     float     sum      -1    58520   36.70   72.25      0    58409   36.77   72.38      0
 0:   4294967296    1073741824     float     sum      -1   118985   36.10   71.07      0   119590   35.91   70.71      0
 0:            8             2     float     sum      -1    42.05    0.00    0.00      0    40.07    0.00    0.00      0
 0:           16             4     float     sum      -1    39.70    0.00    0.00      0    39.41    0.00    0.00      0
 0:           32             8     float     sum      -1    39.49    0.00    0.00      0    40.27    0.00    0.00      0
 0:           64            16     float     sum      -1    44.84    0.00    0.00      0    45.43    0.00    0.00      0
 0:          128            32     float     sum      -1    47.12    0.00    0.01      0    46.34    0.00    0.01      0
 0:          256            64     float     sum      -1    47.44    0.01    0.01      0    46.84    0.01    0.01      0
 0:          512           128     float     sum      -1    48.78    0.01    0.02      0    48.35    0.01    0.02      0
 0:         1024           256     float     sum      -1    51.18    0.02    0.04      0    49.53    0.02    0.04      0
 0:         2048           512     float     sum      -1    53.80    0.04    0.07      0    51.74    0.04    0.08      0
 0:         4096          1024     float     sum      -1    109.1    0.04    0.07      0    107.0    0.04    0.08      0
 0:         8192          2048     float     sum      -1    110.2    0.07    0.15      0    108.5    0.08    0.15      0
 0:        16384          4096     float     sum      -1    111.4    0.15    0.29      0    110.9    0.15    0.29      0
 0:        32768          8192     float     sum      -1    119.6    0.27    0.54      0    118.6    0.28    0.54      0
 0:        65536         16384     float     sum      -1    129.3    0.51    1.00      0    128.9    0.51    1.00      0
 0:       131072         32768     float     sum      -1    156.4    0.84    1.65      0    152.7    0.86    1.69      0
 0:       262144         65536     float     sum      -1    194.7    1.35    2.65      0    191.7    1.37    2.69      0
 0:       524288        131072     float     sum      -1    271.5    1.93    3.80      0    267.7    1.96    3.86      0
 0:      1048576        262144     float     sum      -1    321.4    3.26    6.42      0    325.1    3.23    6.35      0
 0:      2097152        524288     float     sum      -1    412.7    5.08   10.00      0    416.9    5.03    9.90      0
 0:      4194304       1048576     float     sum      -1    640.7    6.55   12.89      0    653.5    6.42   12.64      0
 0:      8388608       2097152     float     sum      -1   1081.4    7.76   15.27      0   1121.9    7.48   14.72      0
 0:     16777216       4194304     float     sum      -1   1790.4    9.37   18.45      0   1824.1    9.20   18.11      0
 0:     33554432       8388608     float     sum      -1   2470.4   13.58   26.74      0   2434.2   13.78   27.14      0
 0:     67108864      16777216     float     sum      -1   5912.6   11.35   22.35      0   5852.9   11.47   22.57      0
 0:    134217728      33554432     float     sum      -1   6105.8   21.98   43.28      0   6121.2   21.93   43.17      0
 0:    268435456      67108864     float     sum      -1   6735.0   39.86   78.47      0   6754.2   39.74   78.25      0
 0:    536870912     134217728     float     sum      -1    13338   40.25   79.24      0    13414   40.02   78.79      0
 0:   1073741824     268435456     float     sum      -1    27095   39.63   78.02      0    27382   39.21   77.20      0
 0:   2147483648     536870912     float     sum      -1    57964   37.05   72.94      0    58458   36.74   72.32      0
 0:   4294967296    1073741824     float     sum      -1   119136   36.05   70.98      0   119787   35.86   70.59      0
 0:            8             2     float     sum      -1    41.60    0.00    0.00      0    39.95    0.00    0.00      0
 0:           16             4     float     sum      -1    40.18    0.00    0.00      0    39.27    0.00    0.00      0
 0:           32             8     float     sum      -1    40.24    0.00    0.00      0    40.30    0.00    0.00      0
 0:           64            16     float     sum      -1    45.84    0.00    0.00      0    45.18    0.00    0.00      0
 0:          128            32     float     sum      -1    47.07    0.00    0.01      0    45.74    0.00    0.01      0
 0:          256            64     float     sum      -1    46.92    0.01    0.01      0    46.95    0.01    0.01      0
 0:          512           128     float     sum      -1    48.36    0.01    0.02      0    47.17    0.01    0.02      0
 0:         1024           256     float     sum      -1    50.31    0.02    0.04      0    49.13    0.02    0.04      0
 0:         2048           512     float     sum      -1    53.43    0.04    0.08      0    52.00    0.04    0.08      0
 0:         4096          1024     float     sum      -1    108.0    0.04    0.07      0    107.1    0.04    0.08      0
 0:         8192          2048     float     sum      -1    109.3    0.07    0.15      0    107.7    0.08    0.15      0
 0:        16384          4096     float     sum      -1    110.8    0.15    0.29      0    109.7    0.15    0.29      0
 0:        32768          8192     float     sum      -1    117.8    0.28    0.55      0    117.8    0.28    0.55      0
 0:        65536         16384     float     sum      -1    129.0    0.51    1.00      0    127.8    0.51    1.01      0
 0:       131072         32768     float     sum      -1    154.4    0.85    1.67      0    152.5    0.86    1.69      0
 0:       262144         65536     float     sum      -1    195.0    1.34    2.65      0    190.0    1.38    2.72      0
 0:       524288        131072     float     sum      -1    269.5    1.95    3.83      0    267.6    1.96    3.86      0
 0:      1048576        262144     float     sum      -1    321.9    3.26    6.41      0    325.0    3.23    6.35      0
 0:      2097152        524288     float     sum      -1    412.1    5.09   10.02      0    415.9    5.04    9.93      0
 0:      4194304       1048576     float     sum      -1    641.1    6.54   12.88      0    646.3    6.49   12.78      0
 0:      8388608       2097152     float     sum      -1   1083.2    7.74   15.25      0   1096.2    7.65   15.07      0
 0:     16777216       4194304     float     sum      -1   1794.6    9.35   18.41      0   1825.7    9.19   18.09      0
 0:     33554432       8388608     float     sum      -1   2441.2   13.74   27.06      0   2433.9   13.79   27.14      0
 0:     67108864      16777216     float     sum      -1   5931.5   11.31   22.27      0   5855.9   11.46   22.56      0
 0:    134217728      33554432     float     sum      -1   6111.9   21.96   43.23      0   6108.5   21.97   43.26      0
 0:    268435456      67108864     float     sum      -1   6744.9   39.80   78.35      0   6736.4   39.85   78.45      0
 0:    536870912     134217728     float     sum      -1    13337   40.25   79.25      0    13446   39.93   78.61      0
 0:   1073741824     268435456     float     sum      -1    27218   39.45   77.67      0    27359   39.25   77.27      0
 0:   2147483648     536870912     float     sum      -1    57866   37.11   73.06      0    58029   37.01   72.86      0
 0:   4294967296    1073741824     float     sum      -1   119246   36.02   70.91      0   119303   36.00   70.88      0
 0:            8             2     float     sum      -1    41.29    0.00    0.00      0    39.59    0.00    0.00      0
 0:           16             4     float     sum      -1    39.59    0.00    0.00      0    39.60    0.00    0.00      0
 0:           32             8     float     sum      -1    39.57    0.00    0.00      0    39.81    0.00    0.00      0
 0:           64            16     float     sum      -1    45.22    0.00    0.00      0    45.04    0.00    0.00      0
 0:          128            32     float     sum      -1    46.67    0.00    0.01      0    45.53    0.00    0.01      0
 0:          256            64     float     sum      -1    47.00    0.01    0.01      0    46.74    0.01    0.01      0
 0:          512           128     float     sum      -1    47.69    0.01    0.02      0    47.76    0.01    0.02      0
 0:         1024           256     float     sum      -1    49.94    0.02    0.04      0    49.53    0.02    0.04      0
 0:         2048           512     float     sum      -1    53.73    0.04    0.08      0    51.90    0.04    0.08      0
 0:         4096          1024     float     sum      -1    108.0    0.04    0.07      0    107.3    0.04    0.08      0
 0:         8192          2048     float     sum      -1    108.9    0.08    0.15      0    109.0    0.08    0.15      0
 0:        16384          4096     float     sum      -1    111.9    0.15    0.29      0    109.8    0.15    0.29      0
 0:        32768          8192     float     sum      -1    118.7    0.28    0.54      0    117.5    0.28    0.55      0
 0:        65536         16384     float     sum      -1    129.3    0.51    1.00      0    127.8    0.51    1.01      0
 0:       131072         32768     float     sum      -1    155.6    0.84    1.66      0    153.0    0.86    1.69      0
 0:       262144         65536     float     sum      -1    191.8    1.37    2.69      0    189.9    1.38    2.72      0
 0:       524288        131072     float     sum      -1    269.0    1.95    3.84      0    268.1    1.96    3.85      0
 0:      1048576        262144     float     sum      -1    320.7    3.27    6.44      0    325.6    3.22    6.34      0
 0:      2097152        524288     float     sum      -1    411.9    5.09   10.02      0    416.1    5.04    9.92      0
 0:      4194304       1048576     float     sum      -1    639.6    6.56   12.91      0    649.1    6.46   12.72      0
 0:      8388608       2097152     float     sum      -1   1082.1    7.75   15.26      0   1099.5    7.63   15.02      0
 0:     16777216       4194304     float     sum      -1   1802.7    9.31   18.32      0   1814.3    9.25   18.21      0
 0:     33554432       8388608     float     sum      -1   2447.5   13.71   26.99      0   2431.7   13.80   27.17      0
 0:     67108864      16777216     float     sum      -1   5920.8   11.33   22.31      0   5866.9   11.44   22.52      0
 0:    134217728      33554432     float     sum      -1   6129.9   21.90   43.11      0   6133.9   21.88   43.08      0
 0:    268435456      67108864     float     sum      -1   6744.2   39.80   78.36      0   6737.3   39.84   78.44      0
 0:    536870912     134217728     float     sum      -1    13309   40.34   79.42      0    13406   40.05   78.84      0
 0:   1073741824     268435456     float     sum      -1    27252   39.40   77.57      0    27577   38.94   76.66      0
 0:   2147483648     536870912     float     sum      -1    58464   36.73   72.32      0    58381   36.78   72.42      0
 0:   4294967296    1073741824     float     sum      -1   119181   36.04   70.95      0   119863   35.83   70.54      0
 0:            8             2     float     sum      -1    41.44    0.00    0.00      0    39.84    0.00    0.00      0
 0:           16             4     float     sum      -1    39.54    0.00    0.00      0    39.80    0.00    0.00      0
 0:           32             8     float     sum      -1    39.73    0.00    0.00      0    39.82    0.00    0.00      0
 0:           64            16     float     sum      -1    45.20    0.00    0.00      0    45.11    0.00    0.00      0
 0:          128            32     float     sum      -1    47.01    0.00    0.01      0    45.69    0.00    0.01      0
 0:          256            64     float     sum      -1    47.60    0.01    0.01      0    45.75    0.01    0.01      0
 0:          512           128     float     sum      -1    48.12    0.01    0.02      0    46.51    0.01    0.02      0
 0:         1024           256     float     sum      -1    50.16    0.02    0.04      0    49.02    0.02    0.04      0
 0:         2048           512     float     sum      -1    52.79    0.04    0.08      0    50.95    0.04    0.08      0
 0:         4096          1024     float     sum      -1    108.3    0.04    0.07      0    107.2    0.04    0.08      0
 0:         8192          2048     float     sum      -1    109.0    0.08    0.15      0    108.0    0.08    0.15      0
 0:        16384          4096     float     sum      -1    110.3    0.15    0.29      0    108.5    0.15    0.30      0
 0:        32768          8192     float     sum      -1    118.2    0.28    0.55      0    116.4    0.28    0.55      0
 0:        65536         16384     float     sum      -1    130.7    0.50    0.99      0    127.5    0.51    1.01      0
 0:       131072         32768     float     sum      -1    154.7    0.85    1.67      0    152.7    0.86    1.69      0
 0:       262144         65536     float     sum      -1    194.0    1.35    2.66      0    190.6    1.38    2.71      0
 0:       524288        131072     float     sum      -1    270.8    1.94    3.81      0    267.2    1.96    3.86      0
 0:      1048576        262144     float     sum      -1    320.8    3.27    6.44      0    324.6    3.23    6.36      0
 0:      2097152        524288     float     sum      -1    412.5    5.08   10.01      0    415.7    5.04    9.93      0
 0:      4194304       1048576     float     sum      -1    636.8    6.59   12.97      0    644.3    6.51   12.82      0
 0:      8388608       2097152     float     sum      -1   1076.2    7.79   15.35      0   1098.2    7.64   15.04      0
 0:     16777216       4194304     float     sum      -1   1807.0    9.28   18.28      0   1816.7    9.24   18.18      0
 0:     33554432       8388608     float     sum      -1   2420.6   13.86   27.29      0   2457.3   13.65   26.88      0
 0:     67108864      16777216     float     sum      -1   5905.2   11.36   22.37      0   5852.4   11.47   22.58      0
 0:    134217728      33554432     float     sum      -1   6118.7   21.94   43.19      0   6123.8   21.92   43.15      0
 0:    268435456      67108864     float     sum      -1   6745.5   39.79   78.35      0   6737.6   39.84   78.44      0
 0:    536870912     134217728     float     sum      -1    13308   40.34   79.42      0    13425   39.99   78.73      0
 0:   1073741824     268435456     float     sum      -1    27202   39.47   77.71      0    27456   39.11   76.99      0
 0:   2147483648     536870912     float     sum      -1    58306   36.83   72.51      0    58020   37.01   72.87      0
 0:   4294967296    1073741824     float     sum      -1   119628   35.90   70.68      0   119451   35.96   70.79      0
 0:            8             2     float     sum      -1    41.84    0.00    0.00      0    39.85    0.00    0.00      0
 0:           16             4     float     sum      -1    39.62    0.00    0.00      0    39.45    0.00    0.00      0
 0:           32             8     float     sum      -1    39.86    0.00    0.00      0    39.60    0.00    0.00      0
 0:           64            16     float     sum      -1    44.98    0.00    0.00      0    44.78    0.00    0.00      0
 0:          128            32     float     sum      -1    46.52    0.00    0.01      0    45.79    0.00    0.01      0
 0:          256            64     float     sum      -1    47.36    0.01    0.01      0    46.41    0.01    0.01      0
 0:          512           128     float     sum      -1    48.46    0.01    0.02      0    48.16    0.01    0.02      0
 0:         1024           256     float     sum      -1    50.50    0.02    0.04      0    49.83    0.02    0.04      0
 0:         2048           512     float     sum      -1    52.41    0.04    0.08      0    51.63    0.04    0.08      0
 0:         4096          1024     float     sum      -1    108.8    0.04    0.07      0    107.1    0.04    0.08      0
 0:         8192          2048     float     sum      -1    109.8    0.07    0.15      0    107.5    0.08    0.15      0
 0:        16384          4096     float     sum      -1    111.3    0.15    0.29      0    108.9    0.15    0.30      0
 0:        32768          8192     float     sum      -1    117.9    0.28    0.55      0    116.9    0.28    0.55      0
 0:        65536         16384     float     sum      -1    130.1    0.50    0.99      0    128.0    0.51    1.01      0
 0:       131072         32768     float     sum      -1    156.1    0.84    1.65      0    151.8    0.86    1.70      0
 0:       262144         65536     float     sum      -1    192.5    1.36    2.68      0    191.9    1.37    2.69      0
 0:       524288        131072     float     sum      -1    270.0    1.94    3.82      0    268.0    1.96    3.85      0
 0:      1048576        262144     float     sum      -1    320.9    3.27    6.43      0    323.8    3.24    6.38      0
 0:      2097152        524288     float     sum      -1    412.0    5.09   10.02      0    416.0    5.04    9.93      0
 0:      4194304       1048576     float     sum      -1    641.6    6.54   12.87      0    651.0    6.44   12.68      0
 0:      8388608       2097152     float     sum      -1   1077.1    7.79   15.33      0   1100.2    7.62   15.01      0
 0:     16777216       4194304     float     sum      -1   1791.9    9.36   18.43      0   1827.6    9.18   18.07      0
 0:     33554432       8388608     float     sum      -1   2428.3   13.82   27.20      0   2456.7   13.66   26.89      0
 0:     67108864      16777216     float     sum      -1   5906.9   11.36   22.37      0   5845.9   11.48   22.60      0
 0:    134217728      33554432     float     sum      -1   6121.0   21.93   43.17      0   6120.2   21.93   43.18      0
 0:    268435456      67108864     float     sum      -1   6769.9   39.65   78.06      0   6747.4   39.78   78.32      0
 0:    536870912     134217728     float     sum      -1    13352   40.21   79.16      0    13423   40.00   78.74      0
 0:   1073741824     268435456     float     sum      -1    27207   39.47   77.70      0    27344   39.27   77.31      0
 0:   2147483648     536870912     float     sum      -1    57936   37.07   72.97      0    57866   37.11   73.06      0
 0:   4294967296    1073741824     float     sum      -1   119098   36.06   71.00      0   118847   36.14   71.15      0
 0: # Out of bounds values : 0 OK
 0: # Avg bus bandwidth    : 16.776 
 0: #
 0: 
