  0: # nThread 1 nGpus 1 minBytes 8 maxBytes 4294967296 step: 2(factor) warmup iters: 8 iters: 24 agg iters: 1 validation: 1 graph: 0
  0: #
  0: # Using devices
  0: #  Rank  0 Group  0 Pid 239872 on  nid006905 device  0 [0009:01:00] NVIDIA GH200 120GB
  0: #  Rank  1 Group  0 Pid 239873 on  nid006905 device  0 [0019:01:00] NVIDIA GH200 120GB
  0: #  Rank  2 Group  0 Pid 239874 on  nid006905 device  0 [0029:01:00] NVIDIA GH200 120GB
  0: #  Rank  3 Group  0 Pid 239875 on  nid006905 device  0 [0039:01:00] NVIDIA GH200 120GB
  0: #  Rank  4 Group  0 Pid 207668 on  nid006907 device  0 [0009:01:00] NVIDIA GH200 120GB
  0: #  Rank  5 Group  0 Pid 207669 on  nid006907 device  0 [0019:01:00] NVIDIA GH200 120GB
  0: #  Rank  6 Group  0 Pid 207670 on  nid006907 device  0 [0029:01:00] NVIDIA GH200 120GB
  0: #  Rank  7 Group  0 Pid 207671 on  nid006907 device  0 [0039:01:00] NVIDIA GH200 120GB
  0: #  Rank  8 Group  0 Pid 176595 on  nid006908 device  0 [0009:01:00] NVIDIA GH200 120GB
  0: #  Rank  9 Group  0 Pid 176596 on  nid006908 device  0 [0019:01:00] NVIDIA GH200 120GB
  0: #  Rank 10 Group  0 Pid 176597 on  nid006908 device  0 [0029:01:00] NVIDIA GH200 120GB
  0: #  Rank 11 Group  0 Pid 176598 on  nid006908 device  0 [0039:01:00] NVIDIA GH200 120GB
  0: #  Rank 12 Group  0 Pid 205486 on  nid006909 device  0 [0009:01:00] NVIDIA GH200 120GB
  0: #  Rank 13 Group  0 Pid 205487 on  nid006909 device  0 [0019:01:00] NVIDIA GH200 120GB
  0: #  Rank 14 Group  0 Pid 205488 on  nid006909 device  0 [0029:01:00] NVIDIA GH200 120GB
  0: #  Rank 15 Group  0 Pid 205489 on  nid006909 device  0 [0039:01:00] NVIDIA GH200 120GB
  0: #  Rank 16 Group  0 Pid 200846 on  nid006911 device  0 [0009:01:00] NVIDIA GH200 120GB
  0: #  Rank 17 Group  0 Pid 200847 on  nid006911 device  0 [0019:01:00] NVIDIA GH200 120GB
  0: #  Rank 18 Group  0 Pid 200848 on  nid006911 device  0 [0029:01:00] NVIDIA GH200 120GB
  0: #  Rank 19 Group  0 Pid 200849 on  nid006911 device  0 [0039:01:00] NVIDIA GH200 120GB
  0: #  Rank 20 Group  0 Pid 282230 on  nid006913 device  0 [0009:01:00] NVIDIA GH200 120GB
  0: #  Rank 21 Group  0 Pid 282231 on  nid006913 device  0 [0019:01:00] NVIDIA GH200 120GB
  0: #  Rank 22 Group  0 Pid 282232 on  nid006913 device  0 [0029:01:00] NVIDIA GH200 120GB
  0: #  Rank 23 Group  0 Pid 282233 on  nid006913 device  0 [0039:01:00] NVIDIA GH200 120GB
  0: #  Rank 24 Group  0 Pid 261100 on  nid006914 device  0 [0009:01:00] NVIDIA GH200 120GB
  0: #  Rank 25 Group  0 Pid 261101 on  nid006914 device  0 [0019:01:00] NVIDIA GH200 120GB
  0: #  Rank 26 Group  0 Pid 261102 on  nid006914 device  0 [0029:01:00] NVIDIA GH200 120GB
  0: #  Rank 27 Group  0 Pid 261103 on  nid006914 device  0 [0039:01:00] NVIDIA GH200 120GB
  0: #  Rank 28 Group  0 Pid 280977 on  nid006916 device  0 [0009:01:00] NVIDIA GH200 120GB
  0: #  Rank 29 Group  0 Pid 280978 on  nid006916 device  0 [0019:01:00] NVIDIA GH200 120GB
  0: #  Rank 30 Group  0 Pid 280979 on  nid006916 device  0 [0029:01:00] NVIDIA GH200 120GB
  0: #  Rank 31 Group  0 Pid 280980 on  nid006916 device  0 [0039:01:00] NVIDIA GH200 120GB
  0: #  Rank 32 Group  0 Pid 276862 on  nid006917 device  0 [0009:01:00] NVIDIA GH200 120GB
  0: #  Rank 33 Group  0 Pid 276863 on  nid006917 device  0 [0019:01:00] NVIDIA GH200 120GB
  0: #  Rank 34 Group  0 Pid 276864 on  nid006917 device  0 [0029:01:00] NVIDIA GH200 120GB
  0: #  Rank 35 Group  0 Pid 276865 on  nid006917 device  0 [0039:01:00] NVIDIA GH200 120GB
  0: #  Rank 36 Group  0 Pid 135717 on  nid006919 device  0 [0009:01:00] NVIDIA GH200 120GB
  0: #  Rank 37 Group  0 Pid 135718 on  nid006919 device  0 [0019:01:00] NVIDIA GH200 120GB
  0: #  Rank 38 Group  0 Pid 135719 on  nid006919 device  0 [0029:01:00] NVIDIA GH200 120GB
  0: #  Rank 39 Group  0 Pid 135720 on  nid006919 device  0 [0039:01:00] NVIDIA GH200 120GB
  0: #  Rank 40 Group  0 Pid 242150 on  nid006921 device  0 [0009:01:00] NVIDIA GH200 120GB
  0: #  Rank 41 Group  0 Pid 242151 on  nid006921 device  0 [0019:01:00] NVIDIA GH200 120GB
  0: #  Rank 42 Group  0 Pid 242157 on  nid006921 device  0 [0029:01:00] NVIDIA GH200 120GB
  0: #  Rank 43 Group  0 Pid 242158 on  nid006921 device  0 [0039:01:00] NVIDIA GH200 120GB
  0: #  Rank 44 Group  0 Pid  56551 on  nid006924 device  0 [0009:01:00] NVIDIA GH200 120GB
  0: #  Rank 45 Group  0 Pid  56552 on  nid006924 device  0 [0019:01:00] NVIDIA GH200 120GB
  0: #  Rank 46 Group  0 Pid  56553 on  nid006924 device  0 [0029:01:00] NVIDIA GH200 120GB
  0: #  Rank 47 Group  0 Pid  56554 on  nid006924 device  0 [0039:01:00] NVIDIA GH200 120GB
  0: #  Rank 48 Group  0 Pid 140911 on  nid006926 device  0 [0009:01:00] NVIDIA GH200 120GB
  0: #  Rank 49 Group  0 Pid 140912 on  nid006926 device  0 [0019:01:00] NVIDIA GH200 120GB
  0: #  Rank 50 Group  0 Pid 140913 on  nid006926 device  0 [0029:01:00] NVIDIA GH200 120GB
  0: #  Rank 51 Group  0 Pid 140914 on  nid006926 device  0 [0039:01:00] NVIDIA GH200 120GB
  0: #  Rank 52 Group  0 Pid 151648 on  nid006928 device  0 [0009:01:00] NVIDIA GH200 120GB
  0: #  Rank 53 Group  0 Pid 151649 on  nid006928 device  0 [0019:01:00] NVIDIA GH200 120GB
  0: #  Rank 54 Group  0 Pid 151650 on  nid006928 device  0 [0029:01:00] NVIDIA GH200 120GB
  0: #  Rank 55 Group  0 Pid 151651 on  nid006928 device  0 [0039:01:00] NVIDIA GH200 120GB
  0: #  Rank 56 Group  0 Pid  51194 on  nid006930 device  0 [0009:01:00] NVIDIA GH200 120GB
  0: #  Rank 57 Group  0 Pid  51195 on  nid006930 device  0 [0019:01:00] NVIDIA GH200 120GB
  0: #  Rank 58 Group  0 Pid  51196 on  nid006930 device  0 [0029:01:00] NVIDIA GH200 120GB
  0: #  Rank 59 Group  0 Pid  51197 on  nid006930 device  0 [0039:01:00] NVIDIA GH200 120GB
  0: #  Rank 60 Group  0 Pid  87301 on  nid006932 device  0 [0009:01:00] NVIDIA GH200 120GB
  0: #  Rank 61 Group  0 Pid  87302 on  nid006932 device  0 [0019:01:00] NVIDIA GH200 120GB
  0: #  Rank 62 Group  0 Pid  87303 on  nid006932 device  0 [0029:01:00] NVIDIA GH200 120GB
  0: #  Rank 63 Group  0 Pid  87304 on  nid006932 device  0 [0039:01:00] NVIDIA GH200 120GB
  0: #  Rank 64 Group  0 Pid  70857 on  nid006933 device  0 [0009:01:00] NVIDIA GH200 120GB
  0: #  Rank 65 Group  0 Pid  70858 on  nid006933 device  0 [0019:01:00] NVIDIA GH200 120GB
  0: #  Rank 66 Group  0 Pid  70859 on  nid006933 device  0 [0029:01:00] NVIDIA GH200 120GB
  0: #  Rank 67 Group  0 Pid  70860 on  nid006933 device  0 [0039:01:00] NVIDIA GH200 120GB
  0: #  Rank 68 Group  0 Pid   9868 on  nid006936 device  0 [0009:01:00] NVIDIA GH200 120GB
  0: #  Rank 69 Group  0 Pid   9869 on  nid006936 device  0 [0019:01:00] NVIDIA GH200 120GB
  0: #  Rank 70 Group  0 Pid   9870 on  nid006936 device  0 [0029:01:00] NVIDIA GH200 120GB
  0: #  Rank 71 Group  0 Pid   9871 on  nid006936 device  0 [0039:01:00] NVIDIA GH200 120GB
  0: #  Rank 72 Group  0 Pid  40293 on  nid006937 device  0 [0009:01:00] NVIDIA GH200 120GB
  0: #  Rank 73 Group  0 Pid  40294 on  nid006937 device  0 [0019:01:00] NVIDIA GH200 120GB
  0: #  Rank 74 Group  0 Pid  40295 on  nid006937 device  0 [0029:01:00] NVIDIA GH200 120GB
  0: #  Rank 75 Group  0 Pid  40296 on  nid006937 device  0 [0039:01:00] NVIDIA GH200 120GB
  0: #  Rank 76 Group  0 Pid  80209 on  nid006938 device  0 [0009:01:00] NVIDIA GH200 120GB
  0: #  Rank 77 Group  0 Pid  80210 on  nid006938 device  0 [0019:01:00] NVIDIA GH200 120GB
  0: #  Rank 78 Group  0 Pid  80211 on  nid006938 device  0 [0029:01:00] NVIDIA GH200 120GB
  0: #  Rank 79 Group  0 Pid  80212 on  nid006938 device  0 [0039:01:00] NVIDIA GH200 120GB
  0: #  Rank 80 Group  0 Pid 113905 on  nid006940 device  0 [0009:01:00] NVIDIA GH200 120GB
  0: #  Rank 81 Group  0 Pid 113906 on  nid006940 device  0 [0019:01:00] NVIDIA GH200 120GB
  0: #  Rank 82 Group  0 Pid 113907 on  nid006940 device  0 [0029:01:00] NVIDIA GH200 120GB
  0: #  Rank 83 Group  0 Pid 113908 on  nid006940 device  0 [0039:01:00] NVIDIA GH200 120GB
  0: #  Rank 84 Group  0 Pid 127303 on  nid006941 device  0 [0009:01:00] NVIDIA GH200 120GB
  0: #  Rank 85 Group  0 Pid 127304 on  nid006941 device  0 [0019:01:00] NVIDIA GH200 120GB
  0: #  Rank 86 Group  0 Pid 127305 on  nid006941 device  0 [0029:01:00] NVIDIA GH200 120GB
  0: #  Rank 87 Group  0 Pid 127306 on  nid006941 device  0 [0039:01:00] NVIDIA GH200 120GB
  0: #  Rank 88 Group  0 Pid  66691 on  nid006942 device  0 [0009:01:00] NVIDIA GH200 120GB
  0: #  Rank 89 Group  0 Pid  66692 on  nid006942 device  0 [0019:01:00] NVIDIA GH200 120GB
  0: #  Rank 90 Group  0 Pid  66693 on  nid006942 device  0 [0029:01:00] NVIDIA GH200 120GB
  0: #  Rank 91 Group  0 Pid  66694 on  nid006942 device  0 [0039:01:00] NVIDIA GH200 120GB
  0: #  Rank 92 Group  0 Pid 129870 on  nid006943 device  0 [0009:01:00] NVIDIA GH200 120GB
  0: #  Rank 93 Group  0 Pid 129871 on  nid006943 device  0 [0019:01:00] NVIDIA GH200 120GB
  0: #  Rank 94 Group  0 Pid 129872 on  nid006943 device  0 [0029:01:00] NVIDIA GH200 120GB
  0: #  Rank 95 Group  0 Pid 129873 on  nid006943 device  0 [0039:01:00] NVIDIA GH200 120GB
  0: #  Rank 96 Group  0 Pid 294028 on  nid006945 device  0 [0009:01:00] NVIDIA GH200 120GB
  0: #  Rank 97 Group  0 Pid 294029 on  nid006945 device  0 [0019:01:00] NVIDIA GH200 120GB
  0: #  Rank 98 Group  0 Pid 294030 on  nid006945 device  0 [0029:01:00] NVIDIA GH200 120GB
  0: #  Rank 99 Group  0 Pid 294031 on  nid006945 device  0 [0039:01:00] NVIDIA GH200 120GB
  0: #  Rank 100 Group  0 Pid  79006 on  nid006946 device  0 [0009:01:00] NVIDIA GH200 120GB
  0: #  Rank 101 Group  0 Pid  79007 on  nid006946 device  0 [0019:01:00] NVIDIA GH200 120GB
  0: #  Rank 102 Group  0 Pid  79008 on  nid006946 device  0 [0029:01:00] NVIDIA GH200 120GB
  0: #  Rank 103 Group  0 Pid  79009 on  nid006946 device  0 [0039:01:00] NVIDIA GH200 120GB
  0: #  Rank 104 Group  0 Pid  86674 on  nid006949 device  0 [0009:01:00] NVIDIA GH200 120GB
  0: #  Rank 105 Group  0 Pid  86675 on  nid006949 device  0 [0019:01:00] NVIDIA GH200 120GB
  0: #  Rank 106 Group  0 Pid  86676 on  nid006949 device  0 [0029:01:00] NVIDIA GH200 120GB
  0: #  Rank 107 Group  0 Pid  86677 on  nid006949 device  0 [0039:01:00] NVIDIA GH200 120GB
  0: #  Rank 108 Group  0 Pid  99638 on  nid006954 device  0 [0009:01:00] NVIDIA GH200 120GB
  0: #  Rank 109 Group  0 Pid  99639 on  nid006954 device  0 [0019:01:00] NVIDIA GH200 120GB
  0: #  Rank 110 Group  0 Pid  99640 on  nid006954 device  0 [0029:01:00] NVIDIA GH200 120GB
  0: #  Rank 111 Group  0 Pid  99641 on  nid006954 device  0 [0039:01:00] NVIDIA GH200 120GB
  0: #  Rank 112 Group  0 Pid  81556 on  nid006955 device  0 [0009:01:00] NVIDIA GH200 120GB
  0: #  Rank 113 Group  0 Pid  81557 on  nid006955 device  0 [0019:01:00] NVIDIA GH200 120GB
  0: #  Rank 114 Group  0 Pid  81558 on  nid006955 device  0 [0029:01:00] NVIDIA GH200 120GB
  0: #  Rank 115 Group  0 Pid  81559 on  nid006955 device  0 [0039:01:00] NVIDIA GH200 120GB
  0: #  Rank 116 Group  0 Pid 141402 on  nid006956 device  0 [0009:01:00] NVIDIA GH200 120GB
  0: #  Rank 117 Group  0 Pid 141403 on  nid006956 device  0 [0019:01:00] NVIDIA GH200 120GB
  0: #  Rank 118 Group  0 Pid 141404 on  nid006956 device  0 [0029:01:00] NVIDIA GH200 120GB
  0: #  Rank 119 Group  0 Pid 141405 on  nid006956 device  0 [0039:01:00] NVIDIA GH200 120GB
  0: #  Rank 120 Group  0 Pid 206960 on  nid006966 device  0 [0009:01:00] NVIDIA GH200 120GB
  0: #  Rank 121 Group  0 Pid 206961 on  nid006966 device  0 [0019:01:00] NVIDIA GH200 120GB
  0: #  Rank 122 Group  0 Pid 206962 on  nid006966 device  0 [0029:01:00] NVIDIA GH200 120GB
  0: #  Rank 123 Group  0 Pid 206963 on  nid006966 device  0 [0039:01:00] NVIDIA GH200 120GB
  0: #  Rank 124 Group  0 Pid   9778 on  nid006976 device  0 [0009:01:00] NVIDIA GH200 120GB
  0: #  Rank 125 Group  0 Pid   9779 on  nid006976 device  0 [0019:01:00] NVIDIA GH200 120GB
  0: #  Rank 126 Group  0 Pid   9780 on  nid006976 device  0 [0029:01:00] NVIDIA GH200 120GB
  0: #  Rank 127 Group  0 Pid   9781 on  nid006976 device  0 [0039:01:00] NVIDIA GH200 120GB
  0: #
  0: #                                                              out-of-place                       in-place          
  0: #       size         count      type   redop    root     time   algbw   busbw #wrong     time   algbw   busbw #wrong
  0: #        (B)    (elements)                               (us)  (GB/s)  (GB/s)            (us)  (GB/s)  (GB/s)       
  0:            8             2     float     sum      -1    46.73    0.00    0.00      0    44.95    0.00    0.00      0
  0:           16             4     float     sum      -1    45.16    0.00    0.00      0    45.03    0.00    0.00      0
  0:           32             8     float     sum      -1    45.16    0.00    0.00      0    44.87    0.00    0.00      0
  0:           64            16     float     sum      -1    51.43    0.00    0.00      0    51.30    0.00    0.00      0
  0:          128            32     float     sum      -1    53.45    0.00    0.00      0    52.74    0.00    0.00      0
  0:          256            64     float     sum      -1    60.94    0.00    0.01      0    53.31    0.00    0.01      0
  0:          512           128     float     sum      -1    57.25    0.01    0.02      0    55.09    0.01    0.02      0
  0:         1024           256     float     sum      -1    58.31    0.02    0.03      0    56.34    0.02    0.04      0
  0:         2048           512     float     sum      -1    63.04    0.03    0.06      0    61.80    0.03    0.07      0
  0:         4096          1024     float     sum      -1    126.3    0.03    0.06      0    123.1    0.03    0.07      0
  0:         8192          2048     float     sum      -1    128.0    0.06    0.13      0    125.1    0.07    0.13      0
  0:        16384          4096     float     sum      -1    127.8    0.13    0.25      0    126.9    0.13    0.26      0
  0:        32768          8192     float     sum      -1    138.5    0.24    0.47      0    136.8    0.24    0.48      0
  0:        65536         16384     float     sum      -1    150.4    0.44    0.86      0    147.8    0.44    0.88      0
  0:       131072         32768     float     sum      -1    170.7    0.77    1.52      0    167.7    0.78    1.55      0
  0:       262144         65536     float     sum      -1    231.0    1.13    2.25      0    232.2    1.13    2.24      0
  0:       524288        131072     float     sum      -1    325.7    1.61    3.19      0    339.1    1.55    3.07      0
  0:      1048576        262144     float     sum      -1    422.3    2.48    4.93      0    399.7    2.62    5.21      0
  0:      2097152        524288     float     sum      -1    601.8    3.48    6.91      0    804.4    2.61    5.17      0
  0:      4194304       1048576     float     sum      -1   1582.2    2.65    5.26      0    916.6    4.58    9.08      0
  0:      8388608       2097152     float     sum      -1   1326.5    6.32   12.55      0   1469.4    5.71   11.33      0
  0:     16777216       4194304     float     sum      -1   2191.6    7.66   15.19      0   2243.8    7.48   14.84      0
  0:     33554432       8388608     float     sum      -1   2883.4   11.64   23.09      0   2899.4   11.57   22.97      0
  0:     67108864      16777216     float     sum      -1   4940.4   13.58   26.96      0   4979.0   13.48   26.75      0
  0:    134217728      33554432     float     sum      -1   9084.0   14.78   29.32      0   9080.6   14.78   29.33      0
  0:    268435456      67108864     float     sum      -1    12390   21.67   42.99      0    12682   21.17   42.00      0
  0:    536870912     134217728     float     sum      -1    13981   38.40   76.20      0    13632   39.38   78.15      0
  0:   1073741824     268435456     float     sum      -1    26650   40.29   79.95      0    26692   40.23   79.83      0
  0:   2147483648     536870912     float     sum      -1    54346   39.52   78.41      0    54924   39.10   77.59      0
  0:   4294967296    1073741824     float     sum      -1   115847   37.07   73.57      0   115922   37.05   73.52      0
  0:            8             2     float     sum      -1    48.11    0.00    0.00      0    46.42    0.00    0.00      0
  0:           16             4     float     sum      -1    45.13    0.00    0.00      0    45.09    0.00    0.00      0
  0:           32             8     float     sum      -1    45.92    0.00    0.00      0    45.14    0.00    0.00      0
  0:           64            16     float     sum      -1    51.74    0.00    0.00      0    51.60    0.00    0.00      0
  0:          128            32     float     sum      -1    53.45    0.00    0.00      0    51.94    0.00    0.00      0
  0:          256            64     float     sum      -1    54.17    0.00    0.01      0    54.04    0.00    0.01      0
  0:          512           128     float     sum      -1    55.83    0.01    0.02      0    55.01    0.01    0.02      0
  0:         1024           256     float     sum      -1    58.87    0.02    0.03      0    56.40    0.02    0.04      0
  0:         2048           512     float     sum      -1    61.76    0.03    0.07      0    61.24    0.03    0.07      0
  0:         4096          1024     float     sum      -1    126.2    0.03    0.06      0    124.4    0.03    0.07      0
  0:         8192          2048     float     sum      -1    127.8    0.06    0.13      0    124.9    0.07    0.13      0
  0:        16384          4096     float     sum      -1    128.6    0.13    0.25      0    126.5    0.13    0.26      0
  0:        32768          8192     float     sum      -1    137.6    0.24    0.47      0    137.6    0.24    0.47      0
  0:        65536         16384     float     sum      -1    148.9    0.44    0.87      0    146.5    0.45    0.89      0
  0:       131072         32768     float     sum      -1    170.2    0.77    1.53      0    166.6    0.79    1.56      0
  0:       262144         65536     float     sum      -1    222.6    1.18    2.34      0    223.9    1.17    2.32      0
  0:       524288        131072     float     sum      -1    309.6    1.69    3.36      0    308.9    1.70    3.37      0
  0:      1048576        262144     float     sum      -1    364.6    2.88    5.71      0    365.5    2.87    5.69      0
  0:      2097152        524288     float     sum      -1    489.5    4.28    8.50      0    494.5    4.24    8.42      0
  0:      4194304       1048576     float     sum      -1    777.6    5.39   10.70      0    794.0    5.28   10.48      0
  0:      8388608       2097152     float     sum      -1   1333.6    6.29   12.48      0   1342.7    6.25   12.40      0
  0:     16777216       4194304     float     sum      -1   2187.9    7.67   15.22      0   2214.2    7.58   15.04      0
  0:     33554432       8388608     float     sum      -1   2903.5   11.56   22.93      0   2877.0   11.66   23.14      0
  0:     67108864      16777216     float     sum      -1   4861.5   13.80   27.39      0   4975.1   13.49   26.77      0
  0:    134217728      33554432     float     sum      -1   8978.8   14.95   29.66      0   9226.0   14.55   28.87      0
  0:    268435456      67108864     float     sum      -1    12380   21.68   43.03      0    12325   21.78   43.22      0
  0:    536870912     134217728     float     sum      -1    13602   39.47   78.32      0    13590   39.50   78.39      0
  0:   1073741824     268435456     float     sum      -1    26526   40.48   80.33      0    26707   40.20   79.78      0
  0:   2147483648     536870912     float     sum      -1    54413   39.47   78.32      0    54783   39.20   77.79      0
  0:   4294967296    1073741824     float     sum      -1   115223   37.28   73.97      0   115902   37.06   73.53      0
  0:            8             2     float     sum      -1    47.38    0.00    0.00      0    44.78    0.00    0.00      0
  0:           16             4     float     sum      -1    44.65    0.00    0.00      0    45.17    0.00    0.00      0
  0:           32             8     float     sum      -1    45.25    0.00    0.00      0    44.57    0.00    0.00      0
  0:           64            16     float     sum      -1    51.93    0.00    0.00      0    51.58    0.00    0.00      0
  0:          128            32     float     sum      -1    52.76    0.00    0.00      0    51.77    0.00    0.00      0
  0:          256            64     float     sum      -1    54.01    0.00    0.01      0    52.65    0.00    0.01      0
  0:          512           128     float     sum      -1    56.38    0.01    0.02      0    54.59    0.01    0.02      0
  0:         1024           256     float     sum      -1    57.82    0.02    0.04      0    56.44    0.02    0.04      0
  0:         2048           512     float     sum      -1    61.79    0.03    0.07      0    61.15    0.03    0.07      0
  0:         4096          1024     float     sum      -1    126.1    0.03    0.06      0    123.9    0.03    0.07      0
  0:         8192          2048     float     sum      -1    126.3    0.06    0.13      0    126.0    0.07    0.13      0
  0:        16384          4096     float     sum      -1    128.5    0.13    0.25      0    126.8    0.13    0.26      0
  0:        32768          8192     float     sum      -1    138.1    0.24    0.47      0    136.0    0.24    0.48      0
  0:        65536         16384     float     sum      -1    148.9    0.44    0.87      0    145.6    0.45    0.89      0
  0:       131072         32768     float     sum      -1    170.3    0.77    1.53      0    165.1    0.79    1.58      0
  0:       262144         65536     float     sum      -1    222.0    1.18    2.34      0    218.6    1.20    2.38      0
  0:       524288        131072     float     sum      -1    310.0    1.69    3.36      0    309.0    1.70    3.37      0
  0:      1048576        262144     float     sum      -1    364.9    2.87    5.70      0    365.8    2.87    5.69      0
  0:      2097152        524288     float     sum      -1    488.7    4.29    8.52      0    495.3    4.23    8.40      0
  0:      4194304       1048576     float     sum      -1    784.8    5.34   10.61      0    799.9    5.24   10.41      0
  0:      8388608       2097152     float     sum      -1   1328.3    6.32   12.53      0   1349.1    6.22   12.34      0
  0:     16777216       4194304     float     sum      -1   2188.4    7.67   15.21      0   2220.8    7.55   14.99      0
  0:     33554432       8388608     float     sum      -1   2897.6   11.58   22.98      0   2902.2   11.56   22.94      0
  0:     67108864      16777216     float     sum      -1   4934.3   13.60   26.99      0   4946.2   13.57   26.92      0
  0:    134217728      33554432     float     sum      -1   8880.2   15.11   29.99      0   8947.0   15.00   29.77      0
  0:    268435456      67108864     float     sum      -1    12373   21.69   43.05      0    12326   21.78   43.22      0
  0:    536870912     134217728     float     sum      -1    13596   39.49   78.36      0    13634   39.38   78.14      0
  0:   1073741824     268435456     float     sum      -1    26569   40.41   80.20      0    26722   40.18   79.74      0
  0:   2147483648     536870912     float     sum      -1    54299   39.55   78.48      0    54729   39.24   77.86      0
  0:   4294967296    1073741824     float     sum      -1   114892   37.38   74.18      0   116069   37.00   73.43      0
  0:            8             2     float     sum      -1    48.14    0.00    0.00      0    45.54    0.00    0.00      0
  0:           16             4     float     sum      -1    44.87    0.00    0.00      0    44.52    0.00    0.00      0
  0:           32             8     float     sum      -1    45.24    0.00    0.00      0    44.62    0.00    0.00      0
  0:           64            16     float     sum      -1    51.64    0.00    0.00      0    51.64    0.00    0.00      0
  0:          128            32     float     sum      -1    53.87    0.00    0.00      0    51.60    0.00    0.00      0
  0:          256            64     float     sum      -1    54.03    0.00    0.01      0    52.59    0.00    0.01      0
  0:          512           128     float     sum      -1    55.18    0.01    0.02      0    54.59    0.01    0.02      0
  0:         1024           256     float     sum      -1    58.35    0.02    0.03      0    56.70    0.02    0.04      0
  0:         2048           512     float     sum      -1    62.39    0.03    0.07      0    60.94    0.03    0.07      0
  0:         4096          1024     float     sum      -1    125.9    0.03    0.06      0    123.0    0.03    0.07      0
  0:         8192          2048     float     sum      -1    126.9    0.06    0.13      0    124.3    0.07    0.13      0
  0:        16384          4096     float     sum      -1    127.4    0.13    0.26      0    126.4    0.13    0.26      0
  0:        32768          8192     float     sum      -1    138.0    0.24    0.47      0    135.8    0.24    0.48      0
  0:        65536         16384     float     sum      -1    149.5    0.44    0.87      0    146.4    0.45    0.89      0
  0:       131072         32768     float     sum      -1    170.5    0.77    1.53      0    166.9    0.79    1.56      0
  0:       262144         65536     float     sum      -1    220.9    1.19    2.36      0    220.4    1.19    2.36      0
  0:       524288        131072     float     sum      -1    310.3    1.69    3.35      0    309.1    1.70    3.37      0
  0:      1048576        262144     float     sum      -1    364.2    2.88    5.71      0    365.4    2.87    5.69      0
  0:      2097152        524288     float     sum      -1    488.7    4.29    8.52      0    495.0    4.24    8.41      0
  0:      4194304       1048576     float     sum      -1    786.8    5.33   10.58      0    789.0    5.32   10.55      0
  0:      8388608       2097152     float     sum      -1   1331.4    6.30   12.50      0   1349.4    6.22   12.34      0
  0:     16777216       4194304     float     sum      -1   2194.2    7.65   15.17      0   2225.8    7.54   14.96      0
  0:     33554432       8388608     float     sum      -1   2925.2   11.47   22.76      0   2891.5   11.60   23.03      0
  0:     67108864      16777216     float     sum      -1   4962.5   13.52   26.84      0   4886.0   13.73   27.26      0
  0:    134217728      33554432     float     sum      -1   9038.9   14.85   29.47      0   9018.0   14.88   29.53      0
  0:    268435456      67108864     float     sum      -1    12383   21.68   43.02      0    12321   21.79   43.23      0
  0:    536870912     134217728     float     sum      -1    13585   39.52   78.42      0    13578   39.54   78.46      0
  0:   1073741824     268435456     float     sum      -1    26573   40.41   80.18      0    26692   40.23   79.83      0
  0:   2147483648     536870912     float     sum      -1    54450   39.44   78.26      0    54778   39.20   77.79      0
  0:   4294967296    1073741824     float     sum      -1   114935   37.37   74.15      0   115766   37.10   73.62      0
  0:            8             2     float     sum      -1    47.19    0.00    0.00      0    46.60    0.00    0.00      0
  0:           16             4     float     sum      -1    45.22    0.00    0.00      0    44.87    0.00    0.00      0
  0:           32             8     float     sum      -1    44.99    0.00    0.00      0    45.38    0.00    0.00      0
  0:           64            16     float     sum      -1    51.51    0.00    0.00      0    52.13    0.00    0.00      0
  0:          128            32     float     sum      -1    53.68    0.00    0.00      0    52.02    0.00    0.00      0
  0:          256            64     float     sum      -1    53.59    0.00    0.01      0    53.17    0.00    0.01      0
  0:          512           128     float     sum      -1    55.64    0.01    0.02      0    54.92    0.01    0.02      0
  0:         1024           256     float     sum      -1    57.68    0.02    0.04      0    56.51    0.02    0.04      0
  0:         2048           512     float     sum      -1    62.51    0.03    0.07      0    60.62    0.03    0.07      0
  0:         4096          1024     float     sum      -1    126.1    0.03    0.06      0    123.5    0.03    0.07      0
  0:         8192          2048     float     sum      -1    127.2    0.06    0.13      0    124.2    0.07    0.13      0
  0:        16384          4096     float     sum      -1    128.2    0.13    0.25      0    126.1    0.13    0.26      0
  0:        32768          8192     float     sum      -1    138.0    0.24    0.47      0    136.2    0.24    0.48      0
  0:        65536         16384     float     sum      -1    149.2    0.44    0.87      0    147.1    0.45    0.88      0
  0:       131072         32768     float     sum      -1    170.0    0.77    1.53      0    166.7    0.79    1.56      0
  0:       262144         65536     float     sum      -1    220.5    1.19    2.36      0    220.4    1.19    2.36      0
  0:       524288        131072     float     sum      -1    309.4    1.69    3.36      0    310.5    1.69    3.35      0
  0:      1048576        262144     float     sum      -1    365.5    2.87    5.69      0    367.0    2.86    5.67      0
  0:      2097152        524288     float     sum      -1    489.2    4.29    8.51      0    494.1    4.24    8.42      0
  0:      4194304       1048576     float     sum      -1    784.6    5.35   10.61      0    789.7    5.31   10.54      0
  0:      8388608       2097152     float     sum      -1   1328.3    6.32   12.53      0   1345.8    6.23   12.37      0
  0:     16777216       4194304     float     sum      -1   2190.9    7.66   15.20      0   2216.2    7.57   15.02      0
  0:     33554432       8388608     float     sum      -1   2899.1   11.57   22.97      0   2902.2   11.56   22.94      0
  0:     67108864      16777216     float     sum      -1   4960.3   13.53   26.85      0   4989.6   13.45   26.69      0
  0:    134217728      33554432     float     sum      -1   9038.5   14.85   29.47      0   9159.0   14.65   29.08      0
  0:    268435456      67108864     float     sum      -1    12361   21.72   43.09      0    12333   21.77   43.19      0
  0:    536870912     134217728     float     sum      -1    13610   39.45   78.28      0    13586   39.52   78.41      0
  0:   1073741824     268435456     float     sum      -1    26549   40.44   80.26      0    26694   40.22   79.82      0
  0:   2147483648     536870912     float     sum      -1    54388   39.48   78.35      0    54912   39.11   77.60      0
  0:   4294967296    1073741824     float     sum      -1   115838   37.08   73.58      0   115775   37.10   73.62      0
  0:            8             2     float     sum      -1    46.86    0.00    0.00      0    45.74    0.00    0.00      0
  0:           16             4     float     sum      -1    44.91    0.00    0.00      0    44.46    0.00    0.00      0
  0:           32             8     float     sum      -1    44.93    0.00    0.00      0    44.86    0.00    0.00      0
  0:           64            16     float     sum      -1    51.90    0.00    0.00      0    51.45    0.00    0.00      0
  0:          128            32     float     sum      -1    53.72    0.00    0.00      0    52.79    0.00    0.00      0
  0:          256            64     float     sum      -1    53.85    0.00    0.01      0    52.47    0.00    0.01      0
  0:          512           128     float     sum      -1    55.10    0.01    0.02      0    54.32    0.01    0.02      0
  0:         1024           256     float     sum      -1    57.55    0.02    0.04      0    57.12    0.02    0.04      0
  0:         2048           512     float     sum      -1    62.34    0.03    0.07      0    60.93    0.03    0.07      0
  0:         4096          1024     float     sum      -1    125.8    0.03    0.06      0    123.4    0.03    0.07      0
  0:         8192          2048     float     sum      -1    127.1    0.06    0.13      0    125.5    0.07    0.13      0
  0:        16384          4096     float     sum      -1    128.6    0.13    0.25      0    127.1    0.13    0.26      0
  0:        32768          8192     float     sum      -1    137.9    0.24    0.47      0    136.9    0.24    0.47      0
  0:        65536         16384     float     sum      -1    148.8    0.44    0.87      0    147.1    0.45    0.88      0
  0:       131072         32768     float     sum      -1    168.9    0.78    1.54      0    168.0    0.78    1.55      0
  0:       262144         65536     float     sum      -1    220.8    1.19    2.36      0    219.9    1.19    2.37      0
  0:       524288        131072     float     sum      -1    310.4    1.69    3.35      0    309.3    1.70    3.36      0
  0:      1048576        262144     float     sum      -1    365.0    2.87    5.70      0    365.9    2.87    5.69      0
  0:      2097152        524288     float     sum      -1    489.2    4.29    8.51      0    494.2    4.24    8.42      0
  0:      4194304       1048576     float     sum      -1    781.8    5.36   10.65      0    789.9    5.31   10.54      0
  0:      8388608       2097152     float     sum      -1   1328.7    6.31   12.53      0   1345.0    6.24   12.38      0
  0:     16777216       4194304     float     sum      -1   2175.6    7.71   15.30      0   2266.3    7.40   14.69      0
  0:     33554432       8388608     float     sum      -1   2904.4   11.55   22.93      0   2893.3   11.60   23.01      0
  0:     67108864      16777216     float     sum      -1   4950.7   13.56   26.90      0   5047.9   13.29   26.38      0
  0:    134217728      33554432     float     sum      -1   9006.6   14.90   29.57      0   9166.8   14.64   29.05      0
  0:    268435456      67108864     float     sum      -1    12403   21.64   42.95      0    12350   21.74   43.13      0
  0:    536870912     134217728     float     sum      -1    13580   39.53   78.45      0    13605   39.46   78.30      0
  0:   1073741824     268435456     float     sum      -1    26625   40.33   80.03      0    26723   40.18   79.73      0
  0:   2147483648     536870912     float     sum      -1    54261   39.58   78.53      0    54673   39.28   77.94      0
  0:   4294967296    1073741824     float     sum      -1   116557   36.85   73.12      0   116077   37.00   73.42      0
  0:            8             2     float     sum      -1    47.12    0.00    0.00      0    45.49    0.00    0.00      0
  0:           16             4     float     sum      -1    44.84    0.00    0.00      0    44.64    0.00    0.00      0
  0:           32             8     float     sum      -1    44.90    0.00    0.00      0    44.78    0.00    0.00      0
  0:           64            16     float     sum      -1    52.04    0.00    0.00      0    51.34    0.00    0.00      0
  0:          128            32     float     sum      -1    52.82    0.00    0.00      0    51.94    0.00    0.00      0
  0:          256            64     float     sum      -1    54.06    0.00    0.01      0    53.01    0.00    0.01      0
  0:          512           128     float     sum      -1    55.25    0.01    0.02      0    54.72    0.01    0.02      0
  0:         1024           256     float     sum      -1    57.95    0.02    0.04      0    56.55    0.02    0.04      0
  0:         2048           512     float     sum      -1    62.17    0.03    0.07      0    60.78    0.03    0.07      0
  0:         4096          1024     float     sum      -1    127.4    0.03    0.06      0    124.2    0.03    0.07      0
  0:         8192          2048     float     sum      -1    126.8    0.06    0.13      0    124.7    0.07    0.13      0
  0:        16384          4096     float     sum      -1    129.3    0.13    0.25      0    125.3    0.13    0.26      0
  0:        32768          8192     float     sum      -1    138.8    0.24    0.47      0    136.7    0.24    0.48      0
  0:        65536         16384     float     sum      -1    150.1    0.44    0.87      0    146.9    0.45    0.89      0
  0:       131072         32768     float     sum      -1    169.6    0.77    1.53      0    167.2    0.78    1.56      0
  0:       262144         65536     float     sum      -1    222.8    1.18    2.33      0    219.5    1.19    2.37      0
  0:       524288        131072     float     sum      -1    310.5    1.69    3.35      0    308.9    1.70    3.37      0
  0:      1048576        262144     float     sum      -1    364.4    2.88    5.71      0    365.8    2.87    5.69      0
  0:      2097152        524288     float     sum      -1    489.3    4.29    8.50      0    494.0    4.25    8.42      0
  0:      4194304       1048576     float     sum      -1    786.9    5.33   10.58      0    790.3    5.31   10.53      0
  0:      8388608       2097152     float     sum      -1   1330.4    6.31   12.51      0   1344.4    6.24   12.38      0
  0:     16777216       4194304     float     sum      -1   2179.8    7.70   15.27      0   2221.5    7.55   14.99      0
  0:     33554432       8388608     float     sum      -1   2888.4   11.62   23.05      0   2921.6   11.49   22.79      0
  0:     67108864      16777216     float     sum      -1   4961.9   13.52   26.84      0   5056.7   13.27   26.34      0
  0:    134217728      33554432     float     sum      -1   9050.3   14.83   29.43      0   9073.4   14.79   29.35      0
  0:    268435456      67108864     float     sum      -1    12372   21.70   43.05      0    12330   21.77   43.20      0
  0:    536870912     134217728     float     sum      -1    13610   39.45   78.28      0    13592   39.50   78.38      0
  0:   1073741824     268435456     float     sum      -1    26625   40.33   80.03      0    26781   40.09   79.56      0
  0:   2147483648     536870912     float     sum      -1    54402   39.47   78.33      0    54777   39.20   77.80      0
  0:   4294967296    1073741824     float     sum      -1   114486   37.52   74.44      0   116039   37.01   73.45      0
  0:            8             2     float     sum      -1    48.00    0.00    0.00      0    45.44    0.00    0.00      0
  0:           16             4     float     sum      -1    44.85    0.00    0.00      0    44.94    0.00    0.00      0
  0:           32             8     float     sum      -1    45.93    0.00    0.00      0    45.48    0.00    0.00      0
  0:           64            16     float     sum      -1    51.83    0.00    0.00      0    51.58    0.00    0.00      0
  0:          128            32     float     sum      -1    53.91    0.00    0.00      0    53.22    0.00    0.00      0
  0:          256            64     float     sum      -1    53.41    0.00    0.01      0    52.83    0.00    0.01      0
  0:          512           128     float     sum      -1    55.64    0.01    0.02      0    55.33    0.01    0.02      0
  0:         1024           256     float     sum      -1    57.75    0.02    0.04      0    56.77    0.02    0.04      0
  0:         2048           512     float     sum      -1    62.39    0.03    0.07      0    61.81    0.03    0.07      0
  0:         4096          1024     float     sum      -1    126.6    0.03    0.06      0    124.0    0.03    0.07      0
  0:         8192          2048     float     sum      -1    128.1    0.06    0.13      0    125.2    0.07    0.13      0
  0:        16384          4096     float     sum      -1    129.2    0.13    0.25      0    126.6    0.13    0.26      0
  0:        32768          8192     float     sum      -1    138.5    0.24    0.47      0    136.7    0.24    0.48      0
  0:        65536         16384     float     sum      -1    149.9    0.44    0.87      0    147.2    0.45    0.88      0
  0:       131072         32768     float     sum      -1    169.1    0.78    1.54      0    169.4    0.77    1.54      0
  0:       262144         65536     float     sum      -1    220.8    1.19    2.36      0    219.1    1.20    2.37      0
  0:       524288        131072     float     sum      -1    309.9    1.69    3.36      0    309.3    1.70    3.36      0
  0:      1048576        262144     float     sum      -1    364.7    2.88    5.71      0    366.8    2.86    5.67      0
  0:      2097152        524288     float     sum      -1    490.9    4.27    8.48      0    500.6    4.19    8.31      0
  0:      4194304       1048576     float     sum      -1    788.8    5.32   10.55      0    791.4    5.30   10.52      0
  0:      8388608       2097152     float     sum      -1   1338.9    6.27   12.43      0   1343.3    6.24   12.39      0
  0:     16777216       4194304     float     sum      -1   2192.5    7.65   15.18      0   2219.3    7.56   15.00      0
  0:     33554432       8388608     float     sum      -1   2923.7   11.48   22.77      0   2907.6   11.54   22.90      0
  0:     67108864      16777216     float     sum      -1   4981.8   13.47   26.73      0   4987.5   13.46   26.70      0
  0:    134217728      33554432     float     sum      -1   9212.0   14.57   28.91      0   9111.9   14.73   29.23      0
  0:    268435456      67108864     float     sum      -1    12338   21.76   43.17      0    12337   21.76   43.18      0
  0:    536870912     134217728     float     sum      -1    13584   39.52   78.43      0    13570   39.56   78.51      0
  0:   1073741824     268435456     float     sum      -1    26608   40.35   80.08      0    26730   40.17   79.71      0
  0:   2147483648     536870912     float     sum      -1    54188   39.63   78.64      0    54828   39.17   77.72      0
  0:   4294967296    1073741824     float     sum      -1   114770   37.42   74.26      0   115630   37.14   73.71      0
  0:            8             2     float     sum      -1    46.73    0.00    0.00      0    45.66    0.00    0.00      0
  0:           16             4     float     sum      -1    45.04    0.00    0.00      0    44.73    0.00    0.00      0
  0:           32             8     float     sum      -1    45.04    0.00    0.00      0    44.99    0.00    0.00      0
  0:           64            16     float     sum      -1    51.34    0.00    0.00      0    51.89    0.00    0.00      0
  0:          128            32     float     sum      -1    53.67    0.00    0.00      0    52.36    0.00    0.00      0
  0:          256            64     float     sum      -1    53.88    0.00    0.01      0    52.63    0.00    0.01      0
  0:          512           128     float     sum      -1    55.38    0.01    0.02      0    54.22    0.01    0.02      0
  0:         1024           256     float     sum      -1    58.19    0.02    0.03      0    57.06    0.02    0.04      0
  0:         2048           512     float     sum      -1    62.10    0.03    0.07      0    61.49    0.03    0.07      0
  0:         4096          1024     float     sum      -1    125.3    0.03    0.06      0    123.2    0.03    0.07      0
  0:         8192          2048     float     sum      -1    127.4    0.06    0.13      0    125.1    0.07    0.13      0
  0:        16384          4096     float     sum      -1    128.9    0.13    0.25      0    126.6    0.13    0.26      0
  0:        32768          8192     float     sum      -1    137.8    0.24    0.47      0    136.1    0.24    0.48      0
  0:        65536         16384     float     sum      -1    149.2    0.44    0.87      0    146.8    0.45    0.89      0
  0:       131072         32768     float     sum      -1    169.6    0.77    1.53      0    167.0    0.78    1.56      0
  0:       262144         65536     float     sum      -1    221.8    1.18    2.35      0    220.0    1.19    2.36      0
  0:       524288        131072     float     sum      -1    310.2    1.69    3.35      0    308.9    1.70    3.37      0
  0:      1048576        262144     float     sum      -1    364.7    2.88    5.71      0    365.8    2.87    5.69      0
  0:      2097152        524288     float     sum      -1    488.9    4.29    8.51      0    494.2    4.24    8.42      0
  0:      4194304       1048576     float     sum      -1    783.2    5.36   10.63      0    790.0    5.31   10.54      0
  0:      8388608       2097152     float     sum      -1   1329.5    6.31   12.52      0   1346.8    6.23   12.36      0
  0:     16777216       4194304     float     sum      -1   2181.0    7.69   15.26      0   2228.5    7.53   14.94      0
  0:     33554432       8388608     float     sum      -1   2876.9   11.66   23.14      0   2862.0   11.72   23.27      0
  0:     67108864      16777216     float     sum      -1   4967.9   13.51   26.81      0   5003.4   13.41   26.62      0
  0:    134217728      33554432     float     sum      -1   9084.8   14.77   29.32      0   9265.1   14.49   28.75      0
  0:    268435456      67108864     float     sum      -1    12354   21.73   43.12      0    12356   21.73   43.11      0
  0:    536870912     134217728     float     sum      -1    13620   39.42   78.22      0    13569   39.57   78.52      0
  0:   1073741824     268435456     float     sum      -1    26605   40.36   80.09      0    26784   40.09   79.55      0
  0:   2147483648     536870912     float     sum      -1    54295   39.55   78.49      0    54869   39.14   77.67      0
  0:   4294967296    1073741824     float     sum      -1   115188   37.29   73.99      0   116183   36.97   73.36      0
  0:            8             2     float     sum      -1    47.81    0.00    0.00      0    46.06    0.00    0.00      0
  0:           16             4     float     sum      -1    45.37    0.00    0.00      0    44.67    0.00    0.00      0
  0:           32             8     float     sum      -1    45.22    0.00    0.00      0    45.54    0.00    0.00      0
  0:           64            16     float     sum      -1    51.74    0.00    0.00      0    51.14    0.00    0.00      0
  0:          128            32     float     sum      -1    53.19    0.00    0.00      0    51.57    0.00    0.00      0
  0:          256            64     float     sum      -1    54.13    0.00    0.01      0    53.74    0.00    0.01      0
  0:          512           128     float     sum      -1    55.49    0.01    0.02      0    54.57    0.01    0.02      0
  0:         1024           256     float     sum      -1    71.49    0.01    0.03      0    57.00    0.02    0.04      0
  0:         2048           512     float     sum      -1    62.72    0.03    0.06      0    60.70    0.03    0.07      0
  0:         4096          1024     float     sum      -1    126.0    0.03    0.06      0    124.4    0.03    0.07      0
  0:         8192          2048     float     sum      -1    126.7    0.06    0.13      0    125.5    0.07    0.13      0
  0:        16384          4096     float     sum      -1    128.3    0.13    0.25      0    126.3    0.13    0.26      0
  0:        32768          8192     float     sum      -1    138.5    0.24    0.47      0    135.8    0.24    0.48      0
  0:        65536         16384     float     sum      -1    148.9    0.44    0.87      0    146.6    0.45    0.89      0
  0:       131072         32768     float     sum      -1    169.6    0.77    1.53      0    166.8    0.79    1.56      0
  0:       262144         65536     float     sum      -1    221.9    1.18    2.34      0    221.7    1.18    2.35      0
  0:       524288        131072     float     sum      -1    309.6    1.69    3.36      0    308.1    1.70    3.38      0
  0:      1048576        262144     float     sum      -1    382.0    2.75    5.45      0    366.5    2.86    5.68      0
  0:      2097152        524288     float     sum      -1    489.4    4.29    8.50      0    495.1    4.24    8.41      0
  0:      4194304       1048576     float     sum      -1    784.2    5.35   10.61      0    791.5    5.30   10.52      0
  0:      8388608       2097152     float     sum      -1   1330.4    6.31   12.51      0   1346.2    6.23   12.37      0
  0:     16777216       4194304     float     sum      -1   2195.7    7.64   15.16      0   2208.7    7.60   15.07      0
  0:     33554432       8388608     float     sum      -1   2854.1   11.76   23.33      0   2896.4   11.59   22.99      0
  0:     67108864      16777216     float     sum      -1   4997.1   13.43   26.65      0   4959.7   13.53   26.85      0
  0:    134217728      33554432     float     sum      -1   8977.8   14.95   29.67      0   9147.3   14.67   29.12      0
  0:    268435456      67108864     float     sum      -1    12354   21.73   43.12      0    12295   21.83   43.32      0
  0:    536870912     134217728     float     sum      -1    13610   39.45   78.28      0    13576   39.54   78.47      0
  0:   1073741824     268435456     float     sum      -1    26541   40.46   80.28      0    26761   40.12   79.62      0
  0:   2147483648     536870912     float     sum      -1    54516   39.39   78.17      0    54769   39.21   77.81      0
  0:   4294967296    1073741824     float     sum      -1   115199   37.28   73.98      0   115944   37.04   73.51      0
  0: # Out of bounds values : 0 OK
  0: # Avg bus bandwidth    : 16.4297 
  0: #
  0: 
