  0: # nThread 1 nGpus 1 minBytes 8 maxBytes 4294967296 step: 2(factor) warmup iters: 8 iters: 24 agg iters: 1 validation: 1 graph: 0
  0: #
  0: # Using devices
  0: #  Rank  0 Group  0 Pid 248415 on  nid006480 device  0 [0009:01:00] NVIDIA GH200 120GB
  0: #  Rank  1 Group  0 Pid 248416 on  nid006480 device  0 [0019:01:00] NVIDIA GH200 120GB
  0: #  Rank  2 Group  0 Pid 248417 on  nid006480 device  0 [0029:01:00] NVIDIA GH200 120GB
  0: #  Rank  3 Group  0 Pid 248418 on  nid006480 device  0 [0039:01:00] NVIDIA GH200 120GB
  0: #  Rank  4 Group  0 Pid 211335 on  nid006484 device  0 [0009:01:00] NVIDIA GH200 120GB
  0: #  Rank  5 Group  0 Pid 211336 on  nid006484 device  0 [0019:01:00] NVIDIA GH200 120GB
  0: #  Rank  6 Group  0 Pid 211337 on  nid006484 device  0 [0029:01:00] NVIDIA GH200 120GB
  0: #  Rank  7 Group  0 Pid 211338 on  nid006484 device  0 [0039:01:00] NVIDIA GH200 120GB
  0: #  Rank  8 Group  0 Pid 115102 on  nid006503 device  0 [0009:01:00] NVIDIA GH200 120GB
  0: #  Rank  9 Group  0 Pid 115103 on  nid006503 device  0 [0019:01:00] NVIDIA GH200 120GB
  0: #  Rank 10 Group  0 Pid 115104 on  nid006503 device  0 [0029:01:00] NVIDIA GH200 120GB
  0: #  Rank 11 Group  0 Pid 115105 on  nid006503 device  0 [0039:01:00] NVIDIA GH200 120GB
  0: #  Rank 12 Group  0 Pid 154958 on  nid006504 device  0 [0009:01:00] NVIDIA GH200 120GB
  0: #  Rank 13 Group  0 Pid 154959 on  nid006504 device  0 [0019:01:00] NVIDIA GH200 120GB
  0: #  Rank 14 Group  0 Pid 154960 on  nid006504 device  0 [0029:01:00] NVIDIA GH200 120GB
  0: #  Rank 15 Group  0 Pid 154961 on  nid006504 device  0 [0039:01:00] NVIDIA GH200 120GB
  0: #  Rank 16 Group  0 Pid 286175 on  nid006508 device  0 [0009:01:00] NVIDIA GH200 120GB
  0: #  Rank 17 Group  0 Pid 286176 on  nid006508 device  0 [0019:01:00] NVIDIA GH200 120GB
  0: #  Rank 18 Group  0 Pid 286177 on  nid006508 device  0 [0029:01:00] NVIDIA GH200 120GB
  0: #  Rank 19 Group  0 Pid 286178 on  nid006508 device  0 [0039:01:00] NVIDIA GH200 120GB
  0: #  Rank 20 Group  0 Pid  15758 on  nid006516 device  0 [0009:01:00] NVIDIA GH200 120GB
  0: #  Rank 21 Group  0 Pid  15759 on  nid006516 device  0 [0019:01:00] NVIDIA GH200 120GB
  0: #  Rank 22 Group  0 Pid  15760 on  nid006516 device  0 [0029:01:00] NVIDIA GH200 120GB
  0: #  Rank 23 Group  0 Pid  15761 on  nid006516 device  0 [0039:01:00] NVIDIA GH200 120GB
  0: #  Rank 24 Group  0 Pid 257998 on  nid006526 device  0 [0009:01:00] NVIDIA GH200 120GB
  0: #  Rank 25 Group  0 Pid 257999 on  nid006526 device  0 [0019:01:00] NVIDIA GH200 120GB
  0: #  Rank 26 Group  0 Pid 258000 on  nid006526 device  0 [0029:01:00] NVIDIA GH200 120GB
  0: #  Rank 27 Group  0 Pid 258001 on  nid006526 device  0 [0039:01:00] NVIDIA GH200 120GB
  0: #  Rank 28 Group  0 Pid 236373 on  nid006528 device  0 [0009:01:00] NVIDIA GH200 120GB
  0: #  Rank 29 Group  0 Pid 236374 on  nid006528 device  0 [0019:01:00] NVIDIA GH200 120GB
  0: #  Rank 30 Group  0 Pid 236375 on  nid006528 device  0 [0029:01:00] NVIDIA GH200 120GB
  0: #  Rank 31 Group  0 Pid 236376 on  nid006528 device  0 [0039:01:00] NVIDIA GH200 120GB
  0: #  Rank 32 Group  0 Pid 238531 on  nid006529 device  0 [0009:01:00] NVIDIA GH200 120GB
  0: #  Rank 33 Group  0 Pid 238532 on  nid006529 device  0 [0019:01:00] NVIDIA GH200 120GB
  0: #  Rank 34 Group  0 Pid 238533 on  nid006529 device  0 [0029:01:00] NVIDIA GH200 120GB
  0: #  Rank 35 Group  0 Pid 238534 on  nid006529 device  0 [0039:01:00] NVIDIA GH200 120GB
  0: #  Rank 36 Group  0 Pid 172616 on  nid006531 device  0 [0009:01:00] NVIDIA GH200 120GB
  0: #  Rank 37 Group  0 Pid 172617 on  nid006531 device  0 [0019:01:00] NVIDIA GH200 120GB
  0: #  Rank 38 Group  0 Pid 172618 on  nid006531 device  0 [0029:01:00] NVIDIA GH200 120GB
  0: #  Rank 39 Group  0 Pid 172619 on  nid006531 device  0 [0039:01:00] NVIDIA GH200 120GB
  0: #  Rank 40 Group  0 Pid 208734 on  nid006532 device  0 [0009:01:00] NVIDIA GH200 120GB
  0: #  Rank 41 Group  0 Pid 208735 on  nid006532 device  0 [0019:01:00] NVIDIA GH200 120GB
  0: #  Rank 42 Group  0 Pid 208736 on  nid006532 device  0 [0029:01:00] NVIDIA GH200 120GB
  0: #  Rank 43 Group  0 Pid 208737 on  nid006532 device  0 [0039:01:00] NVIDIA GH200 120GB
  0: #  Rank 44 Group  0 Pid 153580 on  nid006533 device  0 [0009:01:00] NVIDIA GH200 120GB
  0: #  Rank 45 Group  0 Pid 153581 on  nid006533 device  0 [0019:01:00] NVIDIA GH200 120GB
  0: #  Rank 46 Group  0 Pid 153582 on  nid006533 device  0 [0029:01:00] NVIDIA GH200 120GB
  0: #  Rank 47 Group  0 Pid 153583 on  nid006533 device  0 [0039:01:00] NVIDIA GH200 120GB
  0: #  Rank 48 Group  0 Pid  72647 on  nid006534 device  0 [0009:01:00] NVIDIA GH200 120GB
  0: #  Rank 49 Group  0 Pid  72648 on  nid006534 device  0 [0019:01:00] NVIDIA GH200 120GB
  0: #  Rank 50 Group  0 Pid  72649 on  nid006534 device  0 [0029:01:00] NVIDIA GH200 120GB
  0: #  Rank 51 Group  0 Pid  72650 on  nid006534 device  0 [0039:01:00] NVIDIA GH200 120GB
  0: #  Rank 52 Group  0 Pid  55628 on  nid006536 device  0 [0009:01:00] NVIDIA GH200 120GB
  0: #  Rank 53 Group  0 Pid  55629 on  nid006536 device  0 [0019:01:00] NVIDIA GH200 120GB
  0: #  Rank 54 Group  0 Pid  55630 on  nid006536 device  0 [0029:01:00] NVIDIA GH200 120GB
  0: #  Rank 55 Group  0 Pid  55631 on  nid006536 device  0 [0039:01:00] NVIDIA GH200 120GB
  0: #  Rank 56 Group  0 Pid  97408 on  nid006537 device  0 [0009:01:00] NVIDIA GH200 120GB
  0: #  Rank 57 Group  0 Pid  97409 on  nid006537 device  0 [0019:01:00] NVIDIA GH200 120GB
  0: #  Rank 58 Group  0 Pid  97410 on  nid006537 device  0 [0029:01:00] NVIDIA GH200 120GB
  0: #  Rank 59 Group  0 Pid  97411 on  nid006537 device  0 [0039:01:00] NVIDIA GH200 120GB
  0: #  Rank 60 Group  0 Pid  73781 on  nid006538 device  0 [0009:01:00] NVIDIA GH200 120GB
  0: #  Rank 61 Group  0 Pid  73794 on  nid006538 device  0 [0019:01:00] NVIDIA GH200 120GB
  0: #  Rank 62 Group  0 Pid  73795 on  nid006538 device  0 [0029:01:00] NVIDIA GH200 120GB
  0: #  Rank 63 Group  0 Pid  73796 on  nid006538 device  0 [0039:01:00] NVIDIA GH200 120GB
  0: #  Rank 64 Group  0 Pid  42110 on  nid006540 device  0 [0009:01:00] NVIDIA GH200 120GB
  0: #  Rank 65 Group  0 Pid  42111 on  nid006540 device  0 [0019:01:00] NVIDIA GH200 120GB
  0: #  Rank 66 Group  0 Pid  42112 on  nid006540 device  0 [0029:01:00] NVIDIA GH200 120GB
  0: #  Rank 67 Group  0 Pid  42113 on  nid006540 device  0 [0039:01:00] NVIDIA GH200 120GB
  0: #  Rank 68 Group  0 Pid  82998 on  nid006541 device  0 [0009:01:00] NVIDIA GH200 120GB
  0: #  Rank 69 Group  0 Pid  82999 on  nid006541 device  0 [0019:01:00] NVIDIA GH200 120GB
  0: #  Rank 70 Group  0 Pid  83000 on  nid006541 device  0 [0029:01:00] NVIDIA GH200 120GB
  0: #  Rank 71 Group  0 Pid  83001 on  nid006541 device  0 [0039:01:00] NVIDIA GH200 120GB
  0: #  Rank 72 Group  0 Pid  80043 on  nid006542 device  0 [0009:01:00] NVIDIA GH200 120GB
  0: #  Rank 73 Group  0 Pid  80044 on  nid006542 device  0 [0019:01:00] NVIDIA GH200 120GB
  0: #  Rank 74 Group  0 Pid  80045 on  nid006542 device  0 [0029:01:00] NVIDIA GH200 120GB
  0: #  Rank 75 Group  0 Pid  80046 on  nid006542 device  0 [0039:01:00] NVIDIA GH200 120GB
  0: #  Rank 76 Group  0 Pid  53472 on  nid006543 device  0 [0009:01:00] NVIDIA GH200 120GB
  0: #  Rank 77 Group  0 Pid  53473 on  nid006543 device  0 [0019:01:00] NVIDIA GH200 120GB
  0: #  Rank 78 Group  0 Pid  53474 on  nid006543 device  0 [0029:01:00] NVIDIA GH200 120GB
  0: #  Rank 79 Group  0 Pid  53475 on  nid006543 device  0 [0039:01:00] NVIDIA GH200 120GB
  0: #  Rank 80 Group  0 Pid  83227 on  nid006545 device  0 [0009:01:00] NVIDIA GH200 120GB
  0: #  Rank 81 Group  0 Pid  83228 on  nid006545 device  0 [0019:01:00] NVIDIA GH200 120GB
  0: #  Rank 82 Group  0 Pid  83229 on  nid006545 device  0 [0029:01:00] NVIDIA GH200 120GB
  0: #  Rank 83 Group  0 Pid  83230 on  nid006545 device  0 [0039:01:00] NVIDIA GH200 120GB
  0: #  Rank 84 Group  0 Pid  15270 on  nid006546 device  0 [0009:01:00] NVIDIA GH200 120GB
  0: #  Rank 85 Group  0 Pid  15271 on  nid006546 device  0 [0019:01:00] NVIDIA GH200 120GB
  0: #  Rank 86 Group  0 Pid  15272 on  nid006546 device  0 [0029:01:00] NVIDIA GH200 120GB
  0: #  Rank 87 Group  0 Pid  15273 on  nid006546 device  0 [0039:01:00] NVIDIA GH200 120GB
  0: #  Rank 88 Group  0 Pid   4713 on  nid006547 device  0 [0009:01:00] NVIDIA GH200 120GB
  0: #  Rank 89 Group  0 Pid   4714 on  nid006547 device  0 [0019:01:00] NVIDIA GH200 120GB
  0: #  Rank 90 Group  0 Pid   4715 on  nid006547 device  0 [0029:01:00] NVIDIA GH200 120GB
  0: #  Rank 91 Group  0 Pid   4716 on  nid006547 device  0 [0039:01:00] NVIDIA GH200 120GB
  0: #  Rank 92 Group  0 Pid  23526 on  nid006548 device  0 [0009:01:00] NVIDIA GH200 120GB
  0: #  Rank 93 Group  0 Pid  23527 on  nid006548 device  0 [0019:01:00] NVIDIA GH200 120GB
  0: #  Rank 94 Group  0 Pid  23528 on  nid006548 device  0 [0029:01:00] NVIDIA GH200 120GB
  0: #  Rank 95 Group  0 Pid  23529 on  nid006548 device  0 [0039:01:00] NVIDIA GH200 120GB
  0: #  Rank 96 Group  0 Pid  62040 on  nid006549 device  0 [0009:01:00] NVIDIA GH200 120GB
  0: #  Rank 97 Group  0 Pid  62041 on  nid006549 device  0 [0019:01:00] NVIDIA GH200 120GB
  0: #  Rank 98 Group  0 Pid  62042 on  nid006549 device  0 [0029:01:00] NVIDIA GH200 120GB
  0: #  Rank 99 Group  0 Pid  62043 on  nid006549 device  0 [0039:01:00] NVIDIA GH200 120GB
  0: #  Rank 100 Group  0 Pid  13216 on  nid006550 device  0 [0009:01:00] NVIDIA GH200 120GB
  0: #  Rank 101 Group  0 Pid  13217 on  nid006550 device  0 [0019:01:00] NVIDIA GH200 120GB
  0: #  Rank 102 Group  0 Pid  13218 on  nid006550 device  0 [0029:01:00] NVIDIA GH200 120GB
  0: #  Rank 103 Group  0 Pid  13219 on  nid006550 device  0 [0039:01:00] NVIDIA GH200 120GB
  0: #  Rank 104 Group  0 Pid   4853 on  nid006551 device  0 [0009:01:00] NVIDIA GH200 120GB
  0: #  Rank 105 Group  0 Pid   4854 on  nid006551 device  0 [0019:01:00] NVIDIA GH200 120GB
  0: #  Rank 106 Group  0 Pid   4855 on  nid006551 device  0 [0029:01:00] NVIDIA GH200 120GB
  0: #  Rank 107 Group  0 Pid   4856 on  nid006551 device  0 [0039:01:00] NVIDIA GH200 120GB
  0: #  Rank 108 Group  0 Pid  27007 on  nid006552 device  0 [0009:01:00] NVIDIA GH200 120GB
  0: #  Rank 109 Group  0 Pid  27008 on  nid006552 device  0 [0019:01:00] NVIDIA GH200 120GB
  0: #  Rank 110 Group  0 Pid  27009 on  nid006552 device  0 [0029:01:00] NVIDIA GH200 120GB
  0: #  Rank 111 Group  0 Pid  27010 on  nid006552 device  0 [0039:01:00] NVIDIA GH200 120GB
  0: #  Rank 112 Group  0 Pid  27928 on  nid006554 device  0 [0009:01:00] NVIDIA GH200 120GB
  0: #  Rank 113 Group  0 Pid  27929 on  nid006554 device  0 [0019:01:00] NVIDIA GH200 120GB
  0: #  Rank 114 Group  0 Pid  27930 on  nid006554 device  0 [0029:01:00] NVIDIA GH200 120GB
  0: #  Rank 115 Group  0 Pid  27931 on  nid006554 device  0 [0039:01:00] NVIDIA GH200 120GB
  0: #  Rank 116 Group  0 Pid  17561 on  nid006555 device  0 [0009:01:00] NVIDIA GH200 120GB
  0: #  Rank 117 Group  0 Pid  17562 on  nid006555 device  0 [0019:01:00] NVIDIA GH200 120GB
  0: #  Rank 118 Group  0 Pid  17563 on  nid006555 device  0 [0029:01:00] NVIDIA GH200 120GB
  0: #  Rank 119 Group  0 Pid  17564 on  nid006555 device  0 [0039:01:00] NVIDIA GH200 120GB
  0: #  Rank 120 Group  0 Pid  58779 on  nid006556 device  0 [0009:01:00] NVIDIA GH200 120GB
  0: #  Rank 121 Group  0 Pid  58780 on  nid006556 device  0 [0019:01:00] NVIDIA GH200 120GB
  0: #  Rank 122 Group  0 Pid  58781 on  nid006556 device  0 [0029:01:00] NVIDIA GH200 120GB
  0: #  Rank 123 Group  0 Pid  58783 on  nid006556 device  0 [0039:01:00] NVIDIA GH200 120GB
  0: #  Rank 124 Group  0 Pid  46729 on  nid006557 device  0 [0009:01:00] NVIDIA GH200 120GB
  0: #  Rank 125 Group  0 Pid  46730 on  nid006557 device  0 [0019:01:00] NVIDIA GH200 120GB
  0: #  Rank 126 Group  0 Pid  46731 on  nid006557 device  0 [0029:01:00] NVIDIA GH200 120GB
  0: #  Rank 127 Group  0 Pid  46732 on  nid006557 device  0 [0039:01:00] NVIDIA GH200 120GB
  0: #  Rank 128 Group  0 Pid 197853 on  nid006558 device  0 [0009:01:00] NVIDIA GH200 120GB
  0: #  Rank 129 Group  0 Pid 197854 on  nid006558 device  0 [0019:01:00] NVIDIA GH200 120GB
  0: #  Rank 130 Group  0 Pid 197855 on  nid006558 device  0 [0029:01:00] NVIDIA GH200 120GB
  0: #  Rank 131 Group  0 Pid 197856 on  nid006558 device  0 [0039:01:00] NVIDIA GH200 120GB
  0: #  Rank 132 Group  0 Pid 158559 on  nid006560 device  0 [0009:01:00] NVIDIA GH200 120GB
  0: #  Rank 133 Group  0 Pid 158560 on  nid006560 device  0 [0019:01:00] NVIDIA GH200 120GB
  0: #  Rank 134 Group  0 Pid 158561 on  nid006560 device  0 [0029:01:00] NVIDIA GH200 120GB
  0: #  Rank 135 Group  0 Pid 158562 on  nid006560 device  0 [0039:01:00] NVIDIA GH200 120GB
  0: #  Rank 136 Group  0 Pid 130791 on  nid006563 device  0 [0009:01:00] NVIDIA GH200 120GB
  0: #  Rank 137 Group  0 Pid 130792 on  nid006563 device  0 [0019:01:00] NVIDIA GH200 120GB
  0: #  Rank 138 Group  0 Pid 130793 on  nid006563 device  0 [0029:01:00] NVIDIA GH200 120GB
  0: #  Rank 139 Group  0 Pid 130794 on  nid006563 device  0 [0039:01:00] NVIDIA GH200 120GB
  0: #  Rank 140 Group  0 Pid  94996 on  nid006564 device  0 [0009:01:00] NVIDIA GH200 120GB
  0: #  Rank 141 Group  0 Pid  94997 on  nid006564 device  0 [0019:01:00] NVIDIA GH200 120GB
  0: #  Rank 142 Group  0 Pid  94998 on  nid006564 device  0 [0029:01:00] NVIDIA GH200 120GB
  0: #  Rank 143 Group  0 Pid  94999 on  nid006564 device  0 [0039:01:00] NVIDIA GH200 120GB
  0: #  Rank 144 Group  0 Pid 151956 on  nid006907 device  0 [0009:01:00] NVIDIA GH200 120GB
  0: #  Rank 145 Group  0 Pid 151957 on  nid006907 device  0 [0019:01:00] NVIDIA GH200 120GB
  0: #  Rank 146 Group  0 Pid 151958 on  nid006907 device  0 [0029:01:00] NVIDIA GH200 120GB
  0: #  Rank 147 Group  0 Pid 151959 on  nid006907 device  0 [0039:01:00] NVIDIA GH200 120GB
  0: #  Rank 148 Group  0 Pid 124445 on  nid006908 device  0 [0009:01:00] NVIDIA GH200 120GB
  0: #  Rank 149 Group  0 Pid 124446 on  nid006908 device  0 [0019:01:00] NVIDIA GH200 120GB
  0: #  Rank 150 Group  0 Pid 124447 on  nid006908 device  0 [0029:01:00] NVIDIA GH200 120GB
  0: #  Rank 151 Group  0 Pid 124448 on  nid006908 device  0 [0039:01:00] NVIDIA GH200 120GB
  0: #  Rank 152 Group  0 Pid 153852 on  nid006909 device  0 [0009:01:00] NVIDIA GH200 120GB
  0: #  Rank 153 Group  0 Pid 153853 on  nid006909 device  0 [0019:01:00] NVIDIA GH200 120GB
  0: #  Rank 154 Group  0 Pid 153854 on  nid006909 device  0 [0029:01:00] NVIDIA GH200 120GB
  0: #  Rank 155 Group  0 Pid 153855 on  nid006909 device  0 [0039:01:00] NVIDIA GH200 120GB
  0: #  Rank 156 Group  0 Pid 149622 on  nid006911 device  0 [0009:01:00] NVIDIA GH200 120GB
  0: #  Rank 157 Group  0 Pid 149623 on  nid006911 device  0 [0019:01:00] NVIDIA GH200 120GB
  0: #  Rank 158 Group  0 Pid 149624 on  nid006911 device  0 [0029:01:00] NVIDIA GH200 120GB
  0: #  Rank 159 Group  0 Pid 149625 on  nid006911 device  0 [0039:01:00] NVIDIA GH200 120GB
  0: #  Rank 160 Group  0 Pid  76486 on  nid006941 device  0 [0009:01:00] NVIDIA GH200 120GB
  0: #  Rank 161 Group  0 Pid  76487 on  nid006941 device  0 [0019:01:00] NVIDIA GH200 120GB
  0: #  Rank 162 Group  0 Pid  76488 on  nid006941 device  0 [0029:01:00] NVIDIA GH200 120GB
  0: #  Rank 163 Group  0 Pid  76489 on  nid006941 device  0 [0039:01:00] NVIDIA GH200 120GB
  0: #  Rank 164 Group  0 Pid 247391 on  nid006945 device  0 [0009:01:00] NVIDIA GH200 120GB
  0: #  Rank 165 Group  0 Pid 247392 on  nid006945 device  0 [0019:01:00] NVIDIA GH200 120GB
  0: #  Rank 166 Group  0 Pid 247393 on  nid006945 device  0 [0029:01:00] NVIDIA GH200 120GB
  0: #  Rank 167 Group  0 Pid 247394 on  nid006945 device  0 [0039:01:00] NVIDIA GH200 120GB
  0: #  Rank 168 Group  0 Pid 256050 on  nid006976 device  0 [0009:01:00] NVIDIA GH200 120GB
  0: #  Rank 169 Group  0 Pid 256051 on  nid006976 device  0 [0019:01:00] NVIDIA GH200 120GB
  0: #  Rank 170 Group  0 Pid 256052 on  nid006976 device  0 [0029:01:00] NVIDIA GH200 120GB
  0: #  Rank 171 Group  0 Pid 256053 on  nid006976 device  0 [0039:01:00] NVIDIA GH200 120GB
  0: #  Rank 172 Group  0 Pid 134738 on  nid006979 device  0 [0009:01:00] NVIDIA GH200 120GB
  0: #  Rank 173 Group  0 Pid 134739 on  nid006979 device  0 [0019:01:00] NVIDIA GH200 120GB
  0: #  Rank 174 Group  0 Pid 134740 on  nid006979 device  0 [0029:01:00] NVIDIA GH200 120GB
  0: #  Rank 175 Group  0 Pid 134741 on  nid006979 device  0 [0039:01:00] NVIDIA GH200 120GB
  0: #  Rank 176 Group  0 Pid 167612 on  nid006987 device  0 [0009:01:00] NVIDIA GH200 120GB
  0: #  Rank 177 Group  0 Pid 167613 on  nid006987 device  0 [0019:01:00] NVIDIA GH200 120GB
  0: #  Rank 178 Group  0 Pid 167614 on  nid006987 device  0 [0029:01:00] NVIDIA GH200 120GB
  0: #  Rank 179 Group  0 Pid 167615 on  nid006987 device  0 [0039:01:00] NVIDIA GH200 120GB
  0: #  Rank 180 Group  0 Pid 161651 on  nid006988 device  0 [0009:01:00] NVIDIA GH200 120GB
  0: #  Rank 181 Group  0 Pid 161652 on  nid006988 device  0 [0019:01:00] NVIDIA GH200 120GB
  0: #  Rank 182 Group  0 Pid 161653 on  nid006988 device  0 [0029:01:00] NVIDIA GH200 120GB
  0: #  Rank 183 Group  0 Pid 161654 on  nid006988 device  0 [0039:01:00] NVIDIA GH200 120GB
  0: #  Rank 184 Group  0 Pid  91048 on  nid006990 device  0 [0009:01:00] NVIDIA GH200 120GB
  0: #  Rank 185 Group  0 Pid  91049 on  nid006990 device  0 [0019:01:00] NVIDIA GH200 120GB
  0: #  Rank 186 Group  0 Pid  91053 on  nid006990 device  0 [0029:01:00] NVIDIA GH200 120GB
  0: #  Rank 187 Group  0 Pid  91054 on  nid006990 device  0 [0039:01:00] NVIDIA GH200 120GB
  0: #  Rank 188 Group  0 Pid 196104 on  nid006993 device  0 [0009:01:00] NVIDIA GH200 120GB
  0: #  Rank 189 Group  0 Pid 196105 on  nid006993 device  0 [0019:01:00] NVIDIA GH200 120GB
  0: #  Rank 190 Group  0 Pid 196106 on  nid006993 device  0 [0029:01:00] NVIDIA GH200 120GB
  0: #  Rank 191 Group  0 Pid 196107 on  nid006993 device  0 [0039:01:00] NVIDIA GH200 120GB
  0: #  Rank 192 Group  0 Pid 122411 on  nid007012 device  0 [0009:01:00] NVIDIA GH200 120GB
  0: #  Rank 193 Group  0 Pid 122412 on  nid007012 device  0 [0019:01:00] NVIDIA GH200 120GB
  0: #  Rank 194 Group  0 Pid 122413 on  nid007012 device  0 [0029:01:00] NVIDIA GH200 120GB
  0: #  Rank 195 Group  0 Pid 122414 on  nid007012 device  0 [0039:01:00] NVIDIA GH200 120GB
  0: #  Rank 196 Group  0 Pid 210078 on  nid007020 device  0 [0009:01:00] NVIDIA GH200 120GB
  0: #  Rank 197 Group  0 Pid 210079 on  nid007020 device  0 [0019:01:00] NVIDIA GH200 120GB
  0: #  Rank 198 Group  0 Pid 210080 on  nid007020 device  0 [0029:01:00] NVIDIA GH200 120GB
  0: #  Rank 199 Group  0 Pid 210081 on  nid007020 device  0 [0039:01:00] NVIDIA GH200 120GB
  0: #  Rank 200 Group  0 Pid 135121 on  nid007022 device  0 [0009:01:00] NVIDIA GH200 120GB
  0: #  Rank 201 Group  0 Pid 135122 on  nid007022 device  0 [0019:01:00] NVIDIA GH200 120GB
  0: #  Rank 202 Group  0 Pid 135123 on  nid007022 device  0 [0029:01:00] NVIDIA GH200 120GB
  0: #  Rank 203 Group  0 Pid 135124 on  nid007022 device  0 [0039:01:00] NVIDIA GH200 120GB
  0: #  Rank 204 Group  0 Pid 276843 on  nid007025 device  0 [0009:01:00] NVIDIA GH200 120GB
  0: #  Rank 205 Group  0 Pid 276844 on  nid007025 device  0 [0019:01:00] NVIDIA GH200 120GB
  0: #  Rank 206 Group  0 Pid 276845 on  nid007025 device  0 [0029:01:00] NVIDIA GH200 120GB
  0: #  Rank 207 Group  0 Pid 276846 on  nid007025 device  0 [0039:01:00] NVIDIA GH200 120GB
  0: #  Rank 208 Group  0 Pid 207666 on  nid007026 device  0 [0009:01:00] NVIDIA GH200 120GB
  0: #  Rank 209 Group  0 Pid 207667 on  nid007026 device  0 [0019:01:00] NVIDIA GH200 120GB
  0: #  Rank 210 Group  0 Pid 207668 on  nid007026 device  0 [0029:01:00] NVIDIA GH200 120GB
  0: #  Rank 211 Group  0 Pid 207669 on  nid007026 device  0 [0039:01:00] NVIDIA GH200 120GB
  0: #  Rank 212 Group  0 Pid 256906 on  nid007027 device  0 [0009:01:00] NVIDIA GH200 120GB
  0: #  Rank 213 Group  0 Pid 256907 on  nid007027 device  0 [0019:01:00] NVIDIA GH200 120GB
  0: #  Rank 214 Group  0 Pid 256908 on  nid007027 device  0 [0029:01:00] NVIDIA GH200 120GB
  0: #  Rank 215 Group  0 Pid 256909 on  nid007027 device  0 [0039:01:00] NVIDIA GH200 120GB
  0: #  Rank 216 Group  0 Pid 120690 on  nid007029 device  0 [0009:01:00] NVIDIA GH200 120GB
  0: #  Rank 217 Group  0 Pid 120691 on  nid007029 device  0 [0019:01:00] NVIDIA GH200 120GB
  0: #  Rank 218 Group  0 Pid 120692 on  nid007029 device  0 [0029:01:00] NVIDIA GH200 120GB
  0: #  Rank 219 Group  0 Pid 120693 on  nid007029 device  0 [0039:01:00] NVIDIA GH200 120GB
  0: #  Rank 220 Group  0 Pid  78460 on  nid007030 device  0 [0009:01:00] NVIDIA GH200 120GB
  0: #  Rank 221 Group  0 Pid  78461 on  nid007030 device  0 [0019:01:00] NVIDIA GH200 120GB
  0: #  Rank 222 Group  0 Pid  78462 on  nid007030 device  0 [0029:01:00] NVIDIA GH200 120GB
  0: #  Rank 223 Group  0 Pid  78463 on  nid007030 device  0 [0039:01:00] NVIDIA GH200 120GB
  0: #  Rank 224 Group  0 Pid 155134 on  nid007032 device  0 [0009:01:00] NVIDIA GH200 120GB
  0: #  Rank 225 Group  0 Pid 155135 on  nid007032 device  0 [0019:01:00] NVIDIA GH200 120GB
  0: #  Rank 226 Group  0 Pid 155136 on  nid007032 device  0 [0029:01:00] NVIDIA GH200 120GB
  0: #  Rank 227 Group  0 Pid 155137 on  nid007032 device  0 [0039:01:00] NVIDIA GH200 120GB
  0: #  Rank 228 Group  0 Pid 247917 on  nid007081 device  0 [0009:01:00] NVIDIA GH200 120GB
  0: #  Rank 229 Group  0 Pid 247918 on  nid007081 device  0 [0019:01:00] NVIDIA GH200 120GB
  0: #  Rank 230 Group  0 Pid 247919 on  nid007081 device  0 [0029:01:00] NVIDIA GH200 120GB
  0: #  Rank 231 Group  0 Pid 247920 on  nid007081 device  0 [0039:01:00] NVIDIA GH200 120GB
  0: #  Rank 232 Group  0 Pid 183930 on  nid007083 device  0 [0009:01:00] NVIDIA GH200 120GB
  0: #  Rank 233 Group  0 Pid 183931 on  nid007083 device  0 [0019:01:00] NVIDIA GH200 120GB
  0: #  Rank 234 Group  0 Pid 183932 on  nid007083 device  0 [0029:01:00] NVIDIA GH200 120GB
  0: #  Rank 235 Group  0 Pid 183933 on  nid007083 device  0 [0039:01:00] NVIDIA GH200 120GB
  0: #  Rank 236 Group  0 Pid  80269 on  nid007099 device  0 [0009:01:00] NVIDIA GH200 120GB
  0: #  Rank 237 Group  0 Pid  80270 on  nid007099 device  0 [0019:01:00] NVIDIA GH200 120GB
  0: #  Rank 238 Group  0 Pid  80271 on  nid007099 device  0 [0029:01:00] NVIDIA GH200 120GB
  0: #  Rank 239 Group  0 Pid  80272 on  nid007099 device  0 [0039:01:00] NVIDIA GH200 120GB
  0: #  Rank 240 Group  0 Pid  78009 on  nid007100 device  0 [0009:01:00] NVIDIA GH200 120GB
  0: #  Rank 241 Group  0 Pid  78011 on  nid007100 device  0 [0019:01:00] NVIDIA GH200 120GB
  0: #  Rank 242 Group  0 Pid  78014 on  nid007100 device  0 [0029:01:00] NVIDIA GH200 120GB
  0: #  Rank 243 Group  0 Pid  78015 on  nid007100 device  0 [0039:01:00] NVIDIA GH200 120GB
  0: #  Rank 244 Group  0 Pid  82151 on  nid007108 device  0 [0009:01:00] NVIDIA GH200 120GB
  0: #  Rank 245 Group  0 Pid  82152 on  nid007108 device  0 [0019:01:00] NVIDIA GH200 120GB
  0: #  Rank 246 Group  0 Pid  82153 on  nid007108 device  0 [0029:01:00] NVIDIA GH200 120GB
  0: #  Rank 247 Group  0 Pid  82154 on  nid007108 device  0 [0039:01:00] NVIDIA GH200 120GB
  0: #  Rank 248 Group  0 Pid 239491 on  nid007111 device  0 [0009:01:00] NVIDIA GH200 120GB
  0: #  Rank 249 Group  0 Pid 239492 on  nid007111 device  0 [0019:01:00] NVIDIA GH200 120GB
  0: #  Rank 250 Group  0 Pid 239493 on  nid007111 device  0 [0029:01:00] NVIDIA GH200 120GB
  0: #  Rank 251 Group  0 Pid 239494 on  nid007111 device  0 [0039:01:00] NVIDIA GH200 120GB
  0: #  Rank 252 Group  0 Pid 118139 on  nid007126 device  0 [0009:01:00] NVIDIA GH200 120GB
  0: #  Rank 253 Group  0 Pid 118140 on  nid007126 device  0 [0019:01:00] NVIDIA GH200 120GB
  0: #  Rank 254 Group  0 Pid 118141 on  nid007126 device  0 [0029:01:00] NVIDIA GH200 120GB
  0: #  Rank 255 Group  0 Pid 118142 on  nid007126 device  0 [0039:01:00] NVIDIA GH200 120GB
  0: #
  0: #                                                              out-of-place                       in-place          
  0: #       size         count      type   redop    root     time   algbw   busbw #wrong     time   algbw   busbw #wrong
  0: #        (B)    (elements)                               (us)  (GB/s)  (GB/s)            (us)  (GB/s)  (GB/s)       
  0:            8             2     float     sum      -1    64.57    0.00    0.00      0    57.26    0.00    0.00      0
  0:           16             4     float     sum      -1    57.68    0.00    0.00      0    57.47    0.00    0.00      0
  0:           32             8     float     sum      -1    59.32    0.00    0.00      0    58.10    0.00    0.00      0
  0:           64            16     float     sum      -1    66.23    0.00    0.00      0    65.73    0.00    0.00      0
  0:          128            32     float     sum      -1    67.70    0.00    0.00      0    65.85    0.00    0.00      0
  0:          256            64     float     sum      -1    75.81    0.00    0.01      0    66.75    0.00    0.01      0
  0:          512           128     float     sum      -1    71.73    0.01    0.01      0    68.55    0.01    0.01      0
  0:         1024           256     float     sum      -1    72.72    0.01    0.03      0    72.75    0.01    0.03      0
  0:         2048           512     float     sum      -1    77.61    0.03    0.05      0    75.42    0.03    0.05      0
  0:         4096          1024     float     sum      -1    163.3    0.03    0.05      0    161.0    0.03    0.05      0
  0:         8192          2048     float     sum      -1    163.9    0.05    0.10      0    161.1    0.05    0.10      0
  0:        16384          4096     float     sum      -1    190.7    0.09    0.17      0    186.9    0.09    0.17      0
  0:        32768          8192     float     sum      -1    273.5    0.12    0.24      0    285.4    0.11    0.23      0
  0:        65536         16384     float     sum      -1    368.5    0.18    0.35      0    399.4    0.16    0.33      0
  0:       131072         32768     float     sum      -1    425.3    0.31    0.61      0    518.8    0.25    0.50      0
  0:       262144         65536     float     sum      -1    564.7    0.46    0.92      0    583.5    0.45    0.90      0
  0:       524288        131072     float     sum      -1    666.0    0.79    1.57      0    642.2    0.82    1.63      0
  0:      1048576        262144     float     sum      -1    787.1    1.33    2.65      0    737.6    1.42    2.83      0
  0:      2097152        524288     float     sum      -1   1138.4    1.84    3.67      0   1236.0    1.70    3.38      0
  0:      4194304       1048576     float     sum      -1   1853.7    2.26    4.51      0   1833.6    2.29    4.56      0
  0:      8388608       2097152     float     sum      -1   2269.0    3.70    7.37      0   1965.3    4.27    8.50      0
  0:     16777216       4194304     float     sum      -1   2523.1    6.65   13.25      0   2644.3    6.34   12.64      0
  0:     33554432       8388608     float     sum      -1   3154.4   10.64   21.19      0   3446.6    9.74   19.39      0
  0:     67108864      16777216     float     sum      -1   5253.4   12.77   25.45      0   4660.0   14.40   28.69      0
  0:    134217728      33554432     float     sum      -1   8128.4   16.51   32.90      0   7854.4   17.09   34.04      0
  0:    268435456      67108864     float     sum      -1    13545   19.82   39.48      0    13362   20.09   40.02      0
  0:    536870912     134217728     float     sum      -1    28905   18.57   37.00      0    28128   19.09   38.02      0
  0:   1073741824     268435456     float     sum      -1    34619   31.02   61.79      0    34604   31.03   61.82      0
  0:   2147483648     536870912     float     sum      -1    61273   35.05   69.82      0    60524   35.48   70.69      0
  0:   4294967296    1073741824     float     sum      -1   122820   34.97   69.67      0   125825   34.13   68.00      0
  0:            8             2     float     sum      -1    59.31    0.00    0.00      0    57.24    0.00    0.00      0
  0:           16             4     float     sum      -1    57.14    0.00    0.00      0    57.15    0.00    0.00      0
  0:           32             8     float     sum      -1    56.67    0.00    0.00      0    56.87    0.00    0.00      0
  0:           64            16     float     sum      -1    62.78    0.00    0.00      0    63.24    0.00    0.00      0
  0:          128            32     float     sum      -1    67.52    0.00    0.00      0    66.12    0.00    0.00      0
  0:          256            64     float     sum      -1    67.34    0.00    0.01      0    66.40    0.00    0.01      0
  0:          512           128     float     sum      -1    70.08    0.01    0.01      0    68.29    0.01    0.01      0
  0:         1024           256     float     sum      -1    72.28    0.01    0.03      0    71.55    0.01    0.03      0
  0:         2048           512     float     sum      -1    76.39    0.03    0.05      0    75.62    0.03    0.05      0
  0:         4096          1024     float     sum      -1    161.3    0.03    0.05      0    159.5    0.03    0.05      0
  0:         8192          2048     float     sum      -1    170.9    0.05    0.10      0    169.0    0.05    0.10      0
  0:        16384          4096     float     sum      -1    205.4    0.08    0.16      0    202.3    0.08    0.16      0
  0:        32768          8192     float     sum      -1    226.7    0.14    0.29      0    228.6    0.14    0.29      0
  0:        65536         16384     float     sum      -1    331.0    0.20    0.39      0    314.9    0.21    0.41      0
  0:       131072         32768     float     sum      -1    436.4    0.30    0.60      0    435.9    0.30    0.60      0
  0:       262144         65536     float     sum      -1    560.6    0.47    0.93      0    551.4    0.48    0.95      0
  0:       524288        131072     float     sum      -1    724.9    0.72    1.44      0    684.5    0.77    1.53      0
  0:      1048576        262144     float     sum      -1    834.7    1.26    2.50      0    743.2    1.41    2.81      0
  0:      2097152        524288     float     sum      -1   1065.7    1.97    3.92      0   1233.0    1.70    3.39      0
  0:      4194304       1048576     float     sum      -1   1956.8    2.14    4.27      0   2095.0    2.00    3.99      0
  0:      8388608       2097152     float     sum      -1   2440.4    3.44    6.85      0   2186.0    3.84    7.64      0
  0:     16777216       4194304     float     sum      -1   3161.5    5.31   10.57      0   3002.3    5.59   11.13      0
  0:     33554432       8388608     float     sum      -1   3861.1    8.69   17.31      0   3855.5    8.70   17.34      0
  0:     67108864      16777216     float     sum      -1   5623.8   11.93   23.77      0   5042.9   13.31   26.51      0
  0:    134217728      33554432     float     sum      -1   8345.7   16.08   32.04      0   8398.3   15.98   31.84      0
  0:    268435456      67108864     float     sum      -1    14069   19.08   38.01      0    14337   18.72   37.30      0
  0:    536870912     134217728     float     sum      -1    28749   18.67   37.20      0    27980   19.19   38.23      0
  0:   1073741824     268435456     float     sum      -1    34603   31.03   61.82      0    34372   31.24   62.23      0
  0:   2147483648     536870912     float     sum      -1    62255   34.49   68.72      0    61650   34.83   69.40      0
  0:   4294967296    1073741824     float     sum      -1   121175   35.44   70.61      0   118019   36.39   72.50      0
  0:            8             2     float     sum      -1    59.77    0.00    0.00      0    57.65    0.00    0.00      0
  0:           16             4     float     sum      -1    57.60    0.00    0.00      0    56.41    0.00    0.00      0
  0:           32             8     float     sum      -1    57.20    0.00    0.00      0    57.94    0.00    0.00      0
  0:           64            16     float     sum      -1    63.92    0.00    0.00      0    63.10    0.00    0.00      0
  0:          128            32     float     sum      -1    67.56    0.00    0.00      0    66.32    0.00    0.00      0
  0:          256            64     float     sum      -1    68.03    0.00    0.01      0    66.66    0.00    0.01      0
  0:          512           128     float     sum      -1    71.49    0.01    0.01      0    67.31    0.01    0.02      0
  0:         1024           256     float     sum      -1    72.54    0.01    0.03      0    71.16    0.01    0.03      0
  0:         2048           512     float     sum      -1    75.98    0.03    0.05      0    74.53    0.03    0.05      0
  0:         4096          1024     float     sum      -1    160.9    0.03    0.05      0    158.7    0.03    0.05      0
  0:         8192          2048     float     sum      -1    168.2    0.05    0.10      0    167.0    0.05    0.10      0
  0:        16384          4096     float     sum      -1    176.9    0.09    0.18      0    174.1    0.09    0.19      0
  0:        32768          8192     float     sum      -1    218.6    0.15    0.30      0    224.8    0.15    0.29      0
  0:        65536         16384     float     sum      -1    310.8    0.21    0.42      0    323.9    0.20    0.40      0
  0:       131072         32768     float     sum      -1    421.2    0.31    0.62      0    421.9    0.31    0.62      0
  0:       262144         65536     float     sum      -1    573.7    0.46    0.91      0    550.2    0.48    0.95      0
  0:       524288        131072     float     sum      -1    700.0    0.75    1.49      0    698.3    0.75    1.50      0
  0:      1048576        262144     float     sum      -1    809.2    1.30    2.58      0    765.1    1.37    2.73      0
  0:      2097152        524288     float     sum      -1   1275.7    1.64    3.28      0   1222.4    1.72    3.42      0
  0:      4194304       1048576     float     sum      -1   2097.7    2.00    3.98      0   1908.1    2.20    4.38      0
  0:      8388608       2097152     float     sum      -1   2189.1    3.83    7.63      0   2369.6    3.54    7.05      0
  0:     16777216       4194304     float     sum      -1   2623.6    6.39   12.74      0   2895.1    5.79   11.54      0
  0:     33554432       8388608     float     sum      -1   3824.8    8.77   17.48      0   3675.8    9.13   18.19      0
  0:     67108864      16777216     float     sum      -1   5768.3   11.63   23.18      0   5724.5   11.72   23.35      0
  0:    134217728      33554432     float     sum      -1   8345.4   16.08   32.04      0   8208.9   16.35   32.57      0
  0:    268435456      67108864     float     sum      -1    14069   19.08   38.01      0    13854   19.38   38.60      0
  0:    536870912     134217728     float     sum      -1    27679   19.40   38.64      0    28027   19.16   38.16      0
  0:   1073741824     268435456     float     sum      -1    35025   30.66   61.07      0    34743   30.91   61.57      0
  0:   2147483648     536870912     float     sum      -1    62244   34.50   68.73      0    61675   34.82   69.37      0
  0:   4294967296    1073741824     float     sum      -1   123253   34.85   69.42      0   121591   35.32   70.37      0
  0:            8             2     float     sum      -1    59.23    0.00    0.00      0    56.36    0.00    0.00      0
  0:           16             4     float     sum      -1    56.06    0.00    0.00      0    56.76    0.00    0.00      0
  0:           32             8     float     sum      -1    57.13    0.00    0.00      0    56.93    0.00    0.00      0
  0:           64            16     float     sum      -1    62.43    0.00    0.00      0    62.35    0.00    0.00      0
  0:          128            32     float     sum      -1    67.56    0.00    0.00      0    65.75    0.00    0.00      0
  0:          256            64     float     sum      -1    68.42    0.00    0.01      0    66.51    0.00    0.01      0
  0:          512           128     float     sum      -1    69.36    0.01    0.01      0    67.07    0.01    0.02      0
  0:         1024           256     float     sum      -1    72.33    0.01    0.03      0    70.72    0.01    0.03      0
  0:         2048           512     float     sum      -1    76.52    0.03    0.05      0    74.89    0.03    0.05      0
  0:         4096          1024     float     sum      -1    160.1    0.03    0.05      0    158.9    0.03    0.05      0
  0:         8192          2048     float     sum      -1    168.0    0.05    0.10      0    165.7    0.05    0.10      0
  0:        16384          4096     float     sum      -1    176.8    0.09    0.18      0    174.7    0.09    0.19      0
  0:        32768          8192     float     sum      -1    220.6    0.15    0.30      0    219.2    0.15    0.30      0
  0:        65536         16384     float     sum      -1    326.5    0.20    0.40      0    334.7    0.20    0.39      0
  0:       131072         32768     float     sum      -1    428.6    0.31    0.61      0    411.9    0.32    0.63      0
  0:       262144         65536     float     sum      -1    560.7    0.47    0.93      0    550.8    0.48    0.95      0
  0:       524288        131072     float     sum      -1    726.0    0.72    1.44      0    704.1    0.74    1.48      0
  0:      1048576        262144     float     sum      -1    761.1    1.38    2.74      0    744.3    1.41    2.81      0
  0:      2097152        524288     float     sum      -1   1211.9    1.73    3.45      0   1217.5    1.72    3.43      0
  0:      4194304       1048576     float     sum      -1   1932.6    2.17    4.32      0   2105.9    1.99    3.97      0
  0:      8388608       2097152     float     sum      -1   2455.0    3.42    6.81      0   2017.3    4.16    8.28      0
  0:     16777216       4194304     float     sum      -1   2801.8    5.99   11.93      0   3002.4    5.59   11.13      0
  0:     33554432       8388608     float     sum      -1   3578.3    9.38   18.68      0   3676.5    9.13   18.18      0
  0:     67108864      16777216     float     sum      -1   5362.0   12.52   24.93      0   5575.0   12.04   23.98      0
  0:    134217728      33554432     float     sum      -1   8463.9   15.86   31.59      0   8232.4   16.30   32.48      0
  0:    268435456      67108864     float     sum      -1    14213   18.89   37.63      0    13631   19.69   39.23      0
  0:    536870912     134217728     float     sum      -1    27968   19.20   38.24      0    27741   19.35   38.56      0
  0:   1073741824     268435456     float     sum      -1    34864   30.80   61.36      0    35038   30.65   61.05      0
  0:   2147483648     536870912     float     sum      -1    60778   35.33   70.39      0    62705   34.25   68.23      0
  0:   4294967296    1073741824     float     sum      -1   122952   34.93   69.59      0   122796   34.98   69.68      0
  0:            8             2     float     sum      -1    60.13    0.00    0.00      0    58.71    0.00    0.00      0
  0:           16             4     float     sum      -1    59.15    0.00    0.00      0    57.76    0.00    0.00      0
  0:           32             8     float     sum      -1    56.51    0.00    0.00      0    55.95    0.00    0.00      0
  0:           64            16     float     sum      -1    65.70    0.00    0.00      0    66.03    0.00    0.00      0
  0:          128            32     float     sum      -1    66.90    0.00    0.00      0    66.23    0.00    0.00      0
  0:          256            64     float     sum      -1    67.61    0.00    0.01      0    66.36    0.00    0.01      0
  0:          512           128     float     sum      -1    69.28    0.01    0.01      0    67.53    0.01    0.02      0
  0:         1024           256     float     sum      -1    72.28    0.01    0.03      0    70.24    0.01    0.03      0
  0:         2048           512     float     sum      -1    76.20    0.03    0.05      0    74.64    0.03    0.05      0
  0:         4096          1024     float     sum      -1    161.7    0.03    0.05      0    159.1    0.03    0.05      0
  0:         8192          2048     float     sum      -1    170.2    0.05    0.10      0    168.8    0.05    0.10      0
  0:        16384          4096     float     sum      -1    181.4    0.09    0.18      0    179.3    0.09    0.18      0
  0:        32768          8192     float     sum      -1    219.1    0.15    0.30      0    215.1    0.15    0.30      0
  0:        65536         16384     float     sum      -1    367.1    0.18    0.36      0    372.1    0.18    0.35      0
  0:       131072         32768     float     sum      -1    442.7    0.30    0.59      0    452.5    0.29    0.58      0
  0:       262144         65536     float     sum      -1    575.8    0.46    0.91      0    581.5    0.45    0.90      0
  0:       524288        131072     float     sum      -1    699.0    0.75    1.49      0    712.9    0.74    1.47      0
  0:      1048576        262144     float     sum      -1    910.2    1.15    2.29      0   4359.8    0.24    0.48      0
  0:      2097152        524288     float     sum      -1   1391.1    1.51    3.00      0   1235.7    1.70    3.38      0
  0:      4194304       1048576     float     sum      -1   2334.0    1.80    3.58      0   2355.8    1.78    3.55      0
  0:      8388608       2097152     float     sum      -1   2612.2    3.21    6.40      0   2480.1    3.38    6.74      0
  0:     16777216       4194304     float     sum      -1   3354.3    5.00    9.96      0   3182.5    5.27   10.50      0
  0:     33554432       8388608     float     sum      -1   3974.9    8.44   16.82      0   4121.2    8.14   16.22      0
  0:     67108864      16777216     float     sum      -1   5754.8   11.66   23.23      0   5965.1   11.25   22.41      0
  0:    134217728      33554432     float     sum      -1   9097.3   14.75   29.39      0   9283.2   14.46   28.80      0
  0:    268435456      67108864     float     sum      -1    15205   17.65   35.17      0    13435   19.98   39.80      0
  0:    536870912     134217728     float     sum      -1    28169   19.06   37.97      0    28332   18.95   37.75      0
  0:   1073741824     268435456     float     sum      -1    34628   31.01   61.77      0    35204   30.50   60.76      0
  0:   2147483648     536870912     float     sum      -1    64251   33.42   66.59      0    63316   33.92   67.57      0
  0:   4294967296    1073741824     float     sum      -1   117208   36.64   73.00      0   120323   35.70   71.11      0
  0:            8             2     float     sum      -1    59.77    0.00    0.00      0    57.03    0.00    0.00      0
  0:           16             4     float     sum      -1    58.99    0.00    0.00      0    56.88    0.00    0.00      0
  0:           32             8     float     sum      -1    56.67    0.00    0.00      0    56.53    0.00    0.00      0
  0:           64            16     float     sum      -1    63.29    0.00    0.00      0    67.42    0.00    0.00      0
  0:          128            32     float     sum      -1    66.30    0.00    0.00      0    65.21    0.00    0.00      0
  0:          256            64     float     sum      -1    69.93    0.00    0.01      0    66.08    0.00    0.01      0
  0:          512           128     float     sum      -1    70.16    0.01    0.01      0    68.15    0.01    0.01      0
  0:         1024           256     float     sum      -1    72.08    0.01    0.03      0    70.85    0.01    0.03      0
  0:         2048           512     float     sum      -1    77.10    0.03    0.05      0    75.49    0.03    0.05      0
  0:         4096          1024     float     sum      -1    160.9    0.03    0.05      0    159.1    0.03    0.05      0
  0:         8192          2048     float     sum      -1    169.5    0.05    0.10      0    166.6    0.05    0.10      0
  0:        16384          4096     float     sum      -1    181.1    0.09    0.18      0    182.0    0.09    0.18      0
  0:        32768          8192     float     sum      -1    215.8    0.15    0.30      0    206.7    0.16    0.32      0
  0:        65536         16384     float     sum      -1    307.0    0.21    0.43      0    302.2    0.22    0.43      0
  0:       131072         32768     float     sum      -1    425.2    0.31    0.61      0    437.4    0.30    0.60      0
  0:       262144         65536     float     sum      -1    564.4    0.46    0.93      0    548.8    0.48    0.95      0
  0:       524288        131072     float     sum      -1    676.7    0.77    1.54      0    685.8    0.76    1.52      0
  0:      1048576        262144     float     sum      -1    803.0    1.31    2.60      0    800.5    1.31    2.61      0
  0:      2097152        524288     float     sum      -1   1106.1    1.90    3.78      0   1064.7    1.97    3.92      0
  0:      4194304       1048576     float     sum      -1   1971.9    2.13    4.24      0   1976.9    2.12    4.23      0
  0:      8388608       2097152     float     sum      -1   2301.6    3.64    7.26      0   2242.4    3.74    7.45      0
  0:     16777216       4194304     float     sum      -1   2716.7    6.18   12.30      0   2838.1    5.91   11.78      0
  0:     33554432       8388608     float     sum      -1   4007.2    8.37   16.68      0   3975.6    8.44   16.81      0
  0:     67108864      16777216     float     sum      -1   5019.6   13.37   26.63      0   5330.9   12.59   25.08      0
  0:    134217728      33554432     float     sum      -1   8532.4   15.73   31.34      0   8691.0   15.44   30.77      0
  0:    268435456      67108864     float     sum      -1    14271   18.81   37.47      0    14138   18.99   37.83      0
  0:    536870912     134217728     float     sum      -1    28563   18.80   37.44      0    28196   19.04   37.93      0
  0:   1073741824     268435456     float     sum      -1    35004   30.68   61.11      0    34819   30.84   61.44      0
  0:   2147483648     536870912     float     sum      -1    63085   34.04   67.82      0    62510   34.35   68.44      0
  0:   4294967296    1073741824     float     sum      -1   127575   33.67   67.07      0   120250   35.72   71.16      0
  0:            8             2     float     sum      -1    58.95    0.00    0.00      0    57.43    0.00    0.00      0
  0:           16             4     float     sum      -1    56.57    0.00    0.00      0    56.46    0.00    0.00      0
  0:           32             8     float     sum      -1    57.67    0.00    0.00      0    56.91    0.00    0.00      0
  0:           64            16     float     sum      -1    62.89    0.00    0.00      0    62.28    0.00    0.00      0
  0:          128            32     float     sum      -1    67.64    0.00    0.00      0    65.96    0.00    0.00      0
  0:          256            64     float     sum      -1    67.99    0.00    0.01      0    66.03    0.00    0.01      0
  0:          512           128     float     sum      -1    69.40    0.01    0.01      0    67.59    0.01    0.02      0
  0:         1024           256     float     sum      -1    72.00    0.01    0.03      0    71.27    0.01    0.03      0
  0:         2048           512     float     sum      -1    77.33    0.03    0.05      0    74.99    0.03    0.05      0
  0:         4096          1024     float     sum      -1    161.0    0.03    0.05      0    159.8    0.03    0.05      0
  0:         8192          2048     float     sum      -1    171.2    0.05    0.10      0    169.4    0.05    0.10      0
  0:        16384          4096     float     sum      -1    194.3    0.08    0.17      0    201.8    0.08    0.16      0
  0:        32768          8192     float     sum      -1    227.4    0.14    0.29      0    219.6    0.15    0.30      0
  0:        65536         16384     float     sum      -1    317.8    0.21    0.41      0    331.4    0.20    0.39      0
  0:       131072         32768     float     sum      -1    457.0    0.29    0.57      0    430.8    0.30    0.61      0
  0:       262144         65536     float     sum      -1    566.2    0.46    0.92      0    546.4    0.48    0.96      0
  0:       524288        131072     float     sum      -1    757.6    0.69    1.38      0    678.6    0.77    1.54      0
  0:      1048576        262144     float     sum      -1    733.4    1.43    2.85      0    862.7    1.22    2.42      0
  0:      2097152        524288     float     sum      -1   1245.7    1.68    3.35      0   1165.0    1.80    3.59      0
  0:      4194304       1048576     float     sum      -1   2025.5    2.07    4.13      0   1785.7    2.35    4.68      0
  0:      8388608       2097152     float     sum      -1   2324.2    3.61    7.19      0   2136.1    3.93    7.82      0
  0:     16777216       4194304     float     sum      -1   2598.8    6.46   12.86      0   2524.0    6.65   13.24      0
  0:     33554432       8388608     float     sum      -1   3955.3    8.48   16.90      0   3927.5    8.54   17.02      0
  0:     67108864      16777216     float     sum      -1   5558.9   12.07   24.05      0   5070.9   13.23   26.36      0
  0:    134217728      33554432     float     sum      -1   8218.3   16.33   32.54      0   8275.9   16.22   32.31      0
  0:    268435456      67108864     float     sum      -1    14448   18.58   37.01      0    13899   19.31   38.48      0
  0:    536870912     134217728     float     sum      -1    28369   18.92   37.70      0    28398   18.91   37.66      0
  0:   1073741824     268435456     float     sum      -1    34938   30.73   61.22      0    35009   30.67   61.10      0
  0:   2147483648     536870912     float     sum      -1    62627   34.29   68.31      0    61094   35.15   70.03      0
  0:   4294967296    1073741824     float     sum      -1   116223   36.95   73.62      0   116174   36.97   73.65      0
  0:            8             2     float     sum      -1    59.12    0.00    0.00      0    56.91    0.00    0.00      0
  0:           16             4     float     sum      -1    56.58    0.00    0.00      0    55.92    0.00    0.00      0
  0:           32             8     float     sum      -1    56.30    0.00    0.00      0    56.60    0.00    0.00      0
  0:           64            16     float     sum      -1    64.05    0.00    0.00      0    62.01    0.00    0.00      0
  0:          128            32     float     sum      -1    67.11    0.00    0.00      0    66.68    0.00    0.00      0
  0:          256            64     float     sum      -1    67.30    0.00    0.01      0    66.69    0.00    0.01      0
  0:          512           128     float     sum      -1    68.47    0.01    0.01      0    67.74    0.01    0.02      0
  0:         1024           256     float     sum      -1    72.06    0.01    0.03      0    70.90    0.01    0.03      0
  0:         2048           512     float     sum      -1    76.88    0.03    0.05      0    75.30    0.03    0.05      0
  0:         4096          1024     float     sum      -1    160.1    0.03    0.05      0    159.1    0.03    0.05      0
  0:         8192          2048     float     sum      -1    167.8    0.05    0.10      0    164.1    0.05    0.10      0
  0:        16384          4096     float     sum      -1    175.5    0.09    0.19      0    175.6    0.09    0.19      0
  0:        32768          8192     float     sum      -1    205.2    0.16    0.32      0    208.1    0.16    0.31      0
  0:        65536         16384     float     sum      -1    368.6    0.18    0.35      0    349.1    0.19    0.37      0
  0:       131072         32768     float     sum      -1    434.2    0.30    0.60      0    416.1    0.31    0.63      0
  0:       262144         65536     float     sum      -1    562.9    0.47    0.93      0    574.9    0.46    0.91      0
  0:       524288        131072     float     sum      -1    688.0    0.76    1.52      0    712.4    0.74    1.47      0
  0:      1048576        262144     float     sum      -1    779.2    1.35    2.68      0    784.0    1.34    2.66      0
  0:      2097152        524288     float     sum      -1   1187.8    1.77    3.52      0   1114.5    1.88    3.75      0
  0:      4194304       1048576     float     sum      -1   1928.6    2.17    4.33      0   1746.4    2.40    4.78      0
  0:      8388608       2097152     float     sum      -1   2073.9    4.04    8.06      0   2031.5    4.13    8.23      0
  0:     16777216       4194304     float     sum      -1   2506.1    6.69   13.34      0   2815.2    5.96   11.87      0
  0:     33554432       8388608     float     sum      -1   3973.3    8.44   16.82      0   3684.0    9.11   18.15      0
  0:     67108864      16777216     float     sum      -1   5276.3   12.72   25.34      0   5729.9   11.71   23.33      0
  0:    134217728      33554432     float     sum      -1   8276.5   16.22   32.31      0   8371.9   16.03   31.94      0
  0:    268435456      67108864     float     sum      -1    13380   20.06   39.97      0    13577   19.77   39.39      0
  0:    536870912     134217728     float     sum      -1    27537   19.50   38.84      0    27414   19.58   39.02      0
  0:   1073741824     268435456     float     sum      -1    33637   31.92   63.59      0    32676   32.86   65.46      0
  0:   2147483648     536870912     float     sum      -1    60954   35.23   70.19      0    59612   36.02   71.77      0
  0:   4294967296    1073741824     float     sum      -1   117386   36.59   72.89      0   116443   36.88   73.48      0
  0:            8             2     float     sum      -1    59.48    0.00    0.00      0    57.37    0.00    0.00      0
  0:           16             4     float     sum      -1    58.02    0.00    0.00      0    56.42    0.00    0.00      0
  0:           32             8     float     sum      -1    56.77    0.00    0.00      0    60.81    0.00    0.00      0
  0:           64            16     float     sum      -1    62.07    0.00    0.00      0    61.92    0.00    0.00      0
  0:          128            32     float     sum      -1    66.73    0.00    0.00      0    77.45    0.00    0.00      0
  0:          256            64     float     sum      -1    69.24    0.00    0.01      0    65.85    0.00    0.01      0
  0:          512           128     float     sum      -1    70.43    0.01    0.01      0    67.29    0.01    0.02      0
  0:         1024           256     float     sum      -1    72.21    0.01    0.03      0    70.70    0.01    0.03      0
  0:         2048           512     float     sum      -1    76.36    0.03    0.05      0    75.24    0.03    0.05      0
  0:         4096          1024     float     sum      -1    162.4    0.03    0.05      0    159.4    0.03    0.05      0
  0:         8192          2048     float     sum      -1    169.4    0.05    0.10      0    168.3    0.05    0.10      0
  0:        16384          4096     float     sum      -1    195.2    0.08    0.17      0    192.3    0.09    0.17      0
  0:        32768          8192     float     sum      -1    224.0    0.15    0.29      0    217.1    0.15    0.30      0
  0:        65536         16384     float     sum      -1    352.2    0.19    0.37      0    350.1    0.19    0.37      0
  0:       131072         32768     float     sum      -1    427.7    0.31    0.61      0    421.1    0.31    0.62      0
  0:       262144         65536     float     sum      -1    581.5    0.45    0.90      0    567.2    0.46    0.92      0
  0:       524288        131072     float     sum      -1    716.2    0.73    1.46      0    686.7    0.76    1.52      0
  0:      1048576        262144     float     sum      -1    689.1    1.52    3.03      0    715.8    1.46    2.92      0
  0:      2097152        524288     float     sum      -1   1058.8    1.98    3.95      0   1192.5    1.76    3.50      0
  0:      4194304       1048576     float     sum      -1   1943.7    2.16    4.30      0   2002.6    2.09    4.17      0
  0:      8388608       2097152     float     sum      -1   2189.0    3.83    7.63      0   2025.4    4.14    8.25      0
  0:     16777216       4194304     float     sum      -1   2434.0    6.89   13.73      0   2784.0    6.03   12.01      0
  0:     33554432       8388608     float     sum      -1   3451.1    9.72   19.37      0   3962.7    8.47   16.87      0
  0:     67108864      16777216     float     sum      -1   5169.4   12.98   25.86      0   5330.8   12.59   25.08      0
  0:    134217728      33554432     float     sum      -1   7949.6   16.88   33.64      0   8131.4   16.51   32.88      0
  0:    268435456      67108864     float     sum      -1    13792   19.46   38.77      0    13856   19.37   38.59      0
  0:    536870912     134217728     float     sum      -1    27713   19.37   38.59      0    27717   19.37   38.59      0
  0:   1073741824     268435456     float     sum      -1    33463   32.09   63.92      0    34280   31.32   62.40      0
  0:   2147483648     536870912     float     sum      -1    59659   36.00   71.71      0    58710   36.58   72.87      0
  0:   4294967296    1073741824     float     sum      -1   123740   34.71   69.15      0   118654   36.20   72.11      0
  0:            8             2     float     sum      -1    58.67    0.00    0.00      0    57.48    0.00    0.00      0
  0:           16             4     float     sum      -1    64.58    0.00    0.00      0    57.30    0.00    0.00      0
  0:           32             8     float     sum      -1    57.24    0.00    0.00      0    56.72    0.00    0.00      0
  0:           64            16     float     sum      -1    63.71    0.00    0.00      0    66.02    0.00    0.00      0
  0:          128            32     float     sum      -1    67.32    0.00    0.00      0    65.78    0.00    0.00      0
  0:          256            64     float     sum      -1    67.47    0.00    0.01      0    67.86    0.00    0.01      0
  0:          512           128     float     sum      -1    69.63    0.01    0.01      0    67.21    0.01    0.02      0
  0:         1024           256     float     sum      -1    71.84    0.01    0.03      0    71.16    0.01    0.03      0
  0:         2048           512     float     sum      -1    77.02    0.03    0.05      0    74.75    0.03    0.05      0
  0:         4096          1024     float     sum      -1    162.0    0.03    0.05      0    159.8    0.03    0.05      0
  0:         8192          2048     float     sum      -1    167.6    0.05    0.10      0    166.6    0.05    0.10      0
  0:        16384          4096     float     sum      -1    183.0    0.09    0.18      0    177.9    0.09    0.18      0
  0:        32768          8192     float     sum      -1    235.9    0.14    0.28      0    224.7    0.15    0.29      0
  0:        65536         16384     float     sum      -1    316.1    0.21    0.41      0    331.4    0.20    0.39      0
  0:       131072         32768     float     sum      -1    416.7    0.31    0.63      0    426.6    0.31    0.61      0
  0:       262144         65536     float     sum      -1    571.6    0.46    0.91      0    556.3    0.47    0.94      0
  0:       524288        131072     float     sum      -1    740.6    0.71    1.41      0    692.0    0.76    1.51      0
  0:      1048576        262144     float     sum      -1   1116.9    0.94    1.87      0   1083.5    0.97    1.93      0
  0:      2097152        524288     float     sum      -1   1180.9    1.78    3.54      0   1108.4    1.89    3.77      0
  0:      4194304       1048576     float     sum      -1   1945.9    2.16    4.29      0   1875.7    2.24    4.45      0
  0:      8388608       2097152     float     sum      -1   2195.9    3.82    7.61      0   2256.0    3.72    7.41      0
  0:     16777216       4194304     float     sum      -1   2749.1    6.10   12.16      0   2608.5    6.43   12.81      0
  0:     33554432       8388608     float     sum      -1   3499.8    9.59   19.10      0   3709.7    9.05   18.02      0
  0:     67108864      16777216     float     sum      -1   5549.6   12.09   24.09      0   5572.6   12.04   23.99      0
  0:    134217728      33554432     float     sum      -1   8138.9   16.49   32.85      0   8249.7   16.27   32.41      0
  0:    268435456      67108864     float     sum      -1    13569   19.78   39.41      0    14343   18.72   37.28      0
  0:    536870912     134217728     float     sum      -1    27280   19.68   39.21      0    27795   19.32   38.48      0
  0:   1073741824     268435456     float     sum      -1    33766   31.80   63.35      0    33969   31.61   62.97      0
  0:   2147483648     536870912     float     sum      -1    59561   36.06   71.83      0    59248   36.25   72.21      0
  0:   4294967296    1073741824     float     sum      -1   115054   37.33   74.37      0   121359   35.39   70.50      0
  0: # Out of bounds values : 0 OK
  0: # Avg bus bandwidth    : 12.9364 
  0: #
  0: 
