 0: # nThread 1 nGpus 1 minBytes 8 maxBytes 4294967296 step: 2(factor) warmup iters: 8 iters: 24 agg iters: 1 validation: 1 graph: 0
 0: #
 0: # Using devices
 0: #  Rank  0 Group  0 Pid  27717 on  nid006532 device  0 [0009:01:00] NVIDIA GH200 120GB
 0: #  Rank  1 Group  0 Pid  27718 on  nid006532 device  0 [0019:01:00] NVIDIA GH200 120GB
 0: #  Rank  2 Group  0 Pid  27719 on  nid006532 device  0 [0029:01:00] NVIDIA GH200 120GB
 0: #  Rank  3 Group  0 Pid  27720 on  nid006532 device  0 [0039:01:00] NVIDIA GH200 120GB
 0: #  Rank  4 Group  0 Pid 252996 on  nid006533 device  0 [0009:01:00] NVIDIA GH200 120GB
 0: #  Rank  5 Group  0 Pid 252997 on  nid006533 device  0 [0019:01:00] NVIDIA GH200 120GB
 0: #  Rank  6 Group  0 Pid 252998 on  nid006533 device  0 [0029:01:00] NVIDIA GH200 120GB
 0: #  Rank  7 Group  0 Pid 252999 on  nid006533 device  0 [0039:01:00] NVIDIA GH200 120GB
 0: #  Rank  8 Group  0 Pid 209353 on  nid006534 device  0 [0009:01:00] NVIDIA GH200 120GB
 0: #  Rank  9 Group  0 Pid 209354 on  nid006534 device  0 [0019:01:00] NVIDIA GH200 120GB
 0: #  Rank 10 Group  0 Pid 209355 on  nid006534 device  0 [0029:01:00] NVIDIA GH200 120GB
 0: #  Rank 11 Group  0 Pid 209356 on  nid006534 device  0 [0039:01:00] NVIDIA GH200 120GB
 0: #  Rank 12 Group  0 Pid 171581 on  nid006538 device  0 [0009:01:00] NVIDIA GH200 120GB
 0: #  Rank 13 Group  0 Pid 171582 on  nid006538 device  0 [0019:01:00] NVIDIA GH200 120GB
 0: #  Rank 14 Group  0 Pid 171583 on  nid006538 device  0 [0029:01:00] NVIDIA GH200 120GB
 0: #  Rank 15 Group  0 Pid 171584 on  nid006538 device  0 [0039:01:00] NVIDIA GH200 120GB
 0: #  Rank 16 Group  0 Pid 142363 on  nid006540 device  0 [0009:01:00] NVIDIA GH200 120GB
 0: #  Rank 17 Group  0 Pid 142364 on  nid006540 device  0 [0019:01:00] NVIDIA GH200 120GB
 0: #  Rank 18 Group  0 Pid 142365 on  nid006540 device  0 [0029:01:00] NVIDIA GH200 120GB
 0: #  Rank 19 Group  0 Pid 142366 on  nid006540 device  0 [0039:01:00] NVIDIA GH200 120GB
 0: #  Rank 20 Group  0 Pid 178959 on  nid006541 device  0 [0009:01:00] NVIDIA GH200 120GB
 0: #  Rank 21 Group  0 Pid 178960 on  nid006541 device  0 [0019:01:00] NVIDIA GH200 120GB
 0: #  Rank 22 Group  0 Pid 178961 on  nid006541 device  0 [0029:01:00] NVIDIA GH200 120GB
 0: #  Rank 23 Group  0 Pid 178962 on  nid006541 device  0 [0039:01:00] NVIDIA GH200 120GB
 0: #  Rank 24 Group  0 Pid 176432 on  nid006542 device  0 [0009:01:00] NVIDIA GH200 120GB
 0: #  Rank 25 Group  0 Pid 176433 on  nid006542 device  0 [0019:01:00] NVIDIA GH200 120GB
 0: #  Rank 26 Group  0 Pid 176434 on  nid006542 device  0 [0029:01:00] NVIDIA GH200 120GB
 0: #  Rank 27 Group  0 Pid 176435 on  nid006542 device  0 [0039:01:00] NVIDIA GH200 120GB
 0: #  Rank 28 Group  0 Pid 149034 on  nid006543 device  0 [0009:01:00] NVIDIA GH200 120GB
 0: #  Rank 29 Group  0 Pid 149035 on  nid006543 device  0 [0019:01:00] NVIDIA GH200 120GB
 0: #  Rank 30 Group  0 Pid 149036 on  nid006543 device  0 [0029:01:00] NVIDIA GH200 120GB
 0: #  Rank 31 Group  0 Pid 149037 on  nid006543 device  0 [0039:01:00] NVIDIA GH200 120GB
 0: #  Rank 32 Group  0 Pid 180289 on  nid006545 device  0 [0009:01:00] NVIDIA GH200 120GB
 0: #  Rank 33 Group  0 Pid 180290 on  nid006545 device  0 [0019:01:00] NVIDIA GH200 120GB
 0: #  Rank 34 Group  0 Pid 180291 on  nid006545 device  0 [0029:01:00] NVIDIA GH200 120GB
 0: #  Rank 35 Group  0 Pid 180292 on  nid006545 device  0 [0039:01:00] NVIDIA GH200 120GB
 0: #  Rank 36 Group  0 Pid 112034 on  nid006546 device  0 [0009:01:00] NVIDIA GH200 120GB
 0: #  Rank 37 Group  0 Pid 112035 on  nid006546 device  0 [0019:01:00] NVIDIA GH200 120GB
 0: #  Rank 38 Group  0 Pid 112036 on  nid006546 device  0 [0029:01:00] NVIDIA GH200 120GB
 0: #  Rank 39 Group  0 Pid 112037 on  nid006546 device  0 [0039:01:00] NVIDIA GH200 120GB
 0: #  Rank 40 Group  0 Pid 159181 on  nid006549 device  0 [0009:01:00] NVIDIA GH200 120GB
 0: #  Rank 41 Group  0 Pid 159182 on  nid006549 device  0 [0019:01:00] NVIDIA GH200 120GB
 0: #  Rank 42 Group  0 Pid 159183 on  nid006549 device  0 [0029:01:00] NVIDIA GH200 120GB
 0: #  Rank 43 Group  0 Pid 159184 on  nid006549 device  0 [0039:01:00] NVIDIA GH200 120GB
 0: #  Rank 44 Group  0 Pid 111748 on  nid006550 device  0 [0009:01:00] NVIDIA GH200 120GB
 0: #  Rank 45 Group  0 Pid 111749 on  nid006550 device  0 [0019:01:00] NVIDIA GH200 120GB
 0: #  Rank 46 Group  0 Pid 111750 on  nid006550 device  0 [0029:01:00] NVIDIA GH200 120GB
 0: #  Rank 47 Group  0 Pid 111751 on  nid006550 device  0 [0039:01:00] NVIDIA GH200 120GB
 0: #  Rank 48 Group  0 Pid 103164 on  nid006551 device  0 [0009:01:00] NVIDIA GH200 120GB
 0: #  Rank 49 Group  0 Pid 103165 on  nid006551 device  0 [0019:01:00] NVIDIA GH200 120GB
 0: #  Rank 50 Group  0 Pid 103166 on  nid006551 device  0 [0029:01:00] NVIDIA GH200 120GB
 0: #  Rank 51 Group  0 Pid 103167 on  nid006551 device  0 [0039:01:00] NVIDIA GH200 120GB
 0: #  Rank 52 Group  0 Pid 124542 on  nid006552 device  0 [0009:01:00] NVIDIA GH200 120GB
 0: #  Rank 53 Group  0 Pid 124545 on  nid006552 device  0 [0019:01:00] NVIDIA GH200 120GB
 0: #  Rank 54 Group  0 Pid 124546 on  nid006552 device  0 [0029:01:00] NVIDIA GH200 120GB
 0: #  Rank 55 Group  0 Pid 124547 on  nid006552 device  0 [0039:01:00] NVIDIA GH200 120GB
 0: #  Rank 56 Group  0 Pid 108843 on  nid006553 device  0 [0009:01:00] NVIDIA GH200 120GB
 0: #  Rank 57 Group  0 Pid 108844 on  nid006553 device  0 [0019:01:00] NVIDIA GH200 120GB
 0: #  Rank 58 Group  0 Pid 108845 on  nid006553 device  0 [0029:01:00] NVIDIA GH200 120GB
 0: #  Rank 59 Group  0 Pid 108846 on  nid006553 device  0 [0039:01:00] NVIDIA GH200 120GB
 0: #  Rank 60 Group  0 Pid 124633 on  nid006554 device  0 [0009:01:00] NVIDIA GH200 120GB
 0: #  Rank 61 Group  0 Pid 124634 on  nid006554 device  0 [0019:01:00] NVIDIA GH200 120GB
 0: #  Rank 62 Group  0 Pid 124635 on  nid006554 device  0 [0029:01:00] NVIDIA GH200 120GB
 0: #  Rank 63 Group  0 Pid 124636 on  nid006554 device  0 [0039:01:00] NVIDIA GH200 120GB
 0: #
 0: #                                                              out-of-place                       in-place          
 0: #       size         count      type   redop    root     time   algbw   busbw #wrong     time   algbw   busbw #wrong
 0: #        (B)    (elements)                               (us)  (GB/s)  (GB/s)            (us)  (GB/s)  (GB/s)       
 0:            8             2     float     sum      -1    620.0    0.00    0.00      0    626.5    0.00    0.00      0
 0:           16             4     float     sum      -1    591.2    0.00    0.00      0    614.9    0.00    0.00      0
 0:           32             8     float     sum      -1    696.7    0.00    0.00      0    579.7    0.00    0.00      0
 0:           64            16     float     sum      -1    655.3    0.00    0.00      0    585.3    0.00    0.00      0
 0:          128            32     float     sum      -1    540.8    0.00    0.00      0    544.7    0.00    0.00      0
 0:          256            64     float     sum      -1    548.6    0.00    0.00      0    540.0    0.00    0.00      0
 0:          512           128     float     sum      -1    545.5    0.00    0.00      0    864.7    0.00    0.00      0
 0:         1024           256     float     sum      -1    546.1    0.00    0.00      0    548.8    0.00    0.00      0
 0:         2048           512     float     sum      -1    550.7    0.00    0.01      0    549.0    0.00    0.01      0
 0:         4096          1024     float     sum      -1    449.8    0.01    0.02      0    436.4    0.01    0.02      0
 0:         8192          2048     float     sum      -1    752.1    0.01    0.02      0    775.0    0.01    0.02      0
 0:        16384          4096     float     sum      -1   2312.8    0.01    0.01      0   2419.8    0.01    0.01      0
 0:        32768          8192     float     sum      -1   3387.3    0.01    0.02      0   3228.1    0.01    0.02      0
 0:        65536         16384     float     sum      -1   3206.9    0.02    0.04      0   3402.2    0.02    0.04      0
 0:       131072         32768     float     sum      -1   4423.1    0.03    0.06      0   4372.8    0.03    0.06      0
 0:       262144         65536     float     sum      -1   3559.9    0.07    0.14      0   4335.8    0.06    0.12      0
 0:       524288        131072     float     sum      -1    78835    0.01    0.01      0    40120    0.01    0.03      0
 0:      1048576        262144     float     sum      -1    39297    0.03    0.05      0    38580    0.03    0.05      0
 0:      2097152        524288     float     sum      -1    39879    0.05    0.10      0    38331    0.05    0.11      0
 0:      4194304       1048576     float     sum      -1    37635    0.11    0.22      0    35636    0.12    0.23      0
 0:      8388608       2097152     float     sum      -1    56672    0.15    0.29      0    52929    0.16    0.31      0
 0:     16777216       4194304     float     sum      -1   153373    0.11    0.22      0    88898    0.19    0.37      0
