0: # nThread 1 nGpus 1 minBytes 8 maxBytes 4294967296 step: 2(factor) warmup iters: 8 iters: 24 agg iters: 1 validation: 1 graph: 0
0: #
0: # Using devices
0: #  Rank  0 Group  0 Pid  69151 on  nid007100 device  0 [0009:01:00] NVIDIA GH200 120GB
0: #  Rank  1 Group  0 Pid  69152 on  nid007100 device  0 [0019:01:00] NVIDIA GH200 120GB
0: #  Rank  2 Group  0 Pid  69153 on  nid007100 device  0 [0029:01:00] NVIDIA GH200 120GB
0: #  Rank  3 Group  0 Pid  69154 on  nid007100 device  0 [0039:01:00] NVIDIA GH200 120GB
0: #
0: #                                                              out-of-place                       in-place          
0: #       size         count      type   redop    root     time   algbw   busbw #wrong     time   algbw   busbw #wrong
0: #        (B)    (elements)                               (us)  (GB/s)  (GB/s)            (us)  (GB/s)  (GB/s)       
0:            8             2     float     sum      -1     8.68    0.00    0.00      0     8.33    0.00    0.00      0
0:           16             4     float     sum      -1     8.46    0.00    0.00      0     8.30    0.00    0.00      0
0:           32             8     float     sum      -1     8.73    0.00    0.01      0     8.59    0.00    0.01      0
0:           64            16     float     sum      -1     9.35    0.01    0.01      0     9.16    0.01    0.01      0
0:          128            32     float     sum      -1     9.41    0.01    0.02      0     9.13    0.01    0.02      0
0:          256            64     float     sum      -1     9.71    0.03    0.04      0     9.23    0.03    0.04      0
0:          512           128     float     sum      -1     9.66    0.05    0.08      0     9.35    0.05    0.08      0
0:         1024           256     float     sum      -1     9.83    0.10    0.16      0     9.31    0.11    0.17      0
0:         2048           512     float     sum      -1     9.82    0.21    0.31      0     9.44    0.22    0.33      0
0:         4096          1024     float     sum      -1     9.93    0.41    0.62      0     9.59    0.43    0.64      0
0:         8192          2048     float     sum      -1    10.18    0.80    1.21      0     9.81    0.83    1.25      0
0:        16384          4096     float     sum      -1    11.00    1.49    2.23      0    10.53    1.56    2.33      0
0:        32768          8192     float     sum      -1    11.18    2.93    4.40      0    10.85    3.02    4.53      0
0:        65536         16384     float     sum      -1    11.32    5.79    8.68      0    10.95    5.99    8.98      0
0:       131072         32768     float     sum      -1    11.73   11.18   16.77      0    11.33   11.57   17.36      0
0:       262144         65536     float     sum      -1    12.08   21.71   32.56      0    11.47   22.86   34.29      0
0:       524288        131072     float     sum      -1    15.05   34.84   52.27      0    14.08   37.25   55.87      0
0:      1048576        262144     float     sum      -1    19.28   54.39   81.58      0    18.68   56.13   84.20      0
0:      2097152        524288     float     sum      -1    29.99   69.93  104.90      0    30.01   69.88  104.82      0
0:      4194304       1048576     float     sum      -1    42.90   97.76  146.64      0    42.47   98.75  148.13      0
0:      8388608       2097152     float     sum      -1    61.70  135.95  203.92      0    61.00  137.52  206.28      0
0:     16777216       4194304     float     sum      -1    102.8  163.19  244.78      0    100.5  166.88  250.32      0
0:     33554432       8388608     float     sum      -1    179.9  186.53  279.80      0    178.4  188.08  282.11      0
0:     67108864      16777216     float     sum      -1    334.5  200.62  300.93      0    333.0  201.50  302.25      0
0:    134217728      33554432     float     sum      -1    636.8  210.77  316.16      0    633.8  211.77  317.66      0
0:    268435456      67108864     float     sum      -1   1233.9  217.55  326.33      0   1228.0  218.59  327.88      0
0:    536870912     134217728     float     sum      -1   2416.4  222.18  333.27      0   2420.8  221.78  332.67      0
0:   1073741824     268435456     float     sum      -1   4754.5  225.84  338.75      0   4761.9  225.48  338.23      0
0:   2147483648     536870912     float     sum      -1   9486.6  226.37  339.56      0   9489.2  226.31  339.46      0
0:   4294967296    1073741824     float     sum      -1    18946  226.69  340.04      0    18940  226.77  340.16      0
0:            8             2     float     sum      -1     8.45    0.00    0.00      0     8.30    0.00    0.00      0
0:           16             4     float     sum      -1     8.33    0.00    0.00      0     8.34    0.00    0.00      0
0:           32             8     float     sum      -1     8.71    0.00    0.01      0     8.75    0.00    0.01      0
0:           64            16     float     sum      -1     9.36    0.01    0.01      0     9.20    0.01    0.01      0
0:          128            32     float     sum      -1     9.36    0.01    0.02      0     9.24    0.01    0.02      0
0:          256            64     float     sum      -1     9.74    0.03    0.04      0     9.24    0.03    0.04      0
0:          512           128     float     sum      -1     9.65    0.05    0.08      0     9.30    0.06    0.08      0
0:         1024           256     float     sum      -1     9.85    0.10    0.16      0     9.25    0.11    0.17      0
0:         2048           512     float     sum      -1     9.89    0.21    0.31      0     9.47    0.22    0.32      0
0:         4096          1024     float     sum      -1     9.96    0.41    0.62      0     9.66    0.42    0.64      0
0:         8192          2048     float     sum      -1    10.28    0.80    1.19      0     9.94    0.82    1.24      0
0:        16384          4096     float     sum      -1    10.99    1.49    2.24      0    10.67    1.54    2.30      0
0:        32768          8192     float     sum      -1    11.15    2.94    4.41      0    10.97    2.99    4.48      0
0:        65536         16384     float     sum      -1    11.41    5.75    8.62      0    10.96    5.98    8.97      0
0:       131072         32768     float     sum      -1    11.73   11.17   16.76      0    11.33   11.57   17.35      0
0:       262144         65536     float     sum      -1    12.09   21.68   32.52      0    11.52   22.75   34.13      0
0:       524288        131072     float     sum      -1    15.14   34.63   51.95      0    14.04   37.33   56.00      0
0:      1048576        262144     float     sum      -1    18.80   55.77   83.65      0    18.76   55.90   83.85      0
0:      2097152        524288     float     sum      -1    30.05   69.80  104.70      0    30.03   69.84  104.76      0
0:      4194304       1048576     float     sum      -1    43.00   97.53  146.30      0    42.52   98.65  147.98      0
0:      8388608       2097152     float     sum      -1    61.60  136.19  204.28      0    61.14  137.20  205.80      0
0:     16777216       4194304     float     sum      -1    102.5  163.61  245.41      0    100.6  166.84  250.26      0
0:     33554432       8388608     float     sum      -1    180.0  186.45  279.67      0    179.4  187.07  280.61      0
0:     67108864      16777216     float     sum      -1    335.4  200.06  300.10      0    337.3  198.95  298.43      0
0:    134217728      33554432     float     sum      -1    636.6  210.84  316.26      0    633.4  211.91  317.87      0
0:    268435456      67108864     float     sum      -1   1228.7  218.48  327.71      0   1229.4  218.35  327.52      0
0:    536870912     134217728     float     sum      -1   2418.2  222.01  333.02      0   2421.0  221.75  332.63      0
0:   1073741824     268435456     float     sum      -1   4756.9  225.72  338.58      0   4761.5  225.51  338.26      0
0:   2147483648     536870912     float     sum      -1   9492.4  226.23  339.35      0   9489.4  226.30  339.45      0
0:   4294967296    1073741824     float     sum      -1    18963  226.49  339.74      0    18951  226.63  339.95      0
0:            8             2     float     sum      -1     8.31    0.00    0.00      0     8.28    0.00    0.00      0
0:           16             4     float     sum      -1     8.39    0.00    0.00      0     8.30    0.00    0.00      0
0:           32             8     float     sum      -1     8.65    0.00    0.01      0     8.75    0.00    0.01      0
0:           64            16     float     sum      -1     9.35    0.01    0.01      0     9.24    0.01    0.01      0
0:          128            32     float     sum      -1     9.39    0.01    0.02      0     9.25    0.01    0.02      0
0:          256            64     float     sum      -1     9.75    0.03    0.04      0     9.23    0.03    0.04      0
0:          512           128     float     sum      -1     9.72    0.05    0.08      0     9.32    0.05    0.08      0
0:         1024           256     float     sum      -1     9.90    0.10    0.16      0     9.36    0.11    0.16      0
0:         2048           512     float     sum      -1     9.94    0.21    0.31      0     9.45    0.22    0.32      0
0:         4096          1024     float     sum      -1    10.08    0.41    0.61      0     9.51    0.43    0.65      0
0:         8192          2048     float     sum      -1    10.28    0.80    1.20      0     9.84    0.83    1.25      0
0:        16384          4096     float     sum      -1    10.98    1.49    2.24      0    10.57    1.55    2.33      0
0:        32768          8192     float     sum      -1    11.12    2.95    4.42      0    10.86    3.02    4.53      0
0:        65536         16384     float     sum      -1    11.41    5.74    8.62      0    10.97    5.98    8.96      0
0:       131072         32768     float     sum      -1    11.78   11.13   16.69      0    11.27   11.63   17.45      0
0:       262144         65536     float     sum      -1    12.51   20.96   31.44      0    11.88   22.07   33.11      0
0:       524288        131072     float     sum      -1    15.13   34.65   51.97      0    14.06   37.30   55.95      0
0:      1048576        262144     float     sum      -1    18.82   55.71   83.57      0    18.83   55.70   83.55      0
0:      2097152        524288     float     sum      -1    30.08   69.72  104.58      0    30.04   69.81  104.71      0
0:      4194304       1048576     float     sum      -1    43.08   97.37  146.06      0    42.34   99.06  148.59      0
0:      8388608       2097152     float     sum      -1    61.92  135.48  203.22      0    61.21  137.04  205.56      0
0:     16777216       4194304     float     sum      -1    103.1  162.65  243.98      0    100.2  167.47  251.21      0
0:     33554432       8388608     float     sum      -1    180.4  185.98  278.97      0    180.0  186.44  279.66      0
0:     67108864      16777216     float     sum      -1    337.2  199.01  298.51      0    335.2  200.23  300.34      0
0:    134217728      33554432     float     sum      -1    639.9  209.74  314.61      0    636.0  211.02  316.54      0
0:    268435456      67108864     float     sum      -1   1228.4  218.52  327.78      0   1232.9  217.72  326.58      0
0:    536870912     134217728     float     sum      -1   2415.2  222.29  333.43      0   2417.2  222.10  333.15      0
0:   1073741824     268435456     float     sum      -1   4760.5  225.55  338.33      0   4771.7  225.02  337.53      0
0:   2147483648     536870912     float     sum      -1   9503.8  225.96  338.94      0   9499.9  226.05  339.08      0
0:   4294967296    1073741824     float     sum      -1    18941  226.75  340.12      0    18951  226.64  339.95      0
0:            8             2     float     sum      -1     8.38    0.00    0.00      0     8.33    0.00    0.00      0
0:           16             4     float     sum      -1     8.35    0.00    0.00      0     8.24    0.00    0.00      0
0:           32             8     float     sum      -1     8.77    0.00    0.01      0     8.71    0.00    0.01      0
0:           64            16     float     sum      -1     9.26    0.01    0.01      0     9.21    0.01    0.01      0
0:          128            32     float     sum      -1     9.44    0.01    0.02      0     9.20    0.01    0.02      0
0:          256            64     float     sum      -1     9.73    0.03    0.04      0     9.25    0.03    0.04      0
0:          512           128     float     sum      -1     9.76    0.05    0.08      0     9.33    0.05    0.08      0
0:         1024           256     float     sum      -1     9.85    0.10    0.16      0     9.36    0.11    0.16      0
0:         2048           512     float     sum      -1     9.88    0.21    0.31      0     9.46    0.22    0.32      0
0:         4096          1024     float     sum      -1    10.04    0.41    0.61      0     9.58    0.43    0.64      0
0:         8192          2048     float     sum      -1    10.23    0.80    1.20      0     9.90    0.83    1.24      0
0:        16384          4096     float     sum      -1    11.01    1.49    2.23      0    10.64    1.54    2.31      0
0:        32768          8192     float     sum      -1    11.17    2.93    4.40      0    10.86    3.02    4.53      0
0:        65536         16384     float     sum      -1    11.46    5.72    8.58      0    10.88    6.02    9.03      0
0:       131072         32768     float     sum      -1    11.75   11.16   16.74      0    11.32   11.58   17.37      0
0:       262144         65536     float     sum      -1    11.98   21.87   32.81      0    11.51   22.78   34.17      0
0:       524288        131072     float     sum      -1    15.10   34.71   52.07      0    14.09   37.21   55.81      0
0:      1048576        262144     float     sum      -1    18.86   55.58   83.38      0    18.78   55.83   83.74      0
0:      2097152        524288     float     sum      -1    30.06   69.76  104.65      0    30.10   69.67  104.50      0
0:      4194304       1048576     float     sum      -1    42.99   97.56  146.34      0    42.48   98.73  148.09      0
0:      8388608       2097152     float     sum      -1    61.70  135.97  203.95      0    61.19  137.10  205.64      0
0:     16777216       4194304     float     sum      -1    102.8  163.27  244.90      0    100.5  167.00  250.50      0
0:     33554432       8388608     float     sum      -1    180.5  185.90  278.85      0    178.4  188.07  282.11      0
0:     67108864      16777216     float     sum      -1    334.9  200.37  300.55      0    333.6  201.19  301.78      0
0:    134217728      33554432     float     sum      -1    636.9  210.72  316.09      0    634.9  211.41  317.12      0
0:    268435456      67108864     float     sum      -1   1230.3  218.19  327.28      0   1229.5  218.33  327.50      0
0:    536870912     134217728     float     sum      -1   2418.7  221.97  332.95      0   2414.9  222.31  333.47      0
0:   1073741824     268435456     float     sum      -1   4773.3  224.95  337.42      0   4758.4  225.65  338.48      0
0:   2147483648     536870912     float     sum      -1   9487.8  226.34  339.51      0   9478.9  226.55  339.83      0
0:   4294967296    1073741824     float     sum      -1    18945  226.70  340.05      0    18956  226.58  339.87      0
0:            8             2     float     sum      -1     8.33    0.00    0.00      0     8.29    0.00    0.00      0
0:           16             4     float     sum      -1     8.37    0.00    0.00      0     8.29    0.00    0.00      0
0:           32             8     float     sum      -1     8.77    0.00    0.01      0     8.69    0.00    0.01      0
0:           64            16     float     sum      -1     9.34    0.01    0.01      0     9.15    0.01    0.01      0
0:          128            32     float     sum      -1     9.42    0.01    0.02      0     9.26    0.01    0.02      0
0:          256            64     float     sum      -1     9.76    0.03    0.04      0     9.32    0.03    0.04      0
0:          512           128     float     sum      -1     9.75    0.05    0.08      0     9.37    0.05    0.08      0
0:         1024           256     float     sum      -1     9.87    0.10    0.16      0     9.30    0.11    0.17      0
0:         2048           512     float     sum      -1     9.86    0.21    0.31      0     9.38    0.22    0.33      0
0:         4096          1024     float     sum      -1    10.08    0.41    0.61      0     9.50    0.43    0.65      0
0:         8192          2048     float     sum      -1    10.28    0.80    1.20      0    10.07    0.81    1.22      0
0:        16384          4096     float     sum      -1    11.03    1.49    2.23      0    10.62    1.54    2.32      0
0:        32768          8192     float     sum      -1    11.20    2.92    4.39      0    10.92    3.00    4.50      0
0:        65536         16384     float     sum      -1    11.49    5.70    8.55      0    10.94    5.99    8.98      0
0:       131072         32768     float     sum      -1    11.79   11.11   16.67      0    11.34   11.56   17.34      0
0:       262144         65536     float     sum      -1    12.00   21.84   32.77      0    11.50   22.80   34.19      0
0:       524288        131072     float     sum      -1    15.20   34.50   51.75      0    14.09   37.22   55.83      0
0:      1048576        262144     float     sum      -1    18.88   55.54   83.30      0    18.73   55.97   83.96      0
0:      2097152        524288     float     sum      -1    30.11   69.66  104.49      0    30.08   69.72  104.58      0
0:      4194304       1048576     float     sum      -1    42.92   97.72  146.58      0    42.34   99.07  148.60      0
0:      8388608       2097152     float     sum      -1    61.91  135.50  203.25      0    61.15  137.18  205.77      0
0:     16777216       4194304     float     sum      -1    102.5  163.67  245.51      0    100.5  166.96  250.44      0
0:     33554432       8388608     float     sum      -1    179.3  187.18  280.78      0    178.7  187.74  281.60      0
0:     67108864      16777216     float     sum      -1    337.9  198.60  297.90      0    336.1  199.66  299.49      0
0:    134217728      33554432     float     sum      -1    635.3  211.28  316.92      0    635.9  211.08  316.62      0
0:    268435456      67108864     float     sum      -1   1227.9  218.61  327.92      0   1231.7  217.94  326.91      0
0:    536870912     134217728     float     sum      -1   2411.6  222.62  333.93      0   2412.4  222.55  333.82      0
0:   1073741824     268435456     float     sum      -1   4756.7  225.73  338.60      0   4759.5  225.60  338.40      0
0:   2147483648     536870912     float     sum      -1   9504.2  225.95  338.93      0   9489.9  226.29  339.44      0
0:   4294967296    1073741824     float     sum      -1    18936  226.81  340.22      0    18954  226.60  339.90      0
0:            8             2     float     sum      -1     8.37    0.00    0.00      0     8.39    0.00    0.00      0
0:           16             4     float     sum      -1     8.36    0.00    0.00      0     8.31    0.00    0.00      0
0:           32             8     float     sum      -1     8.75    0.00    0.01      0     8.73    0.00    0.01      0
0:           64            16     float     sum      -1     9.37    0.01    0.01      0     9.33    0.01    0.01      0
0:          128            32     float     sum      -1     9.51    0.01    0.02      0     9.22    0.01    0.02      0
0:          256            64     float     sum      -1     9.75    0.03    0.04      0     9.29    0.03    0.04      0
0:          512           128     float     sum      -1     9.74    0.05    0.08      0     9.34    0.05    0.08      0
0:         1024           256     float     sum      -1     9.79    0.10    0.16      0     9.32    0.11    0.16      0
0:         2048           512     float     sum      -1     9.91    0.21    0.31      0     9.54    0.21    0.32      0
0:         4096          1024     float     sum      -1    10.04    0.41    0.61      0     9.62    0.43    0.64      0
0:         8192          2048     float     sum      -1    10.18    0.81    1.21      0     9.94    0.82    1.24      0
0:        16384          4096     float     sum      -1    11.01    1.49    2.23      0    10.59    1.55    2.32      0
0:        32768          8192     float     sum      -1    11.21    2.92    4.39      0    11.59    2.83    4.24      0
0:        65536         16384     float     sum      -1    11.89    5.51    8.27      0    10.96    5.98    8.97      0
0:       131072         32768     float     sum      -1    11.73   11.17   16.76      0    11.31   11.58   17.38      0
0:       262144         65536     float     sum      -1    11.97   21.91   32.86      0    11.64   22.52   33.78      0
0:       524288        131072     float     sum      -1    15.04   34.85   52.28      0    14.07   37.28   55.91      0
0:      1048576        262144     float     sum      -1    18.92   55.43   83.15      0    18.73   55.98   83.97      0
0:      2097152        524288     float     sum      -1    30.03   69.84  104.76      0    30.01   69.89  104.84      0
0:      4194304       1048576     float     sum      -1    42.79   98.02  147.03      0    42.48   98.74  148.11      0
0:      8388608       2097152     float     sum      -1    61.85  135.63  203.44      0    61.59  136.21  204.32      0
0:     16777216       4194304     float     sum      -1    102.7  163.36  245.04      0    100.5  166.86  250.29      0
0:     33554432       8388608     float     sum      -1    180.5  185.87  278.81      0    180.1  186.32  279.48      0
0:     67108864      16777216     float     sum      -1    335.1  200.24  300.36      0    334.7  200.50  300.75      0
0:    134217728      33554432     float     sum      -1    636.8  210.78  316.17      0    638.3  210.26  315.39      0
0:    268435456      67108864     float     sum      -1   1231.1  218.05  327.07      0   1228.4  218.52  327.78      0
0:    536870912     134217728     float     sum      -1   2416.4  222.17  333.26      0   2409.0  222.86  334.29      0
0:   1073741824     268435456     float     sum      -1   4770.0  225.10  337.65      0   4766.0  225.29  337.94      0
0:   2147483648     536870912     float     sum      -1   9506.7  225.89  338.84      0   9497.3  226.12  339.17      0
0:   4294967296    1073741824     float     sum      -1    19004  226.00  339.00      0    18943  226.74  340.10      0
0:            8             2     float     sum      -1     8.33    0.00    0.00      0     8.35    0.00    0.00      0
0:           16             4     float     sum      -1     8.35    0.00    0.00      0     8.30    0.00    0.00      0
0:           32             8     float     sum      -1     8.76    0.00    0.01      0     8.77    0.00    0.01      0
0:           64            16     float     sum      -1     9.34    0.01    0.01      0     9.18    0.01    0.01      0
0:          128            32     float     sum      -1     9.33    0.01    0.02      0     9.25    0.01    0.02      0
0:          256            64     float     sum      -1     9.72    0.03    0.04      0     9.46    0.03    0.04      0
0:          512           128     float     sum      -1     9.86    0.05    0.08      0     9.30    0.06    0.08      0
0:         1024           256     float     sum      -1     9.79    0.10    0.16      0     9.38    0.11    0.16      0
0:         2048           512     float     sum      -1     9.80    0.21    0.31      0     9.45    0.22    0.33      0
0:         4096          1024     float     sum      -1    10.18    0.40    0.60      0     9.52    0.43    0.65      0
0:         8192          2048     float     sum      -1    10.21    0.80    1.20      0     9.88    0.83    1.24      0
0:        16384          4096     float     sum      -1    11.02    1.49    2.23      0    10.64    1.54    2.31      0
0:        32768          8192     float     sum      -1    11.21    2.92    4.38      0    10.79    3.04    4.56      0
0:        65536         16384     float     sum      -1    11.41    5.74    8.61      0    10.90    6.01    9.02      0
0:       131072         32768     float     sum      -1    11.81   11.10   16.64      0    11.39   11.50   17.26      0
0:       262144         65536     float     sum      -1    12.02   21.81   32.72      0    11.52   22.76   34.13      0
0:       524288        131072     float     sum      -1    15.13   34.65   51.97      0    14.02   37.41   56.11      0
0:      1048576        262144     float     sum      -1    18.86   55.59   83.39      0    18.74   55.94   83.91      0
0:      2097152        524288     float     sum      -1    30.26   69.30  103.95      0    29.94   70.04  105.06      0
0:      4194304       1048576     float     sum      -1    42.96   97.64  146.46      0    42.48   98.73  148.09      0
0:      8388608       2097152     float     sum      -1    61.76  135.84  203.75      0    60.96  137.61  206.41      0
0:     16777216       4194304     float     sum      -1    103.2  162.58  243.87      0    100.0  167.75  251.63      0
0:     33554432       8388608     float     sum      -1    180.7  185.71  278.56      0    179.2  187.28  280.92      0
0:     67108864      16777216     float     sum      -1    337.1  199.05  298.58      0    335.8  199.84  299.76      0
0:    134217728      33554432     float     sum      -1    637.1  210.67  316.00      0    636.6  210.82  316.23      0
0:    268435456      67108864     float     sum      -1   1234.5  217.45  326.18      0   1228.8  218.45  327.67      0
0:    536870912     134217728     float     sum      -1   2419.1  221.93  332.90      0   2410.1  222.76  334.14      0
0:   1073741824     268435456     float     sum      -1   4769.8  225.11  337.67      0   4763.3  225.42  338.13      0
0:   2147483648     536870912     float     sum      -1   9494.0  226.19  339.29      0   9486.9  226.36  339.54      0
0:   4294967296    1073741824     float     sum      -1    18962  226.50  339.76      0    18961  226.51  339.77      0
0:            8             2     float     sum      -1     8.38    0.00    0.00      0     8.30    0.00    0.00      0
0:           16             4     float     sum      -1     8.38    0.00    0.00      0     8.61    0.00    0.00      0
0:           32             8     float     sum      -1     8.86    0.00    0.01      0     8.70    0.00    0.01      0
0:           64            16     float     sum      -1     9.32    0.01    0.01      0     9.21    0.01    0.01      0
0:          128            32     float     sum      -1     9.42    0.01    0.02      0     9.23    0.01    0.02      0
0:          256            64     float     sum      -1     9.72    0.03    0.04      0     9.22    0.03    0.04      0
0:          512           128     float     sum      -1     9.75    0.05    0.08      0     9.32    0.05    0.08      0
0:         1024           256     float     sum      -1     9.84    0.10    0.16      0     9.33    0.11    0.16      0
0:         2048           512     float     sum      -1     9.83    0.21    0.31      0     9.48    0.22    0.32      0
0:         4096          1024     float     sum      -1    10.00    0.41    0.61      0     9.59    0.43    0.64      0
0:         8192          2048     float     sum      -1    10.29    0.80    1.19      0     9.83    0.83    1.25      0
0:        16384          4096     float     sum      -1    11.25    1.46    2.18      0    10.60    1.55    2.32      0
0:        32768          8192     float     sum      -1    11.20    2.92    4.39      0    10.88    3.01    4.52      0
0:        65536         16384     float     sum      -1    11.42    5.74    8.61      0    10.94    5.99    8.99      0
0:       131072         32768     float     sum      -1    11.70   11.20   16.80      0    11.29   11.61   17.42      0
0:       262144         65536     float     sum      -1    11.98   21.89   32.83      0    11.54   22.72   34.08      0
0:       524288        131072     float     sum      -1    15.08   34.76   52.15      0    14.10   37.18   55.78      0
0:      1048576        262144     float     sum      -1    18.86   55.60   83.41      0    18.73   55.99   83.98      0
0:      2097152        524288     float     sum      -1    30.06   69.76  104.64      0    30.04   69.80  104.71      0
0:      4194304       1048576     float     sum      -1    43.03   97.46  146.20      0    42.50   98.68  148.03      0
0:      8388608       2097152     float     sum      -1    61.90  135.52  203.28      0    61.18  137.12  205.68      0
0:     16777216       4194304     float     sum      -1    102.7  163.32  244.97      0    100.5  166.97  250.45      0
0:     33554432       8388608     float     sum      -1    180.7  185.71  278.56      0    179.3  187.15  280.72      0
0:     67108864      16777216     float     sum      -1    335.7  199.91  299.87      0    335.9  199.77  299.65      0
0:    134217728      33554432     float     sum      -1    637.4  210.56  315.84      0    635.2  211.30  316.95      0
0:    268435456      67108864     float     sum      -1   1230.8  218.09  327.14      0   1229.2  218.38  327.57      0
0:    536870912     134217728     float     sum      -1   2416.2  222.20  333.30      0   2415.0  222.31  333.46      0
0:   1073741824     268435456     float     sum      -1   4763.2  225.43  338.14      0   4765.4  225.32  337.98      0
0:   2147483648     536870912     float     sum      -1   9501.6  226.01  339.02      0   9495.5  226.16  339.24      0
0:   4294967296    1073741824     float     sum      -1    18975  226.35  339.53      0    18949  226.66  340.00      0
0:            8             2     float     sum      -1     8.36    0.00    0.00      0     8.50    0.00    0.00      0
0:           16             4     float     sum      -1     8.38    0.00    0.00      0     8.34    0.00    0.00      0
0:           32             8     float     sum      -1     8.76    0.00    0.01      0     8.78    0.00    0.01      0
0:           64            16     float     sum      -1     9.35    0.01    0.01      0     9.18    0.01    0.01      0
0:          128            32     float     sum      -1     9.47    0.01    0.02      0     9.24    0.01    0.02      0
0:          256            64     float     sum      -1     9.76    0.03    0.04      0     9.22    0.03    0.04      0
0:          512           128     float     sum      -1     9.75    0.05    0.08      0     9.31    0.06    0.08      0
0:         1024           256     float     sum      -1     9.80    0.10    0.16      0     9.35    0.11    0.16      0
0:         2048           512     float     sum      -1     9.84    0.21    0.31      0     9.43    0.22    0.33      0
0:         4096          1024     float     sum      -1    10.05    0.41    0.61      0     9.57    0.43    0.64      0
0:         8192          2048     float     sum      -1    10.24    0.80    1.20      0     9.86    0.83    1.25      0
0:        16384          4096     float     sum      -1    11.04    1.48    2.23      0    10.58    1.55    2.32      0
0:        32768          8192     float     sum      -1    11.18    2.93    4.40      0    10.84    3.02    4.53      0
0:        65536         16384     float     sum      -1    11.40    5.75    8.62      0    10.92    6.00    9.00      0
0:       131072         32768     float     sum      -1    11.71   11.20   16.79      0    11.33   11.57   17.35      0
0:       262144         65536     float     sum      -1    12.25   21.41   32.11      0    12.07   21.71   32.57      0
0:       524288        131072     float     sum      -1    15.11   34.71   52.06      0    14.04   37.34   56.01      0
0:      1048576        262144     float     sum      -1    18.82   55.71   83.57      0    18.74   55.94   83.92      0
0:      2097152        524288     float     sum      -1    30.13   69.60  104.40      0    30.04   69.80  104.70      0
0:      4194304       1048576     float     sum      -1    43.40   96.64  144.95      0    42.60   98.47  147.70      0
0:      8388608       2097152     float     sum      -1    61.89  135.54  203.30      0    61.42  136.58  204.86      0
0:     16777216       4194304     float     sum      -1    102.9  163.08  244.62      0    100.2  167.46  251.20      0
0:     33554432       8388608     float     sum      -1    179.3  187.17  280.75      0    179.0  187.42  281.13      0
0:     67108864      16777216     float     sum      -1    336.5  199.43  299.14      0    335.7  199.92  299.88      0
0:    134217728      33554432     float     sum      -1    636.6  210.83  316.25      0    634.9  211.39  317.08      0
0:    268435456      67108864     float     sum      -1   1231.2  218.04  327.05      0   1228.5  218.51  327.76      0
0:    536870912     134217728     float     sum      -1   2406.4  223.10  334.65      0   2413.6  222.43  333.65      0
0:   1073741824     268435456     float     sum      -1   4773.9  224.92  337.38      0   4762.7  225.45  338.17      0
0:   2147483648     536870912     float     sum      -1   9488.2  226.33  339.50      0   9492.3  226.23  339.35      0
0:   4294967296    1073741824     float     sum      -1    18958  226.55  339.82      0    18967  226.44  339.66      0
0:            8             2     float     sum      -1     8.40    0.00    0.00      0     8.28    0.00    0.00      0
0:           16             4     float     sum      -1     8.37    0.00    0.00      0     8.33    0.00    0.00      0
0:           32             8     float     sum      -1     8.77    0.00    0.01      0     8.70    0.00    0.01      0
0:           64            16     float     sum      -1     9.27    0.01    0.01      0     9.25    0.01    0.01      0
0:          128            32     float     sum      -1     9.40    0.01    0.02      0     9.24    0.01    0.02      0
0:          256            64     float     sum      -1     9.74    0.03    0.04      0     9.23    0.03    0.04      0
0:          512           128     float     sum      -1     9.69    0.05    0.08      0     9.35    0.05    0.08      0
0:         1024           256     float     sum      -1     9.82    0.10    0.16      0     9.32    0.11    0.16      0
0:         2048           512     float     sum      -1     9.82    0.21    0.31      0     9.48    0.22    0.32      0
0:         4096          1024     float     sum      -1     9.95    0.41    0.62      0     9.50    0.43    0.65      0
0:         8192          2048     float     sum      -1    10.20    0.80    1.20      0     9.93    0.83    1.24      0
0:        16384          4096     float     sum      -1    11.01    1.49    2.23      0    10.61    1.54    2.32      0
0:        32768          8192     float     sum      -1    11.22    2.92    4.38      0    10.83    3.03    4.54      0
0:        65536         16384     float     sum      -1    11.39    5.76    8.63      0    10.92    6.00    9.00      0
0:       131072         32768     float     sum      -1    11.81   11.10   16.65      0    11.32   11.58   17.37      0
0:       262144         65536     float     sum      -1    11.99   21.86   32.79      0    11.51   22.78   34.17      0
0:       524288        131072     float     sum      -1    15.09   34.75   52.12      0    14.07   37.26   55.88      0
0:      1048576        262144     float     sum      -1    18.96   55.32   82.98      0    18.81   55.75   83.63      0
0:      2097152        524288     float     sum      -1    30.03   69.84  104.76      0    30.72   68.27  102.41      0
0:      4194304       1048576     float     sum      -1    43.11   97.29  145.93      0    42.49   98.71  148.06      0
0:      8388608       2097152     float     sum      -1    61.70  135.96  203.94      0    61.10  137.29  205.94      0
0:     16777216       4194304     float     sum      -1    103.0  162.92  244.38      0    99.88  167.98  251.97      0
0:     33554432       8388608     float     sum      -1    179.8  186.60  279.90      0    179.2  187.29  280.93      0
0:     67108864      16777216     float     sum      -1    336.0  199.71  299.56      0    334.7  200.49  300.73      0
0:    134217728      33554432     float     sum      -1    635.7  211.13  316.69      0    634.2  211.62  317.43      0
0:    268435456      67108864     float     sum      -1   1230.0  218.23  327.35      0   1231.6  217.95  326.93      0
0:    536870912     134217728     float     sum      -1   2415.4  222.27  333.40      0   2414.9  222.32  333.48      0
0:   1073741824     268435456     float     sum      -1   4768.9  225.16  337.74      0   4768.1  225.19  337.79      0
0:   2147483648     536870912     float     sum      -1   9486.6  226.37  339.55      0   9490.2  226.28  339.43      0
0:   4294967296    1073741824     float     sum      -1    18962  226.50  339.76      0    18955  226.59  339.89      0
0: # Out of bounds values : 0 OK
0: # Avg bus bandwidth    : 116.151 
0: #
0: 
