  0: # nThread 1 nGpus 1 minBytes 8 maxBytes 4294967296 step: 2(factor) warmup iters: 8 iters: 24 agg iters: 1 validation: 1 graph: 0
  0: #
  0: # Using devices
  0: #  Rank  0 Group  0 Pid  24794 on  nid006478 device  0 [0009:01:00] NVIDIA GH200 120GB
  0: #  Rank  1 Group  0 Pid  24795 on  nid006478 device  0 [0019:01:00] NVIDIA GH200 120GB
  0: #  Rank  2 Group  0 Pid  24796 on  nid006478 device  0 [0029:01:00] NVIDIA GH200 120GB
  0: #  Rank  3 Group  0 Pid  24797 on  nid006478 device  0 [0039:01:00] NVIDIA GH200 120GB
  0: #  Rank  4 Group  0 Pid 200028 on  nid006479 device  0 [0009:01:00] NVIDIA GH200 120GB
  0: #  Rank  5 Group  0 Pid 200029 on  nid006479 device  0 [0019:01:00] NVIDIA GH200 120GB
  0: #  Rank  6 Group  0 Pid 200030 on  nid006479 device  0 [0029:01:00] NVIDIA GH200 120GB
  0: #  Rank  7 Group  0 Pid 200031 on  nid006479 device  0 [0039:01:00] NVIDIA GH200 120GB
  0: #  Rank  8 Group  0 Pid  26041 on  nid006484 device  0 [0009:01:00] NVIDIA GH200 120GB
  0: #  Rank  9 Group  0 Pid  26042 on  nid006484 device  0 [0019:01:00] NVIDIA GH200 120GB
  0: #  Rank 10 Group  0 Pid  26043 on  nid006484 device  0 [0029:01:00] NVIDIA GH200 120GB
  0: #  Rank 11 Group  0 Pid  26044 on  nid006484 device  0 [0039:01:00] NVIDIA GH200 120GB
  0: #  Rank 12 Group  0 Pid 266527 on  nid006487 device  0 [0009:01:00] NVIDIA GH200 120GB
  0: #  Rank 13 Group  0 Pid 266528 on  nid006487 device  0 [0019:01:00] NVIDIA GH200 120GB
  0: #  Rank 14 Group  0 Pid 266529 on  nid006487 device  0 [0029:01:00] NVIDIA GH200 120GB
  0: #  Rank 15 Group  0 Pid 266530 on  nid006487 device  0 [0039:01:00] NVIDIA GH200 120GB
  0: #  Rank 16 Group  0 Pid  94453 on  nid006491 device  0 [0009:01:00] NVIDIA GH200 120GB
  0: #  Rank 17 Group  0 Pid  94454 on  nid006491 device  0 [0019:01:00] NVIDIA GH200 120GB
  0: #  Rank 18 Group  0 Pid  94455 on  nid006491 device  0 [0029:01:00] NVIDIA GH200 120GB
  0: #  Rank 19 Group  0 Pid  94456 on  nid006491 device  0 [0039:01:00] NVIDIA GH200 120GB
  0: #  Rank 20 Group  0 Pid 136291 on  nid006492 device  0 [0009:01:00] NVIDIA GH200 120GB
  0: #  Rank 21 Group  0 Pid 136292 on  nid006492 device  0 [0019:01:00] NVIDIA GH200 120GB
  0: #  Rank 22 Group  0 Pid 136293 on  nid006492 device  0 [0029:01:00] NVIDIA GH200 120GB
  0: #  Rank 23 Group  0 Pid 136294 on  nid006492 device  0 [0039:01:00] NVIDIA GH200 120GB
  0: #  Rank 24 Group  0 Pid 252016 on  nid006495 device  0 [0009:01:00] NVIDIA GH200 120GB
  0: #  Rank 25 Group  0 Pid 252017 on  nid006495 device  0 [0019:01:00] NVIDIA GH200 120GB
  0: #  Rank 26 Group  0 Pid 252018 on  nid006495 device  0 [0029:01:00] NVIDIA GH200 120GB
  0: #  Rank 27 Group  0 Pid 252019 on  nid006495 device  0 [0039:01:00] NVIDIA GH200 120GB
  0: #  Rank 28 Group  0 Pid 221922 on  nid006503 device  0 [0009:01:00] NVIDIA GH200 120GB
  0: #  Rank 29 Group  0 Pid 221923 on  nid006503 device  0 [0019:01:00] NVIDIA GH200 120GB
  0: #  Rank 30 Group  0 Pid 221924 on  nid006503 device  0 [0029:01:00] NVIDIA GH200 120GB
  0: #  Rank 31 Group  0 Pid 221925 on  nid006503 device  0 [0039:01:00] NVIDIA GH200 120GB
  0: #  Rank 32 Group  0 Pid 282431 on  nid006504 device  0 [0009:01:00] NVIDIA GH200 120GB
  0: #  Rank 33 Group  0 Pid 282432 on  nid006504 device  0 [0019:01:00] NVIDIA GH200 120GB
  0: #  Rank 34 Group  0 Pid 282433 on  nid006504 device  0 [0029:01:00] NVIDIA GH200 120GB
  0: #  Rank 35 Group  0 Pid 282434 on  nid006504 device  0 [0039:01:00] NVIDIA GH200 120GB
  0: #  Rank 36 Group  0 Pid 137288 on  nid006508 device  0 [0009:01:00] NVIDIA GH200 120GB
  0: #  Rank 37 Group  0 Pid 137289 on  nid006508 device  0 [0019:01:00] NVIDIA GH200 120GB
  0: #  Rank 38 Group  0 Pid 137290 on  nid006508 device  0 [0029:01:00] NVIDIA GH200 120GB
  0: #  Rank 39 Group  0 Pid 137291 on  nid006508 device  0 [0039:01:00] NVIDIA GH200 120GB
  0: #  Rank 40 Group  0 Pid 202297 on  nid006509 device  0 [0009:01:00] NVIDIA GH200 120GB
  0: #  Rank 41 Group  0 Pid 202298 on  nid006509 device  0 [0019:01:00] NVIDIA GH200 120GB
  0: #  Rank 42 Group  0 Pid 202299 on  nid006509 device  0 [0029:01:00] NVIDIA GH200 120GB
  0: #  Rank 43 Group  0 Pid 202300 on  nid006509 device  0 [0039:01:00] NVIDIA GH200 120GB
  0: #  Rank 44 Group  0 Pid 192317 on  nid006513 device  0 [0009:01:00] NVIDIA GH200 120GB
  0: #  Rank 45 Group  0 Pid 192318 on  nid006513 device  0 [0019:01:00] NVIDIA GH200 120GB
  0: #  Rank 46 Group  0 Pid 192319 on  nid006513 device  0 [0029:01:00] NVIDIA GH200 120GB
  0: #  Rank 47 Group  0 Pid 192320 on  nid006513 device  0 [0039:01:00] NVIDIA GH200 120GB
  0: #  Rank 48 Group  0 Pid 125943 on  nid006526 device  0 [0009:01:00] NVIDIA GH200 120GB
  0: #  Rank 49 Group  0 Pid 125944 on  nid006526 device  0 [0019:01:00] NVIDIA GH200 120GB
  0: #  Rank 50 Group  0 Pid 125945 on  nid006526 device  0 [0029:01:00] NVIDIA GH200 120GB
  0: #  Rank 51 Group  0 Pid 125946 on  nid006526 device  0 [0039:01:00] NVIDIA GH200 120GB
  0: #  Rank 52 Group  0 Pid  82614 on  nid006528 device  0 [0009:01:00] NVIDIA GH200 120GB
  0: #  Rank 53 Group  0 Pid  82615 on  nid006528 device  0 [0019:01:00] NVIDIA GH200 120GB
  0: #  Rank 54 Group  0 Pid  82616 on  nid006528 device  0 [0029:01:00] NVIDIA GH200 120GB
  0: #  Rank 55 Group  0 Pid  82617 on  nid006528 device  0 [0039:01:00] NVIDIA GH200 120GB
  0: #  Rank 56 Group  0 Pid  87241 on  nid006529 device  0 [0009:01:00] NVIDIA GH200 120GB
  0: #  Rank 57 Group  0 Pid  87242 on  nid006529 device  0 [0019:01:00] NVIDIA GH200 120GB
  0: #  Rank 58 Group  0 Pid  87243 on  nid006529 device  0 [0029:01:00] NVIDIA GH200 120GB
  0: #  Rank 59 Group  0 Pid  87244 on  nid006529 device  0 [0039:01:00] NVIDIA GH200 120GB
  0: #  Rank 60 Group  0 Pid 289130 on  nid006531 device  0 [0009:01:00] NVIDIA GH200 120GB
  0: #  Rank 61 Group  0 Pid 289131 on  nid006531 device  0 [0019:01:00] NVIDIA GH200 120GB
  0: #  Rank 62 Group  0 Pid 289132 on  nid006531 device  0 [0029:01:00] NVIDIA GH200 120GB
  0: #  Rank 63 Group  0 Pid 289133 on  nid006531 device  0 [0039:01:00] NVIDIA GH200 120GB
  0: #  Rank 64 Group  0 Pid 199408 on  nid006537 device  0 [0009:01:00] NVIDIA GH200 120GB
  0: #  Rank 65 Group  0 Pid 199409 on  nid006537 device  0 [0019:01:00] NVIDIA GH200 120GB
  0: #  Rank 66 Group  0 Pid 199410 on  nid006537 device  0 [0029:01:00] NVIDIA GH200 120GB
  0: #  Rank 67 Group  0 Pid 199411 on  nid006537 device  0 [0039:01:00] NVIDIA GH200 120GB
  0: #  Rank 68 Group  0 Pid 105732 on  nid006547 device  0 [0009:01:00] NVIDIA GH200 120GB
  0: #  Rank 69 Group  0 Pid 105733 on  nid006547 device  0 [0019:01:00] NVIDIA GH200 120GB
  0: #  Rank 70 Group  0 Pid 105734 on  nid006547 device  0 [0029:01:00] NVIDIA GH200 120GB
  0: #  Rank 71 Group  0 Pid 105735 on  nid006547 device  0 [0039:01:00] NVIDIA GH200 120GB
  0: #  Rank 72 Group  0 Pid 124578 on  nid006548 device  0 [0009:01:00] NVIDIA GH200 120GB
  0: #  Rank 73 Group  0 Pid 124579 on  nid006548 device  0 [0019:01:00] NVIDIA GH200 120GB
  0: #  Rank 74 Group  0 Pid 124580 on  nid006548 device  0 [0029:01:00] NVIDIA GH200 120GB
  0: #  Rank 75 Group  0 Pid 124581 on  nid006548 device  0 [0039:01:00] NVIDIA GH200 120GB
  0: #  Rank 76 Group  0 Pid 164192 on  nid006556 device  0 [0009:01:00] NVIDIA GH200 120GB
  0: #  Rank 77 Group  0 Pid 164193 on  nid006556 device  0 [0019:01:00] NVIDIA GH200 120GB
  0: #  Rank 78 Group  0 Pid 164194 on  nid006556 device  0 [0029:01:00] NVIDIA GH200 120GB
  0: #  Rank 79 Group  0 Pid 164195 on  nid006556 device  0 [0039:01:00] NVIDIA GH200 120GB
  0: #  Rank 80 Group  0 Pid 151119 on  nid006557 device  0 [0009:01:00] NVIDIA GH200 120GB
  0: #  Rank 81 Group  0 Pid 151120 on  nid006557 device  0 [0019:01:00] NVIDIA GH200 120GB
  0: #  Rank 82 Group  0 Pid 151121 on  nid006557 device  0 [0029:01:00] NVIDIA GH200 120GB
  0: #  Rank 83 Group  0 Pid 151122 on  nid006557 device  0 [0039:01:00] NVIDIA GH200 120GB
  0: #  Rank 84 Group  0 Pid  13820 on  nid006558 device  0 [0009:01:00] NVIDIA GH200 120GB
  0: #  Rank 85 Group  0 Pid  13821 on  nid006558 device  0 [0019:01:00] NVIDIA GH200 120GB
  0: #  Rank 86 Group  0 Pid  13822 on  nid006558 device  0 [0029:01:00] NVIDIA GH200 120GB
  0: #  Rank 87 Group  0 Pid  13823 on  nid006558 device  0 [0039:01:00] NVIDIA GH200 120GB
  0: #  Rank 88 Group  0 Pid 264901 on  nid006560 device  0 [0009:01:00] NVIDIA GH200 120GB
  0: #  Rank 89 Group  0 Pid 264902 on  nid006560 device  0 [0019:01:00] NVIDIA GH200 120GB
  0: #  Rank 90 Group  0 Pid 264903 on  nid006560 device  0 [0029:01:00] NVIDIA GH200 120GB
  0: #  Rank 91 Group  0 Pid 264904 on  nid006560 device  0 [0039:01:00] NVIDIA GH200 120GB
  0: #  Rank 92 Group  0 Pid 222027 on  nid006561 device  0 [0009:01:00] NVIDIA GH200 120GB
  0: #  Rank 93 Group  0 Pid 222028 on  nid006561 device  0 [0019:01:00] NVIDIA GH200 120GB
  0: #  Rank 94 Group  0 Pid 222029 on  nid006561 device  0 [0029:01:00] NVIDIA GH200 120GB
  0: #  Rank 95 Group  0 Pid 222030 on  nid006561 device  0 [0039:01:00] NVIDIA GH200 120GB
  0: #  Rank 96 Group  0 Pid 234831 on  nid006563 device  0 [0009:01:00] NVIDIA GH200 120GB
  0: #  Rank 97 Group  0 Pid 234832 on  nid006563 device  0 [0019:01:00] NVIDIA GH200 120GB
  0: #  Rank 98 Group  0 Pid 234833 on  nid006563 device  0 [0029:01:00] NVIDIA GH200 120GB
  0: #  Rank 99 Group  0 Pid 234834 on  nid006563 device  0 [0039:01:00] NVIDIA GH200 120GB
  0: #  Rank 100 Group  0 Pid 148913 on  nid006564 device  0 [0009:01:00] NVIDIA GH200 120GB
  0: #  Rank 101 Group  0 Pid 148914 on  nid006564 device  0 [0019:01:00] NVIDIA GH200 120GB
  0: #  Rank 102 Group  0 Pid 148915 on  nid006564 device  0 [0029:01:00] NVIDIA GH200 120GB
  0: #  Rank 103 Group  0 Pid 148916 on  nid006564 device  0 [0039:01:00] NVIDIA GH200 120GB
  0: #  Rank 104 Group  0 Pid 249604 on  nid006905 device  0 [0009:01:00] NVIDIA GH200 120GB
  0: #  Rank 105 Group  0 Pid 249605 on  nid006905 device  0 [0019:01:00] NVIDIA GH200 120GB
  0: #  Rank 106 Group  0 Pid 249606 on  nid006905 device  0 [0029:01:00] NVIDIA GH200 120GB
  0: #  Rank 107 Group  0 Pid 249607 on  nid006905 device  0 [0039:01:00] NVIDIA GH200 120GB
  0: #  Rank 108 Group  0 Pid 217263 on  nid006907 device  0 [0009:01:00] NVIDIA GH200 120GB
  0: #  Rank 109 Group  0 Pid 217264 on  nid006907 device  0 [0019:01:00] NVIDIA GH200 120GB
  0: #  Rank 110 Group  0 Pid 217265 on  nid006907 device  0 [0029:01:00] NVIDIA GH200 120GB
  0: #  Rank 111 Group  0 Pid 217266 on  nid006907 device  0 [0039:01:00] NVIDIA GH200 120GB
  0: #  Rank 112 Group  0 Pid 186460 on  nid006908 device  0 [0009:01:00] NVIDIA GH200 120GB
  0: #  Rank 113 Group  0 Pid 186461 on  nid006908 device  0 [0019:01:00] NVIDIA GH200 120GB
  0: #  Rank 114 Group  0 Pid 186462 on  nid006908 device  0 [0029:01:00] NVIDIA GH200 120GB
  0: #  Rank 115 Group  0 Pid 186463 on  nid006908 device  0 [0039:01:00] NVIDIA GH200 120GB
  0: #  Rank 116 Group  0 Pid 215069 on  nid006909 device  0 [0009:01:00] NVIDIA GH200 120GB
  0: #  Rank 117 Group  0 Pid 215070 on  nid006909 device  0 [0019:01:00] NVIDIA GH200 120GB
  0: #  Rank 118 Group  0 Pid 215071 on  nid006909 device  0 [0029:01:00] NVIDIA GH200 120GB
  0: #  Rank 119 Group  0 Pid 215072 on  nid006909 device  0 [0039:01:00] NVIDIA GH200 120GB
  0: #  Rank 120 Group  0 Pid 290318 on  nid007026 device  0 [0009:01:00] NVIDIA GH200 120GB
  0: #  Rank 121 Group  0 Pid 290319 on  nid007026 device  0 [0019:01:00] NVIDIA GH200 120GB
  0: #  Rank 122 Group  0 Pid 290320 on  nid007026 device  0 [0029:01:00] NVIDIA GH200 120GB
  0: #  Rank 123 Group  0 Pid 290321 on  nid007026 device  0 [0039:01:00] NVIDIA GH200 120GB
  0: #  Rank 124 Group  0 Pid 254111 on  nid007032 device  0 [0009:01:00] NVIDIA GH200 120GB
  0: #  Rank 125 Group  0 Pid 254112 on  nid007032 device  0 [0019:01:00] NVIDIA GH200 120GB
  0: #  Rank 126 Group  0 Pid 254113 on  nid007032 device  0 [0029:01:00] NVIDIA GH200 120GB
  0: #  Rank 127 Group  0 Pid 254114 on  nid007032 device  0 [0039:01:00] NVIDIA GH200 120GB
  0: #
  0: #                                                              out-of-place                       in-place          
  0: #       size         count      type   redop    root     time   algbw   busbw #wrong     time   algbw   busbw #wrong
  0: #        (B)    (elements)                               (us)  (GB/s)  (GB/s)            (us)  (GB/s)  (GB/s)       
  0:            8             2     float     sum      -1    943.8    0.00    0.00      0   1201.4    0.00    0.00      0
  0:           16             4     float     sum      -1    857.1    0.00    0.00      0    853.7    0.00    0.00      0
  0:           32             8     float     sum      -1    845.6    0.00    0.00      0    888.9    0.00    0.00      0
  0:           64            16     float     sum      -1    860.4    0.00    0.00      0    884.8    0.00    0.00      0
  0:          128            32     float     sum      -1    990.4    0.00    0.00      0   2311.2    0.00    0.00      0
  0:          256            64     float     sum      -1    806.6    0.00    0.00      0    922.8    0.00    0.00      0
  0:          512           128     float     sum      -1    829.8    0.00    0.00      0    817.7    0.00    0.00      0
  0:         1024           256     float     sum      -1    816.7    0.00    0.00      0    807.5    0.00    0.00      0
  0:         2048           512     float     sum      -1    815.8    0.00    0.00      0   1269.9    0.00    0.00      0
  0:         4096          1024     float     sum      -1    894.3    0.00    0.01      0    890.8    0.00    0.01      0
  0:         8192          2048     float     sum      -1   1707.8    0.00    0.01      0   1328.5    0.01    0.01      0
  0:        16384          4096     float     sum      -1   2918.0    0.01    0.01      0   2939.5    0.01    0.01      0
  0:        32768          8192     float     sum      -1   3565.8    0.01    0.02      0   3535.4    0.01    0.02      0
  0:        65536         16384     float     sum      -1   4213.7    0.02    0.03      0   4027.3    0.02    0.03      0
  0:       131072         32768     float     sum      -1   4515.0    0.03    0.06      0   4354.4    0.03    0.06      0
  0:       262144         65536     float     sum      -1   4226.8    0.06    0.12      0   4267.9    0.06    0.12      0
