 0: # nThread 1 nGpus 1 minBytes 8 maxBytes 4294967296 step: 2(factor) warmup iters: 8 iters: 24 agg iters: 1 validation: 1 graph: 0
 0: #
 0: # Using devices
 0: #  Rank  0 Group  0 Pid  15356 on  nid006478 device  0 [0009:01:00] NVIDIA GH200 120GB
 0: #  Rank  1 Group  0 Pid  15357 on  nid006478 device  0 [0019:01:00] NVIDIA GH200 120GB
 0: #  Rank  2 Group  0 Pid  15358 on  nid006478 device  0 [0029:01:00] NVIDIA GH200 120GB
 0: #  Rank  3 Group  0 Pid  15359 on  nid006478 device  0 [0039:01:00] NVIDIA GH200 120GB
 0: #  Rank  4 Group  0 Pid 191025 on  nid006479 device  0 [0009:01:00] NVIDIA GH200 120GB
 0: #  Rank  5 Group  0 Pid 191026 on  nid006479 device  0 [0019:01:00] NVIDIA GH200 120GB
 0: #  Rank  6 Group  0 Pid 191027 on  nid006479 device  0 [0029:01:00] NVIDIA GH200 120GB
 0: #  Rank  7 Group  0 Pid 191028 on  nid006479 device  0 [0039:01:00] NVIDIA GH200 120GB
 0: #  Rank  8 Group  0 Pid  17368 on  nid006484 device  0 [0009:01:00] NVIDIA GH200 120GB
 0: #  Rank  9 Group  0 Pid  17369 on  nid006484 device  0 [0019:01:00] NVIDIA GH200 120GB
 0: #  Rank 10 Group  0 Pid  17370 on  nid006484 device  0 [0029:01:00] NVIDIA GH200 120GB
 0: #  Rank 11 Group  0 Pid  17371 on  nid006484 device  0 [0039:01:00] NVIDIA GH200 120GB
 0: #  Rank 12 Group  0 Pid 257950 on  nid006487 device  0 [0009:01:00] NVIDIA GH200 120GB
 0: #  Rank 13 Group  0 Pid 257951 on  nid006487 device  0 [0019:01:00] NVIDIA GH200 120GB
 0: #  Rank 14 Group  0 Pid 257952 on  nid006487 device  0 [0029:01:00] NVIDIA GH200 120GB
 0: #  Rank 15 Group  0 Pid 257953 on  nid006487 device  0 [0039:01:00] NVIDIA GH200 120GB
 0: #  Rank 16 Group  0 Pid  85845 on  nid006491 device  0 [0009:01:00] NVIDIA GH200 120GB
 0: #  Rank 17 Group  0 Pid  85846 on  nid006491 device  0 [0019:01:00] NVIDIA GH200 120GB
 0: #  Rank 18 Group  0 Pid  85847 on  nid006491 device  0 [0029:01:00] NVIDIA GH200 120GB
 0: #  Rank 19 Group  0 Pid  85848 on  nid006491 device  0 [0039:01:00] NVIDIA GH200 120GB
 0: #  Rank 20 Group  0 Pid 127723 on  nid006492 device  0 [0009:01:00] NVIDIA GH200 120GB
 0: #  Rank 21 Group  0 Pid 127724 on  nid006492 device  0 [0019:01:00] NVIDIA GH200 120GB
 0: #  Rank 22 Group  0 Pid 127725 on  nid006492 device  0 [0029:01:00] NVIDIA GH200 120GB
 0: #  Rank 23 Group  0 Pid 127726 on  nid006492 device  0 [0039:01:00] NVIDIA GH200 120GB
 0: #  Rank 24 Group  0 Pid 243421 on  nid006495 device  0 [0009:01:00] NVIDIA GH200 120GB
 0: #  Rank 25 Group  0 Pid 243422 on  nid006495 device  0 [0019:01:00] NVIDIA GH200 120GB
 0: #  Rank 26 Group  0 Pid 243423 on  nid006495 device  0 [0029:01:00] NVIDIA GH200 120GB
 0: #  Rank 27 Group  0 Pid 243424 on  nid006495 device  0 [0039:01:00] NVIDIA GH200 120GB
 0: #  Rank 28 Group  0 Pid 213204 on  nid006503 device  0 [0009:01:00] NVIDIA GH200 120GB
 0: #  Rank 29 Group  0 Pid 213205 on  nid006503 device  0 [0019:01:00] NVIDIA GH200 120GB
 0: #  Rank 30 Group  0 Pid 213206 on  nid006503 device  0 [0029:01:00] NVIDIA GH200 120GB
 0: #  Rank 31 Group  0 Pid 213207 on  nid006503 device  0 [0039:01:00] NVIDIA GH200 120GB
 0: #  Rank 32 Group  0 Pid 273855 on  nid006504 device  0 [0009:01:00] NVIDIA GH200 120GB
 0: #  Rank 33 Group  0 Pid 273856 on  nid006504 device  0 [0019:01:00] NVIDIA GH200 120GB
 0: #  Rank 34 Group  0 Pid 273857 on  nid006504 device  0 [0029:01:00] NVIDIA GH200 120GB
 0: #  Rank 35 Group  0 Pid 273858 on  nid006504 device  0 [0039:01:00] NVIDIA GH200 120GB
 0: #  Rank 36 Group  0 Pid 128695 on  nid006508 device  0 [0009:01:00] NVIDIA GH200 120GB
 0: #  Rank 37 Group  0 Pid 128696 on  nid006508 device  0 [0019:01:00] NVIDIA GH200 120GB
 0: #  Rank 38 Group  0 Pid 128697 on  nid006508 device  0 [0029:01:00] NVIDIA GH200 120GB
 0: #  Rank 39 Group  0 Pid 128698 on  nid006508 device  0 [0039:01:00] NVIDIA GH200 120GB
 0: #  Rank 40 Group  0 Pid 193815 on  nid006509 device  0 [0009:01:00] NVIDIA GH200 120GB
 0: #  Rank 41 Group  0 Pid 193816 on  nid006509 device  0 [0019:01:00] NVIDIA GH200 120GB
 0: #  Rank 42 Group  0 Pid 193817 on  nid006509 device  0 [0029:01:00] NVIDIA GH200 120GB
 0: #  Rank 43 Group  0 Pid 193818 on  nid006509 device  0 [0039:01:00] NVIDIA GH200 120GB
 0: #  Rank 44 Group  0 Pid 183696 on  nid006513 device  0 [0009:01:00] NVIDIA GH200 120GB
 0: #  Rank 45 Group  0 Pid 183697 on  nid006513 device  0 [0019:01:00] NVIDIA GH200 120GB
 0: #  Rank 46 Group  0 Pid 183698 on  nid006513 device  0 [0029:01:00] NVIDIA GH200 120GB
 0: #  Rank 47 Group  0 Pid 183699 on  nid006513 device  0 [0039:01:00] NVIDIA GH200 120GB
 0: #  Rank 48 Group  0 Pid 117319 on  nid006526 device  0 [0009:01:00] NVIDIA GH200 120GB
 0: #  Rank 49 Group  0 Pid 117320 on  nid006526 device  0 [0019:01:00] NVIDIA GH200 120GB
 0: #  Rank 50 Group  0 Pid 117321 on  nid006526 device  0 [0029:01:00] NVIDIA GH200 120GB
 0: #  Rank 51 Group  0 Pid 117322 on  nid006526 device  0 [0039:01:00] NVIDIA GH200 120GB
 0: #  Rank 52 Group  0 Pid  74051 on  nid006528 device  0 [0009:01:00] NVIDIA GH200 120GB
 0: #  Rank 53 Group  0 Pid  74052 on  nid006528 device  0 [0019:01:00] NVIDIA GH200 120GB
 0: #  Rank 54 Group  0 Pid  74053 on  nid006528 device  0 [0029:01:00] NVIDIA GH200 120GB
 0: #  Rank 55 Group  0 Pid  74054 on  nid006528 device  0 [0039:01:00] NVIDIA GH200 120GB
 0: #  Rank 56 Group  0 Pid  78633 on  nid006529 device  0 [0009:01:00] NVIDIA GH200 120GB
 0: #  Rank 57 Group  0 Pid  78634 on  nid006529 device  0 [0019:01:00] NVIDIA GH200 120GB
 0: #  Rank 58 Group  0 Pid  78635 on  nid006529 device  0 [0029:01:00] NVIDIA GH200 120GB
 0: #  Rank 59 Group  0 Pid  78636 on  nid006529 device  0 [0039:01:00] NVIDIA GH200 120GB
 0: #  Rank 60 Group  0 Pid 280633 on  nid006531 device  0 [0009:01:00] NVIDIA GH200 120GB
 0: #  Rank 61 Group  0 Pid 280634 on  nid006531 device  0 [0019:01:00] NVIDIA GH200 120GB
 0: #  Rank 62 Group  0 Pid 280635 on  nid006531 device  0 [0029:01:00] NVIDIA GH200 120GB
 0: #  Rank 63 Group  0 Pid 280636 on  nid006531 device  0 [0039:01:00] NVIDIA GH200 120GB
 0: #
 0: #                                                              out-of-place                       in-place          
 0: #       size         count      type   redop    root     time   algbw   busbw #wrong     time   algbw   busbw #wrong
 0: #        (B)    (elements)                               (us)  (GB/s)  (GB/s)            (us)  (GB/s)  (GB/s)       
