0: # nThread 1 nGpus 1 minBytes 8 maxBytes 4294967296 step: 2(factor) warmup iters: 8 iters: 24 agg iters: 1 validation: 1 graph: 0
0: #
0: # Using devices
0: #  Rank  0 Group  0 Pid 216641 on  nid006961 device  0 [0009:01:00] NVIDIA GH200 120GB
0: #  Rank  1 Group  0 Pid 216642 on  nid006961 device  0 [0019:01:00] NVIDIA GH200 120GB
0: #  Rank  2 Group  0 Pid 216643 on  nid006961 device  0 [0029:01:00] NVIDIA GH200 120GB
0: #  Rank  3 Group  0 Pid 216644 on  nid006961 device  0 [0039:01:00] NVIDIA GH200 120GB
0: #  Rank  4 Group  0 Pid  66848 on  nid007120 device  0 [0009:01:00] NVIDIA GH200 120GB
0: #  Rank  5 Group  0 Pid  66849 on  nid007120 device  0 [0019:01:00] NVIDIA GH200 120GB
0: #  Rank  6 Group  0 Pid  66850 on  nid007120 device  0 [0029:01:00] NVIDIA GH200 120GB
0: #  Rank  7 Group  0 Pid  66851 on  nid007120 device  0 [0039:01:00] NVIDIA GH200 120GB
0: #
0: #                                                              out-of-place                       in-place          
0: #       size         count      type   redop    root     time   algbw   busbw #wrong     time   algbw   busbw #wrong
0: #        (B)    (elements)                               (us)  (GB/s)  (GB/s)            (us)  (GB/s)  (GB/s)       
0:            8             2     float     sum      -1    18.19    0.00    0.00      0    17.68    0.00    0.00      0
0:           16             4     float     sum      -1    17.64    0.00    0.00      0    17.66    0.00    0.00      0
0:           32             8     float     sum      -1    17.64    0.00    0.00      0    17.47    0.00    0.00      0
0:           64            16     float     sum      -1    19.06    0.00    0.01      0    18.90    0.00    0.01      0
0:          128            32     float     sum      -1    19.22    0.01    0.01      0    19.05    0.01    0.01      0
0:          256            64     float     sum      -1    19.64    0.01    0.02      0    19.49    0.01    0.02      0
0:          512           128     float     sum      -1    19.66    0.03    0.05      0    19.93    0.03    0.04      0
0:         1024           256     float     sum      -1    20.89    0.05    0.09      0    20.30    0.05    0.09      0
0:         2048           512     float     sum      -1    21.61    0.09    0.17      0    21.22    0.10    0.17      0
0:         4096          1024     float     sum      -1    39.22    0.10    0.18      0    38.94    0.11    0.18      0
0:         8192          2048     float     sum      -1    40.47    0.20    0.35      0    39.92    0.21    0.36      0
0:        16384          4096     float     sum      -1    41.40    0.40    0.69      0    41.25    0.40    0.70      0
0:        32768          8192     float     sum      -1    42.02    0.78    1.36      0    41.52    0.79    1.38      0
0:        65536         16384     float     sum      -1    70.72    0.93    1.62      0    70.79    0.93    1.62      0
0:       131072         32768     float     sum      -1    78.31    1.67    2.93      0    78.90    1.66    2.91      0
0:       262144         65536     float     sum      -1    100.3    2.61    4.57      0    99.52    2.63    4.61      0
0:       524288        131072     float     sum      -1    108.3    4.84    8.47      0    191.5    2.74    4.79      0
0:      1048576        262144     float     sum      -1    126.9    8.26   14.46      0    126.8    8.27   14.47      0
0:      2097152        524288     float     sum      -1    189.3   11.08   19.39      0    203.2   10.32   18.07      0
0:      4194304       1048576     float     sum      -1    287.3   14.60   25.55      0    314.4   13.34   23.35      0
0:      8388608       2097152     float     sum      -1    564.4   14.86   26.01      0    387.3   21.66   37.90      0
0:     16777216       4194304     float     sum      -1    464.3   36.14   63.24      0    491.5   34.13   59.73      0
0:     33554432       8388608     float     sum      -1  2153572    0.02    0.03      0   1039.0   32.30   56.52      0
0:     67108864      16777216     float     sum      -1   1194.4   56.19   98.32      0   1211.3   55.40   96.95      0
0:    134217728      33554432     float     sum      -1   1970.2   68.12  119.22      0   2000.5   67.09  117.41      0
0:    268435456      67108864     float     sum      -1   3494.0   76.83  134.45      0   3511.5   76.44  133.78      0
0:    536870912     134217728     float     sum      -1   6541.1   82.08  143.63      0   6593.3   81.43  142.50      0
0:   1073741824     268435456     float     sum      -1    12603   85.20  149.09      0    12650   84.88  148.54      0
0:   2147483648     536870912     float     sum      -1    24814   86.54  151.45      0    24907   86.22  150.88      0
0:   4294967296    1073741824     float     sum      -1    49157   87.37  152.90      0    49464   86.83  151.95      0
0:            8             2     float     sum      -1    18.63    0.00    0.00      0    17.84    0.00    0.00      0
0:           16             4     float     sum      -1    17.72    0.00    0.00      0    17.38    0.00    0.00      0
0:           32             8     float     sum      -1    17.80    0.00    0.00      0    17.54    0.00    0.00      0
0:           64            16     float     sum      -1    19.36    0.00    0.01      0    19.18    0.00    0.01      0
0:          128            32     float     sum      -1    19.51    0.01    0.01      0    19.42    0.01    0.01      0
0:          256            64     float     sum      -1    19.64    0.01    0.02      0    19.44    0.01    0.02      0
0:          512           128     float     sum      -1    19.91    0.03    0.04      0    19.85    0.03    0.05      0
0:         1024           256     float     sum      -1    20.79    0.05    0.09      0    20.33    0.05    0.09      0
0:         2048           512     float     sum      -1    21.29    0.10    0.17      0    21.40    0.10    0.17      0
0:         4096          1024     float     sum      -1    39.33    0.10    0.18      0    39.11    0.10    0.18      0
0:         8192          2048     float     sum      -1    40.31    0.20    0.36      0    39.98    0.20    0.36      0
0:        16384          4096     float     sum      -1    47.54    0.34    0.60      0    47.49    0.35    0.60      0
0:        32768          8192     float     sum      -1    56.80    0.58    1.01      0    55.53    0.59    1.03      0
0:        65536         16384     float     sum      -1    108.3    0.60    1.06      0    105.8    0.62    1.08      0
0:       131072         32768     float     sum      -1    273.1    0.48    0.84      0    273.9    0.48    0.84      0
0:       262144         65536     float     sum      -1    368.8    0.71    1.24      0    349.0    0.75    1.31      0
0:       524288        131072     float     sum      -1    433.3    1.21    2.12      0    376.9    1.39    2.43      0
0:      1048576        262144     float     sum      -1    523.5    2.00    3.51      0    501.4    2.09    3.66      0
0:      2097152        524288     float     sum      -1    214.0    9.80   17.15      0    210.3    9.97   17.45      0
0:      4194304       1048576     float     sum      -1    313.5   13.38   23.41      0    324.2   12.94   22.64      0
0:      8388608       2097152     float     sum      -1    371.9   22.56   39.48      0    399.0   21.02   36.79      0
0:     16777216       4194304     float     sum      -1    498.1   33.68   58.94      0    502.2   33.41   58.46      0
0:     33554432       8388608     float     sum      -1  2258046    0.01    0.03      0   1055.8   31.78   55.62      0
0:     67108864      16777216     float     sum      -1   1194.7   56.17   98.30      0   1223.6   54.84   95.98      0
0:    134217728      33554432     float     sum      -1   1971.0   68.10  119.17      0   2016.8   66.55  116.47      0
0:    268435456      67108864     float     sum      -1   3479.6   77.15  135.00      0   3512.5   76.42  133.74      0
0:    536870912     134217728     float     sum      -1   6536.3   82.14  143.74      0   6557.6   81.87  143.27      0
0:   1073741824     268435456     float     sum      -1    12650   84.88  148.54      0    12694   84.59  148.03      0
0:   2147483648     536870912     float     sum      -1    24819   86.53  151.42      0    24897   86.25  150.94      0
0:   4294967296    1073741824     float     sum      -1    49248   87.21  152.62      0    49386   86.97  152.19      0
0:            8             2     float     sum      -1    18.56    0.00    0.00      0    17.75    0.00    0.00      0
0:           16             4     float     sum      -1    17.51    0.00    0.00      0    17.52    0.00    0.00      0
0:           32             8     float     sum      -1    17.49    0.00    0.00      0    17.65    0.00    0.00      0
0:           64            16     float     sum      -1    19.18    0.00    0.01      0    19.01    0.00    0.01      0
0:          128            32     float     sum      -1    19.31    0.01    0.01      0    19.19    0.01    0.01      0
0:          256            64     float     sum      -1    19.54    0.01    0.02      0    19.67    0.01    0.02      0
0:          512           128     float     sum      -1    20.03    0.03    0.04      0    19.89    0.03    0.05      0
0:         1024           256     float     sum      -1    20.74    0.05    0.09      0    20.22    0.05    0.09      0
0:         2048           512     float     sum      -1    21.33    0.10    0.17      0    21.28    0.10    0.17      0
0:         4096          1024     float     sum      -1    39.17    0.10    0.18      0    39.09    0.10    0.18      0
0:         8192          2048     float     sum      -1    40.21    0.20    0.36      0    39.91    0.21    0.36      0
0:        16384          4096     float     sum      -1    50.99    0.32    0.56      0    46.93    0.35    0.61      0
0:        32768          8192     float     sum      -1    58.35    0.56    0.98      0    54.91    0.60    1.04      0
0:        65536         16384     float     sum      -1    108.1    0.61    1.06      0    105.6    0.62    1.09      0
0:       131072         32768     float     sum      -1    282.1    0.46    0.81      0    267.6    0.49    0.86      0
0:       262144         65536     float     sum      -1    364.9    0.72    1.26      0    325.5    0.81    1.41      0
0:       524288        131072     float     sum      -1    395.8    1.32    2.32      0    401.2    1.31    2.29      0
0:      1048576        262144     float     sum      -1    452.7    2.32    4.05      0    484.2    2.17    3.79      0
0:      2097152        524288     float     sum      -1    200.8   10.45   18.28      0    217.8    9.63   16.85      0
0:      4194304       1048576     float     sum      -1    302.9   13.85   24.23      0    323.7   12.96   22.68      0
0:      8388608       2097152     float     sum      -1    377.2   22.24   38.92      0    389.9   21.51   37.65      0
0:     16777216       4194304     float     sum      -1    488.8   34.32   60.06      0    518.8   32.34   56.59      0
0:     33554432       8388608     float     sum      -1  2297465    0.01    0.03      0   1026.9   32.67   57.18      0
0:     67108864      16777216     float     sum      -1   1188.5   56.47   98.82      0   1209.7   55.48   97.08      0
0:    134217728      33554432     float     sum      -1   1964.3   68.33  119.58      0   2016.7   66.55  116.47      0
0:    268435456      67108864     float     sum      -1   3508.4   76.51  133.90      0   3508.1   76.52  133.91      0
0:    536870912     134217728     float     sum      -1   6540.2   82.09  143.65      0   6553.0   81.93  143.37      0
0:   1073741824     268435456     float     sum      -1    12628   85.03  148.80      0    12666   84.77  148.35      0
0:   2147483648     536870912     float     sum      -1    24841   86.45  151.29      0    24927   86.15  150.77      0
0:   4294967296    1073741824     float     sum      -1    49218   87.26  152.71      0    49307   87.11  152.44      0
0:            8             2     float     sum      -1    18.22    0.00    0.00      0    17.58    0.00    0.00      0
0:           16             4     float     sum      -1    17.43    0.00    0.00      0    17.37    0.00    0.00      0
0:           32             8     float     sum      -1    17.61    0.00    0.00      0    17.79    0.00    0.00      0
0:           64            16     float     sum      -1    19.20    0.00    0.01      0    19.03    0.00    0.01      0
0:          128            32     float     sum      -1    19.40    0.01    0.01      0    19.38    0.01    0.01      0
0:          256            64     float     sum      -1    19.62    0.01    0.02      0    19.23    0.01    0.02      0
0:          512           128     float     sum      -1    20.00    0.03    0.04      0    19.74    0.03    0.05      0
0:         1024           256     float     sum      -1    20.56    0.05    0.09      0    20.35    0.05    0.09      0
0:         2048           512     float     sum      -1    21.78    0.09    0.16      0    21.32    0.10    0.17      0
0:         4096          1024     float     sum      -1    39.57    0.10    0.18      0    38.84    0.11    0.18      0
0:         8192          2048     float     sum      -1    40.15    0.20    0.36      0    39.54    0.21    0.36      0
0:        16384          4096     float     sum      -1    46.08    0.36    0.62      0    46.08    0.36    0.62      0
0:        32768          8192     float     sum      -1    62.69    0.52    0.91      0    60.29    0.54    0.95      0
0:        65536         16384     float     sum      -1    109.9    0.60    1.04      0    127.1    0.52    0.90      0
0:       131072         32768     float     sum      -1    269.8    0.49    0.85      0    280.4    0.47    0.82      0
0:       262144         65536     float     sum      -1    409.4    0.64    1.12      0    365.6    0.72    1.25      0
0:       524288        131072     float     sum      -1    393.5    1.33    2.33      0    448.2    1.17    2.05      0
0:      1048576        262144     float     sum      -1    503.4    2.08    3.65      0    511.9    2.05    3.58      0
0:      2097152        524288     float     sum      -1    197.7   10.61   18.57      0    213.5    9.82   17.19      0
0:      4194304       1048576     float     sum      -1    303.9   13.80   24.16      0    322.8   12.99   22.74      0
0:      8388608       2097152     float     sum      -1    387.6   21.64   37.87      0    412.7   20.32   35.57      0
0:     16777216       4194304     float     sum      -1    493.8   33.98   59.46      0    520.2   32.25   56.44      0
0:     33554432       8388608     float     sum      -1  2234193    0.02    0.03      0   1132.1   29.64   51.87      0
0:     67108864      16777216     float     sum      -1   1198.9   55.97   97.96      0   1202.0   55.83   97.70      0
0:    134217728      33554432     float     sum      -1   1978.7   67.83  118.70      0   1994.3   67.30  117.78      0
0:    268435456      67108864     float     sum      -1   3495.1   76.80  134.41      0   3516.3   76.34  133.59      0
0:    536870912     134217728     float     sum      -1   6535.3   82.15  143.76      0   6556.9   81.88  143.29      0
0:   1073741824     268435456     float     sum      -1    12644   84.92  148.61      0    12666   84.78  148.36      0
0:   2147483648     536870912     float     sum      -1    24833   86.48  151.33      0    24894   86.26  150.96      0
0:   4294967296    1073741824     float     sum      -1    49214   87.27  152.72      0    49372   86.99  152.24      0
0:            8             2     float     sum      -1    18.41    0.00    0.00      0    17.60    0.00    0.00      0
0:           16             4     float     sum      -1    17.63    0.00    0.00      0    17.72    0.00    0.00      0
0:           32             8     float     sum      -1    17.53    0.00    0.00      0    17.67    0.00    0.00      0
0:           64            16     float     sum      -1    19.10    0.00    0.01      0    19.16    0.00    0.01      0
0:          128            32     float     sum      -1    19.46    0.01    0.01      0    19.22    0.01    0.01      0
0:          256            64     float     sum      -1    19.64    0.01    0.02      0    19.51    0.01    0.02      0
0:          512           128     float     sum      -1    19.85    0.03    0.05      0    19.90    0.03    0.05      0
0:         1024           256     float     sum      -1    20.68    0.05    0.09      0    20.22    0.05    0.09      0
0:         2048           512     float     sum      -1    21.69    0.09    0.17      0    21.38    0.10    0.17      0
0:         4096          1024     float     sum      -1    39.16    0.10    0.18      0    38.81    0.11    0.18      0
0:         8192          2048     float     sum      -1    40.28    0.20    0.36      0    39.62    0.21    0.36      0
0:        16384          4096     float     sum      -1    48.61    0.34    0.59      0    46.54    0.35    0.62      0
0:        32768          8192     float     sum      -1    62.49    0.52    0.92      0    58.43    0.56    0.98      0
0:        65536         16384     float     sum      -1    110.6    0.59    1.04      0    114.5    0.57    1.00      0
0:       131072         32768     float     sum      -1    292.1    0.45    0.79      0    268.3    0.49    0.85      0
0:       262144         65536     float     sum      -1    363.5    0.72    1.26      0    379.0    0.69    1.21      0
0:       524288        131072     float     sum      -1    402.2    1.30    2.28      0    402.3    1.30    2.28      0
0:      1048576        262144     float     sum      -1    555.3    1.89    3.30      0    471.2    2.23    3.89      0
0:      2097152        524288     float     sum      -1    197.3   10.63   18.60      0    217.3    9.65   16.89      0
0:      4194304       1048576     float     sum      -1    303.5   13.82   24.19      0    321.0   13.07   22.87      0
0:      8388608       2097152     float     sum      -1    369.7   22.69   39.70      0    387.3   21.66   37.91      0
0:     16777216       4194304     float     sum      -1    482.5   34.77   60.85      0    506.5   33.13   57.97      0
0:     33554432       8388608     float     sum      -1  2220211    0.02    0.03      0   1083.6   30.96   54.19      0
0:     67108864      16777216     float     sum      -1   1185.1   56.63   99.10      0   1223.6   54.84   95.98      0
0:    134217728      33554432     float     sum      -1   1977.1   67.89  118.80      0   1991.7   67.39  117.93      0
0:    268435456      67108864     float     sum      -1   3487.2   76.98  134.71      0   3514.3   76.38  133.67      0
0:    536870912     134217728     float     sum      -1   6530.0   82.22  143.88      0   6571.6   81.70  142.97      0
0:   1073741824     268435456     float     sum      -1    12654   84.86  148.50      0    12692   84.60  148.04      0
0:   2147483648     536870912     float     sum      -1    24796   86.61  151.56      0    24899   86.25  150.93      0
0:   4294967296    1073741824     float     sum      -1    49275   87.16  152.54      0    49355   87.02  152.29      0
0:            8             2     float     sum      -1    18.55    0.00    0.00      0    17.82    0.00    0.00      0
0:           16             4     float     sum      -1    17.74    0.00    0.00      0    17.48    0.00    0.00      0
0:           32             8     float     sum      -1    17.53    0.00    0.00      0    17.51    0.00    0.00      0
0:           64            16     float     sum      -1    19.06    0.00    0.01      0    19.02    0.00    0.01      0
0:          128            32     float     sum      -1    19.42    0.01    0.01      0    18.98    0.01    0.01      0
0:          256            64     float     sum      -1    19.72    0.01    0.02      0    19.40    0.01    0.02      0
0:          512           128     float     sum      -1    19.88    0.03    0.05      0    19.88    0.03    0.05      0
0:         1024           256     float     sum      -1    20.69    0.05    0.09      0    20.32    0.05    0.09      0
0:         2048           512     float     sum      -1    21.27    0.10    0.17      0    21.09    0.10    0.17      0
0:         4096          1024     float     sum      -1    39.56    0.10    0.18      0    38.90    0.11    0.18      0
0:         8192          2048     float     sum      -1    40.26    0.20    0.36      0    39.96    0.21    0.36      0
0:        16384          4096     float     sum      -1    48.45    0.34    0.59      0    46.17    0.35    0.62      0
0:        32768          8192     float     sum      -1    56.82    0.58    1.01      0    55.74    0.59    1.03      0
0:        65536         16384     float     sum      -1    120.2    0.55    0.95      0    110.9    0.59    1.03      0
0:       131072         32768     float     sum      -1    285.7    0.46    0.80      0    282.9    0.46    0.81      0
0:       262144         65536     float     sum      -1    337.1    0.78    1.36      0    363.9    0.72    1.26      0
0:       524288        131072     float     sum      -1    402.8    1.30    2.28      0    445.5    1.18    2.06      0
0:      1048576        262144     float     sum      -1    489.6    2.14    3.75      0    479.9    2.18    3.82      0
0:      2097152        524288     float     sum      -1    203.5   10.31   18.04      0    215.7    9.72   17.02      0
0:      4194304       1048576     float     sum      -1    301.0   13.93   24.38      0    320.4   13.09   22.91      0
0:      8388608       2097152     float     sum      -1    359.1   23.36   40.88      0    387.1   21.67   37.93      0
0:     16777216       4194304     float     sum      -1    495.0   33.89   59.31      0    527.7   31.79   55.64      0
0:     33554432       8388608     float     sum      -1  2181638    0.02    0.03      0   1085.8   30.90   54.08      0
0:     67108864      16777216     float     sum      -1   1203.4   55.77   97.59      0   1214.8   55.24   96.67      0
0:    134217728      33554432     float     sum      -1   1974.4   67.98  118.96      0   1993.1   67.34  117.84      0
0:    268435456      67108864     float     sum      -1   3489.1   76.94  134.64      0   3513.6   76.40  133.70      0
0:    536870912     134217728     float     sum      -1   6552.6   81.93  143.38      0   6566.4   81.76  143.08      0
0:   1073741824     268435456     float     sum      -1    12599   85.23  149.14      0    12701   84.54  147.95      0
0:   2147483648     536870912     float     sum      -1    24820   86.52  151.42      0    24877   86.32  151.07      0
0:   4294967296    1073741824     float     sum      -1    49207   87.28  152.75      0    49317   87.09  152.41      0
0:            8             2     float     sum      -1    18.20    0.00    0.00      0    17.84    0.00    0.00      0
0:           16             4     float     sum      -1    17.76    0.00    0.00      0    17.72    0.00    0.00      0
0:           32             8     float     sum      -1    17.35    0.00    0.00      0    17.49    0.00    0.00      0
0:           64            16     float     sum      -1    19.19    0.00    0.01      0    18.81    0.00    0.01      0
0:          128            32     float     sum      -1    19.38    0.01    0.01      0    18.98    0.01    0.01      0
0:          256            64     float     sum      -1    19.85    0.01    0.02      0    19.40    0.01    0.02      0
0:          512           128     float     sum      -1    20.03    0.03    0.04      0    19.64    0.03    0.05      0
0:         1024           256     float     sum      -1    20.59    0.05    0.09      0    20.43    0.05    0.09      0
0:         2048           512     float     sum      -1    21.62    0.09    0.17      0    21.04    0.10    0.17      0
0:         4096          1024     float     sum      -1    38.94    0.11    0.18      0    39.10    0.10    0.18      0
0:         8192          2048     float     sum      -1    39.89    0.21    0.36      0    39.44    0.21    0.36      0
0:        16384          4096     float     sum      -1    48.54    0.34    0.59      0    45.92    0.36    0.62      0
0:        32768          8192     float     sum      -1    59.57    0.55    0.96      0    55.89    0.59    1.03      0
0:        65536         16384     float     sum      -1    112.0    0.59    1.02      0    119.8    0.55    0.96      0
0:       131072         32768     float     sum      -1    255.5    0.51    0.90      0    297.6    0.44    0.77      0
0:       262144         65536     float     sum      -1    342.6    0.77    1.34      0    342.5    0.77    1.34      0
0:       524288        131072     float     sum      -1    391.0    1.34    2.35      0    333.1    1.57    2.75      0
0:      1048576        262144     float     sum      -1    491.4    2.13    3.73      0    498.8    2.10    3.68      0
0:      2097152        524288     float     sum      -1    200.3   10.47   18.32      0    212.7    9.86   17.25      0
0:      4194304       1048576     float     sum      -1    308.3   13.61   23.81      0    322.1   13.02   22.78      0
0:      8388608       2097152     float     sum      -1    387.9   21.62   37.84      0    401.1   20.92   36.60      0
0:     16777216       4194304     float     sum      -1    487.3   34.43   60.25      0    495.2   33.88   59.30      0
0:     33554432       8388608     float     sum      -1  2218061    0.02    0.03      0   1049.5   31.97   55.95      0
0:     67108864      16777216     float     sum      -1   1202.8   55.79   97.64      0   1214.6   55.25   96.69      0
0:    134217728      33554432     float     sum      -1   1985.2   67.61  118.31      0   2000.1   67.11  117.44      0
0:    268435456      67108864     float     sum      -1   3522.9   76.20  133.35      0   3509.8   76.48  133.84      0
0:    536870912     134217728     float     sum      -1   6536.3   82.14  143.74      0   6546.2   82.01  143.52      0
0:   1073741824     268435456     float     sum      -1    12609   85.16  149.03      0    12667   84.76  148.34      0
0:   2147483648     536870912     float     sum      -1    24740   86.80  151.90      0    24931   86.14  150.74      0
0:   4294967296    1073741824     float     sum      -1    49192   87.31  152.79      0    49392   86.96  152.17      0
0:            8             2     float     sum      -1    18.35    0.00    0.00      0    17.55    0.00    0.00      0
0:           16             4     float     sum      -1    17.58    0.00    0.00      0    17.68    0.00    0.00      0
0:           32             8     float     sum      -1    17.53    0.00    0.00      0    17.48    0.00    0.00      0
0:           64            16     float     sum      -1    18.98    0.00    0.01      0    18.99    0.00    0.01      0
0:          128            32     float     sum      -1    19.32    0.01    0.01      0    19.16    0.01    0.01      0
0:          256            64     float     sum      -1    19.74    0.01    0.02      0    19.42    0.01    0.02      0
0:          512           128     float     sum      -1    19.91    0.03    0.05      0    19.78    0.03    0.05      0
0:         1024           256     float     sum      -1    20.54    0.05    0.09      0    20.45    0.05    0.09      0
0:         2048           512     float     sum      -1    21.49    0.10    0.17      0    21.18    0.10    0.17      0
0:         4096          1024     float     sum      -1    39.43    0.10    0.18      0    39.08    0.10    0.18      0
0:         8192          2048     float     sum      -1    39.98    0.20    0.36      0    39.59    0.21    0.36      0
0:        16384          4096     float     sum      -1    47.54    0.34    0.60      0    56.73    0.29    0.51      0
0:        32768          8192     float     sum      -1    56.66    0.58    1.01      0    56.86    0.58    1.01      0
0:        65536         16384     float     sum      -1    106.8    0.61    1.07      0    107.3    0.61    1.07      0
0:       131072         32768     float     sum      -1    210.0    0.62    1.09      0    233.4    0.56    0.98      0
0:       262144         65536     float     sum      -1    324.3    0.81    1.41      0    331.8    0.79    1.38      0
0:       524288        131072     float     sum      -1    433.5    1.21    2.12      0    379.4    1.38    2.42      0
0:      1048576        262144     float     sum      -1    477.9    2.19    3.84      0    510.0    2.06    3.60      0
0:      2097152        524288     float     sum      -1    198.1   10.59   18.53      0    212.7    9.86   17.25      0
0:      4194304       1048576     float     sum      -1    301.7   13.90   24.33      0    320.9   13.07   22.87      0
0:      8388608       2097152     float     sum      -1    371.4   22.59   39.53      0    391.2   21.45   37.53      0
0:     16777216       4194304     float     sum      -1    485.5   34.56   60.47      0    493.9   33.97   59.44      0
0:     33554432       8388608     float     sum      -1  2123074    0.02    0.03      0    849.7   39.49   69.11      0
0:     67108864      16777216     float     sum      -1   1185.8   56.59   99.04      0   1218.9   55.05   96.35      0
0:    134217728      33554432     float     sum      -1   1981.1   67.75  118.56      0   1985.0   67.62  118.33      0
0:    268435456      67108864     float     sum      -1   3490.1   76.91  134.60      0   3518.0   76.30  133.53      0
0:    536870912     134217728     float     sum      -1   6516.6   82.38  144.17      0   6573.1   81.68  142.94      0
0:   1073741824     268435456     float     sum      -1    12612   85.13  148.99      0    12681   84.68  148.18      0
0:   2147483648     536870912     float     sum      -1    24795   86.61  151.57      0    24897   86.25  150.95      0
0:   4294967296    1073741824     float     sum      -1    49246   87.21  152.63      0    49374   86.99  152.23      0
0:            8             2     float     sum      -1    18.87    0.00    0.00      0    17.94    0.00    0.00      0
0:           16             4     float     sum      -1    17.54    0.00    0.00      0    17.66    0.00    0.00      0
0:           32             8     float     sum      -1    17.71    0.00    0.00      0    17.60    0.00    0.00      0
0:           64            16     float     sum      -1    19.27    0.00    0.01      0    19.05    0.00    0.01      0
0:          128            32     float     sum      -1    19.35    0.01    0.01      0    19.25    0.01    0.01      0
0:          256            64     float     sum      -1    19.83    0.01    0.02      0    19.29    0.01    0.02      0
0:          512           128     float     sum      -1    19.94    0.03    0.04      0    19.63    0.03    0.05      0
0:         1024           256     float     sum      -1    20.78    0.05    0.09      0    20.16    0.05    0.09      0
0:         2048           512     float     sum      -1    21.50    0.10    0.17      0    21.05    0.10    0.17      0
0:         4096          1024     float     sum      -1    39.35    0.10    0.18      0    39.24    0.10    0.18      0
0:         8192          2048     float     sum      -1    39.90    0.21    0.36      0    39.50    0.21    0.36      0
0:        16384          4096     float     sum      -1    40.68    0.40    0.70      0    40.20    0.41    0.71      0
0:        32768          8192     float     sum      -1    41.86    0.78    1.37      0    41.54    0.79    1.38      0
0:        65536         16384     float     sum      -1    70.28    0.93    1.63      0    70.09    0.94    1.64      0
0:       131072         32768     float     sum      -1    78.24    1.68    2.93      0    77.92    1.68    2.94      0
0:       262144         65536     float     sum      -1    101.3    2.59    4.53      0    98.92    2.65    4.64      0
0:       524288        131072     float     sum      -1    106.3    4.93    8.63      0    106.8    4.91    8.59      0
0:      1048576        262144     float     sum      -1    126.5    8.29   14.51      0    125.0    8.39   14.68      0
0:      2097152        524288     float     sum      -1    189.3   11.08   19.39      0    204.8   10.24   17.92      0
0:      4194304       1048576     float     sum      -1    287.3   14.60   25.55      0    314.4   13.34   23.34      0
0:      8388608       2097152     float     sum      -1    357.9   23.44   41.02      0    384.4   21.82   38.19      0
0:     16777216       4194304     float     sum      -1    465.8   36.02   63.04      0    490.6   34.20   59.85      0
0:     33554432       8388608     float     sum      -1  1524837    0.02    0.04      0    867.1   38.70   67.72      0
0:     67108864      16777216     float     sum      -1   1194.9   56.16   98.28      0   1228.2   54.64   95.62      0
0:    134217728      33554432     float     sum      -1   1979.9   67.79  118.63      0   2005.5   66.92  117.12      0
0:    268435456      67108864     float     sum      -1   3495.2   76.80  134.40      0   3502.5   76.64  134.12      0
0:    536870912     134217728     float     sum      -1   6519.0   82.36  144.12      0   6567.8   81.74  143.05      0
0:   1073741824     268435456     float     sum      -1    12618   85.10  148.92      0    12662   84.80  148.40      0
0:   2147483648     536870912     float     sum      -1    24799   86.60  151.54      0    24891   86.28  150.98      0
0:   4294967296    1073741824     float     sum      -1    49187   87.32  152.81      0    49401   86.94  152.15      0
0:            8             2     float     sum      -1    18.54    0.00    0.00      0    17.74    0.00    0.00      0
0:           16             4     float     sum      -1    17.66    0.00    0.00      0    17.70    0.00    0.00      0
0:           32             8     float     sum      -1    17.51    0.00    0.00      0    17.60    0.00    0.00      0
0:           64            16     float     sum      -1    19.20    0.00    0.01      0    19.04    0.00    0.01      0
0:          128            32     float     sum      -1    19.34    0.01    0.01      0    19.17    0.01    0.01      0
0:          256            64     float     sum      -1    19.64    0.01    0.02      0    19.32    0.01    0.02      0
0:          512           128     float     sum      -1    19.96    0.03    0.04      0    19.75    0.03    0.05      0
0:         1024           256     float     sum      -1    20.82    0.05    0.09      0    20.36    0.05    0.09      0
0:         2048           512     float     sum      -1    21.60    0.09    0.17      0    21.37    0.10    0.17      0
0:         4096          1024     float     sum      -1    39.54    0.10    0.18      0    38.89    0.11    0.18      0
0:         8192          2048     float     sum      -1    40.11    0.20    0.36      0    39.72    0.21    0.36      0
0:        16384          4096     float     sum      -1    40.82    0.40    0.70      0    40.69    0.40    0.70      0
0:        32768          8192     float     sum      -1    41.93    0.78    1.37      0    41.83    0.78    1.37      0
0:        65536         16384     float     sum      -1    70.12    0.93    1.64      0    70.23    0.93    1.63      0
0:       131072         32768     float     sum      -1    78.46    1.67    2.92      0    77.85    1.68    2.95      0
0:       262144         65536     float     sum      -1    100.4    2.61    4.57      0    98.68    2.66    4.65      0
0:       524288        131072     float     sum      -1    108.4    4.83    8.46      0    108.1    4.85    8.49      0
0:      1048576        262144     float     sum      -1    126.3    8.30   14.53      0    127.3    8.24   14.41      0
0:      2097152        524288     float     sum      -1    190.3   11.02   19.29      0    204.3   10.27   17.96      0
0:      4194304       1048576     float     sum      -1    288.8   14.52   25.41      0    314.2   13.35   23.36      0
0:      8388608       2097152     float     sum      -1    358.2   23.42   40.98      0    384.7   21.81   38.16      0
0:     16777216       4194304     float     sum      -1    464.3   36.13   63.23      0    491.1   34.16   59.78      0
