0: # nThread 1 nGpus 1 minBytes 8 maxBytes 4294967296 step: 2(factor) warmup iters: 8 iters: 24 agg iters: 1 validation: 1 graph: 0
0: #
0: # Using devices
0: #  Rank  0 Group  0 Pid  61818 on  nid006955 device  0 [0009:01:00] NVIDIA GH200 120GB
0: #  Rank  1 Group  0 Pid  61819 on  nid006955 device  0 [0019:01:00] NVIDIA GH200 120GB
0: #  Rank  2 Group  0 Pid  61820 on  nid006955 device  0 [0029:01:00] NVIDIA GH200 120GB
0: #  Rank  3 Group  0 Pid  61821 on  nid006955 device  0 [0039:01:00] NVIDIA GH200 120GB
0: #
0: #                                                              out-of-place                       in-place          
0: #       size         count      type   redop    root     time   algbw   busbw #wrong     time   algbw   busbw #wrong
0: #        (B)    (elements)                               (us)  (GB/s)  (GB/s)            (us)  (GB/s)  (GB/s)       
0:            8             2     float     sum      -1     8.95    0.00    0.00      0     8.21    0.00    0.00      0
0:           16             4     float     sum      -1     8.27    0.00    0.00      0     8.19    0.00    0.00      0
0:           32             8     float     sum      -1     8.65    0.00    0.01      0     8.59    0.00    0.01      0
0:           64            16     float     sum      -1     9.26    0.01    0.01      0     9.16    0.01    0.01      0
0:          128            32     float     sum      -1     9.29    0.01    0.02      0     9.19    0.01    0.02      0
0:          256            64     float     sum      -1     9.66    0.03    0.04      0     9.22    0.03    0.04      0
0:          512           128     float     sum      -1     9.69    0.05    0.08      0     9.30    0.06    0.08      0
0:         1024           256     float     sum      -1     9.70    0.11    0.16      0     9.31    0.11    0.17      0
0:         2048           512     float     sum      -1     9.70    0.21    0.32      0     9.37    0.22    0.33      0
0:         4096          1024     float     sum      -1     9.95    0.41    0.62      0     9.48    0.43    0.65      0
0:         8192          2048     float     sum      -1    10.16    0.81    1.21      0     9.90    0.83    1.24      0
0:        16384          4096     float     sum      -1    11.03    1.49    2.23      0    10.60    1.55    2.32      0
0:        32768          8192     float     sum      -1    11.15    2.94    4.41      0    10.77    3.04    4.56      0
0:        65536         16384     float     sum      -1    11.45    5.72    8.59      0    10.94    5.99    8.98      0
0:       131072         32768     float     sum      -1    11.74   11.16   16.75      0    11.24   11.66   17.49      0
0:       262144         65536     float     sum      -1    12.05   21.75   32.63      0    11.46   22.87   34.30      0
0:       524288        131072     float     sum      -1    14.99   34.97   52.45      0    13.99   37.48   56.21      0
0:      1048576        262144     float     sum      -1    18.91   55.46   83.19      0    18.95   55.34   83.01      0
0:      2097152        524288     float     sum      -1    30.06   69.75  104.63      0    30.16   69.54  104.30      0
0:      4194304       1048576     float     sum      -1    42.89   97.80  146.70      0    42.31   99.14  148.71      0
0:      8388608       2097152     float     sum      -1    61.75  135.85  203.78      0    61.46  136.49  204.74      0
0:     16777216       4194304     float     sum      -1    103.0  162.82  244.24      0    101.0  166.06  249.09      0
0:     33554432       8388608     float     sum      -1    184.4  182.01  273.01      0    183.5  182.89  274.34      0
0:     67108864      16777216     float     sum      -1    346.7  193.56  290.34      0    344.5  194.81  292.22      0
0:    134217728      33554432     float     sum      -1    654.4  205.10  307.64      0    653.2  205.48  308.23      0
0:    268435456      67108864     float     sum      -1   1267.1  211.85  317.77      0   1267.1  211.85  317.78      0
0:    536870912     134217728     float     sum      -1   2526.9  212.46  318.69      0   2551.9  210.38  315.57      0
0:   1073741824     268435456     float     sum      -1   5029.3  213.50  320.25      0   5038.5  213.11  319.66      0
0:   2147483648     536870912     float     sum      -1    10094  212.75  319.12      0    10088  212.87  319.31      0
0:   4294967296    1073741824     float     sum      -1    19930  215.50  323.25      0    20140  213.25  319.88      0
0:            8             2     float     sum      -1     8.28    0.00    0.00      0     8.23    0.00    0.00      0
0:           16             4     float     sum      -1     8.18    0.00    0.00      0     8.13    0.00    0.00      0
0:           32             8     float     sum      -1     8.61    0.00    0.01      0     8.60    0.00    0.01      0
0:           64            16     float     sum      -1     9.25    0.01    0.01      0     9.13    0.01    0.01      0
0:          128            32     float     sum      -1     9.38    0.01    0.02      0     9.18    0.01    0.02      0
0:          256            64     float     sum      -1     9.67    0.03    0.04      0     9.17    0.03    0.04      0
0:          512           128     float     sum      -1     9.68    0.05    0.08      0     9.33    0.05    0.08      0
0:         1024           256     float     sum      -1     9.71    0.11    0.16      0     9.31    0.11    0.17      0
0:         2048           512     float     sum      -1     9.74    0.21    0.32      0     9.39    0.22    0.33      0
0:         4096          1024     float     sum      -1     9.83    0.42    0.63      0     9.50    0.43    0.65      0
0:         8192          2048     float     sum      -1    10.16    0.81    1.21      0     9.87    0.83    1.24      0
0:        16384          4096     float     sum      -1    11.16    1.47    2.20      0    10.66    1.54    2.30      0
0:        32768          8192     float     sum      -1    11.17    2.93    4.40      0    11.14    2.94    4.41      0
0:        65536         16384     float     sum      -1    11.46    5.72    8.58      0    10.94    5.99    8.99      0
0:       131072         32768     float     sum      -1    11.70   11.20   16.81      0    11.26   11.64   17.46      0
0:       262144         65536     float     sum      -1    11.93   21.98   32.97      0    11.45   22.89   34.34      0
0:       524288        131072     float     sum      -1    14.97   35.03   52.54      0    14.04   37.33   56.00      0
0:      1048576        262144     float     sum      -1    18.87   55.57   83.35      0    18.93   55.38   83.07      0
0:      2097152        524288     float     sum      -1    30.20   69.45  104.17      0    30.29   69.23  103.84      0
0:      4194304       1048576     float     sum      -1    42.79   98.01  147.02      0    42.53   98.61  147.92      0
0:      8388608       2097152     float     sum      -1    61.78  135.78  203.66      0    60.90  137.75  206.63      0
0:     16777216       4194304     float     sum      -1    102.7  163.40  245.10      0    100.9  166.30  249.44      0
0:     33554432       8388608     float     sum      -1    183.6  182.75  274.12      0    182.8  183.58  275.37      0
0:     67108864      16777216     float     sum      -1    344.3  194.92  292.38      0    340.9  196.87  295.30      0
0:    134217728      33554432     float     sum      -1    653.7  205.33  307.99      0    656.1  204.57  306.85      0
0:    268435456      67108864     float     sum      -1   1280.3  209.66  314.49      0   1279.4  209.81  314.71      0
0:    536870912     134217728     float     sum      -1   2526.5  212.50  318.75      0   2546.5  210.82  316.23      0
0:   1073741824     268435456     float     sum      -1   5056.4  212.36  318.53      0   5033.5  213.32  319.98      0
0:   2147483648     536870912     float     sum      -1    10065  213.35  320.03      0    10004  214.66  321.99      0
0:   4294967296    1073741824     float     sum      -1    19967  215.10  322.65      0    20059  214.11  321.17      0
0:            8             2     float     sum      -1     8.27    0.00    0.00      0     8.17    0.00    0.00      0
0:           16             4     float     sum      -1     8.21    0.00    0.00      0     8.25    0.00    0.00      0
0:           32             8     float     sum      -1     8.64    0.00    0.01      0     8.62    0.00    0.01      0
0:           64            16     float     sum      -1     9.25    0.01    0.01      0     9.17    0.01    0.01      0
0:          128            32     float     sum      -1     9.36    0.01    0.02      0     9.20    0.01    0.02      0
0:          256            64     float     sum      -1     9.69    0.03    0.04      0     9.23    0.03    0.04      0
0:          512           128     float     sum      -1     9.73    0.05    0.08      0     9.29    0.06    0.08      0
0:         1024           256     float     sum      -1     9.71    0.11    0.16      0     9.28    0.11    0.17      0
0:         2048           512     float     sum      -1     9.73    0.21    0.32      0     9.36    0.22    0.33      0
0:         4096          1024     float     sum      -1     9.88    0.41    0.62      0     9.47    0.43    0.65      0
0:         8192          2048     float     sum      -1    10.23    0.80    1.20      0     9.86    0.83    1.25      0
0:        16384          4096     float     sum      -1    10.96    1.50    2.24      0    10.55    1.55    2.33      0
0:        32768          8192     float     sum      -1    11.12    2.95    4.42      0    10.76    3.05    4.57      0
0:        65536         16384     float     sum      -1    11.48    5.71    8.56      0    10.86    6.03    9.05      0
0:       131072         32768     float     sum      -1    11.71   11.20   16.79      0    11.30   11.60   17.40      0
0:       262144         65536     float     sum      -1    11.96   21.93   32.89      0    11.47   22.86   34.28      0
0:       524288        131072     float     sum      -1    14.99   34.98   52.48      0    13.99   37.48   56.22      0
0:      1048576        262144     float     sum      -1    18.82   55.71   83.57      0    18.94   55.37   83.06      0
0:      2097152        524288     float     sum      -1    30.14   69.57  104.36      0    30.15   69.56  104.33      0
0:      4194304       1048576     float     sum      -1    42.93   97.70  146.54      0    42.21   99.36  149.05      0
0:      8388608       2097152     float     sum      -1    61.96  135.39  203.09      0    61.31  136.83  205.24      0
0:     16777216       4194304     float     sum      -1    103.1  162.65  243.98      0    101.1  166.01  249.02      0
0:     33554432       8388608     float     sum      -1    183.3  183.09  274.63      0    183.0  183.37  275.06      0
0:     67108864      16777216     float     sum      -1    346.2  193.82  290.73      0    341.8  196.36  294.53      0
0:    134217728      33554432     float     sum      -1    660.0  203.36  305.05      0    660.7  203.14  304.71      0
0:    268435456      67108864     float     sum      -1   1282.4  209.33  314.00      0   1285.1  208.88  313.32      0
0:    536870912     134217728     float     sum      -1   2510.9  213.82  320.73      0   2524.2  212.69  319.04      0
0:   1073741824     268435456     float     sum      -1   5042.9  212.92  319.38      0   5007.8  214.41  321.62      0
0:   2147483648     536870912     float     sum      -1    10046  213.76  320.63      0    10048  213.72  320.58      0
0:   4294967296    1073741824     float     sum      -1    20125  213.41  320.12      0    20108  213.59  320.39      0
0:            8             2     float     sum      -1     8.25    0.00    0.00      0     8.17    0.00    0.00      0
0:           16             4     float     sum      -1     8.28    0.00    0.00      0     8.21    0.00    0.00      0
0:           32             8     float     sum      -1     8.59    0.00    0.01      0     8.63    0.00    0.01      0
0:           64            16     float     sum      -1     9.24    0.01    0.01      0     9.15    0.01    0.01      0
0:          128            32     float     sum      -1     9.37    0.01    0.02      0     9.16    0.01    0.02      0
0:          256            64     float     sum      -1     9.77    0.03    0.04      0     9.21    0.03    0.04      0
0:          512           128     float     sum      -1     9.75    0.05    0.08      0     9.25    0.06    0.08      0
0:         1024           256     float     sum      -1     9.77    0.10    0.16      0     9.20    0.11    0.17      0
0:         2048           512     float     sum      -1     9.74    0.21    0.32      0     9.35    0.22    0.33      0
0:         4096          1024     float     sum      -1     9.90    0.41    0.62      0     9.54    0.43    0.64      0
0:         8192          2048     float     sum      -1    10.15    0.81    1.21      0     9.79    0.84    1.26      0
0:        16384          4096     float     sum      -1    11.13    1.47    2.21      0    10.70    1.53    2.30      0
0:        32768          8192     float     sum      -1    11.17    2.93    4.40      0    10.73    3.05    4.58      0
0:        65536         16384     float     sum      -1    11.40    5.75    8.62      0    11.54    5.68    8.52      0
0:       131072         32768     float     sum      -1    12.16   10.77   16.16      0    11.22   11.68   17.52      0
0:       262144         65536     float     sum      -1    11.92   21.99   32.98      0    11.49   22.81   34.22      0
0:       524288        131072     float     sum      -1    15.01   34.94   52.41      0    14.01   37.41   56.12      0
0:      1048576        262144     float     sum      -1    18.85   55.64   83.46      0    18.96   55.30   82.96      0
0:      2097152        524288     float     sum      -1    30.13   69.60  104.41      0    30.20   69.44  104.16      0
0:      4194304       1048576     float     sum      -1    42.70   98.23  147.35      0    42.49   98.70  148.05      0
0:      8388608       2097152     float     sum      -1    61.64  136.09  204.14      0    60.86  137.84  206.76      0
0:     16777216       4194304     float     sum      -1    102.9  163.00  244.49      0    101.1  165.91  248.86      0
0:     33554432       8388608     float     sum      -1    184.3  182.08  273.12      0    183.0  183.32  274.97      0
0:     67108864      16777216     float     sum      -1    346.9  193.43  290.14      0    346.3  193.78  290.67      0
0:    134217728      33554432     float     sum      -1    655.1  204.87  307.31      0    657.3  204.19  306.29      0
0:    268435456      67108864     float     sum      -1   1291.4  207.86  311.79      0   1267.4  211.79  317.69      0
0:    536870912     134217728     float     sum      -1   2553.5  210.25  315.38      0   2552.1  210.36  315.54      0
0:   1073741824     268435456     float     sum      -1   5017.5  214.00  321.00      0   5049.6  212.64  318.96      0
0:   2147483648     536870912     float     sum      -1    10085  212.94  319.41      0    10062  213.42  320.13      0
0:   4294967296    1073741824     float     sum      -1    20111  213.56  320.34      0    20164  213.00  319.51      0
0:            8             2     float     sum      -1     8.29    0.00    0.00      0     8.16    0.00    0.00      0
0:           16             4     float     sum      -1     8.30    0.00    0.00      0     8.19    0.00    0.00      0
0:           32             8     float     sum      -1     8.62    0.00    0.01      0     8.62    0.00    0.01      0
0:           64            16     float     sum      -1     9.21    0.01    0.01      0     9.15    0.01    0.01      0
0:          128            32     float     sum      -1     9.29    0.01    0.02      0     9.19    0.01    0.02      0
0:          256            64     float     sum      -1     9.71    0.03    0.04      0     9.23    0.03    0.04      0
0:          512           128     float     sum      -1     9.85    0.05    0.08      0     9.32    0.05    0.08      0
0:         1024           256     float     sum      -1     9.68    0.11    0.16      0     9.25    0.11    0.17      0
0:         2048           512     float     sum      -1     9.73    0.21    0.32      0     9.42    0.22    0.33      0
0:         4096          1024     float     sum      -1     9.94    0.41    0.62      0     9.44    0.43    0.65      0
0:         8192          2048     float     sum      -1    10.15    0.81    1.21      0     9.83    0.83    1.25      0
0:        16384          4096     float     sum      -1    11.00    1.49    2.23      0    10.53    1.56    2.33      0
0:        32768          8192     float     sum      -1    11.15    2.94    4.41      0    10.73    3.06    4.58      0
0:        65536         16384     float     sum      -1    11.41    5.74    8.61      0    10.94    5.99    8.98      0
0:       131072         32768     float     sum      -1    11.73   11.17   16.76      0    11.28   11.62   17.43      0
0:       262144         65536     float     sum      -1    12.02   21.82   32.72      0    12.28   21.35   32.03      0
0:       524288        131072     float     sum      -1    14.96   35.06   52.58      0    14.00   37.46   56.19      0
0:      1048576        262144     float     sum      -1    18.83   55.67   83.51      0    19.06   55.03   82.54      0
0:      2097152        524288     float     sum      -1    30.06   69.77  104.65      0    30.15   69.56  104.34      0
0:      4194304       1048576     float     sum      -1    42.78   98.05  147.07      0    42.33   99.08  148.62      0
0:      8388608       2097152     float     sum      -1    61.65  136.08  204.12      0    60.85  137.86  206.79      0
0:     16777216       4194304     float     sum      -1    103.0  162.96  244.44      0    100.7  166.53  249.80      0
0:     33554432       8388608     float     sum      -1    183.4  182.94  274.40      0    181.9  184.48  276.72      0
0:     67108864      16777216     float     sum      -1    346.0  193.98  290.97      0    345.1  194.48  291.72      0
0:    134217728      33554432     float     sum      -1    657.9  204.01  306.02      0    659.4  203.55  305.32      0
0:    268435456      67108864     float     sum      -1   1289.1  208.23  312.34      0   1276.9  210.22  315.34      0
0:    536870912     134217728     float     sum      -1   2529.3  212.26  318.40      0   2542.1  211.19  316.79      0
0:   1073741824     268435456     float     sum      -1   5042.1  212.96  319.43      0   5051.8  212.55  318.82      0
0:   2147483648     536870912     float     sum      -1   9955.8  215.70  323.55      0    10079  213.07  319.60      0
0:   4294967296    1073741824     float     sum      -1    19986  214.90  322.34      0    20078  213.91  320.87      0
0:            8             2     float     sum      -1     8.23    0.00    0.00      0     8.16    0.00    0.00      0
0:           16             4     float     sum      -1     8.30    0.00    0.00      0     8.15    0.00    0.00      0
0:           32             8     float     sum      -1     8.61    0.00    0.01      0     8.57    0.00    0.01      0
0:           64            16     float     sum      -1     9.23    0.01    0.01      0     9.14    0.01    0.01      0
0:          128            32     float     sum      -1     9.30    0.01    0.02      0     9.23    0.01    0.02      0
0:          256            64     float     sum      -1     9.65    0.03    0.04      0     9.18    0.03    0.04      0
0:          512           128     float     sum      -1     9.73    0.05    0.08      0     9.29    0.06    0.08      0
0:         1024           256     float     sum      -1     9.67    0.11    0.16      0     9.28    0.11    0.17      0
0:         2048           512     float     sum      -1     9.77    0.21    0.31      0     9.35    0.22    0.33      0
0:         4096          1024     float     sum      -1     9.84    0.42    0.62      0     9.49    0.43    0.65      0
0:         8192          2048     float     sum      -1    10.14    0.81    1.21      0     9.76    0.84    1.26      0
0:        16384          4096     float     sum      -1    10.99    1.49    2.24      0    10.49    1.56    2.34      0
0:        32768          8192     float     sum      -1    11.10    2.95    4.43      0    10.70    3.06    4.59      0
0:        65536         16384     float     sum      -1    11.44    5.73    8.59      0    10.93    5.99    8.99      0
0:       131072         32768     float     sum      -1    11.69   11.21   16.82      0    11.29   11.61   17.42      0
0:       262144         65536     float     sum      -1    11.99   21.86   32.80      0    11.39   23.01   34.51      0
0:       524288        131072     float     sum      -1    15.47   33.88   50.82      0    14.06   37.28   55.92      0
0:      1048576        262144     float     sum      -1    18.87   55.56   83.34      0    18.95   55.35   83.02      0
0:      2097152        524288     float     sum      -1    30.10   69.66  104.49      0    30.11   69.65  104.48      0
0:      4194304       1048576     float     sum      -1    42.76   98.10  147.15      0    42.30   99.15  148.73      0
0:      8388608       2097152     float     sum      -1    61.66  136.04  204.06      0    61.02  137.48  206.22      0
0:     16777216       4194304     float     sum      -1    103.2  162.55  243.82      0    100.9  166.28  249.42      0
0:     33554432       8388608     float     sum      -1    183.3  183.09  274.64      0    182.9  183.47  275.20      0
0:     67108864      16777216     float     sum      -1    343.7  195.26  292.90      0    344.2  194.97  292.45      0
0:    134217728      33554432     float     sum      -1    657.6  204.09  306.13      0    658.8  203.73  305.59      0
0:    268435456      67108864     float     sum      -1   1283.2  209.20  313.80      0   1270.7  211.24  316.87      0
0:    536870912     134217728     float     sum      -1   2549.7  210.56  315.85      0   2506.4  214.20  321.30      0
0:   1073741824     268435456     float     sum      -1   5044.1  212.87  319.31      0   5042.6  212.93  319.40      0
0:   2147483648     536870912     float     sum      -1    10051  213.66  320.49      0    10069  213.28  319.93      0
0:   4294967296    1073741824     float     sum      -1    20084  213.85  320.77      0    20080  213.89  320.84      0
0:            8             2     float     sum      -1     8.24    0.00    0.00      0     8.15    0.00    0.00      0
0:           16             4     float     sum      -1     8.27    0.00    0.00      0     8.24    0.00    0.00      0
0:           32             8     float     sum      -1     8.65    0.00    0.01      0     8.60    0.00    0.01      0
0:           64            16     float     sum      -1     9.21    0.01    0.01      0     9.12    0.01    0.01      0
0:          128            32     float     sum      -1     9.30    0.01    0.02      0     9.22    0.01    0.02      0
0:          256            64     float     sum      -1     9.67    0.03    0.04      0     9.23    0.03    0.04      0
0:          512           128     float     sum      -1     9.85    0.05    0.08      0     9.59    0.05    0.08      0
0:         1024           256     float     sum      -1     9.69    0.11    0.16      0     9.24    0.11    0.17      0
0:         2048           512     float     sum      -1     9.72    0.21    0.32      0     9.38    0.22    0.33      0
0:         4096          1024     float     sum      -1     9.88    0.41    0.62      0     9.47    0.43    0.65      0
0:         8192          2048     float     sum      -1    10.13    0.81    1.21      0     9.79    0.84    1.26      0
0:        16384          4096     float     sum      -1    10.99    1.49    2.24      0    10.54    1.55    2.33      0
0:        32768          8192     float     sum      -1    11.17    2.93    4.40      0    10.73    3.05    4.58      0
0:        65536         16384     float     sum      -1    11.40    5.75    8.63      0    10.93    6.00    8.99      0
0:       131072         32768     float     sum      -1    11.65   11.25   16.87      0    11.26   11.64   17.46      0
0:       262144         65536     float     sum      -1    11.93   21.97   32.96      0    11.43   22.93   34.40      0
0:       524288        131072     float     sum      -1    15.02   34.90   52.35      0    13.97   37.52   56.28      0
0:      1048576        262144     float     sum      -1    18.84   55.66   83.49      0    18.90   55.48   83.23      0
0:      2097152        524288     float     sum      -1    30.09   69.69  104.53      0    30.03   69.83  104.75      0
0:      4194304       1048576     float     sum      -1    42.70   98.22  147.33      0    42.24   99.29  148.94      0
0:      8388608       2097152     float     sum      -1    61.87  135.58  203.36      0    60.96  137.62  206.42      0
0:     16777216       4194304     float     sum      -1    103.2  162.53  243.79      0    101.1  165.96  248.94      0
0:     33554432       8388608     float     sum      -1    182.9  183.50  275.25      0    183.7  182.68  274.03      0
0:     67108864      16777216     float     sum      -1    342.8  195.78  293.68      0    345.4  194.32  291.48      0
0:    134217728      33554432     float     sum      -1    658.4  203.86  305.79      0    651.4  206.03  309.05      0
0:    268435456      67108864     float     sum      -1   1268.3  211.65  317.48      0   1284.5  208.98  313.46      0
0:    536870912     134217728     float     sum      -1   2539.1  211.44  317.16      0   2518.5  213.17  319.76      0
0:   1073741824     268435456     float     sum      -1   5040.7  213.01  319.52      0   5026.0  213.64  320.46      0
0:   2147483648     536870912     float     sum      -1    10086  212.91  319.36      0   9962.9  215.55  323.32      0
0:   4294967296    1073741824     float     sum      -1    20119  213.47  320.21      0    19911  215.70  323.56      0
0:            8             2     float     sum      -1     8.23    0.00    0.00      0     8.24    0.00    0.00      0
0:           16             4     float     sum      -1     8.28    0.00    0.00      0     8.20    0.00    0.00      0
0:           32             8     float     sum      -1     8.66    0.00    0.01      0     8.64    0.00    0.01      0
0:           64            16     float     sum      -1     9.21    0.01    0.01      0     9.19    0.01    0.01      0
0:          128            32     float     sum      -1     9.29    0.01    0.02      0     9.23    0.01    0.02      0
0:          256            64     float     sum      -1     9.66    0.03    0.04      0     9.18    0.03    0.04      0
0:          512           128     float     sum      -1     9.66    0.05    0.08      0     9.29    0.06    0.08      0
0:         1024           256     float     sum      -1     9.72    0.11    0.16      0     9.25    0.11    0.17      0
0:         2048           512     float     sum      -1     9.73    0.21    0.32      0     9.36    0.22    0.33      0
0:         4096          1024     float     sum      -1    10.04    0.41    0.61      0     9.63    0.43    0.64      0
0:         8192          2048     float     sum      -1    10.16    0.81    1.21      0     9.80    0.84    1.25      0
0:        16384          4096     float     sum      -1    10.93    1.50    2.25      0    10.53    1.56    2.33      0
0:        32768          8192     float     sum      -1    11.20    2.93    4.39      0    10.72    3.06    4.58      0
0:        65536         16384     float     sum      -1    11.48    5.71    8.56      0    10.94    5.99    8.99      0
0:       131072         32768     float     sum      -1    11.68   11.22   16.83      0    11.22   11.68   17.52      0
0:       262144         65536     float     sum      -1    11.95   21.94   32.91      0    11.51   22.77   34.16      0
0:       524288        131072     float     sum      -1    15.01   34.93   52.40      0    14.01   37.43   56.15      0
0:      1048576        262144     float     sum      -1    18.84   55.65   83.47      0    19.08   54.97   82.46      0
0:      2097152        524288     float     sum      -1    30.07   69.74  104.61      0    30.13   69.60  104.40      0
0:      4194304       1048576     float     sum      -1    42.79   98.02  147.03      0    42.39   98.94  148.41      0
0:      8388608       2097152     float     sum      -1    61.92  135.47  203.21      0    61.08  137.35  206.02      0
0:     16777216       4194304     float     sum      -1    103.2  162.57  243.86      0    100.9  166.31  249.47      0
0:     33554432       8388608     float     sum      -1    183.6  182.74  274.11      0    183.1  183.27  274.90      0
0:     67108864      16777216     float     sum      -1    341.7  196.40  294.60      0    342.3  196.04  294.06      0
0:    134217728      33554432     float     sum      -1    661.4  202.94  304.40      0    659.1  203.65  305.47      0
0:    268435456      67108864     float     sum      -1   1281.7  209.44  314.16      0   1275.4  210.48  315.72      0
0:    536870912     134217728     float     sum      -1   2511.1  213.80  320.70      0   2516.2  213.37  320.05      0
0:   1073741824     268435456     float     sum      -1   5001.6  214.68  322.02      0   5047.5  212.73  319.09      0
0:   2147483648     536870912     float     sum      -1    10096  212.71  319.06      0    10093  212.77  319.16      0
0:   4294967296    1073741824     float     sum      -1    20174  212.90  319.34      0    19939  215.41  323.11      0
0:            8             2     float     sum      -1     8.22    0.00    0.00      0     8.26    0.00    0.00      0
0:           16             4     float     sum      -1     8.33    0.00    0.00      0     8.17    0.00    0.00      0
0:           32             8     float     sum      -1     8.84    0.00    0.01      0     8.58    0.00    0.01      0
0:           64            16     float     sum      -1     9.32    0.01    0.01      0     9.16    0.01    0.01      0
0:          128            32     float     sum      -1     9.34    0.01    0.02      0     9.20    0.01    0.02      0
0:          256            64     float     sum      -1     9.68    0.03    0.04      0     9.17    0.03    0.04      0
0:          512           128     float     sum      -1     9.73    0.05    0.08      0     9.26    0.06    0.08      0
0:         1024           256     float     sum      -1     9.71    0.11    0.16      0     9.26    0.11    0.17      0
0:         2048           512     float     sum      -1     9.77    0.21    0.31      0     9.38    0.22    0.33      0
0:         4096          1024     float     sum      -1     9.97    0.41    0.62      0     9.48    0.43    0.65      0
0:         8192          2048     float     sum      -1    10.18    0.81    1.21      0     9.85    0.83    1.25      0
0:        16384          4096     float     sum      -1    11.04    1.48    2.23      0    10.55    1.55    2.33      0
0:        32768          8192     float     sum      -1    11.12    2.95    4.42      0    10.78    3.04    4.56      0
0:        65536         16384     float     sum      -1    11.43    5.74    8.60      0    10.92    6.00    9.00      0
0:       131072         32768     float     sum      -1    11.72   11.18   16.77      0    11.32   11.58   17.37      0
0:       262144         65536     float     sum      -1    11.95   21.93   32.89      0    11.47   22.85   34.27      0
0:       524288        131072     float     sum      -1    14.97   35.02   52.53      0    13.96   37.54   56.32      0
0:      1048576        262144     float     sum      -1    18.79   55.80   83.70      0    18.94   55.36   83.04      0
0:      2097152        524288     float     sum      -1    30.11   69.64  104.46      0    30.37   69.04  103.57      0
0:      4194304       1048576     float     sum      -1    42.89   97.78  146.67      0    42.44   98.84  148.26      0
0:      8388608       2097152     float     sum      -1    61.74  135.87  203.80      0    61.05  137.41  206.11      0
0:     16777216       4194304     float     sum      -1    103.4  162.33  243.50      0    100.7  166.59  249.88      0
0:     33554432       8388608     float     sum      -1    183.5  182.84  274.26      0    183.4  182.95  274.42      0
0:     67108864      16777216     float     sum      -1    345.6  194.17  291.26      0    347.1  193.33  290.00      0
0:    134217728      33554432     float     sum      -1    652.9  205.56  308.34      0    660.4  203.23  304.85      0
0:    268435456      67108864     float     sum      -1   1288.7  208.29  312.44      0   1285.8  208.77  313.16      0
0:    536870912     134217728     float     sum      -1   2531.5  212.08  318.12      0   2553.3  210.26  315.39      0
0:   1073741824     268435456     float     sum      -1   5058.7  212.26  318.38      0   5048.9  212.67  319.00      0
0:   2147483648     536870912     float     sum      -1    10032  214.06  321.09      0   9987.4  215.02  322.53      0
0:   4294967296    1073741824     float     sum      -1    20131  213.35  320.02      0    20101  213.67  320.51      0
0:            8             2     float     sum      -1     8.28    0.00    0.00      0     8.21    0.00    0.00      0
0:           16             4     float     sum      -1     8.24    0.00    0.00      0     8.25    0.00    0.00      0
0:           32             8     float     sum      -1     8.60    0.00    0.01      0     8.68    0.00    0.01      0
0:           64            16     float     sum      -1     9.27    0.01    0.01      0     9.19    0.01    0.01      0
0:          128            32     float     sum      -1     9.34    0.01    0.02      0     9.21    0.01    0.02      0
0:          256            64     float     sum      -1     9.68    0.03    0.04      0     9.22    0.03    0.04      0
0:          512           128     float     sum      -1     9.71    0.05    0.08      0     9.26    0.06    0.08      0
0:         1024           256     float     sum      -1     9.69    0.11    0.16      0     9.25    0.11    0.17      0
0:         2048           512     float     sum      -1     9.78    0.21    0.31      0     9.36    0.22    0.33      0
0:         4096          1024     float     sum      -1     9.93    0.41    0.62      0     9.56    0.43    0.64      0
0:         8192          2048     float     sum      -1    10.36    0.79    1.19      0     9.85    0.83    1.25      0
0:        16384          4096     float     sum      -1    11.02    1.49    2.23      0    10.51    1.56    2.34      0
0:        32768          8192     float     sum      -1    11.16    2.94    4.40      0    10.74    3.05    4.58      0
0:        65536         16384     float     sum      -1    11.39    5.75    8.63      0    10.93    6.00    8.99      0
0:       131072         32768     float     sum      -1    11.71   11.19   16.79      0    11.27   11.63   17.44      0
0:       262144         65536     float     sum      -1    12.00   21.85   32.78      0    11.42   22.95   34.42      0
0:       524288        131072     float     sum      -1    14.89   35.20   52.80      0    13.98   37.50   56.24      0
0:      1048576        262144     float     sum      -1    18.83   55.68   83.52      0    19.02   55.13   82.69      0
0:      2097152        524288     float     sum      -1    30.18   69.49  104.24      0    30.09   69.69  104.54      0
0:      4194304       1048576     float     sum      -1    42.76   98.08  147.12      0    42.32   99.10  148.65      0
0:      8388608       2097152     float     sum      -1    61.47  136.47  204.71      0    61.07  137.35  206.03      0
0:     16777216       4194304     float     sum      -1    103.8  161.58  242.37      0    101.7  165.02  247.53      0
0:     33554432       8388608     float     sum      -1    184.9  181.47  272.20      0    185.0  181.38  272.06      0
0:     67108864      16777216     float     sum      -1    342.1  196.14  294.22      0    342.7  195.83  293.74      0
0:    134217728      33554432     float     sum      -1    660.2  203.31  304.97      0    660.7  203.14  304.71      0
0:    268435456      67108864     float     sum      -1   1294.3  207.40  311.09      0   1274.5  210.61  315.92      0
0:    536870912     134217728     float     sum      -1   2544.5  211.00  316.49      0   2544.1  211.02  316.54      0
0:   1073741824     268435456     float     sum      -1   5019.1  213.93  320.90      0   5014.2  214.14  321.21      0
0:   2147483648     536870912     float     sum      -1   9982.1  215.13  322.70      0    10080  213.05  319.58      0
0:   4294967296    1073741824     float     sum      -1    20079  213.90  320.86      0    19968  215.10  322.65      0
0: # Out of bounds values : 0 OK
0: # Avg bus bandwidth    : 112.555 
0: #
0: 
